11-07 17:03:32.376   875   875 I auditd  : type=1400 audit(0.0:1780): avc: denied { open } for comm="pidof" path="/proc/532/cmdline" dev="proc" ino=27492 scontext=u:r:kernel:s0 tcontext=u:r:keystore:s0 tclass=file permissive=1
11-07 17:03:32.376   875   875 I auditd  : type=1400 audit(0.0:1781): avc: denied { read } for comm="pidof" name="cmdline" dev="proc" ino=27493 scontext=u:r:kernel:s0 tcontext=u:r:hal_bootctl_default:s0 tclass=file permissive=1
11-07 17:03:32.376   875   875 I auditd  : type=1400 audit(0.0:1782): avc: denied { open } for comm="pidof" path="/proc/533/cmdline" dev="proc" ino=27493 scontext=u:r:kernel:s0 tcontext=u:r:hal_bootctl_default:s0 tclass=file permissive=1
11-07 17:03:32.376   875   875 I auditd  : type=1400 audit(0.0:1783): avc: denied { read } for comm="pidof" name="cmdline" dev="proc" ino=27494 scontext=u:r:kernel:s0 tcontext=u:r:hal_keymint_default:s0 tclass=file permissive=1
11-07 17:03:32.376   875   875 I auditd  : type=1400 audit(0.0:1784): avc: denied { open } for comm="pidof" path="/proc/534/cmdline" dev="proc" ino=27494 scontext=u:r:kernel:s0 tcontext=u:r:hal_keymint_default:s0 tclass=file permissive=1
11-07 17:03:32.376   875   875 I auditd  : type=1400 audit(0.0:1785): avc: denied { read } for comm="pidof" name="cmdline" dev="proc" ino=27496 scontext=u:r:kernel:s0 tcontext=u:r:vendor_visteon_hardware_vehicle_V1_service:s0 tclass=file permissive=1
11-07 17:03:32.376   875   875 I auditd  : type=1400 audit(0.0:1786): avc: denied { open } for comm="pidof" path="/proc/538/cmdline" dev="proc" ino=27496 scontext=u:r:kernel:s0 tcontext=u:r:vendor_visteon_hardware_vehicle_V1_service:s0 tclass=file permissive=1
11-07 17:03:32.376   875   875 I auditd  : type=1400 audit(0.0:1787): avc: denied { search } for comm="pidof" name="611" dev="proc" ino=33793 scontext=u:r:kernel:s0 tcontext=u:r:tombstoned:s0 tclass=dir permissive=1
11-07 17:03:32.376   875   875 I auditd  : type=1400 audit(0.0:1788): avc: denied { search } for comm="pidof" name="653" dev="proc" ino=31299 scontext=u:r:kernel:s0 tcontext=u:r:adrd:s0 tclass=dir permissive=1
11-07 17:03:32.376   875   875 I auditd  : type=1400 audit(0.0:1789): avc: denied { read } for comm="pidof" name="cmdline" dev="proc" ino=32125 scontext=u:r:kernel:s0 tcontext=u:r:adrd:s0 tclass=file permissive=1
11-07 17:03:32.376   875   875 I auditd  : type=1400 audit(0.0:1790): avc: denied { open } for comm="pidof" path="/proc/653/cmdline" dev="proc" ino=32125 scontext=u:r:kernel:s0 tcontext=u:r:adrd:s0 tclass=file permissive=1
11-07 17:03:32.376   875   875 I auditd  : type=1400 audit(0.0:1791): avc: denied { search } for comm="pidof" name="702" dev="proc" ino=32305 scontext=u:r:kernel:s0 tcontext=u:r:hal_graphics_composer_default:s0 tclass=dir permissive=1
11-07 17:03:32.376   875   875 I auditd  : type=1400 audit(0.0:1792): avc: denied { read } for comm="pidof" name="cmdline" dev="proc" ino=32310 scontext=u:r:kernel:s0 tcontext=u:r:hal_graphics_composer_default:s0 tclass=file permissive=1
11-07 17:03:32.376   875   875 I auditd  : type=1400 audit(0.0:1793): avc: denied { open } for comm="pidof" path="/proc/702/cmdline" dev="proc" ino=32310 scontext=u:r:kernel:s0 tcontext=u:r:hal_graphics_composer_default:s0 tclass=file permissive=1
11-07 17:03:32.376   875   875 I auditd  : type=1400 audit(0.0:1794): avc: denied { search } for comm="pidof" name="703" dev="proc" ino=32306 scontext=u:r:kernel:s0 tcontext=u:r:hal_health_default:s0 tclass=dir permissive=1
11-07 17:03:32.376   875   875 I auditd  : type=1400 audit(0.0:1795): avc: denied { read } for comm="pidof" name="cmdline" dev="proc" ino=32311 scontext=u:r:kernel:s0 tcontext=u:r:hal_health_default:s0 tclass=file permissive=1
11-07 17:03:32.376   875   875 I auditd  : type=1400 audit(0.0:1796): avc: denied { open } for comm="pidof" path="/proc/703/cmdline" dev="proc" ino=32311 scontext=u:r:kernel:s0 tcontext=u:r:hal_health_default:s0 tclass=file permissive=1
11-07 17:03:32.376   875   875 I auditd  : type=1400 audit(0.0:1797): avc: denied { search } for comm="pidof" name="704" dev="proc" ino=32307 scontext=u:r:kernel:s0 tcontext=u:r:mtk_hal_c2:s0 tclass=dir permissive=1
11-07 17:03:32.376   875   875 I auditd  : type=1400 audit(0.0:1798): avc: denied { read } for comm="pidof" name="cmdline" dev="proc" ino=32312 scontext=u:r:kernel:s0 tcontext=u:r:mtk_hal_c2:s0 tclass=file permissive=1
11-07 17:03:32.376   875   875 I auditd  : type=1400 audit(0.0:1799): avc: denied { open } for comm="pidof" path="/proc/704/cmdline" dev="proc" ino=32312 scontext=u:r:kernel:s0 tcontext=u:r:mtk_hal_c2:s0 tclass=file permissive=1
11-07 17:03:32.380   875   875 I auditd  : type=1400 audit(0.0:1800): avc: denied { search } for comm="pidof" name="709" dev="proc" ino=33411 scontext=u:r:kernel:s0 tcontext=u:r:mtk_hal_sensors:s0 tclass=dir permissive=1
11-07 17:03:32.380   875   875 I auditd  : type=1400 audit(0.0:1801): avc: denied { read } for comm="pidof" name="cmdline" dev="proc" ino=33414 scontext=u:r:kernel:s0 tcontext=u:r:mtk_hal_sensors:s0 tclass=file permissive=1
11-07 17:03:32.380   875   875 I auditd  : type=1400 audit(0.0:1802): avc: denied { open } for comm="pidof" path="/proc/709/cmdline" dev="proc" ino=33414 scontext=u:r:kernel:s0 tcontext=u:r:mtk_hal_sensors:s0 tclass=file permissive=1
11-07 17:03:32.380   875   875 I auditd  : type=1400 audit(0.0:1803): avc: denied { read } for comm="pidof" name="cmdline" dev="proc" ino=33415 scontext=u:r:kernel:s0 tcontext=u:r:hal_thermal_default:s0 tclass=file permissive=1
11-07 17:03:32.380   875   875 I auditd  : type=1400 audit(0.0:1804): avc: denied { open } for comm="pidof" path="/proc/714/cmdline" dev="proc" ino=33415 scontext=u:r:kernel:s0 tcontext=u:r:hal_thermal_default:s0 tclass=file permissive=1
11-07 17:03:32.380   875   875 I auditd  : type=1400 audit(0.0:1805): avc: denied { read } for comm="pidof" name="cmdline" dev="proc" ino=33443 scontext=u:r:kernel:s0 tcontext=u:r:hal_audiocontrol_default:s0 tclass=file permissive=1
11-07 17:03:32.380   875   875 I auditd  : type=1400 audit(0.0:1806): avc: denied { open } for comm="pidof" path="/proc/720/cmdline" dev="proc" ino=33443 scontext=u:r:kernel:s0 tcontext=u:r:hal_audiocontrol_default:s0 tclass=file permissive=1
11-07 17:03:32.380   875   875 I auditd  : type=1400 audit(0.0:1807): avc: denied { search } for comm="pidof" name="750" dev="proc" ino=33539 scontext=u:r:kernel:s0 tcontext=u:r:hal_persistency_default:s0 tclass=dir permissive=1
11-07 17:03:32.380   875   875 I auditd  : type=1400 audit(0.0:1808): avc: denied { search } for comm="pidof" name="751" dev="proc" ino=35183 scontext=u:r:kernel:s0 tcontext=u:r:hal_cluster_default:s0 tclass=dir permissive=1
11-07 17:03:32.380   875   875 I auditd  : type=1400 audit(0.0:1809): avc: denied { search } for comm="pidof" name="752" dev="proc" ino=35189 scontext=u:r:kernel:s0 tcontext=u:r:vendor_visteon_usbupdate:s0 tclass=dir permissive=1
11-07 17:03:32.380   875   875 I auditd  : type=1400 audit(0.0:1810): avc: denied { read } for comm="pidof" name="cmdline" dev="proc" ino=35207 scontext=u:r:kernel:s0 tcontext=u:r:vendor_visteon_usbupdate:s0 tclass=file permissive=1
11-07 17:03:32.380   875   875 I auditd  : type=1400 audit(0.0:1811): avc: denied { open } for comm="pidof" path="/proc/752/cmdline" dev="proc" ino=35207 scontext=u:r:kernel:s0 tcontext=u:r:vendor_visteon_usbupdate:s0 tclass=file permissive=1
11-07 17:03:32.380   875   875 I auditd  : type=1400 audit(0.0:1812): avc: denied { search } for comm="pidof" name="754" dev="proc" ino=35203 scontext=u:r:kernel:s0 tcontext=u:r:hal_vstusbmgr_default:s0 tclass=dir permissive=1
11-07 17:03:32.380   875   875 I auditd  : type=1400 audit(0.0:1813): avc: denied { read } for comm="pidof" name="cmdline" dev="proc" ino=35209 scontext=u:r:kernel:s0 tcontext=u:r:hal_vstusbmgr_default:s0 tclass=file permissive=1
11-07 17:03:32.380   875   875 I auditd  : type=1400 audit(0.0:1814): avc: denied { open } for comm="pidof" path="/proc/754/cmdline" dev="proc" ino=35209 scontext=u:r:kernel:s0 tcontext=u:r:hal_vstusbmgr_default:s0 tclass=file permissive=1
11-07 17:03:32.380   875   875 I auditd  : type=1400 audit(0.0:1815): avc: denied { search } for comm="pidof" name="759" dev="proc" ino=35205 scontext=u:r:kernel:s0 tcontext=u:r:watchdogd:s0 tclass=dir permissive=1
11-07 17:03:32.380   875   875 I auditd  : type=1400 audit(0.0:1816): avc: denied { read } for comm="pidof" name="cmdline" dev="proc" ino=35211 scontext=u:r:kernel:s0 tcontext=u:r:watchdogd:s0 tclass=file permissive=1
11-07 17:03:32.380   875   875 I auditd  : type=1400 audit(0.0:1817): avc: denied { open } for comm="pidof" path="/proc/759/cmdline" dev="proc" ino=35211 scontext=u:r:kernel:s0 tcontext=u:r:watchdogd:s0 tclass=file permissive=1
11-07 17:03:32.380   875   875 I auditd  : type=1400 audit(0.0:1818): avc: denied { search } for comm="pidof" name="769" dev="proc" ino=33603 scontext=u:r:kernel:s0 tcontext=u:r:audioserver:s0 tclass=dir permissive=1
11-07 17:03:32.380   875   875 I auditd  : type=1400 audit(0.0:1819): avc: denied { read } for comm="pidof" name="cmdline" dev="proc" ino=33605 scontext=u:r:kernel:s0 tcontext=u:r:audioserver:s0 tclass=file permissive=1
11-07 17:03:32.380   875   875 I auditd  : type=1400 audit(0.0:1820): avc: denied { open } for comm="pidof" path="/proc/769/cmdline" dev="proc" ino=33605 scontext=u:r:kernel:s0 tcontext=u:r:audioserver:s0 tclass=file permissive=1
11-07 17:03:32.396   888   888 I auditd  : type=1400 audit(0.0:1821): avc: denied { execute } for comm="logo_thread" name="sh" dev="dm-10" ino=515447 scontext=u:r:kernel:s0 tcontext=u:object_r:vendor_shell_exec:s0 tclass=file permissive=1
11-07 17:03:32.396   888   888 I auditd  : type=1400 audit(0.0:1822): avc: denied { open } for comm="logo_thread" path="/vendor/bin/sh" dev="dm-10" ino=515447 scontext=u:r:kernel:s0 tcontext=u:object_r:vendor_shell_exec:s0 tclass=file permissive=1
11-07 17:03:32.396   888   888 I auditd  : type=1400 audit(0.0:1823): avc: denied { execute_no_trans } for comm="logo_thread" path="/vendor/bin/sh" dev="dm-10" ino=515447 scontext=u:r:kernel:s0 tcontext=u:object_r:vendor_shell_exec:s0 tclass=file permissive=1
11-07 17:03:32.396   888   888 I auditd  : type=1400 audit(0.0:1824): avc: denied { map } for comm="sh" path="/vendor/bin/sh" dev="dm-10" ino=515447 scontext=u:r:kernel:s0 tcontext=u:object_r:vendor_shell_exec:s0 tclass=file permissive=1
11-07 17:03:32.400   888   888 I auditd  : type=1400 audit(0.0:1825): avc: denied { getattr } for comm="sh" path="/vendor/bin/sh" dev="dm-10" ino=515447 scontext=u:r:kernel:s0 tcontext=u:object_r:vendor_shell_exec:s0 tclass=file permissive=1
11-07 17:03:32.408   888   888 I auditd  : type=1400 audit(0.0:1826): avc: denied { getattr } for comm="sh" path="/vendor/bin/toybox_vendor" dev="dm-10" ino=553797 scontext=u:r:kernel:s0 tcontext=u:object_r:vendor_toolbox_exec:s0 tclass=file permissive=1
11-07 17:03:32.408   888   888 I auditd  : type=1400 audit(0.0:1827): avc: denied { execute } for comm="sh" name="toybox_vendor" dev="dm-10" ino=553797 scontext=u:r:kernel:s0 tcontext=u:object_r:vendor_toolbox_exec:s0 tclass=file permissive=1
11-07 17:03:32.408   888   888 I auditd  : type=1400 audit(0.0:1828): avc: denied { read open } for comm="sh" path="/vendor/bin/toybox_vendor" dev="dm-10" ino=553797 scontext=u:r:kernel:s0 tcontext=u:object_r:vendor_toolbox_exec:s0 tclass=file permissive=1
11-07 17:03:32.408   888   888 I auditd  : type=1400 audit(0.0:1829): avc: denied { execute_no_trans } for comm="sh" path="/vendor/bin/toybox_vendor" dev="dm-10" ino=553797 scontext=u:r:kernel:s0 tcontext=u:object_r:vendor_toolbox_exec:s0 tclass=file permissive=1
11-07 17:03:32.408   888   888 I auditd  : type=1400 audit(0.0:1830): avc: denied { map } for comm="pidof" path="/vendor/bin/toybox_vendor" dev="dm-10" ino=553797 scontext=u:r:kernel:s0 tcontext=u:object_r:vendor_toolbox_exec:s0 tclass=file permissive=1
11-07 17:03:32.416   889   889 I auditd  : type=1400 audit(0.0:1831): avc: denied { entrypoint } for comm="init" path="/system/bin/ip" dev="dm-8" ino=5006029 scontext=u:r:su:s0 tcontext=u:object_r:system_file:s0 tclass=file permissive=1
11-07 17:03:32.416   889   889 I auditd  : type=1400 audit(0.0:1832): avc: denied { noatsecure } for comm="init" scontext=u:r:init:s0 tcontext=u:r:su:s0 tclass=process permissive=1
11-07 17:03:32.424   888   888 I auditd  : type=1400 audit(0.0:1833): avc: denied { search } for comm="pidof" name="326" dev="proc" ino=12964 scontext=u:r:kernel:s0 tcontext=u:r:vendor_init:s0 tclass=dir permissive=1
11-07 17:03:32.424   888   888 I auditd  : type=1400 audit(0.0:1834): avc: denied { read } for comm="pidof" name="cmdline" dev="proc" ino=27022 scontext=u:r:kernel:s0 tcontext=u:r:ueventd:s0 tclass=file permissive=1
11-07 17:03:32.424   888   888 I auditd  : type=1400 audit(0.0:1835): avc: denied { open } for comm="pidof" path="/proc/328/cmdline" dev="proc" ino=27022 scontext=u:r:kernel:s0 tcontext=u:r:ueventd:s0 tclass=file permissive=1
11-07 17:03:32.424   888   888 I auditd  : type=1400 audit(0.0:1836): avc: denied { read } for comm="pidof" name="cmdline" dev="proc" ino=27285 scontext=u:r:kernel:s0 tcontext=u:r:logd:s0 tclass=file permissive=1
11-07 17:03:32.424   888   888 I auditd  : type=1400 audit(0.0:1837): avc: denied { open } for comm="pidof" path="/proc/408/cmdline" dev="proc" ino=27285 scontext=u:r:kernel:s0 tcontext=u:r:logd:s0 tclass=file permissive=1
11-07 17:03:32.424   888   888 I auditd  : type=1400 audit(0.0:1838): avc: denied { search } for comm="pidof" name="533" dev="proc" ino=25914 scontext=u:r:kernel:s0 tcontext=u:r:hal_bootctl_default:s0 tclass=dir permissive=1
11-07 17:03:32.424   888   888 I auditd  : type=1400 audit(0.0:1839): avc: denied { search } for comm="pidof" name="534" dev="proc" ino=27489 scontext=u:r:kernel:s0 tcontext=u:r:hal_keymint_default:s0 tclass=dir permissive=1
11-07 17:03:32.424   888   888 I auditd  : type=1400 audit(0.0:1840): avc: denied { search } for comm="pidof" name="535" dev="proc" ino=28091 scontext=u:r:kernel:s0 tcontext=u:r:ucl_proxy_someip:s0 tclass=dir permissive=1
11-07 17:03:32.424   888   888 I auditd  : type=1400 audit(0.0:1841): avc: denied { search } for comm="pidof" name="538" dev="proc" ino=27490 scontext=u:r:kernel:s0 tcontext=u:r:vendor_visteon_hardware_vehicle_V1_service:s0 tclass=dir permissive=1
11-07 17:03:32.424   888   888 I auditd  : type=1400 audit(0.0:1842): avc: denied { search } for comm="pidof" name="539" dev="proc" ino=28109 scontext=u:r:kernel:s0 tcontext=u:r:vsomeipd:s0 tclass=dir permissive=1
11-07 17:03:32.424   888   888 I auditd  : type=1400 audit(0.0:1843): avc: denied { read } for comm="pidof" name="cmdline" dev="proc" ino=33141 scontext=u:r:kernel:s0 tcontext=u:r:zygote:s0 tclass=file permissive=1
11-07 17:03:32.424   888   888 I auditd  : type=1400 audit(0.0:1844): avc: denied { open } for comm="pidof" path="/proc/662/cmdline" dev="proc" ino=33141 scontext=u:r:kernel:s0 tcontext=u:r:zygote:s0 tclass=file permissive=1
11-07 17:03:32.424   888   888 I auditd  : type=1400 audit(0.0:1845): avc: denied { search } for comm="pidof" name="671" dev="proc" ino=33172 scontext=u:r:kernel:s0 tcontext=u:r:aawppd:s0 tclass=dir permissive=1
11-07 17:03:32.424   888   888 I auditd  : type=1400 audit(0.0:1846): avc: denied { search } for comm="pidof" name="672" dev="proc" ino=34146 scontext=u:r:kernel:s0 tcontext=u:r:hal_allocator_default:s0 tclass=dir permissive=1
11-07 17:03:32.424   888   888 I auditd  : type=1400 audit(0.0:1847): avc: denied { search } for comm="pidof" name="673" dev="proc" ino=34867 scontext=u:r:kernel:s0 tcontext=u:r:Someip_cli_listener:s0 tclass=dir permissive=1
11-07 17:03:32.424   888   888 I auditd  : type=1400 audit(0.0:1848): avc: denied { search } for comm="pidof" name="676" dev="proc" ino=31411 scontext=u:r:kernel:s0 tcontext=u:r:hal_audio_default:s0 tclass=dir permissive=1
11-07 17:03:32.424   888   888 I auditd  : type=1400 audit(0.0:1849): avc: denied { search } for comm="pidof" name="719" dev="proc" ino=33412 scontext=u:r:kernel:s0 tcontext=u:r:mtk_hal_usb:s0 tclass=dir permissive=1
11-07 17:03:32.424   888   888 I auditd  : type=1400 audit(0.0:1850): avc: denied { search } for comm="pidof" name="720" dev="proc" ino=33439 scontext=u:r:kernel:s0 tcontext=u:r:hal_audiocontrol_default:s0 tclass=dir permissive=1
11-07 17:03:32.424   888   888 I auditd  : type=1400 audit(0.0:1851): avc: denied { search } for comm="pidof" name="722" dev="proc" ino=33440 scontext=u:r:kernel:s0 tcontext=u:r:vendor_visteon_hardware_config_V1_service:s0 tclass=dir permissive=1
11-07 17:03:32.424   888   888 I auditd  : type=1400 audit(0.0:1852): avc: denied { search } for comm="pidof" name="726" dev="proc" ino=35122 scontext=u:r:kernel:s0 tcontext=u:r:lbs_hidl_service:s0 tclass=dir permissive=1
11-07 17:03:32.424   888   888 I auditd  : type=1400 audit(0.0:1853): avc: denied { search } for comm="pidof" name="730" dev="proc" ino=35124 scontext=u:r:kernel:s0 tcontext=u:r:mtk_hal_light:s0 tclass=dir permissive=1
11-07 17:03:32.424   888   888 I auditd  : type=1400 audit(0.0:1855): avc: denied { search } for comm="pidof" name="731" dev="proc" ino=35125 scontext=u:r:kernel:s0 tcontext=u:r:mtk_hal_memtrack:s0 tclass=dir permissive=1
11-07 17:03:32.424   889   889 I auditd  : type=1400 audit(0.0:1854): avc: denied { rlimitinh } for comm="ip" scontext=u:r:init:s0 tcontext=u:r:su:s0 tclass=process permissive=1
11-07 17:03:32.424   889   889 I auditd  : type=1400 audit(0.0:1856): avc: denied { siginh } for comm="ip" scontext=u:r:init:s0 tcontext=u:r:su:s0 tclass=process permissive=1
11-07 17:03:32.424   888   888 I auditd  : type=1400 audit(0.0:1857): avc: denied { read } for comm="pidof" name="cmdline" dev="proc" ino=33479 scontext=u:r:kernel:s0 tcontext=u:r:mtkpower_applist:s0 tclass=file permissive=1
11-07 17:03:32.424   888   888 I auditd  : type=1400 audit(0.0:1858): avc: denied { open } for comm="pidof" path="/proc/736/cmdline" dev="proc" ino=33479 scontext=u:r:kernel:s0 tcontext=u:r:mtkpower_applist:s0 tclass=file permissive=1
11-07 17:03:32.424   888   888 I auditd  : type=1400 audit(0.0:1859): avc: denied { read } for comm="pidof" name="cmdline" dev="proc" ino=33540 scontext=u:r:kernel:s0 tcontext=u:r:mtk_hal_keymanage:s0 tclass=file permissive=1
11-07 17:03:32.424   888   888 I auditd  : type=1400 audit(0.0:1860): avc: denied { open } for comm="pidof" path="/proc/743/cmdline" dev="proc" ino=33540 scontext=u:r:kernel:s0 tcontext=u:r:mtk_hal_keymanage:s0 tclass=file permissive=1
11-07 17:03:32.424   889   889 I auditd  : type=1400 audit(0.0:1861): avc: denied { map } for comm="ip" path="/system/bin/ip" dev="dm-8" ino=5006029 scontext=u:r:su:s0 tcontext=u:object_r:system_file:s0 tclass=file permissive=1
11-07 17:03:32.424   889   889 I auditd  : type=1400 audit(0.0:1862): avc: denied { read } for comm="ip" path="/system/bin/ip" dev="dm-8" ino=5006029 scontext=u:r:su:s0 tcontext=u:object_r:system_file:s0 tclass=file permissive=1
11-07 17:03:32.424   888   888 I auditd  : type=1400 audit(0.0:1863): avc: denied { read } for comm="pidof" name="cmdline" dev="proc" ino=33542 scontext=u:r:kernel:s0 tcontext=u:r:mtk_hal_nvramagent:s0 tclass=file permissive=1
11-07 17:03:32.424   888   888 I auditd  : type=1400 audit(0.0:1864): avc: denied { open } for comm="pidof" path="/proc/747/cmdline" dev="proc" ino=33542 scontext=u:r:kernel:s0 tcontext=u:r:mtk_hal_nvramagent:s0 tclass=file permissive=1
11-07 17:03:32.424   889   889 I auditd  : type=1400 audit(0.0:1865): avc: denied { execute } for comm="ip" path="/system/bin/ip" dev="dm-8" ino=5006029 scontext=u:r:su:s0 tcontext=u:object_r:system_file:s0 tclass=file permissive=1
11-07 17:03:32.424   888   888 I auditd  : type=1400 audit(0.0:1866): avc: denied { read } for comm="pidof" name="cmdline" dev="proc" ino=33543 scontext=u:r:kernel:s0 tcontext=u:r:hal_persistency_default:s0 tclass=file permissive=1
11-07 17:03:32.424   888   888 I auditd  : type=1400 audit(0.0:1867): avc: denied { open } for comm="pidof" path="/proc/750/cmdline" dev="proc" ino=33543 scontext=u:r:kernel:s0 tcontext=u:r:hal_persistency_default:s0 tclass=file permissive=1
11-07 17:03:32.424   888   888 I auditd  : type=1400 audit(0.0:1868): avc: denied { read } for comm="pidof" name="cmdline" dev="proc" ino=35206 scontext=u:r:kernel:s0 tcontext=u:r:hal_cluster_default:s0 tclass=file permissive=1
11-07 17:03:32.424   888   888 I auditd  : type=1400 audit(0.0:1869): avc: denied { open } for comm="pidof" path="/proc/751/cmdline" dev="proc" ino=35206 scontext=u:r:kernel:s0 tcontext=u:r:hal_cluster_default:s0 tclass=file permissive=1
11-07 17:03:32.424   888   888 I auditd  : type=1400 audit(0.0:1870): avc: denied { read } for comm="pidof" name="cmdline" dev="proc" ino=35290 scontext=u:r:kernel:s0 tcontext=u:r:usbmgr:s0 tclass=file permissive=1
11-07 17:03:32.424   888   888 I auditd  : type=1400 audit(0.0:1871): avc: denied { open } for comm="pidof" path="/proc/794/cmdline" dev="proc" ino=35290 scontext=u:r:kernel:s0 tcontext=u:r:usbmgr:s0 tclass=file permissive=1
11-07 17:03:32.424   888   888 I auditd  : type=1400 audit(0.0:1872): avc: denied { read } for comm="pidof" name="cmdline" dev="proc" ino=35291 scontext=u:r:kernel:s0 tcontext=u:r:nvram_daemon:s0 tclass=file permissive=1
11-07 17:03:32.424   888   888 I auditd  : type=1400 audit(0.0:1873): avc: denied { open } for comm="pidof" path="/proc/796/cmdline" dev="proc" ino=35291 scontext=u:r:kernel:s0 tcontext=u:r:nvram_daemon:s0 tclass=file permissive=1
11-07 17:03:32.424   888   888 I auditd  : type=1400 audit(0.0:1874): avc: denied { read } for comm="pidof" name="cmdline" dev="proc" ino=35315 scontext=u:r:kernel:s0 tcontext=u:r:shell:s0 tclass=file permissive=1
11-07 17:03:32.424   888   888 I auditd  : type=1400 audit(0.0:1875): avc: denied { open } for comm="pidof" path="/proc/804/cmdline" dev="proc" ino=35315 scontext=u:r:kernel:s0 tcontext=u:r:shell:s0 tclass=file permissive=1
11-07 17:03:32.424   888   888 I auditd  : type=1400 audit(0.0:1876): avc: denied { search } for comm="pidof" name="824" dev="proc" ino=35464 scontext=u:r:kernel:s0 tcontext=u:r:gbe_native:s0 tclass=dir permissive=1
11-07 17:03:32.424   888   888 I auditd  : type=1400 audit(0.0:1877): avc: denied { read } for comm="pidof" name="cmdline" dev="proc" ino=35709 scontext=u:r:kernel:s0 tcontext=u:r:netd:s0 tclass=file permissive=1
11-07 17:03:32.424   888   888 I auditd  : type=1400 audit(0.0:1878): avc: denied { open } for comm="pidof" path="/proc/892/cmdline" dev="proc" ino=35709 scontext=u:r:kernel:s0 tcontext=u:r:netd:s0 tclass=file permissive=1
11-07 17:03:32.428   889   889 I auditd  : type=1400 audit(0.0:1879): avc: denied { getattr } for comm="ip" path="/system/bin/ip" dev="dm-8" ino=5006029 scontext=u:r:su:s0 tcontext=u:object_r:system_file:s0 tclass=file permissive=1
11-07 17:03:32.452   889   889 I auditd  : type=1400 audit(0.0:1880): avc: denied { read } for comm="ip" path="/system/bin/ip" dev="dm-8" ino=5006029 scontext=u:r:su:s0 tcontext=u:object_r:system_file:s0 tclass=file permissive=1
11-07 17:03:32.468   889   889 I auditd  : type=1400 audit(0.0:1881): avc: denied { create } for comm="ip" scontext=u:r:su:s0 tcontext=u:r:su:s0 tclass=netlink_route_socket permissive=1
11-07 17:03:32.468   889   889 I auditd  : type=1400 audit(0.0:1882): avc: denied { setopt } for comm="ip" scontext=u:r:su:s0 tcontext=u:r:su:s0 tclass=netlink_route_socket permissive=1
11-07 17:03:32.468   889   889 I auditd  : type=1400 audit(0.0:1883): avc: denied { bind } for comm="ip" scontext=u:r:su:s0 tcontext=u:r:su:s0 tclass=netlink_route_socket permissive=1
11-07 17:03:32.468   889   889 I auditd  : type=1400 audit(0.0:1884): avc: denied { getattr } for comm="ip" scontext=u:r:su:s0 tcontext=u:r:su:s0 tclass=netlink_route_socket permissive=1
11-07 17:03:32.472   897   897 I auditd  : type=1400 audit(0.0:1885): avc: denied { search } for comm="pidof" name="412" dev="proc" ino=648 scontext=u:r:kernel:s0 tcontext=u:r:vndservicemanager:s0 tclass=dir permissive=1
11-07 17:03:32.472   897   897 I auditd  : type=1400 audit(0.0:1886): avc: denied { read } for comm="pidof" name="cmdline" dev="proc" ino=25827 scontext=u:r:kernel:s0 tcontext=u:r:vndservicemanager:s0 tclass=file permissive=1
11-07 17:03:32.472   897   897 I auditd  : type=1400 audit(0.0:1887): avc: denied { open } for comm="pidof" path="/proc/412/cmdline" dev="proc" ino=25827 scontext=u:r:kernel:s0 tcontext=u:r:vndservicemanager:s0 tclass=file permissive=1
11-07 17:03:32.472   897   897 I auditd  : type=1400 audit(0.0:1888): avc: denied { search } for comm="pidof" name="423" dev="proc" ino=25852 scontext=u:r:kernel:s0 tcontext=u:r:carwatchdogd:s0 tclass=dir permissive=1
11-07 17:03:32.472   897   897 I auditd  : type=1400 audit(0.0:1889): avc: denied { read } for comm="pidof" name="cmdline" dev="proc" ino=25854 scontext=u:r:kernel:s0 tcontext=u:r:carwatchdogd:s0 tclass=file permissive=1
11-07 17:03:32.472   897   897 I auditd  : type=1400 audit(0.0:1890): avc: denied { open } for comm="pidof" path="/proc/423/cmdline" dev="proc" ino=25854 scontext=u:r:kernel:s0 tcontext=u:r:carwatchdogd:s0 tclass=file permissive=1
11-07 17:03:32.472   897   897 I auditd  : type=1400 audit(0.0:1891): avc: denied { search } for comm="pidof" name="427" dev="proc" ino=10641 scontext=u:r:kernel:s0 tcontext=u:r:vold:s0 tclass=dir permissive=1
11-07 17:03:32.472   897   897 I auditd  : type=1400 audit(0.0:1892): avc: denied { read } for comm="pidof" name="cmdline" dev="proc" ino=10643 scontext=u:r:kernel:s0 tcontext=u:r:vold:s0 tclass=file permissive=1
11-07 17:03:32.472   897   897 I auditd  : type=1400 audit(0.0:1893): avc: denied { open } for comm="pidof" path="/proc/427/cmdline" dev="proc" ino=10643 scontext=u:r:kernel:s0 tcontext=u:r:vold:s0 tclass=file permissive=1
11-07 17:03:32.472   897   897 I auditd  : type=1400 audit(0.0:1894): avc: denied { search } for comm="pidof" name="526" dev="proc" ino=27446 scontext=u:r:kernel:s0 tcontext=u:r:vstRvcService:s0 tclass=dir permissive=1
11-07 17:03:32.472   897   897 I auditd  : type=1400 audit(0.0:1895): avc: denied { read } for comm="pidof" name="cmdline" dev="proc" ino=28069 scontext=u:r:kernel:s0 tcontext=u:r:vstRvcService:s0 tclass=file permissive=1
11-07 17:03:32.472   897   897 I auditd  : type=1400 audit(0.0:1896): avc: denied { open } for comm="pidof" path="/proc/526/cmdline" dev="proc" ino=28069 scontext=u:r:kernel:s0 tcontext=u:r:vstRvcService:s0 tclass=file permissive=1
11-07 17:03:32.472   897   897 I auditd  : type=1400 audit(0.0:1897): avc: denied { search } for comm="pidof" name="655" dev="proc" ino=28619 scontext=u:r:kernel:s0 tcontext=u:r:su:s0 tclass=dir permissive=1
11-07 17:03:32.472   897   897 I auditd  : type=1400 audit(0.0:1898): avc: denied { read } for comm="pidof" name="cmdline" dev="proc" ino=31306 scontext=u:r:kernel:s0 tcontext=u:r:su:s0 tclass=file permissive=1
11-07 17:03:32.472   897   897 I auditd  : type=1400 audit(0.0:1899): avc: denied { open } for comm="pidof" path="/proc/655/cmdline" dev="proc" ino=31306 scontext=u:r:kernel:s0 tcontext=u:r:su:s0 tclass=file permissive=1
11-07 17:03:32.472   897   897 I auditd  : type=1400 audit(0.0:1900): avc: denied { search } for comm="pidof" name="660" dev="proc" ino=30583 scontext=u:r:kernel:s0 tcontext=u:r:statsd:s0 tclass=dir permissive=1
11-07 17:03:32.472   897   897 I auditd  : type=1400 audit(0.0:1901): avc: denied { read } for comm="pidof" name="cmdline" dev="proc" ino=33139 scontext=u:r:kernel:s0 tcontext=u:r:statsd:s0 tclass=file permissive=1
11-07 17:03:32.472   897   897 I auditd  : type=1400 audit(0.0:1902): avc: denied { open } for comm="pidof" path="/proc/660/cmdline" dev="proc" ino=33139 scontext=u:r:kernel:s0 tcontext=u:r:statsd:s0 tclass=file permissive=1
11-07 17:03:32.472   897   897 I auditd  : type=1400 audit(0.0:1903): avc: denied { search } for comm="pidof" name="661" dev="proc" ino=33137 scontext=u:r:kernel:s0 tcontext=u:r:netd:s0 tclass=dir permissive=1
11-07 17:03:32.472   897   897 I auditd  : type=1400 audit(0.0:1904): avc: denied { search } for comm="pidof" name="662" dev="proc" ino=33138 scontext=u:r:kernel:s0 tcontext=u:r:zygote:s0 tclass=dir permissive=1
11-07 17:03:32.472   897   897 I auditd  : type=1400 audit(0.0:1905): avc: denied { read } for comm="pidof" name="cmdline" dev="proc" ino=34903 scontext=u:r:kernel:s0 tcontext=u:r:hal_allocator_default:s0 tclass=file permissive=1
11-07 17:03:32.472   897   897 I auditd  : type=1400 audit(0.0:1906): avc: denied { open } for comm="pidof" path="/proc/672/cmdline" dev="proc" ino=34903 scontext=u:r:kernel:s0 tcontext=u:r:hal_allocator_default:s0 tclass=file permissive=1
11-07 17:03:32.472   897   897 I auditd  : type=1400 audit(0.0:1907): avc: denied { search } for comm="pidof" name="674" dev="proc" ino=33186 scontext=u:r:kernel:s0 tcontext=u:r:toolbox:s0 tclass=dir permissive=1
11-07 17:03:32.472   897   897 I auditd  : type=1400 audit(0.0:1908): avc: denied { read } for comm="pidof" name="cmdline" dev="proc" ino=34905 scontext=u:r:kernel:s0 tcontext=u:r:toolbox:s0 tclass=file permissive=1
11-07 17:03:32.472   897   897 I auditd  : type=1400 audit(0.0:1909): avc: denied { open } for comm="pidof" path="/proc/674/cmdline" dev="proc" ino=34905 scontext=u:r:kernel:s0 tcontext=u:r:toolbox:s0 tclass=file permissive=1
11-07 17:03:32.472   897   897 I auditd  : type=1400 audit(0.0:1910): avc: denied { read } for comm="pidof" name="cmdline" dev="proc" ino=34907 scontext=u:r:kernel:s0 tcontext=u:r:hal_audio_default:s0 tclass=file permissive=1
11-07 17:03:32.472   897   897 I auditd  : type=1400 audit(0.0:1911): avc: denied { open } for comm="pidof" path="/proc/676/cmdline" dev="proc" ino=34907 scontext=u:r:kernel:s0 tcontext=u:r:hal_audio_default:s0 tclass=file permissive=1
11-07 17:03:32.472   897   897 I auditd  : type=1400 audit(0.0:1912): avc: denied { search } for comm="pidof" name="677" dev="proc" ino=34901 scontext=u:r:kernel:s0 tcontext=u:r:hal_can_socketcan:s0 tclass=dir permissive=1
11-07 17:03:32.472   897   897 I auditd  : type=1400 audit(0.0:1913): avc: denied { read } for comm="pidof" name="cmdline" dev="proc" ino=34908 scontext=u:r:kernel:s0 tcontext=u:r:hal_can_socketcan:s0 tclass=file permissive=1
11-07 17:03:32.472   897   897 I auditd  : type=1400 audit(0.0:1914): avc: denied { open } for comm="pidof" path="/proc/677/cmdline" dev="proc" ino=34908 scontext=u:r:kernel:s0 tcontext=u:r:hal_can_socketcan:s0 tclass=file permissive=1
11-07 17:03:32.472   897   897 I auditd  : type=1400 audit(0.0:1915): avc: denied { search } for comm="pidof" name="678" dev="proc" ino=31430 scontext=u:r:kernel:s0 tcontext=u:r:mtk_hal_bluetooth:s0 tclass=dir permissive=1
11-07 17:03:32.472   897   897 I auditd  : type=1400 audit(0.0:1916): avc: denied { read } for comm="pidof" name="cmdline" dev="proc" ino=33222 scontext=u:r:kernel:s0 tcontext=u:r:mtk_hal_bluetooth:s0 tclass=file permissive=1
11-07 17:03:32.472   897   897 I auditd  : type=1400 audit(0.0:1917): avc: denied { open } for comm="pidof" path="/proc/678/cmdline" dev="proc" ino=33222 scontext=u:r:kernel:s0 tcontext=u:r:mtk_hal_bluetooth:s0 tclass=file permissive=1
11-07 17:03:32.472   897   897 I auditd  : type=1400 audit(0.0:1918): avc: denied { search } for comm="pidof" name="680" dev="proc" ino=30664 scontext=u:r:kernel:s0 tcontext=u:r:hal_broadcastradio_default:s0 tclass=dir permissive=1
11-07 17:03:32.472   897   897 I auditd  : type=1400 audit(0.0:1919): avc: denied { read } for comm="pidof" name="cmdline" dev="proc" ino=33223 scontext=u:r:kernel:s0 tcontext=u:r:hal_broadcastradio_default:s0 tclass=file permissive=1
11-07 17:03:32.472   897   897 I auditd  : type=1400 audit(0.0:1920): avc: denied { open } for comm="pidof" path="/proc/680/cmdline" dev="proc" ino=33223 scontext=u:r:kernel:s0 tcontext=u:r:hal_broadcastradio_default:s0 tclass=file permissive=1
11-07 17:03:32.472   897   897 I auditd  : type=1400 audit(0.0:1921): avc: denied { search } for comm="pidof" name="684" dev="proc" ino=33221 scontext=u:r:kernel:s0 tcontext=u:r:hal_drm_clearkey_aidl:s0 tclass=dir permissive=1
11-07 17:03:32.472   897   897 I auditd  : type=1400 audit(0.0:1922): avc: denied { read } for comm="pidof" name="cmdline" dev="proc" ino=33224 scontext=u:r:kernel:s0 tcontext=u:r:hal_drm_clearkey_aidl:s0 tclass=file permissive=1
11-07 17:03:32.472   897   897 I auditd  : type=1400 audit(0.0:1923): avc: denied { open } for comm="pidof" path="/proc/684/cmdline" dev="proc" ino=33224 scontext=u:r:kernel:s0 tcontext=u:r:hal_drm_clearkey_aidl:s0 tclass=file permissive=1
11-07 17:03:32.472   897   897 I auditd  : type=1400 audit(0.0:1924): avc: denied { search } for comm="pidof" name="689" dev="proc" ino=33262 scontext=u:r:kernel:s0 tcontext=u:r:hal_drm_widevine:s0 tclass=dir permissive=1
11-07 17:03:32.472   897   897 I auditd  : type=1400 audit(0.0:1925): avc: denied { read } for comm="pidof" name="cmdline" dev="proc" ino=33267 scontext=u:r:kernel:s0 tcontext=u:r:hal_drm_widevine:s0 tclass=file permissive=1
11-07 17:03:32.472   897   897 I auditd  : type=1400 audit(0.0:1926): avc: denied { open } for comm="pidof" path="/proc/689/cmdline" dev="proc" ino=33267 scontext=u:r:kernel:s0 tcontext=u:r:hal_drm_widevine:s0 tclass=file permissive=1
11-07 17:03:32.472   897   897 I auditd  : type=1400 audit(0.0:1927): avc: denied { search } for comm="pidof" name="694" dev="proc" ino=34988 scontext=u:r:kernel:s0 tcontext=u:r:hal_gatekeeper_default:s0 tclass=dir permissive=1
11-07 17:03:32.472   897   897 I auditd  : type=1400 audit(0.0:1928): avc: denied { read } for comm="pidof" name="cmdline" dev="proc" ino=33374 scontext=u:r:kernel:s0 tcontext=u:r:hal_gatekeeper_default:s0 tclass=file permissive=1
11-07 17:03:32.472   897   897 I auditd  : type=1400 audit(0.0:1929): avc: denied { open } for comm="pidof" path="/proc/694/cmdline" dev="proc" ino=33374 scontext=u:r:kernel:s0 tcontext=u:r:hal_gatekeeper_default:s0 tclass=file permissive=1
11-07 17:03:32.472   897   897 I auditd  : type=1400 audit(0.0:1930): avc: denied { search } for comm="pidof" name="698" dev="proc" ino=34992 scontext=u:r:kernel:s0 tcontext=u:r:mtk_hal_gnss:s0 tclass=dir permissive=1
11-07 17:03:32.472   897   897 I auditd  : type=1400 audit(0.0:1931): avc: denied { read } for comm="pidof" name="cmdline" dev="proc" ino=32308 scontext=u:r:kernel:s0 tcontext=u:r:mtk_hal_gnss:s0 tclass=file permissive=1
11-07 17:03:32.472   897   897 I auditd  : type=1400 audit(0.0:1932): avc: denied { open } for comm="pidof" path="/proc/698/cmdline" dev="proc" ino=32308 scontext=u:r:kernel:s0 tcontext=u:r:mtk_hal_gnss:s0 tclass=file permissive=1
11-07 17:03:32.472   897   897 I auditd  : type=1400 audit(0.0:1933): avc: denied { read } for comm="pidof" name="cmdline" dev="proc" ino=32309 scontext=u:r:kernel:s0 tcontext=u:r:hal_graphics_allocator_default:s0 tclass=file permissive=1
11-07 17:03:32.472   897   897 I auditd  : type=1400 audit(0.0:1934): avc: denied { open } for comm="pidof" path="/proc/700/cmdline" dev="proc" ino=32309 scontext=u:r:kernel:s0 tcontext=u:r:hal_graphics_allocator_default:s0 tclass=file permissive=1
11-07 17:03:32.472   889   889 I auditd  : type=1400 audit(0.0:1935): avc: denied { create } for comm="ip" scontext=u:r:su:s0 tcontext=u:r:su:s0 tclass=udp_socket permissive=1
11-07 17:03:32.472   889   889 I auditd  : type=1400 audit(0.0:1936): avc: denied { ioctl } for comm="ip" path="socket:[40061]" dev="sockfs" ino=40061 ioctlcmd=0x8933 scontext=u:r:su:s0 tcontext=u:r:su:s0 tclass=udp_socket permissive=1
11-07 17:03:32.472   889   889 I auditd  : type=1400 audit(0.0:1937): avc: denied { net_admin } for comm="ip" capability=12 scontext=u:r:su:s0 tcontext=u:r:su:s0 tclass=capability permissive=1
11-07 17:03:32.472   889   889 I auditd  : type=1400 audit(0.0:1938): avc: denied { sys_module } for comm="ip" capability=16 scontext=u:r:su:s0 tcontext=u:r:su:s0 tclass=capability permissive=1
11-07 17:03:32.472   897   897 I auditd  : type=1400 audit(0.0:1939): avc: denied { search } for comm="pidof" name="783" dev="proc" ino=33643 scontext=u:r:kernel:s0 tcontext=u:r:credstore:s0 tclass=dir permissive=1
11-07 17:03:32.472   897   897 I auditd  : type=1400 audit(0.0:1940): avc: denied { read } for comm="pidof" name="cmdline" dev="proc" ino=33648 scontext=u:r:kernel:s0 tcontext=u:r:credstore:s0 tclass=file permissive=1
11-07 17:03:32.472   897   897 I auditd  : type=1400 audit(0.0:1941): avc: denied { open } for comm="pidof" path="/proc/783/cmdline" dev="proc" ino=33648 scontext=u:r:kernel:s0 tcontext=u:r:credstore:s0 tclass=file permissive=1
11-07 17:03:32.472   897   897 I auditd  : type=1400 audit(0.0:1942): avc: denied { search } for comm="pidof" name="784" dev="proc" ino=33644 scontext=u:r:kernel:s0 tcontext=u:r:gpuservice:s0 tclass=dir permissive=1
11-07 17:03:32.472   897   897 I auditd  : type=1400 audit(0.0:1943): avc: denied { read } for comm="pidof" name="cmdline" dev="proc" ino=33649 scontext=u:r:kernel:s0 tcontext=u:r:gpuservice:s0 tclass=file permissive=1
11-07 17:03:32.472   897   897 I auditd  : type=1400 audit(0.0:1944): avc: denied { open } for comm="pidof" path="/proc/784/cmdline" dev="proc" ino=33649 scontext=u:r:kernel:s0 tcontext=u:r:gpuservice:s0 tclass=file permissive=1
11-07 17:03:32.472   897   897 I auditd  : type=1400 audit(0.0:1945): avc: denied { search } for comm="pidof" name="790" dev="proc" ino=35285 scontext=u:r:kernel:s0 tcontext=u:r:surfaceflinger:s0 tclass=dir permissive=1
11-07 17:03:32.472   897   897 I auditd  : type=1400 audit(0.0:1946): avc: denied { read } for comm="pidof" name="cmdline" dev="proc" ino=35287 scontext=u:r:kernel:s0 tcontext=u:r:surfaceflinger:s0 tclass=file permissive=1
11-07 17:03:32.472   897   897 I auditd  : type=1400 audit(0.0:1947): avc: denied { open } for comm="pidof" path="/proc/790/cmdline" dev="proc" ino=35287 scontext=u:r:kernel:s0 tcontext=u:r:surfaceflinger:s0 tclass=file permissive=1
11-07 17:03:32.472   897   897 I auditd  : type=1400 audit(0.0:1948): avc: denied { search } for comm="pidof" name="794" dev="proc" ino=32575 scontext=u:r:kernel:s0 tcontext=u:r:usbmgr:s0 tclass=dir permissive=1
11-07 17:03:32.472   897   897 I auditd  : type=1400 audit(0.0:1949): avc: denied { search } for comm="pidof" name="796" dev="proc" ino=35286 scontext=u:r:kernel:s0 tcontext=u:r:nvram_daemon:s0 tclass=dir permissive=1
11-07 17:03:32.472   897   897 I auditd  : type=1400 audit(0.0:1950): avc: denied { search } for comm="pidof" name="804" dev="proc" ino=32592 scontext=u:r:kernel:s0 tcontext=u:r:shell:s0 tclass=dir permissive=1
11-07 17:03:32.472   897   897 I auditd  : type=1400 audit(0.0:1951): avc: denied { search } for comm="pidof" name="887" dev="proc" ino=36218 scontext=u:r:kernel:s0 tcontext=u:r:vstGlobalLogger:s0 tclass=dir permissive=1
11-07 17:03:32.472   897   897 I auditd  : type=1400 audit(0.0:1952): avc: denied { read } for comm="pidof" name="cmdline" dev="proc" ino=35708 scontext=u:r:kernel:s0 tcontext=u:r:vstGlobalLogger:s0 tclass=file permissive=1
11-07 17:03:32.472   897   897 I auditd  : type=1400 audit(0.0:1953): avc: denied { open } for comm="pidof" path="/proc/887/cmdline" dev="proc" ino=35708 scontext=u:r:kernel:s0 tcontext=u:r:vstGlobalLogger:s0 tclass=file permissive=1
11-07 17:03:32.472   897   897 I auditd  : type=1400 audit(0.0:1954): avc: denied { search } for comm="pidof" name="893" dev="proc" ino=48101 scontext=u:r:kernel:s0 tcontext=u:r:adbd:s0 tclass=dir permissive=1
11-07 17:03:32.472   897   897 I auditd  : type=1400 audit(0.0:1955): avc: denied { read } for comm="pidof" name="cmdline" dev="proc" ino=35710 scontext=u:r:kernel:s0 tcontext=u:r:adbd:s0 tclass=file permissive=1
11-07 17:03:32.472   897   897 I auditd  : type=1400 audit(0.0:1956): avc: denied { open } for comm="pidof" path="/proc/893/cmdline" dev="proc" ino=35710 scontext=u:r:kernel:s0 tcontext=u:r:adbd:s0 tclass=file permissive=1
11-07 17:03:32.472   897   897 I auditd  : type=1400 audit(0.0:1957): avc: denied { search } for comm="pidof" name="894" dev="proc" ino=35720 scontext=u:r:kernel:s0 tcontext=u:r:bootstat:s0 tclass=dir permissive=1
11-07 17:03:32.472   897   897 I auditd  : type=1400 audit(0.0:1958): avc: denied { read } for comm="pidof" name="cmdline" dev="proc" ino=49042 scontext=u:r:kernel:s0 tcontext=u:r:bootstat:s0 tclass=file permissive=1
11-07 17:03:32.472   897   897 I auditd  : type=1400 audit(0.0:1959): avc: denied { open } for comm="pidof" path="/proc/894/cmdline" dev="proc" ino=49042 scontext=u:r:kernel:s0 tcontext=u:r:bootstat:s0 tclass=file permissive=1
11-07 17:03:32.472   897   897 I auditd  : type=1400 audit(0.0:1960): avc: denied { search } for comm="pidof" name="896" dev="proc" ino=48116 scontext=u:r:kernel:s0 tcontext=u:r:devicemanager:s0 tclass=dir permissive=1
11-07 17:03:32.472   897   897 I auditd  : type=1400 audit(0.0:1961): avc: denied { read } for comm="pidof" name="cmdline" dev="proc" ino=49043 scontext=u:r:kernel:s0 tcontext=u:r:devicemanager:s0 tclass=file permissive=1
11-07 17:03:32.472   897   897 I auditd  : type=1400 audit(0.0:1962): avc: denied { open } for comm="pidof" path="/proc/896/cmdline" dev="proc" ino=49043 scontext=u:r:kernel:s0 tcontext=u:r:devicemanager:s0 tclass=file permissive=1
11-07 17:03:32.492   900   900 I auditd  : type=1400 audit(0.0:1963): avc: denied { getattr } for comm="sh" path="/vendor/bin/sh" dev="dm-10" ino=515447 scontext=u:r:kernel:s0 tcontext=u:object_r:vendor_shell_exec:s0 tclass=file permissive=1
11-07 17:03:32.500   900   900 I auditd  : type=1400 audit(0.0:1964): avc: denied { read } for comm="sh" path="/vendor/bin/sh" dev="dm-10" ino=515447 scontext=u:r:kernel:s0 tcontext=u:object_r:vendor_shell_exec:s0 tclass=file permissive=1
11-07 17:03:32.520   900   900 I auditd  : type=1400 audit(0.0:1965): avc: denied { read } for comm="pidof" name="cmdline" dev="proc" ino=27021 scontext=u:r:kernel:s0 tcontext=u:r:vendor_init:s0 tclass=file permissive=1
11-07 17:03:32.520   900   900 I auditd  : type=1400 audit(0.0:1966): avc: denied { open } for comm="pidof" path="/proc/326/cmdline" dev="proc" ino=27021 scontext=u:r:kernel:s0 tcontext=u:r:vendor_init:s0 tclass=file permissive=1
11-07 17:03:32.520   900   900 I auditd  : type=1400 audit(0.0:1967): avc: denied { search } for comm="pidof" name="328" dev="proc" ino=422 scontext=u:r:kernel:s0 tcontext=u:r:ueventd:s0 tclass=dir permissive=1
11-07 17:03:32.520   900   900 I auditd  : type=1400 audit(0.0:1968): avc: denied { search } for comm="pidof" name="408" dev="proc" ino=25039 scontext=u:r:kernel:s0 tcontext=u:r:logd:s0 tclass=dir permissive=1
11-07 17:03:32.520   900   900 I auditd  : type=1400 audit(0.0:1969): avc: denied { search } for comm="pidof" name="409" dev="proc" ino=27282 scontext=u:r:kernel:s0 tcontext=u:r:lmkd:s0 tclass=dir permissive=1
11-07 17:03:32.520   900   900 I auditd  : type=1400 audit(0.0:1970): avc: denied { read } for comm="pidof" name="cmdline" dev="proc" ino=27286 scontext=u:r:kernel:s0 tcontext=u:r:lmkd:s0 tclass=file permissive=1
11-07 17:03:32.520   900   900 I auditd  : type=1400 audit(0.0:1971): avc: denied { open } for comm="pidof" path="/proc/409/cmdline" dev="proc" ino=27286 scontext=u:r:kernel:s0 tcontext=u:r:lmkd:s0 tclass=file permissive=1
11-07 17:03:32.520   900   900 I auditd  : type=1400 audit(0.0:1972): avc: denied { search } for comm="pidof" name="410" dev="proc" ino=14335 scontext=u:r:kernel:s0 tcontext=u:r:servicemanager:s0 tclass=dir permissive=1
11-07 17:03:32.520   900   900 I auditd  : type=1400 audit(0.0:1973): avc: denied { read } for comm="pidof" name="cmdline" dev="proc" ino=27287 scontext=u:r:kernel:s0 tcontext=u:r:servicemanager:s0 tclass=file permissive=1
11-07 17:03:32.520   900   900 I auditd  : type=1400 audit(0.0:1974): avc: denied { open } for comm="pidof" path="/proc/410/cmdline" dev="proc" ino=27287 scontext=u:r:kernel:s0 tcontext=u:r:servicemanager:s0 tclass=file permissive=1
11-07 17:03:32.520   900   900 I auditd  : type=1400 audit(0.0:1975): avc: denied { search } for comm="pidof" name="411" dev="proc" ino=27283 scontext=u:r:kernel:s0 tcontext=u:r:hwservicemanager:s0 tclass=dir permissive=1
11-07 17:03:32.520   900   900 I auditd  : type=1400 audit(0.0:1976): avc: denied { read } for comm="pidof" name="cmdline" dev="proc" ino=27288 scontext=u:r:kernel:s0 tcontext=u:r:hwservicemanager:s0 tclass=file permissive=1
11-07 17:03:32.520   900   900 I auditd  : type=1400 audit(0.0:1977): avc: denied { open } for comm="pidof" path="/proc/411/cmdline" dev="proc" ino=27288 scontext=u:r:kernel:s0 tcontext=u:r:hwservicemanager:s0 tclass=file permissive=1
11-07 17:03:32.520   900   900 I auditd  : type=1400 audit(0.0:1978): avc: denied { search } for comm="pidof" name="528" dev="proc" ino=28073 scontext=u:r:kernel:s0 tcontext=u:r:mtk_wmt_launcher:s0 tclass=dir permissive=1
11-07 17:03:32.520   900   900 I auditd  : type=1400 audit(0.0:1979): avc: denied { read } for comm="pidof" name="cmdline" dev="proc" ino=27471 scontext=u:r:kernel:s0 tcontext=u:r:mtk_wmt_launcher:s0 tclass=file permissive=1
11-07 17:03:32.520   900   900 I auditd  : type=1400 audit(0.0:1980): avc: denied { open } for comm="pidof" path="/proc/528/cmdline" dev="proc" ino=27471 scontext=u:r:kernel:s0 tcontext=u:r:mtk_wmt_launcher:s0 tclass=file permissive=1
11-07 17:03:32.520   900   900 I auditd  : type=1400 audit(0.0:1981): avc: denied { search } for comm="pidof" name="529" dev="proc" ino=25899 scontext=u:r:kernel:s0 tcontext=u:r:system_suspend:s0 tclass=dir permissive=1
11-07 17:03:32.520   900   900 I auditd  : type=1400 audit(0.0:1982): avc: denied { read } for comm="pidof" name="cmdline" dev="proc" ino=30866 scontext=u:r:kernel:s0 tcontext=u:r:system_suspend:s0 tclass=file permissive=1
11-07 17:03:32.520   900   900 I auditd  : type=1400 audit(0.0:1983): avc: denied { open } for comm="pidof" path="/proc/529/cmdline" dev="proc" ino=30866 scontext=u:r:kernel:s0 tcontext=u:r:system_suspend:s0 tclass=file permissive=1
11-07 17:03:32.520   900   900 I auditd  : type=1400 audit(0.0:1984): avc: denied { search } for comm="pidof" name="530" dev="proc" ino=29968 scontext=u:r:kernel:s0 tcontext=u:r:carpowerpolicyd:s0 tclass=dir permissive=1
11-07 17:03:32.520   900   900 I auditd  : type=1400 audit(0.0:1985): avc: denied { read } for comm="pidof" name="cmdline" dev="proc" ino=27491 scontext=u:r:kernel:s0 tcontext=u:r:carpowerpolicyd:s0 tclass=file permissive=1
11-07 17:03:32.520   900   900 I auditd  : type=1400 audit(0.0:1986): avc: denied { open } for comm="pidof" path="/proc/530/cmdline" dev="proc" ino=27491 scontext=u:r:kernel:s0 tcontext=u:r:carpowerpolicyd:s0 tclass=file permissive=1
11-07 17:03:32.520   900   900 I auditd  : type=1400 audit(0.0:1987): avc: denied { read } for comm="pidof" name="cmdline" dev="proc" ino=27492 scontext=u:r:kernel:s0 tcontext=u:r:keystore:s0 tclass=file permissive=1
11-07 17:03:32.520   900   900 I auditd  : type=1400 audit(0.0:1988): avc: denied { open } for comm="pidof" path="/proc/532/cmdline" dev="proc" ino=27492 scontext=u:r:kernel:s0 tcontext=u:r:keystore:s0 tclass=file permissive=1
11-07 17:03:32.520   900   900 I auditd  : type=1400 audit(0.0:1989): avc: denied { search } for comm="pidof" name="533" dev="proc" ino=25914 scontext=u:r:kernel:s0 tcontext=u:r:hal_bootctl_default:s0 tclass=dir permissive=1
11-07 17:03:32.520   900   900 I auditd  : type=1400 audit(0.0:1990): avc: denied { read } for comm="pidof" name="cmdline" dev="proc" ino=27493 scontext=u:r:kernel:s0 tcontext=u:r:hal_bootctl_default:s0 tclass=file permissive=1
11-07 17:03:32.520   900   900 I auditd  : type=1400 audit(0.0:1991): avc: denied { open } for comm="pidof" path="/proc/533/cmdline" dev="proc" ino=27493 scontext=u:r:kernel:s0 tcontext=u:r:hal_bootctl_default:s0 tclass=file permissive=1
11-07 17:03:32.520   900   900 I auditd  : type=1400 audit(0.0:1992): avc: denied { read } for comm="pidof" name="cmdline" dev="proc" ino=27494 scontext=u:r:kernel:s0 tcontext=u:r:hal_keymint_default:s0 tclass=file permissive=1
11-07 17:03:32.520   900   900 I auditd  : type=1400 audit(0.0:1993): avc: denied { open } for comm="pidof" path="/proc/534/cmdline" dev="proc" ino=27494 scontext=u:r:kernel:s0 tcontext=u:r:hal_keymint_default:s0 tclass=file permissive=1
11-07 17:03:32.520   900   900 I auditd  : type=1400 audit(0.0:1994): avc: denied { read } for comm="pidof" name="cmdline" dev="proc" ino=27495 scontext=u:r:kernel:s0 tcontext=u:r:ucl_proxy_someip:s0 tclass=file permissive=1
11-07 17:03:32.520   900   900 I auditd  : type=1400 audit(0.0:1995): avc: denied { open } for comm="pidof" path="/proc/535/cmdline" dev="proc" ino=27495 scontext=u:r:kernel:s0 tcontext=u:r:ucl_proxy_someip:s0 tclass=file permissive=1
11-07 17:03:32.520   900   900 I auditd  : type=1400 audit(0.0:1996): avc: denied { read } for comm="pidof" name="cmdline" dev="proc" ino=27496 scontext=u:r:kernel:s0 tcontext=u:r:vendor_visteon_hardware_vehicle_V1_service:s0 tclass=file permissive=1
11-07 17:03:32.520   900   900 I auditd  : type=1400 audit(0.0:1997): avc: denied { open } for comm="pidof" path="/proc/538/cmdline" dev="proc" ino=27496 scontext=u:r:kernel:s0 tcontext=u:r:vendor_visteon_hardware_vehicle_V1_service:s0 tclass=file permissive=1
11-07 17:03:32.520   900   900 I auditd  : type=1400 audit(0.0:1998): avc: denied { read } for comm="pidof" name="cmdline" dev="proc" ino=28126 scontext=u:r:kernel:s0 tcontext=u:r:vsomeipd:s0 tclass=file permissive=1
11-07 17:03:32.520   900   900 I auditd  : type=1400 audit(0.0:1999): avc: denied { open } for comm="pidof" path="/proc/539/cmdline" dev="proc" ino=28126 scontext=u:r:kernel:s0 tcontext=u:r:vsomeipd:s0 tclass=file permissive=1
11-07 17:03:32.520   900   900 I auditd  : type=1400 audit(0.0:2000): avc: denied { search } for comm="pidof" name="611" dev="proc" ino=33793 scontext=u:r:kernel:s0 tcontext=u:r:tombstoned:s0 tclass=dir permissive=1
