11-07 16:56:29.373   679   679 I         : [DISP]CRTC0 release wakelock mtk_drm_crtc_suspend 8683
11-07 16:56:29.380     0     0 I [T200243] [DISP]_ddp_cmdq_cb: fence_idx:0, cb_data->pres_fence_idx:7406
11-07 16:56:29.380 20049 20049 I option1 ttyUSB1: GSM modem (1-port) converter now disconnected from ttyUSB1
11-07 16:56:29.380 20049 20049 I option 1-1: 1.3: device disconnected
11-07 16:56:29.380 20049 20049 I option1 ttyUSB2: GSM modem (1-port) converter now disconnected from ttyUSB2
11-07 16:56:29.380 20049 20049 I option 1-1: 1.4: device disconnected
11-07 16:56:29.381 14794 14794 W [HIF-SDIO][I]mtk_wcn_wmt_func_ctrl: wmt-exp: OPID(4) type(9) start
11-07 16:56:29.381     0     0 W [T100843] [WMT-CORE][I]wmt_core_dump_func_state: [AF FUNC OFF]status(b:2 f:0 g:0 gl5:0 w:2 lpbk:0 coredump:0 wmt:2 ant:0 sd1:0 sd2:2 stp:0)
11-07 16:56:29.381 14794 14794 W [HIF-SDIO][I]mtk_wcn_wmt_func_ctrl: OPID(4) type(9) ok
11-07 16:56:29.381 20049 20049 I option1 ttyUSB3: GSM modem (1-port) converter now disconnected from ttyUSB3
11-07 16:56:29.381 20049 20049 I option 1-1: 1.5: device disconnected
11-07 16:56:29.381 20049 20049 I option1 ttyUSB4: GSM modem (1-port) converter now disconnected from ttyUSB4
11-07 16:56:29.381 20049 20049 I option 1-1: 1.6: device disconnected
11-07 16:56:29.402     0     0 I [T200243] [DISP]mtk_check_preset_fence_timestamp: The present fence timestamp still same.
11-07 16:56:29.402     0     0 I [T513417] [wlan]wlanoidSetP2pMode: (P2P INFO) Set P2P enable[0] mode[0]
11-07 16:56:29.402     0     0 I [T513417] [wlan]p2pRemove: (P2P INFO) Prepare to remove p2p...
11-07 16:56:29.402     0     0 I [T513417] [wlan]nicTxGetWlanIdx: (TX WARN) nicTxGetWlanIdx: Unexpected WIDX[255] BSS[1] STA[255], set WIDX to default value[31]
11-07 16:56:29.402     0     0 I [T513417] [wlan]wlanReleaseCommand: (INIT INFO) Free MGMT Frame: BSS[1] WIDX:PID[31:0] SEQ[1] STA[255] RSP[0] CMDSeq[1]
11-07 16:56:29.402     0     0 I [T513417] [wlan]rsnFlushPmkid: (RSN INFO) [1] Flush Pmkid total:0
11-07 16:56:29.402     0     0 I         : [T501414] [MTK-WIFI] WIFI_write[I]: Turn off p2p/ap mode
11-07 16:56:29.402     0     0 W [T501414] [HIF-SDIO][I]mtk_wcn_wmt_func_ctrl: wmt-exp: OPID(4) type(3) start
11-07 16:56:29.402   844   844 W [HIF-SDIO][W]wmtd_worker_thread: opid: 0x21
11-07 16:56:29.402   844   844 W [HIF-SDIO][I]hif_sdio_wifi_off: start!
11-07 16:56:29.402   844   844 I [wlan]mtk_sdio_remove: (INIT INFO) pfWlanRemove done
11-07 16:56:29.402   844   844 I [wlan]wlanRemove: (INIT INFO) Remove wlan!
11-07 16:56:29.402   844   844 I [MTK-WIFI] register_set_p2p_mode_handler[I]: (pid 844) register set p2p mode handler 0000000000000000
11-07 16:56:29.402 20049 20049 I option1 ttyUSB5: GSM modem (1-port) converter now disconnected from ttyUSB5
11-07 16:56:29.402 20049 20049 I option 1-1: 1.7: device disconnected
11-07 16:56:29.402     0     0 I [T513417] [wlan]tx_thread: (INIT INFO) tx_thread should stop now...
11-07 16:56:29.403     0     0 I [T513417] [wlan]wlanReleasePendingOid: (INIT INFO) tx_thread stopped! Releasing pending OIDs ..
11-07 16:56:29.403   844   844 I [wlan]wlanRemove: (INIT INFO) wlan thread stopped
11-07 16:56:29.408 20049 20049 I option1 ttyUSB6: GSM modem (1-port) converter now disconnected from ttyUSB6
11-07 16:56:29.408 20049 20049 I option 1-1: 1.8: device disconnected
11-07 16:56:29.408 20049 20049 E xhci-mtk-p2 112a0000.xhci2: drop_ep_quirk high-speed ep1in intr, mpkt:16, interval:9/32ms
11-07 16:56:29.408 20049 20049 E xhci-mtk-p2 112a0000.xhci2: drop_ep_quirk high-speed ep3in intr, mpkt:512, interval:16/4096ms
11-07 16:56:29.408 20049 20049 E xhci-mtk-p2 112a0000.xhci2: drop_ep_quirk high-speed ep9in intr, mpkt:512, interval:16/4096ms
11-07 16:56:29.408     0     0 I [T500844] [wlan]rlmCancelRadioMeasurement: (RLM INFO) Cancel measurement, timer is running 0
11-07 16:56:29.444     0     0 I         : [T205019] [MDP][warn]mdp_ioctl_async_exec job:369 cost translate:1116us exec:3803us
11-07 16:56:29.500     0     0 I         : [T500844] [MTK-WIFI] update_driver_loaded_status[I]: update_driver_loaded_status: 0
11-07 16:56:29.500     0     0 W [T500844] [HIF-SDIO][I]hif_sdio_wifi_off: ok!
11-07 16:56:29.500   844   844 W [HIF-SDIO][I]hif_sdio_wifi_off: sdio_release_irq() for wifi ok
11-07 16:56:29.500   844   844 W [WMT-CORE][I]wmt_core_dump_func_state: [AF FUNC OFF]status(b:2 f:0 g:0 gl5:0 w:0 lpbk:0 coredump:0 wmt:2 ant:0 sd1:0 sd2:2 stp:0)
11-07 16:56:29.501     0     0 W [T501414] [HIF-SDIO][I]mtk_wcn_wmt_func_ctrl: OPID(33) type(3) ok
11-07 16:56:29.501     0     0 I         : [T501414] [MTK-WIFI] WIFI_write[I]: WMT turn off WIFI success!
11-07 16:56:29.501     0     0 I         : [T501414] [MTK-WIFI] WIFI_close[I]: major 498 minor 0 (pid 1414)
11-07 16:56:29.506     0     0 I [T320272] binder: release 12194:12225 transaction 822109 in, still active
11-07 16:56:29.506     0     0 I [T320272] binder: send failed reply for transaction 822109 to 12145:12630
11-07 16:56:29.584     0     0 I         : [T201260] hang_detect HANG_KICK ( 300)
11-07 16:56:29.584     0     0 I         : [T201260] [Hang_Detect] hang_detect enabled 10
11-07 16:56:29.644  5019  5019 I [MDP][warn]mdp_ioctl_async_exec job: 369 cost translate:1022us exec:3520us
11-07 16:56:29.844     0     0 I         : [T105019] [MDP][warn]mdp_ioctl_async_exec job:369 cost translate:1025us exec:3134us
11-07 16:56:29.880     0     0 I         : [T105019] [MDP][warn]mdp_ioctl_async_exec job:369 cost translate:1032us exec:3220us
11-07 16:56:29.948     0     0 I         : [T105019] [MDP][warn]mdp_ioctl_async_exec job:369 cost translate:1115us exec:4443us
11-07 16:56:29.948     0     0 I         : [T105020] [MDP][warn]mdp_ioctl_async_exec job:369 cost translate:1017us exec:3182us
11-07 16:56:30.013     0     0 I         : [T105019] [MDP][warn]mdp_ioctl_async_exec job:369 cost translate:1024us exec:3560us
11-07 16:56:30.212     0     0 I         : [T105019] [MDP][warn]mdp_ioctl_async_exec job:369 cost translate:1049us exec:3340us
11-07 16:56:30.309     0     0 W [T414846] audit: audit_lost=16580 audit_rate_limit=5 audit_backlog_limit=64
11-07 16:56:30.309     0     0 E [T414846] audit: rate limit exceeded
11-07 16:56:30.412     0     0 I         : [T305019] [MDP][warn]mdp_ioctl_async_exec job:369 cost translate:1048us exec:3496us
11-07 16:56:30.433     0     0 I [T300001] init: Service 'ppp-service' (pid 12626) exited with status 0 oneshot service took 1846.906006 seconds in background
11-07 16:56:30.433     0     0 I [T300001] init: Sending signal 9 to service 'ppp-service' (pid 12626) process group...
11-07 16:56:30.433     0     0 D [T300001] libprocessgroup: Killing process group -12626 in uid 0 as part of process cgroup 12626
11-07 16:56:30.433     0     0 I [T300001] libprocessgroup: Successfully killed process cgroup uid 0 pid 12626 in 0ms
11-07 16:56:30.444     0     0 I         : [T305019] [MDP][warn]mdp_ioctl_async_exec job:369 cost translate:956us exec:3485us
11-07 16:56:30.644  5019  5019 I [MDP][warn]mdp_ioctl_async_exec job: 369 cost translate:1186us exec:3408us
11-07 16:56:30.680     0     0 I         : [T105020] [MDP][warn]mdp_ioctl_async_exec job:369 cost translate:1620us exec:3064us
11-07 16:56:30.780     0     0 I         : [T305019] [MDP][warn]mdp_ioctl_async_exec job:369 cost translate:2469us exec:4815us
11-07 16:56:30.781     0     0 I         : [T205020] [MDP][warn]mdp_ioctl_async_exec job:369 cost translate:2740us exec:4543us
11-07 16:56:30.816     0     0 I         : [T205020] [MDP][warn]mdp_ioctl_async_exec job:369 cost translate:2249us exec:3927us
11-07 16:56:30.816     0     0 I         : [T305019] [MDP][warn]mdp_ioctl_async_exec job:369 cost translate:3261us exec:4588us
11-07 16:56:30.848     0     0 I         : [T105019] [MDP][warn]mdp_ioctl_async_exec job:369 cost translate:2564us exec:3783us
11-07 16:56:30.849     0     0 I         : [T305020] [MDP][warn]mdp_ioctl_async_exec job:369 cost translate:3303us exec:3626us
11-07 16:56:30.917     0     0 I         : [T105019] [MDP][warn]mdp_ioctl_async_exec job:369 cost translate:2579us exec:4026us
11-07 16:56:30.917     0     0 I         : [T105020] [MDP][warn]mdp_ioctl_async_exec job:369 cost translate:2243us exec:3857us
11-07 16:56:30.948     0     0 I         : [T105019] [MDP][warn]mdp_ioctl_async_exec job:369 cost translate:2518us exec:3773us
11-07 16:56:30.949  5020  5020 I [MDP][warn]mdp_ioctl_async_exec job: 369 cost translate:2493us exec:3788us
11-07 16:56:30.981  5019  5019 I [MDP][warn]mdp_ioctl_async_exec job: 369 cost translate:2612us exec:4214us
11-07 16:56:30.981     0     0 I         : [T205020] [MDP][warn]mdp_ioctl_async_exec job:369 cost translate:2636us exec:3877us
11-07 16:56:31.012  5020  5020 I [MDP][warn]mdp_ioctl_async_exec job: 369 cost translate:1904us exec:3210us
11-07 16:56:31.013     0     0 I         : [T205019] [MDP][warn]mdp_ioctl_async_exec job:369 cost translate:1490us exec:3236us
11-07 16:56:31.048     0     0 I         : [T205019] [MDP][warn]mdp_ioctl_async_exec job:369 cost translate:2359us exec:3711us
11-07 16:56:31.048     0     0 I         : [T305020] [MDP][warn]mdp_ioctl_async_exec job:369 cost translate:2389us exec:3935us
11-07 16:56:31.148     0     0 I         : [T305019] [MDP][warn]mdp_ioctl_async_exec job:369 cost translate:2499us exec:3750us
11-07 16:56:31.149     0     0 I         : [T105020] [MDP][warn]mdp_ioctl_async_exec job:369 cost translate:2725us exec:3837us
11-07 16:56:31.180     0     0 I         : [T305019] [MDP][warn]mdp_ioctl_async_exec job:369 cost translate:2479us exec:3571us
11-07 16:56:31.180  5020  5020 I [MDP][warn]mdp_ioctl_async_exec job: 369 cost translate:3068us exec:3731us
11-07 16:56:31.216     0     0 I         : [T305020] [MDP][warn]mdp_ioctl_async_exec job:369 cost translate:1996us exec:3276us
11-07 16:56:31.216     0     0 I         : [T305019] [MDP][warn]mdp_ioctl_async_exec job:369 cost translate:1932us exec:3560us
11-07 16:56:31.280     0     0 I         : [T305019] [MDP][warn]mdp_ioctl_async_exec job:369 cost translate:2395us exec:3742us
11-07 16:56:31.280     0     0 I         : [T205020] [MDP][warn]mdp_ioctl_async_exec job:369 cost translate:2240us exec:3556us
11-07 16:56:31.388     0     0 D [T100388] logd: Compressed Log, buffer max size: 65536 size used: 65393 compressed size: 6907
11-07 16:56:31.388     0     0 D [T100388] logd: Pruned Logs from log_id: 7, previous size: 265540 after size: 258637
11-07 16:56:31.400     0     0 W [T414920] audit: audit_lost=16938 audit_rate_limit=5 audit_backlog_limit=64
11-07 16:56:31.400     0     0 E [T414920] audit: rate limit exceeded
11-07 16:56:31.500     0     0 D [T100388] logd: Compressed Log, buffer max size: 65536 size used: 65392 compressed size: 8913
11-07 16:56:31.501     0     0 D [T100388] logd: Pruned Logs from log_id: 0, previous size: 267682 after size: 257067
11-07 16:56:31.580     0     0 I         : [T305019] [MDP][warn]mdp_ioctl_async_exec job:369 cost translate:2639us exec:4050us
11-07 16:56:31.580     0     0 I         : [T105020] [MDP][warn]mdp_ioctl_async_exec job:369 cost translate:2717us exec:4054us
11-07 16:56:31.616     0     0 I         : [T305019] [MDP][warn]mdp_ioctl_async_exec job:369 cost translate:2492us exec:3763us
11-07 16:56:31.617     0     0 I         : [T205020] [MDP][warn]mdp_ioctl_async_exec job:369 cost translate:2353us exec:3717us
11-07 16:56:31.648     0     0 I         : [T305020] [MDP][warn]mdp_ioctl_async_exec job:369 cost translate:2490us exec:3771us
11-07 16:56:31.648     0     0 I         : [T205019] [MDP][warn]mdp_ioctl_async_exec job:369 cost translate:2767us exec:4299us
11-07 16:56:31.680     0     0 I         : [T305019] [MDP][warn]mdp_ioctl_async_exec job:369 cost translate:2502us exec:3794us
11-07 16:56:31.681     0     0 I         : [T205020] [MDP][warn]mdp_ioctl_async_exec job:369 cost translate:2392us exec:3852us
11-07 16:56:31.748     0     0 I         : [T205019] [MDP][warn]mdp_ioctl_async_exec job:369 cost translate:2553us exec:3969us
11-07 16:56:31.748     0     0 I         : [T305020] [MDP][warn]mdp_ioctl_async_exec job:369 cost translate:2480us exec:3914us
11-07 16:56:31.780     0     0 I         : [T205019] [MDP][warn]mdp_ioctl_async_exec job:369 cost translate:2409us exec:3758us
11-07 16:56:31.781     0     0 I         : [T305020] [MDP][warn]mdp_ioctl_async_exec job:369 cost translate:2403us exec:3308us
11-07 16:56:31.848     0     0 I         : [T305019] [MDP][warn]mdp_ioctl_async_exec job:369 cost translate:2465us exec:3843us
11-07 16:56:31.849     0     0 I         : [T305020] [MDP][warn]mdp_ioctl_async_exec job:369 cost translate:2460us exec:4032us
11-07 16:56:31.980     0     0 I         : [T305019] [MDP][warn]mdp_ioctl_async_exec job:369 cost translate:2425us exec:4212us
11-07 16:56:31.981     0     0 I         : [T105020] [MDP][warn]mdp_ioctl_async_exec job:369 cost translate:2621us exec:4304us
11-07 16:56:32.016     0     0 I         : [T305019] [MDP][warn]mdp_ioctl_async_exec job:369 cost translate:2295us exec:3676us
11-07 16:56:32.017     0     0 I         : [T105020] [MDP][warn]mdp_ioctl_async_exec job:369 cost translate:2301us exec:3778us
11-07 16:56:32.033     0     0 D [T300388] logd: Compressed Log, buffer max size: 65536 size used: 65451 compressed size: 14561
11-07 16:56:32.048     0     0 I         : [T305019] [MDP][warn]mdp_ioctl_async_exec job:369 cost translate:2394us exec:3634us
11-07 16:56:32.048     0     0 I         : [T105020] [MDP][warn]mdp_ioctl_async_exec job:369 cost translate:2682us exec:3877us
11-07 16:56:32.217     0     0 I         : [T305019] [MDP][warn]mdp_ioctl_async_exec job:369 cost translate:2540us exec:4038us
11-07 16:56:32.217     0     0 I         : [T205020] [MDP][warn]mdp_ioctl_async_exec job:369 cost translate:2402us exec:4148us
11-07 16:56:32.316     0     0 I         : [T205019] [MDP][warn]mdp_ioctl_async_exec job:369 cost translate:2381us exec:3886us
11-07 16:56:32.317     0     0 I         : [T305020] [MDP][warn]mdp_ioctl_async_exec job:369 cost translate:2464us exec:4007us
11-07 16:56:32.348     0     0 I         : [T205019] [MDP][warn]mdp_ioctl_async_exec job:369 cost translate:2912us exec:5064us
11-07 16:56:32.349     0     0 I         : [T105020] [MDP][warn]mdp_ioctl_async_exec job:369 cost translate:2609us exec:4205us
11-07 16:56:32.380     0     0 I         : [T305019] [MDP][warn]mdp_ioctl_async_exec job:369 cost translate:2711us exec:4203us
11-07 16:56:32.382     0     0 I         : [T105020] [MDP][warn]mdp_ioctl_async_exec job:369 cost translate:2466us exec:4104us
11-07 16:56:32.418     0     0 I         : [T205020] [MDP][warn]mdp_ioctl_async_exec job:369 cost translate:2165us exec:3318us
11-07 16:56:32.418  5019  5019 I [MDP][warn]mdp_ioctl_async_exec job: 369 cost translate:3064us exec:4183us
11-07 16:56:32.516  5020  5020 I [MDP][warn]mdp_ioctl_async_exec job: 369 cost translate:1041us exec:4182us
11-07 16:56:32.555     0     0 I         : [T105020] [MDP][warn]mdp_ioctl_async_exec job:369 cost translate:1037us exec:3141us
11-07 16:56:32.580     0     0 I         : [T305019] [MDP][warn]mdp_ioctl_async_exec job:369 cost translate:1061us exec:4788us
11-07 16:56:32.580     0     0 I         : [T105020] [MDP][warn]mdp_ioctl_async_exec job:369 cost translate:1112us exec:3369us
11-07 16:56:32.780     0     0 I         : [T305019] [MDP][warn]mdp_ioctl_async_exec job:369 cost translate:1618us exec:3087us
11-07 16:56:32.816     0     0 I         : [T205019] [MDP][warn]mdp_ioctl_async_exec job:369 cost translate:2572us exec:4529us
11-07 16:56:32.816     0     0 I         : [T205020] [MDP][warn]mdp_ioctl_async_exec job:369 cost translate:2389us exec:4511us
11-07 16:56:32.848     0     0 I         : [T205020] [MDP][warn]mdp_ioctl_async_exec job:369 cost translate:1740us exec:3084us
11-07 16:56:32.848     0     0 I         : [T105019] [MDP][warn]mdp_ioctl_async_exec job:369 cost translate:2283us exec:3769us
11-07 16:56:32.860     0     0 I [T100665] [MTK-BT]BT_close: major 192 minor 0 (pid 665)
11-07 16:56:32.860     0     0 W [T100665] [HIF-SDIO][I]mtk_wcn_wmt_func_ctrl: wmt-exp: OPID(4) type(0) start
11-07 16:56:32.864   843   843 W [WMT-CORE][I]opfunc_try_pwr_off: WMT-CORE:Fun(0) [POWER_OFF] and power down chip
11-07 16:56:32.865 12694 12694 I [STP SDIO][I]stp_sdio_tx_rx_handling: stp_tx_rx_thread exit
11-07 16:56:32.866   843   843 W [HIF-SDIO][I]hif_sdio_exit: start!
11-07 16:56:32.866   843   843 W [HIF-SDIO][I]hif_sdio_exit: HIF mmc_remove_host
11-07 16:56:32.866     0     0 I [T100843] mmc2: card 0001 removed
11-07 16:56:32.866     0     0 W [T100843] [HIF-SDIO][W]wmt_ctrl_sdio_hw: sdio exit ok
11-07 16:56:32.866     0 