11-07 16:55:46.313     0     0 I         : [T205020] [MDP][warn]mdp_ioctl_async_exec job:369 cost translate:2364us exec:3941us
11-07 16:55:46.348     0     0 I         : [T105019] [MDP][warn]mdp_ioctl_async_exec job:369 cost translate:1488us exec:3225us
11-07 16:55:46.384     0     0 I         : [T205020] [MDP][warn]mdp_ioctl_async_exec job:369 cost translate:2252us exec:3503us
11-07 16:55:46.384     0     0 I         : [T105019] [MDP][warn]mdp_ioctl_async_exec job:369 cost translate:5316us exec:5868us
11-07 16:55:46.416     0     0 I         : [T205019] [MDP][warn]mdp_ioctl_async_exec job:369 cost translate:2398us exec:3785us
11-07 16:55:46.417     0     0 I         : [T205020] [MDP][warn]mdp_ioctl_async_exec job:369 cost translate:2305us exec:4081us
11-07 16:55:46.448     0     0 I         : [T105019] [MDP][warn]mdp_ioctl_async_exec job:369 cost translate:2505us exec:3679us
11-07 16:55:46.448     0     0 I         : [T305020] [MDP][warn]mdp_ioctl_async_exec job:369 cost translate:2308us exec:3374us
11-07 16:55:46.480     0     0 I         : [T205019] [MDP][warn]mdp_ioctl_async_exec job:369 cost translate:2432us exec:5235us
11-07 16:55:46.482     0     0 I         : [T305020] [MDP][warn]mdp_ioctl_async_exec job:369 cost translate:2371us exec:5002us
11-07 16:55:46.516     0     0 I         : [T205019] [MDP][warn]mdp_ioctl_async_exec job:369 cost translate:2468us exec:3723us
11-07 16:55:46.517     0     0 I         : [T305020] [MDP][warn]mdp_ioctl_async_exec job:369 cost translate:2249us exec:3777us
11-07 16:55:46.580     0     0 I         : [T105019] [MDP][warn]mdp_ioctl_async_exec job:369 cost translate:1477us exec:4245us
11-07 16:55:46.648     0     0 I         : [T205019] [MDP][warn]mdp_ioctl_async_exec job:369 cost translate:2421us exec:3756us
11-07 16:55:46.648     0     0 I         : [T105020] [MDP][warn]mdp_ioctl_async_exec job:369 cost translate:2382us exec:3040us
11-07 16:55:46.712     0     0 I         : [T105019] [MDP][warn]mdp_ioctl_async_exec job:369 cost translate:1695us exec:3132us
11-07 16:55:46.713     0     0 I         : [T205020] [MDP][warn]mdp_ioctl_async_exec job:369 cost translate:1981us exec:3150us
11-07 16:55:46.744     0     0 D [T300388] logd: Compressed Log, buffer max size: 65536 size used: 65513 compressed size: 7728
11-07 16:55:46.748     0     0 I         : [T205019] [MDP][warn]mdp_ioctl_async_exec job:369 cost translate:2081us exec:3623us
11-07 16:55:46.748     0     0 I         : [T205020] [MDP][warn]mdp_ioctl_async_exec job:369 cost translate:1865us exec:3683us
11-07 16:55:46.816     0     0 I         : [T205020] [MDP][warn]mdp_ioctl_async_exec job:369 cost translate:2699us exec:4211us
11-07 16:55:46.816     0     0 I         : [T305019] [MDP][warn]mdp_ioctl_async_exec job:369 cost translate:3250us exec:5013us
11-07 16:55:46.948     0     0 I         : [T105019] [MDP][warn]mdp_ioctl_async_exec job:369 cost translate:2356us exec:3558us
11-07 16:55:46.948  5020  5020 I [MDP][warn]mdp_ioctl_async_exec job: 369 cost translate:2663us exec:3697us
11-07 16:55:47.048  5020  5020 I [MDP][warn]mdp_ioctl_async_exec job: 369 cost translate:1604us exec:3047us
11-07 16:55:47.080     0     0 I         : [T105019] [MDP][warn]mdp_ioctl_async_exec job:369 cost translate:2407us exec:4175us
11-07 16:55:47.084     0     0 I         : [T305020] [MDP][warn]mdp_ioctl_async_exec job:369 cost translate:3113us exec:6669us
11-07 16:55:47.112     0     0 I         : [T205019] [MDP][warn]mdp_ioctl_async_exec job:369 cost translate:1701us exec:3106us
11-07 16:55:47.180     0     0 I         : [T305019] [MDP][warn]mdp_ioctl_async_exec job:369 cost translate:2508us exec:3733us
11-07 16:55:47.217  5019  5019 I [MDP][warn]mdp_ioctl_async_exec job: 369 cost translate:2769us exec:4258us
11-07 16:55:47.217     0     0 I         : [T205020] [MDP][warn]mdp_ioctl_async_exec job:369 cost translate:2306us exec:4163us
11-07 16:55:47.280     0     0 I         : [T105019] [MDP][warn]mdp_ioctl_async_exec job:369 cost translate:2366us exec:3776us
11-07 16:55:47.281     0     0 I         : [T105020] [MDP][warn]mdp_ioctl_async_exec job:369 cost translate:2498us exec:3968us
11-07 16:55:47.292     0     0 D [T300388] logd: Compressed Log, buffer max size: 65536 size used: 65417 compressed size: 8239
11-07 16:55:47.380     0     0 I         : [T105019] [MDP][warn]mdp_ioctl_async_exec job:369 cost translate:2384us exec:3574us
11-07 16:55:47.380     0     0 I         : [T205020] [MDP][warn]mdp_ioctl_async_exec job:369 cost translate:2513us exec:3206us
11-07 16:55:47.412     0     0 I         : [T105019] [MDP][warn]mdp_ioctl_async_exec job:369 cost translate:2347us exec:3625us
11-07 16:55:47.412     0     0 I         : [T205020] [MDP][warn]mdp_ioctl_async_exec job:369 cost translate:2375us exec:3523us
11-07 16:55:47.480     0     0 I         : [T205020] [MDP][warn]mdp_ioctl_async_exec job:369 cost translate:2326us exec:3558us
11-07 16:55:47.480     0     0 I         : [T105019] [MDP][warn]mdp_ioctl_async_exec job:369 cost translate:2657us exec:4139us
11-07 16:55:47.548     0     0 I         : [T105019] [MDP][warn]mdp_ioctl_async_exec job:369 cost translate:1551us exec:3104us
11-07 16:55:47.548     0     0 I         : [T105020] [MDP][warn]mdp_ioctl_async_exec job:369 cost translate:1428us exec:3257us
11-07 16:55:47.648     0     0 I         : [T105019] [MDP][warn]mdp_ioctl_async_exec job:369 cost translate:2017us exec:3230us
11-07 16:55:47.680     0     0 I         : [T305020] [MDP][warn]mdp_ioctl_async_exec job:369 cost translate:1884us exec:3161us
11-07 16:55:47.680     0     0 I         : [T205019] [MDP][warn]mdp_ioctl_async_exec job:369 cost translate:2063us exec:3526us
11-07 16:55:47.712     0     0 I         : [T205019] [MDP][warn]mdp_ioctl_async_exec job:369 cost translate:2508us exec:3712us
11-07 16:55:47.713     0     0 I         : [T305020] [MDP][warn]mdp_ioctl_async_exec job:369 cost translate:2495us exec:3930us
11-07 16:55:47.749  5019  5019 I [MDP][warn]mdp_ioctl_async_exec job: 369 cost translate:3040us exec:4444us
11-07 16:55:47.749     0     0 I         : [T305020] [MDP][warn]mdp_ioctl_async_exec job:369 cost translate:2426us exec:3892us
11-07 16:55:47.780     0     0 I         : [T305019] [MDP][warn]mdp_ioctl_async_exec job:369 cost translate:2411us exec:4072us
11-07 16:55:47.780     0     0 I         : [T105020] [MDP][warn]mdp_ioctl_async_exec job:369 cost translate:2464us exec:4220us
11-07 16:55:47.817  5019  5019 I [MDP][warn]mdp_ioctl_async_exec job: 369 cost translate:2992us exec:4722us
11-07 16:55:47.817     0     0 I         : [T205020] [MDP][warn]mdp_ioctl_async_exec job:369 cost translate:2414us exec:3728us
11-07 16:55:47.848     0     0 I         : [T305019] [MDP][warn]mdp_ioctl_async_exec job:369 cost translate:2468us exec:3983us
11-07 16:55:47.848     0     0 I         : [T105020] [MDP][warn]mdp_ioctl_async_exec job:369 cost translate:2352us exec:3877us
11-07 16:55:47.880     0     0 I         : [T305019] [MDP][warn]mdp_ioctl_async_exec job:369 cost translate:2299us exec:3715us
11-07 16:55:47.904     0     0 D [T200388] logd: Compressed Log, buffer max size: 65536 size used: 65492 compressed size: 10495
11-07 16:55:47.916     0     0 I         : [T305020] [MDP][warn]mdp_ioctl_async_exec job:369 cost translate:2247us exec:4468us
11-07 16:55:47.917     0     0 I         : [T305019] [MDP][warn]mdp_ioctl_async_exec job:369 cost translate:2293us exec:5060us
11-07 16:55:47.948     0     0 I         : [T305019] [MDP][warn]mdp_ioctl_async_exec job:369 cost translate:4048us exec:5816us
11-07 16:55:47.949  5020  5020 I [MDP][warn]mdp_ioctl_async_exec job: 369 cost translate:5704us exec:6192us
11-07 16:55:47.980     0     0 I         : [T205019] [MDP][warn]mdp_ioctl_async_exec job:369 cost translate:2479us exec:3704us
11-07 16:55:47.981     0     0 I         : [T305020] [MDP][warn]mdp_ioctl_async_exec job:369 cost translate:2452us exec:3635us
11-07 16:55:48.012     0     0 I         : [T205019] [MDP][warn]mdp_ioctl_async_exec job:369 cost translate:2420us exec:3639us
11-07 16:55:48.013  5020  5020 I [MDP][warn]mdp_ioctl_async_exec job: 369 cost translate:2249us exec:3748us
11-07 16:55:48.080     0     0 I         : [T205019] [MDP][warn]mdp_ioctl_async_exec job:369 cost translate:1539us exec:3094us
11-07 16:55:48.116  5020  5020 I [MDP][warn]mdp_ioctl_async_exec job: 369 cost translate:2439us exec:4135us
11-07 16:55:48.116     0     0 I         : [T105019] [MDP][warn]mdp_ioctl_async_exec job:369 cost translate:2794us exec:4931us
11-07 16:55:48.148     0     0 I         : [T105019] [MDP][warn]mdp_ioctl_async_exec job:369 cost translate:4768us exec:4994us
11-07 16:55:48.248     0     0 I         : [T305019] [MDP][warn]mdp_ioctl_async_exec job:369 cost translate:2318us exec:4780us
11-07 16:55:48.248     0     0 I         : [T305020] [MDP][warn]mdp_ioctl_async_exec job:369 cost translate:2357us exec:4977us
11-07 16:55:48.380  5019  5019 I [MDP][warn]mdp_ioctl_async_exec job: 369 cost translate:2722us exec:3961us
11-07 16:55:48.380     0     0 I         : [T205020] [MDP][warn]mdp_ioctl_async_exec job:369 cost translate:2768us exec:4032us
11-07 16:55:48.416     0     0 I         : [T205020] [MDP][warn]mdp_ioctl_async_exec job:369 cost translate:2379us exec:3796us
11-07 16:55:48.416  5019  5019 I [MDP][warn]mdp_ioctl_async_exec job: 369 cost translate:2736us exec:4348us
11-07 16:55:48.480     0     0 I         : [T205019] [MDP][warn]mdp_ioctl_async_exec job:369 cost translate:2534us exec:3769us
11-07 16:55:48.480     0     0 I         : [T305020] [MDP][warn]mdp_ioctl_async_exec job:369 cost translate:2274us exec:3551us
11-07 16:55:48.681     0     0 I         : [T205019] [MDP][warn]mdp_ioctl_async_exec job:369 cost translate:2508us exec:3839us
11-07 16:55:48.681  5020  5020 I [MDP][warn]mdp_ioctl_async_exec job: 369 cost translate:3246us exec:3590us
11-07 16:55:48.748     0     0 I         : [T205019] [MDP][warn]mdp_ioctl_async_exec job:369 cost translate:2299us exec:3643us
11-07 16:55:48.748     0     0 I         : [T105020] [MDP][warn]mdp_ioctl_async_exec job:369 cost translate:2362us exec:3575us
11-07 16:55:48.781     0     0 I         : [T205019] [MDP][warn]mdp_ioctl_async_exec job:369 cost translate:2489us exec:3807us
11-07 16:55:48.781     0     0 I         : [T305020] [MDP][warn]mdp_ioctl_async_exec job:369 cost translate:2314us exec:4759us
11-07 16:55:48.817     0     0 I         : [T105020] [MDP][warn]mdp_ioctl_async_exec job:369 cost translate:2348us exec:3548us
11-07 16:55:48.822  5019  5019 I [MDP][warn]mdp_ioctl_async_exec job: 369 cost translate:3201us exec:4083us
11-07 16:55:48.848     0     0 I         : [T105020] [MDP][warn]mdp_ioctl_async_exec job:369 cost translate:2269us exec:3531us
11-07 16:55:48.849     0     0 I         : [T305019] [MDP][warn]mdp_ioctl_async_exec job:369 cost translate:3207us exec:4439us
11-07 16:55:48.912     0     0 I         : [T305019] [MDP][warn]mdp_ioctl_async_exec job:369 cost translate:1579us exec:3091us
11-07 16:55:48.948     0     0 I         : [T105019] [MDP][warn]mdp_ioctl_async_exec job:369 cost translate:2360us exec:3704us
11-07 16:55:48.948     0     0 I         : [T205020] [MDP][warn]mdp_ioctl_async_exec job:369 cost translate:2451us exec:3906us
11-07 16:55:48.980     0     0 I         : [T305020] [MDP][warn]mdp_ioctl_async_exec job:369 cost translate:2410us exec:3889us
11-07 16:55:48.980     0     0 I         : [T205019] [MDP][warn]mdp_ioctl_async_exec job:369 cost translate:3114us exec:4469us
11-07 16:55:49.180  5019  5019 I [MDP][warn]mdp_ioctl_async_exec job: 369 cost translate:2844us exec:4168us
11-07 16:55:49.180     0     0 I         : [T205020] [MDP][warn]mdp_ioctl_async_exec job:369 cost translate:2442us exec:4084us
11-07 16:55:49.212     0     0 I         : [T305019] [MDP][warn]mdp_ioctl_async_exec job:369 cost translate:2367us exec:3673us
11-07 16:55:49.213     0     0 I         : [T205020] [MDP][warn]mdp_ioctl_async_exec job:369 cost translate:2663us exec:3399us
11-07 16:55:49.280  5019  5019 I [MDP][warn]mdp_ioctl_async_exec job: 369 cost translate:2716us exec:4080us
11-07 16:55:49.280     0     0 I         : [T205020] [MDP][warn]mdp_ioctl_async_exec job:369 cost translate:2594us exec:4271us
11-07 16:55:49.312     0     0 I         : [T205019] [MDP][warn]mdp_ioctl_async_exec job:369 cost translate:2584us exec:3845us
11-07 16:55:49.312  5020  5020 I [MDP][warn]mdp_ioctl_async_exec job: 369 cost translate:3229us exec:3571us
11-07 16:55:49.348     0     0 I         : [T205019] [MDP][warn]mdp_ioctl_async_exec job:369 cost translate:2260us exec:3552us
11-07 16:55:49.348  5020  5020 I [MDP][warn]mdp_ioctl_async_exec job: 369 cost translate:2768us exec:3272us
11-07 16:55:49.380     0     0 I         : [T205019] [MDP][warn]mdp_ioctl_async_exec job:369 cost translate:2343us exec:3560us
11-07 16:55:49.381     0     0 I         : [T205020] [MDP][warn]mdp_ioctl_async_exec job:369 cost translate:2351us exec:3904us
11-07 16:55:49.448     0     0 I         : [T205019] [MDP][warn]mdp_ioctl_async_exec job:369 cost translate:2277us exec:3612us
11-07 16:55:49.449     0     0 I         : [T305020] [MDP][warn]mdp_ioctl_async_exec job:369 cost translate:2412us exec:3454us
11-07 16:55:49.480     0     0 I         : [T305019] [MDP][warn]mdp_ioctl_async_exec job:369 cost translate:2379us exec:3701us
11-07 16:55:49.480     0     0 I         : [T205020] [MDP][warn]mdp_ioctl_async_exec job:369 cost translate:2434us exec:3329us
11-07 16:55:49.581     0     0 I         : [T305019] [MDP][warn]mdp_ioctl_async_exec job:369 cost translate:1780us exec:3502us
11-07 16:55:49.581  5020  5020 I [MDP][warn]mdp_ioctl_async_exec job: 369 cost translate:2394us exec:3387us
11-07 16:55:49.612     0     0 I         : [T305019] [MDP][warn]mdp_ioctl_async_exec job:369 cost translate:1615us exec:3355us
11-07 16:55:49.612     0     0 I         : [T305020] [MDP][warn]mdp_ioctl_async_exec job:369 cost translate:1432us exec:3295us
11-07 16:55:49.649     0     0 I         : [T105019] [MDP][warn]mdp_ioctl_async_exec job:369 cost translate:2437us exec:3695us
11-07 16:55:49.649     0     0 I         : [T305020] [MDP][warn]mdp_ioctl_async_exec job:369 cost translate:3344us exec:4046us
11-07 16:55:49.680     0     0 I         : [T305019] [MDP][warn]mdp_ioctl_async_exec job:369 cost translate:2494us exec:3797us
11-07 16:55:49.681     0     0 I         : [T105020] [MDP][warn]mdp_ioctl_async_exec job:369 cost translate:2455us exec:3991us
11-07 16:55:49.696     0     0 D [T300388] logd: Compressed Log, buffer max size: 65536 size used: 65426 compressed size: 8158
11-07 16:55:49.712     0     0 I         : [T305019] [MDP][warn]mdp_ioctl_async_exec job:369 cost translate:1523us exec:3195us
11-07 16:55:49.712     0     0 I         : [T205020] [MDP][warn]mdp_ioctl_async_exec job:369 cost translate:1550us exec:3250us
11-07 16:55:49.780     0     0 I         : [T305019] [MDP][warn]mdp_ioctl_async_exec job:369 cost translate:2487us exec:4234us
11-07 16:55:49.780     0     0 I         : [T205020] [MDP][warn]mdp_ioctl_async_exec job:369 cost translate:3018us exec:4072us
11-07 16:55:49.848     0     0 I         : [T205019] [MDP][warn]mdp_ioctl_async_exec job:369 cost translate:2497us exec:3808us
11-07 16:55:49.848     0     0 I         : [T305020] [MDP][warn]mdp_ioctl_async_exec job:369 cost translate:2923us exec:3281us
11-07 16:55:49.884     0     0 I         : [T305019] [MDP][warn]mdp_ioctl_async_exec job:369 cost translate:2295us exec:4506us
11-07 16:55:49.885     0     0 I         : [T105020] [MDP][warn]mdp_ioctl_async_exec job:369 cost translate:3107us exec:4528us
11-07 16:55:49.912     0     0 I         : [T305019] [MDP][warn]mdp_ioctl_async_exec job:369 cost translate:1552us exec:3083us
11-07 16:55:49.912     0     0 I         : [T205020] [MDP][warn]mdp_ioctl_async_exec job:369 cost translate:1677us exec:3056us
11-07 16:55:49.944  5019  5019 I [MDP][warn]mdp_ioctl_async_exec job: 369 cost translate:2149us exec:3192us
11-07 16:55:49.944     0     0 I         : [T305020] [MDP][warn]mdp_ioctl_async_exec job:369 cost translate:2215us exec:3339us
11-07 16:55:49.984  5020  5020 I [MDP][warn]mdp_ioctl_async_exec job: 369 cost translate:2386us exec:3689us
11-07 16:55:49.984     0     0 I         : [T305019] [MDP][warn]mdp_ioctl_async_exec job:369 cost translate:3438us exec:5032us
11-07 16:55:50.012     0     0 I         : [T305019] [MDP][warn]mdp_ioctl_async_exec job:369 cost translate:2340us exec:3727us
11-07 16:55:50.013  5020  5020 I [MDP][warn]mdp_ioctl_async_exec job: 369 cost translate:2496us exec:3815us
11-07 16:55:50.048     0     0 I         : [T105019] [MDP][warn]mdp_ioctl_async_exec job:369 cost translate:2531us exec:3797us
11-07 16:55:50.048  5020  5020 I [MDP][warn]mdp_ioctl_async_exec job: 369 cost translate:2512us exec:3999us
11-07 16:55:50.080  5019  5019 I [MDP][warn]mdp_ioctl_async_exec job: 369 cost translate:2605us exec:3862us
11-07 16:55:50.080     0     0 I         : [T105020] [MDP][warn]mdp_ioctl_async_exec job:369 cost translate:2461us exec:4010us
11-07 16:55:50.156     0     0 I         : [T205020] [MDP][warn]mdp_ioctl_async_exec job:369 cost translate:3188us exec:4828us
11-07 16:55:50.156  5019  5019 I [MDP][warn]mdp_ioctl_async_exec job: 369 cost translate:4647us exec:5175us
11-07 16:55:50.180     0     0 I         : [T205020] [MDP][warn]mdp_ioctl_async_exec job:369 cost translate:2454us exec:3824us
11-07 16:55:50.180  5019  5019 I [MDP][warn]mdp_ioctl_async_exec job: 369 cost translate:2740us exec:4399us
11-07 16:55:50.280     0     0 I         : [T105019] [MDP][warn]mdp_ioctl_async_exec job:369 cost translate:2579us exec:3944us
11-07 16:55:50.280     0     0 I         : [T205020] [MDP][warn]mdp_ioctl_async_exec job:369 cost translate:2367us exec:3822us
11-07 16:55:50.300   388   388 D logd    : Compressed Log, buffer max size: 65536 size used: 65387 compressed size: 10160
11-07 16:55:50.316     0     0 I         : [T205019] [MDP][warn]mdp_ioctl_async_exec job:369 cost translate:2598us exec:4169us
11-07 16:55:50.316     0     0 I         : [T105020] [MDP][warn]mdp_ioctl_async_exec job:369 cost translate:2505us exec:4323us
11-07 16:55:50.380  5020  5020 I [MDP][warn]mdp_ioctl_async_exec job: 369 cost translate:2595us exec:4018us
11-07 16:55:50.381     0     0 I         : [T205019] [MDP][warn]mdp_ioctl_async_exec job:369 cost translate:2376us exec:4090us
11-07 16:55:50.448     0     0 I         : [T105019] [MDP][warn]mdp_ioctl_async_exec job:369 cost translate:2685us exec:4211us
11-07 16:55:50.448  5020  5020 I [MDP][warn]mdp_ioctl_async_exec job: 369 cost translate:2325us exec:4106us
11-07 16:55:50.480     0     0 I         : [T105019] [MDP][warn]mdp_ioctl_async_exec job:369 cost translate:2561us exec:3746us
11-07 16:55:50.480     0     0 I         : [T305020] [MDP][warn]mdp_ioctl_async_exec job:369 cost translate:2300us exec:3463us
11-07 16:55:50.512     0     0 I         : [T205019] [MDP][warn]mdp_ioctl_async_exec job:369 cost translate:1643us exec:3075us
11-07 16:55:50.548     0     0 I         : [T105019] [MDP][warn]mdp_ioctl_async_exec job:369 cost translate:2548us exec:4267us
11-07 16:55:50.548     0     0 I         : [T305020] [MDP][warn]mdp_ioctl_async_exec job:369 cost translate:2338us exec:4103us
11-07 16:55:50.580     0     0 I         : [T205020] [MDP][warn]mdp_ioctl_async_exec job:369 cost translate:2416us exec:3677us
11-07 16:55:50.580     0     0 I         : [T105019] [MDP][warn]mdp_ioctl_async_exec job:369 cost translate:2817us exec:4373us
11-07 16:55:50.648     0     0 I         : [T105020] [MDP][warn]mdp_ioctl_async_exec job:369 cost translate:1519us exec:3124us
11-07 16:55:50.648     0     0 I         : [T205019] [MDP][warn]mdp_ioctl_async_exec job:369 cost translate:2212us exec:3617us
11-07 16:55:50.680     0     0 I         : [T205019] [MDP][warn]mdp_ioctl_async_exec job:369 cost translate:2376us exec:3612us
11-07 16:55:50.681     0     0 I         : [T105020] [MDP][warn]mdp_ioctl_async_exec job:369 cost translate:2445us exec:3402us
11-07 16:55:50.687   398   398 D logd    : Compressed Log, buffer max size: 65536 size used: 65489 compressed size: 11100
11-07 16:55:50.687   398   398 D logd    : Pruned Logs from log_id: 10, previous size: 269122 after size: 258466
11-07 16:55:50.716  5020  5020 I [MDP][warn]mdp_ioctl_async_exec job: 369 cost translate:2583us exec:3976us
11-07 16:55:50.716     0     0 I         : [T205019] [MDP][warn]mdp_ioctl_async_exec job:369 cost translate:3203us exec:4625us
11-07 16:55:50.748     0     0 I         : [T205019] [MDP][warn]mdp_ioctl_async_exec job:369 cost translate:1984us exec:3059us
11-07 16:55:50.816     0     0 I         : [T105019] [MDP][warn]mdp_ioctl_async_exec job:369 cost translate:2632us exec:4702us
11-07 16:55:50.816  5020  5020 I [MDP][warn]mdp_ioctl_async_exec job: 369 cost translate:2308us exec:4451us
11-07 16:55:50.849     0     0 I         : [T105019] [MDP][warn]mdp_ioctl_async_exec job:369 cost translate:2577us exec:3791us
11-07 16:55:50.849  5020  5020 I [MDP][warn]mdp_ioctl_async_exec job: 369 cost translate:2696us exec:3767us
11-07 16:55:50.880     0     0 I         : [T105019] [MDP][warn]mdp_ioctl_async_exec job:369 cost translate:2514us exec:3738us
11-07 16:55:50.880  5020  5020 I [MDP][warn]mdp_ioctl_async_exec job: 369 cost translate:2699us exec:3989us
11-07 16:55:50.896     0     0 D [T300388] logd: Compressed Log, buffer max size: 65536 size used: 65475 compressed size: 8372
11-07 16:55:50.912     0     0 I         : [T105019] [MDP][warn]mdp_ioctl_async_exec job:369 cost translate:2740us exec:4123us
11-07 16:55:50.912  5020  5020 I [MDP][warn]mdp_ioctl_async_exec job: 369 cost translate:2696us exec:3946us
11-07 16:55:51.080  5019  5019 I [MDP][warn]mdp_ioctl_async_exec job: 369 cost translate:1972us exec:3420us
11-07 16:55:51.112  5019  5019 I [MDP][warn]mdp_ioctl_async_exec job: 369 cost translate:1894us exec:3026us
11-07 16:55:51.180  5019  5019 I [MDP][warn]mdp_ioctl_async_exec job: 369 cost translate:1665us exec:3046us
11-07 16:55:51.180     0     0 I         : [T105020] [MDP][warn]mdp_ioctl_async_exec job:369 cost translate:1516us exec:3020us
11-07 16:55:51.216     0     0 I         : [T205019] [MDP][warn]mdp_ioctl_async_exec job:369 cost translate:2448us exec:3800us
11-07 16:55:51.216     0     0 I         : [T105020] [MDP][warn]mdp_ioctl_async_exec job:369 cost translate:2489us exec:4038us
11-07 16:55:51.249     0     0 I         : [T105020] [MDP][warn]mdp_ioctl_async_exec job:369 cost translate:2324us exec:3484us
11-07 16:55:51.249  5019  5019 I [MDP][warn]mdp_ioctl_async_exec job: 369 cost translate:2764us exec:4062us
11-07 16:55:51.280  5019  5019 I [MDP][warn]mdp_ioctl_async_exec job: 369 cost translate:2803us exec:4151us
11-07 16:55:51.280     0     0 I         : [T105020] [MDP][warn]mdp_ioctl_async_exec job:369 cost translate:2374us exec:3881us
11-07 16:55:51.316     0     0 I         : [T205019] [MDP][warn]mdp_ioctl_async_exec job:369 cost translate:2296us exec:3517us
11-07 16:55:51.317  5020  5020 I [MDP][warn]mdp_ioctl_async_exec job: 369 cost translate:2762us exec:3084us
11-07 16:55:51.348     0     0 I         : [T305019] [MDP][warn]mdp_ioctl_async_exec job:369 cost translate:2361us exec:3696us
11-07 16:55:51.348     0     0 I         : [T205020] [MDP][warn]mdp_ioctl_async_exec job:369 cost translate:2450us exec:3683us
11-07 16:55:51.380     0     0 I         : [T205020] [MDP][warn]mdp_ioctl_async_exec job:369 cost translate:2574us exec:3853us
11-07 16:55:51.380     0     0 I         : [T205019] [MDP][warn]mdp_ioctl_async_exec job:369 cost translate:2818us exec:4387us
11-07 16:55:51.448  5019  5019 I [MDP][warn]mdp_ioctl_async_exec job: 369 cost translate:2281us exec:3398us
11-07 16:55:51.448     0     0 I         : [T105020] [MDP][warn]mdp_ioctl_async_exec job:369 cost translate:2182us exec:3149us
11-07 16:55:51.480  5019  5019 I [MDP][warn]mdp_ioctl_async_exec job: 369 cost translate:2785us exec:4235us
11-07 16:55:51.480     0     0 I         : [T105020] [MDP][warn]mdp_ioctl_async_exec job:369 cost translate:2632us exec:4330us
11-07 16:55:51.512     0     0 I         : [T205020] [MDP][warn]mdp_ioctl_async_exec job:369 cost translate:2591us exec:3940us
11-07 16:55:51.516  5019  5019 I [MDP][warn]mdp_ioctl_async_exec job: 369 cost translate:3189us exec:4425us
11-07 16:55:51.548     0     0 I         : [T205020] [MDP][warn]mdp_ioctl_async_exec job:369 cost translate:2397us exec:3699us
11-07 16:55:51.548     0     0 I         : [T105019] [MDP][warn]mdp_ioctl_async_exec job:369 cost translate:2772us exec:4716us
11-07 16:55:51.616     0     0 I         : [T205020] [MDP][warn]mdp_ioctl_async_exec job:369 cost translate:2342us exec:4546us
11-07 16:55:51.617     0     0 I         : [T105019] [MDP][warn]mdp_ioctl_async_exec job:369 cost translate:2988us exec:5335us
11-07 16:55:51.648     0     0 I         : [T105019] [MDP][warn]mdp_ioctl_async_exec job:369 cost translate:2536us exec:3760us
11-07 16:55:51.648     0     0 I         : [T205020] [MDP][warn]mdp_ioctl_async_exec job:369 cost translate:2488us exec:3515us
11-07 16:55:51.680     0     0 I         : [T205019] [MDP][warn]mdp_ioctl_async_exec job:369 cost translate:2429us exec:3692us
11-07 16:55:51.680     0     0 I         : [T105020] [MDP][warn]mdp_ioctl_async_exec job:369 cost translate:2459us exec:3991us
11-07 16:55:51.712     0     0 D [T300388] logd: Compressed Log, buffer max size: 65536 size used: 65489 compressed size: 8241
11-07 16:55:51.716     0     0 I         : [T205019] [MDP][warn]mdp_ioctl_async_exec job:369 cost translate:2338us exec:3868us
11-07 16:55:51.717     0     0 I         : [T105020] [MDP][warn]mdp_ioctl_async_exec job:369 cost translate:2404us exec:4053us
11-07 16:55:51.748     0     0 I         : [T205019] [MDP][warn]mdp_ioctl_async_exec job:369 cost translate:1538us exec:3063us
11-07 16:55:51.816     0     0 I         : [T205019] [MDP][warn]mdp_ioctl_async_exec job:369 cost translate:2370us exec:4258us
11-07 16:55:51.816     0     0 I         : [T105020] [MDP][warn]mdp_ioctl_async_exec job:369 cost translate:2672us exec:3830us
11-07 16:55:51.880  5019  5019 I [MDP][warn]mdp_ioctl_async_exec job: 369 cost translate:2547us exec:4396us
11-07 16:55:51.881     0     0 I         : [T105020] [MDP][warn]mdp_ioctl_async_exec job:369 cost translate:2753us exec:4506us
11-07 16:55:51.916     0     0 I         : [T205019] [MDP][warn]mdp_ioctl_async_exec job:369 cost translate:2079us exec:5175us
11-07 16:55:51.916  5020  5020 I [MDP][warn]mdp_ioctl_async_exec job: 369 cost translate:2681us exec:5151us
11-07 16:55:51.948     0     0 I         : [T205020] [MDP][warn]mdp_ioctl_async_exec job:369 cost translate:2306us exec:3588us
11-07 16:55:51.948     0     0 I         : [T105019] [MDP][warn]mdp_ioctl_async_exec job:369 cost translate:2877us exec:4202us
11-07 16:55:52.012     0     0 I         : [T105019] [MDP][warn]mdp_ioctl_async_exec job:369 cost translate:2351us exec:3687us
11-07 16:55:52.013     0     0 I         : [T305020] [MDP][warn]mdp_ioctl_async_exec job:369 cost translate:2246us exec:3282us
11-07 16:55:52.116     0     0 I         : [T205020] [MDP][warn]mdp_ioctl_async_exec job:369 cost translate:2328us exec:4005us
11-07 16:55:52.117     0     0 I         : [T105019] [MDP][warn]mdp_ioctl_async_exec job:369 cost translate:2664us exec:4475us
11-07 16:55:52.180     0     0 I         : [T205020] [MDP][warn]mdp_ioctl_async_exec job:369 cost translate:2314us exec:4011us
11-07 16:55:52.180     0     0 I         : [T305019] [MDP][warn]mdp_ioctl_async_exec job:369 cost translate:3158us exec:5091us
11-07 16:55:52.217     0     0 I         : [T205020] [MDP][warn]mdp_ioctl_async_exec job:369 cost translate:2276us exec:3717us
11-07 16:55:52.217     0     0 I         : [T305019] [MDP][warn]mdp_ioctl_async_exec job:369 cost translate:2497us exec:4182us
11-07 16:55:52.248     0     0 I         : [T305019] [MDP][warn]mdp_ioctl_async_exec job:369 cost translate:2328us exec:3696us
11-07 16:55:52.248     0     0 I         : [T205020] [MDP][warn]mdp_ioctl_async_exec job:369 cost translate:2434us exec:3857us
11-07 16:55:52.280     0     0 I         : [T205019] [MDP][warn]mdp_ioctl_async_exec job:369 cost translate:2357us exec:3875us
11-07 16:55:52.280     0     0 I         : [T205020] [MDP][warn]mdp_ioctl_async_exec job:369 cost translate:2439us exec:4191us
11-07 16:55:52.316     0     0 I         : [T105020] [MDP][warn]mdp_ioctl_async_exec job:369 cost translate:2584us exec:3858us
11-07 16:55:52.344     0     0 D [T300388] logd: Compressed Log, buffer max size: 65536 size used: 65500 compressed size: 10452
11-07 16:55:52.380     0     0 I         : [T205019] [MDP][warn]mdp_ioctl_async_exec job:369 cost translate:2025us exec:3373us
11-07 16:55:52.416     0     0 I         : [T105019] [MDP][warn]mdp_ioctl_async_exec job:369 cost translate:2680us exec:4028us
11-07 16:55:52.448     0     0 I         : [T205020] [MDP][warn]mdp_ioctl_async_exec job:369 cost translate:2353us exec:3657us
11-07 16:55:52.449     0     0 I         : [T105019] [MDP][warn]mdp_ioctl_async_exec job:369 cost translate:2596us exec:4279us
11-07 16:55:52.480     0     0 I         : [T205019] [MDP][warn]mdp_ioctl_async_exec job:369 cost translate:2376us exec:3628us
11-07 16:55:52.480  5020  5020 I [MDP][warn]mdp_ioctl_async_exec job: 369 cost translate:2591us exec:3331us
11-07 16:55:52.512     0     0 I         : [T105019] [MDP][warn]mdp_ioctl_async_exec job:369 cost translate:2402us exec:3637us
11-07 16:55:52.513  5020  5020 I [MDP][warn]mdp_ioctl_async_exec job: 369 cost translate:2539us exec:3678us
11-07 16:55:52.616     0     0 I         : [T105019] [MDP][warn]mdp_ioctl_async_exec job:369 cost translate:2650us exec:3913us
11-07 16:55:52.616  5020  5020 I [MDP][warn]mdp_ioctl_async_exec job: 369 cost translate:2535us exec:4238us
11-07 16:55:52.713  5019  5019 I [MDP][warn]mdp_ioctl_async_exec job: 369 cost translate:2472us exec:3748us
11-07 16:55:52.714     0     0 I         : [T105020] [MDP][warn]mdp_ioctl_async_exec job:369 cost translate:2626us exec:3383us
11-07 16:55:52.748  5019  5019 I [MDP][warn]mdp_ioctl_async_exec job: 369 cost translate:2623us exec:3914us
11-07 16:55:52.749     0     0 I         : [T105020] [MDP][warn]mdp_ioctl_async_exec job:369 cost translate:2589us exec:3466us
11-07 16:55:52.781     0     0 I         : [T105019] [MDP][warn]mdp_ioctl_async_exec job:369 cost translate:2596us exec:3782us
11-07 16:55:52.781     0     0 I         : [T205020] [MDP][warn]mdp_ioctl_async_exec job:369 cost translate:2443us exec:3858us
11-07 16:55:52.820     0     0 I         : [T105019] [MDP][warn]mdp_ioctl_async_exec job:369 cost translate:2666us exec:3836us
11-07 16:55:52.820     0     0 I         : [T305020] [MDP][warn]mdp_ioctl_async_exec job:369 cost translate:2364us exec:3386us
11-07 16:55:52.848  5019  5019 I [MDP][warn]mdp_ioctl_async_exec job: 369 cost translate:2619us exec:4164us
11-07 16:55:52.849     0     0 I         : [T305020] [MDP][warn]mdp_ioctl_async_exec job:369 cost translate:2891us exec:4390us
11-07 16:55:52.884     0     0 I         : [T305020] [MDP][warn]mdp_ioctl_async_exec job:369 cost translate:2388us exec:4857us
11-07 16:55:52.885     0     0 I         : [T205019] [MDP][warn]mdp_ioctl_async_exec job:369 cost translate:3099us exec:5497us
11-07 16:55:52.916     0     0 I         : [T305019] [MDP][warn]mdp_ioctl_async_exec job:369 cost translate:2429us exec:3733us
11-07 16:55:52.916     0     0 I         : [T205020] [MDP][warn]mdp_ioctl_async_exec job:369 cost translate:2246us exec:3714us
11-07 16:55:52.980     0     0 I         : [T105019] [MDP][warn]mdp_ioctl_async_exec job:369 cost translate:2484us exec:3749us
11-07 16:55:52.980     0     0 I         : [T205020] [MDP][warn]mdp_ioctl_async_exec job:369 cost translate:2505us exec:4013us
11-07 16:55:53.016     0     0 I         : [T205020] [MDP][warn]mdp_ioctl_async_exec job:369 cost translate:2297us exec:3704us
11-07 16:55:53.016     0     0 I         : [T105019] [MDP][warn]mdp_ioctl_async_exec job:369 cost translate:2626us exec:4155us
11-07 16:55:53.016     0     0 D [T300388] logd: Compressed Log, buffer max size: 65536 size used: 65481 compressed size: 8171
11-07 16:55:53.148  5020  5020 I [MDP][warn]mdp_ioctl_async_exec job: 369 cost translate:2007us exec:3125us
11-07 16:55:53.180     0     0 I         : [T105020] [MDP][warn]mdp_ioctl_async_exec job:369 cost translate:2376us exec:3915us
11-07 16:55:53.180  5019  5019 I [MDP][warn]mdp_ioctl_async_exec job: 369 cost translate:2931us exec:4537us
11-07 16:55:53.216     0     0 I         : [T205019] [MDP][warn]mdp_ioctl_async_exec job:369 cost translate:2360us exec:4187us
11-07 16:55:53.216  5020  5020 I [MDP][warn]mdp_ioctl_async_exec job: 369 cost translate:2608us exec:3984us
11-07 16:55:53.248     0     0 I         : [T205019] [MDP][warn]mdp_ioctl_async_exec job:369 cost translate:2462us exec:4103us
11-07 16:55:53.248     0     0 I         : [T105020] [MDP][warn]mdp_ioctl_async_exec job:369 cost translate:2547us exec:3994us
11-07 16:55:53.280     0     0 I         : [T205020] [MDP][warn]mdp_ioctl_async_exec job:369 cost translate:1476us exec:3072us
11-07 16:55:53.412     0     0 I         : [T205019] [MDP][warn]mdp_ioctl_async_exec job:369 cost translate:2289us exec:3909us
11-07 16:55:53.412     0     0 I         : [T105020] [MDP][warn]mdp_ioctl_async_exec job:369 cost translate:3707us exec:4073us
11-07 16:55:53.448     0     0 I         : [T205019] [MDP][warn]mdp_ioctl_async_exec job:369 cost translate:2379us exec:3657us
11-07 16:55:53.449     0     0 I         : [T105020] [MDP][warn]mdp_ioctl_async_exec job:369 cost translate:2540us exec:3451us
11-07 16:55:53.480     0     0 I         : [T105019] [MDP][warn]mdp_ioctl_async_exec job:369 cost translate:1737us exec:3009us
11-07 16:55:53.550  5019  5019 I [MDP][warn]mdp_ioctl_async_exec job: 369 cost translate:1944us exec:3207us
11-07 16:55:53.616     0     0 I         : [T205019] [MDP][warn]mdp_ioctl_async_exec job:369 cost translate:2360us exec:4173us
11-07 16:55:53.616     0     0 I         : [T105020] [MDP][warn]mdp_ioctl_async_exec job:369 cost translate:2533us exec:3663us
11-07 16:55:53.816     0     0 I         : [T205019] [MDP][warn]mdp_ioctl_async_exec job:369 cost translate:2417us exec:4056us
11-07 16:55:53.816     0     0 I         : [T105020] [MDP][warn]mdp_ioctl_async_exec job:369 cost translate:2577us exec:3848us
11-07 16:55:53.881     0     0 I         : [T205019] [MDP][warn]mdp_ioctl_async_exec job:369 cost translate:1563us exec:5238us
11-07 16:55:53.881     0     0 I         : [T305020] [MDP][warn]mdp_ioctl_async_exec job:369 cost translate:1447us exec:3337us
11-07 16:55:53.916     0     0 I         : [T305020] [MDP][warn]mdp_ioctl_async_exec job:369 cost translate:1773us exec:3925us
11-07 16:55:53.916     0     0 I         : [T105019] [MDP][warn]mdp_ioctl_async_exec job:369 cost translate:3130us exec:4483us
11-07 16:55:53.948     0     0 I         : [T305020] [MDP][warn]mdp_ioctl_async_exec job:369 cost translate:2648us exec:4004us
11-07 16:55:53.980     0     0 I         : [T305019] [MDP][warn]mdp_ioctl_async_exec job:369 cost translate:2840us exec:4424us
11-07 16:55:53.980     0     0 I         : [T105020] [MDP][warn]mdp_ioctl_async_exec job:369 cost translate:2583us exec:3010us
11-07 16:55:54.016     0     0 I         : [T305020] [MDP][warn]mdp_ioctl_async_exec job:369 cost translate:1904us exec:3221us
11-07 16:55:54.016     0     0 I         : [T305019] [MDP][warn]mdp_ioctl_async_exec job:369 cost translate:3144us exec:4329us
11-07 16:55:54.180     0     0 I         : [T305019] [MDP][warn]mdp_ioctl_async_exec job:369 cost translate:2409us exec:3765us
11-07 16:55:54.180     0     0 I         : [T205020] [MDP][warn]mdp_ioctl_async_exec job:369 cost translate:2403us exec:4191us
11-07 16:55:54.280     0     0 I         : [T205019] [MDP][warn]mdp_ioctl_async_exec job:369 cost translate:2455us exec:3682us
11-07 16:55:54.280     0     0 I         : [T305020] [MDP][warn]mdp_ioctl_async_exec job:369 cost translate:2429us exec:3587us
11-07 16:55:54.348     0     0 I         : [T205019] [MDP][warn]mdp_ioctl_async_exec job:369 cost translate:2541us exec:4164us
11-07 16:55:54.349     0     0 I         : [T305020] [MDP][warn]mdp_ioctl_async_exec job:369 cost translate:2382us exec:4370us
11-07 16:55:54.380     0     0 I         : [T205019] [MDP][warn]mdp_ioctl_async_exec job:369 cost translate:2387us exec:3840us
11-07 16:55:54.380     0     0 I         : [T305020] [MDP][warn]mdp_ioctl_async_exec job:369 cost translate:2378us exec:4050us
11-07 16:55:54.396     0     0 I         : [T200125] [Hang_Detect] hang_detect thread counts down 10:10, status 1.
11-07 16:55:54.416  5019  5019 I [MDP][warn]mdp_ioctl_async_exec job: 369 cost translate:2618us exec:4219us
11-07 16:55:54.416     0     0 I         : [T305020] [MDP][warn]mdp_ioctl_async_exec job:369 cost translate:2333us exec:3815us
11-07 16:55:54.448  5019  5019 I [MDP][warn]mdp_ioctl_async_exec job: 369 cost translate:2634us exec:3907us
11-07 16:55:54.449     0     0 I         : [T105020] [MDP][warn]mdp_ioctl_async_exec job:369 cost translate:2495us exec:3615us
11-07 16:55:54.517     0     0 I         : [T205019] [MDP][warn]mdp_ioctl_async_exec job:369 cost translate:2400us exec:3875us
11-07 16:55:54.517     0     0 I         : [T305020] [MDP][warn]mdp_ioctl_async_exec job:369 cost translate:2304us exec:4293us
11-07 16:55:54.613     0     0 I         : [T205019] [MDP][warn]mdp_ioctl_async_exec job:369 cost translate:2401us exec:3659us
11-07 16:55:54.613     0     0 I         : [T305020] [MDP][warn]mdp_ioctl_async_exec job:369 cost translate:2362us exec:3393us
11-07 16:55:54.680     0     0 I         : [T205019] [MDP][warn]mdp_ioctl_async_exec job:369 cost translate:2397us exec:3668us
11-07 16:55:54.681     0     0 I         : [T305020] [MDP][warn]mdp_ioctl_async_exec job:369 cost translate:2583us exec:3440us
11-07 16:55:54.716     0     0 I         : [T205019] [MDP][warn]mdp_ioctl_async_exec job:369 cost translate:2430us exec:3975us
11-07 16:55:54.717     0     0 I         : [T305020] [MDP][warn]mdp_ioctl_async_exec job:369 cost translate:2309us exec:3965us
11-07 16:55:54.816     0     0 I         : [T205020] [MDP][warn]mdp_ioctl_async_exec job:369 cost translate:2848us exec:3760us
11-07 16:55:54.817     0     0 I         : [T205019] [MDP][warn]mdp_ioctl_async_exec job:369 cost translate:2421us exec:4477us
11-07 16:55:54.852     0     0 I         : [T105019] [MDP][warn]mdp_ioctl_async_exec job:369 cost translate:2694us exec:6188us
11-07 16:55:54.852     0     0 I         : [T305020] [MDP][warn]mdp_ioctl_async_exec job:369 cost translate:2806us exec:5881us
11-07 16:55:54.880     0     0 I         : [T305019] [MDP][warn]mdp_ioctl_async_exec job:369 cost translate:1583us exec:3027us
11-07 16:55:54.912     0     0 I         : [T205019] [MDP][warn]mdp_ioctl_async_exec job:369 cost translate:1776us exec:3413us
11-07 16:55:54.948     0     0 I         : [T205019] [MDP][warn]mdp_ioctl_async_exec job:369 cost translate:2375us exec:4137us
11-07 16:55:54.948     0     0 I         : [T205020] [MDP][warn]mdp_ioctl_async_exec job:369 cost translate:2535us exec:4252us
11-07 16:55:54.980     0     0 I         : [T205019] [MDP][warn]mdp_ioctl_async_exec job:369 cost translate:2578us exec:4431us
11-07 16:55:54.981     0     0 I         : [T205020] [MDP][warn]mdp_ioctl_async_exec job:369 cost translate:2623us exec:4832us
11-07 16:55:55.012     0     0 I         : [T205019] [MDP][warn]mdp_ioctl_async_exec job:369 cost translate:1561us exec:3005us
11-07 16:55:55.012     0     0 I         : [T305020] [MDP][warn]mdp_ioctl_async_exec job:369 cost translate:1519us exec:3135us
11-07 16:55:55.080     0     0 I         : [T205020] [MDP][warn]mdp_ioctl_async_exec job:369 cost translate:2394us exec:4267us
11-07 16:55:55.080     0     0 I         : [T205019] [MDP][warn]mdp_ioctl_async_exec job:369 cost translate:2753us exec:4819us
11-07 16:55:55.180     0     0 I         : [T205019] [MDP][warn]mdp_ioctl_async_exec job:369 cost translate:1627us exec:3280us
11-07 16:55:55.212     0     0 I         : [T205019] [MDP][warn]mdp_ioctl_async_exec job:369 cost translate:2508us exec:3812us
11-07 16:55:55.213     0     0 I         : [T305020] [MDP][warn]mdp_ioctl_async_exec job:369 cost translate:2499us exec:3549us
11-07 16:55:55.248     0     0 I         : [T205019] [MDP][warn]mdp_ioctl_async_exec job:369 cost translate:2403us exec:3803us
11-07 16:55:55.249     0     0 I         : [T305020] [MDP][warn]mdp_ioctl_async_exec job:369 cost translate:2406us exec:3686us
11-07 16:55:55.280     0     0 I         : [T205020] [MDP][warn]mdp_ioctl_async_exec job:369 cost translate:2603us exec:3968us
11-07 16:55:55.281     0     0 I         : [T305019] [MDP][warn]mdp_ioctl_async_exec job:369 cost translate:2861us exec:4523us
11-07 16:55:55.313     0     0 I         : [T305019] [MDP][warn]mdp_ioctl_async_exec job:369 cost translate:2278us exec:3587us
11-07 16:55:55.313     0     0 I         : [T105020] [MDP][warn]mdp_ioctl_async_exec job:369 cost translate:2401us exec:3434us
11-07 16:55:55.313   388   388 D logd    : Compressed Log, buffer max size: 65536 size used: 65498 compressed size: 8415
11-07 16:55:55.348  5019  5019 I [MDP][warn]mdp_ioctl_async_exec job: 369 cost translate:1632us exec:3093us
11-07 16:55:55.380     0     0 I         : [T305020] [MDP][warn]mdp_ioctl_async_exec job:369 cost translate:2323us exec:3481us
11-07 16:55:55.381  5019  5019 I [MDP][warn]mdp_ioctl_async_exec job: 369 cost translate:2750us exec:4290us
11-07 16:55:55.416  5019  5019 I [MDP][warn]mdp_ioctl_async_exec job: 369 cost translate:2500us exec:3814us
11-07 16:55:55.416     0     0 I         : [T105020] [MDP][warn]mdp_ioctl_async_exec job:369 cost translate:2307us exec:3875us
11-07 16:55:55.449  5019  5019 I [MDP][warn]mdp_ioctl_async_exec job: 369 cost translate:2689us exec:4076us
11-07 16:55:55.449     0     0 I         : [T105020] [MDP][warn]mdp_ioctl_async_exec job:369 cost translate:2461us exec:4158us
11-07 16:55:55.480     0     0 I         : [T305020] [MDP][warn]mdp_ioctl_async_exec job:369 cost translate:2324us exec:3683us
11-07 16:55:55.481     0     0 I         : [T105019] [MDP][warn]mdp_ioctl_async_exec job:369 cost translate:2523us exec:4268us
11-07 16:55:55.512     0     0 I         : [T305020] [MDP][warn]mdp_ioctl_async_exec job:369 cost translate:1953us exec:3102us
11-07 16:55:55.564   388   388 D logd    : Compressed Log, buffer max size: 65536 size used: 65522 compressed size: 8071
11-07 16:55:55.580     0     0 I         : [T205020] [MDP][warn]mdp_ioctl_async_exec job:369 cost translate:2450us exec:3810us
11-07 16:55:55.581     0     0 I         : [T305019] [MDP][warn]mdp_ioctl_async_exec job:369 cost translate:2703us exec:4283us
11-07 16:55:55.616     0     0 I         : [T305019] [MDP][warn]mdp_ioctl_async_exec job:369 cost translate:2310us exec:3752us
11-07 16:55:55.616     0     0 I         : [T305020] [MDP][warn]mdp_ioctl_async_exec job:369 cost translate:2316us exec:3672us
11-07 16:55:55.648     0     0 I         : [T305019] [MDP][warn]mdp_ioctl_async_exec job:369 cost translate:2278us exec:3610us
11-07 16:55:55.648  5020  5020 I [MDP][warn]mdp_ioctl_async_exec job: 369 cost translate:2604us exec:3340us
11-07 16:55:55.712     0     0 I         : [T305019] [MDP][warn]mdp_ioctl_async_exec job:369 cost translate:2331us exec:3499us
11-07 16:55:55.713  5020  5020 I [MDP][warn]mdp_ioctl_async_exec job: 369 cost translate:2504us exec:3603us
11-07 16:55:55.748     0     0 I         : [T305019] [MDP][warn]mdp_ioctl_async_exec job:369 cost translate:2732us exec:3961us
11-07 16:55:55.749     0     0 I         : [T305020] [MDP][warn]mdp_ioctl_async_exec job:369 cost translate:2543us exec:3586us
11-07 16:55:55.780     0     0 I         : [T305020] [MDP][warn]mdp_ioctl_async_exec job:369 cost translate:2535us exec:4090us
11-07 16:55:55.781     0     0 I         : [T305019] [MDP][warn]mdp_ioctl_async_exec job:369 cost translate:2455us exec:4226us
11-07 16:55:55.816     0     0 I         : [T305019] [MDP][warn]mdp_ioctl_async_exec job:369 cost translate:2393us exec:3774us
11-07 16:55:55.816     0     0 I         : [T205020] [MDP][warn]mdp_ioctl_async_exec job:369 cost translate:2382us exec:3989us
11-07 16:55:55.849     0     0 I         : [T105019] [MDP][warn]mdp_ioctl_async_exec job:369 cost translate:2296us exec:4786us
11-07 16:55:55.849     0     0 I         : [T105020] [MDP][warn]mdp_ioctl_async_exec job:369 cost translate:6712us exec:7096us
11-07 16:55:55.884     0     0 I         : [T305020] [MDP][warn]mdp_ioctl_async_exec job:369 cost translate:1699us exec:3185us
11-07 16:55:55.884     0     0 I         : [T305019] [MDP][warn]mdp_ioctl_async_exec job:369 cost translate:1485us exec:3440us
11-07 16:55:55.892     0     0 D [T200388] logd: Compressed Log, buffer max size: 65536 size used: 65523 compressed size: 10118
11-07 16:55:55.916     0     0 I         : [T105019] [MDP][warn]mdp_ioctl_async_exec job:369 cost translate:3620us exec:4888us
11-07 16:55:55.918  5020  5020 I [MDP][warn]mdp_ioctl_async_exec job: 369 cost translate:2952us exec:3278us
11-07 16:55:55.948     0     0 I         : [T305019] [MDP][warn]mdp_ioctl_async_exec job:369 cost translate:1492us exec:3079us
11-07 16:55:55.948     0     0 I         : [T305020] [MDP][warn]mdp_ioctl_async_exec job:369 cost translate:1529us exec:3042us
11-07 16:55:56.016     0     0 I         : [T205019] [MDP][warn]mdp_ioctl_async_exec job:369 cost translate:2601us exec:4246us
11-07 16:55:56.016     0     0 I         : [T205020] [MDP][warn]mdp_ioctl_async_exec job:369 cost translate:2493us exec:4018us
11-07 16:55:56.048     0     0 I         : [T105020] [MDP][warn]mdp_ioctl_async_exec job:369 cost translate:2570us exec:3999us
11-07 16:55:56.048     0     0 I         : [T205019] [MDP][warn]mdp_ioctl_async_exec job:369 cost translate:3556us exec:4610us
11-07 16:55:56.081     0     0 I         : [T205019] [MDP][warn]mdp_ioctl_async_exec job:369 cost translate:2855us exec:4325us
11-07 16:55:56.081     0     0 I         : [T105020] [MDP][warn]mdp_ioctl_async_exec job:369 cost translate:2568us exec:4071us
11-07 16:55:56.316     0     0 I         : [T105019] [MDP][warn]mdp_ioctl_async_exec job:369 cost translate:2729us exec:4181us
11-07 16:55:56.316     0     0 I         : [T205020] [MDP][warn]mdp_ioctl_async_exec job:369 cost translate:2505us exec:3965us
11-07 16:55:56.380     0     0 I         : [T205019] [MDP][warn]mdp_ioctl_async_exec job:369 cost translate:2418us exec:3928us
11-07 16:55:56.380  5020  5020 I [MDP][warn]mdp_ioctl_async_exec job: 369 cost translate:2589us exec:4299us
11-07 16:55:56.416     0     0 I         : [T205019] [MDP][warn]mdp_ioctl_async_exec job:369 cost translate:2355us exec:3736us
11-07 16:55:56.416     0     0 I         : [T305020] [MDP][warn]mdp_ioctl_async_exec job:369 cost translate:2659us exec:3789us
11-07 16:55:56.444 31579 31579 I         : timesync host boottime 3716530658910
11-07 16:55:56.449     0     0 I         : [T205019] [MDP][warn]mdp_ioctl_async_exec job:369 cost translate:2332us exec:3568us
11-07 16:55:56.449     0     0 I         : [T305020] [MDP][warn]mdp_ioctl_async_exec job:369 cost translate:2291us exec:3382us
11-07 16:55:56.516     0     0 I         : [T205019] [MDP][warn]mdp_ioctl_async_exec job:369 cost translate:2585us exec:4210us
11-07 16:55:56.516     0     0 I         : [T305020] [MDP][warn]mdp_ioctl_async_exec job:369 cost translate:2373us exec:4156us
11-07 16:55:56.580     0     0 I         : [T205019] [MDP][warn]mdp_ioctl_async_exec job:369 cost translate:2444us exec:3836us
11-07 16:55:56.580     0     0 I         : [T305020] [MDP][warn]mdp_ioctl_async_exec job:369 cost translate:2529us exec:3704us
11-07 16:55:56.616     0     0 I         : [T205019] [MDP][warn]mdp_ioctl_async_exec job:369 cost translate:2365us exec:3789us
11-07 16:55:56.616     0     0 I         : [T305020] [MDP][warn]mdp_ioctl_async_exec job:369 cost translate:2485us exec:4278us
11-07 16:55:56.648     0     0 I         : [T205019] [MDP][warn]mdp_ioctl_async_exec job:369 cost translate:2478us exec:3835us
11-07 16:55:56.649     0     0 I         : [T305020] [MDP][warn]mdp_ioctl_async_exec job:369 cost translate:2727us exec:3439us
11-07 16:55:56.680     0     0 I         : [T205019] [MDP][warn]mdp_ioctl_async_exec job:369 cost translate:2503us exec:4011us
11-07 16:55:56.680  5020  5020 I [MDP][warn]mdp_ioctl_async_exec job: 369 cost translate:2842us exec:4067us
11-07 16:55:56.712  5019  5019 I [MDP][warn]mdp_ioctl_async_exec job: 369 cost translate:1676us exec:3103us
11-07 16:55:56.780     0     0 I         : [T305020] [MDP][warn]mdp_ioctl_async_exec job:369 cost translate:2468us exec:3804us
11-07 16:55:56.781     0     0 I         : [T205019] [MDP][warn]mdp_ioctl_async_exec job:369 cost translate:2654us exec:4228us
11-07 16:55:56.817     0     0 I         : [T205020] [MDP][warn]mdp_ioctl_async_exec job:369 cost translate:2471us exec:4455us
11-07 16:55:56.819     0     0 I         : [T205019] [MDP][warn]mdp_ioctl_async_exec job:369 cost translate:2436us exec:5356us
11-07 16:55:56.820     0     0 D [T200388] logd: Compressed Log, buffer max size: 65536 size used: 65434 compressed size: 8220
11-07 16:55:56.848     0     0 I         : [T205019] [MDP][warn]mdp_ioctl_async_exec job:369 cost translate:2293us exec:5671us
11-07 16:55:56.849     0     0 I         : [T205020] [MDP][warn]mdp_ioctl_async_exec job:369 cost translate:2962us exec:5538us
11-07 16:55:56.860     0     0 I         : [T400123] [wdk-c] cpu=4 o_k=4 lbit=0x10 cbit=0x3f,2f,5,1,1290347544537,3f,1289969,16804,1290593,24779,[3104173546400,15000000] 15
11-07 16:55:56.869     0     0 I         : [T500124] [wdk-c] cpu=5 o_k=5 lbit=0x30 cbit=0x3f,f,5,1,1290347544537,3f,1289969,16804,1290593,24779,[3104179742477,14993803] 15
11-07 16:55:56.869     0     0 I         : [T100120] [wdk-c] cpu=1 o_k=1 lbit=0x32 cbit=0x3f,d,5,1,1290347544537,3f,1289969,16804,1290593,24779,[3104179907630,14993640] 15
