11-07 16:57:17.586     0     0 I         : [T502270] seninf 16010000.seninf_top:seninf_csi_port_0_2: port:7 CDPHY_RX_ANA_0(0x70010)
11-07 16:57:17.586     0     0 I         : [T502270] seninf 16010000.seninf_top:seninf_csi_port_0_2: cam_mux 6 EN 0x70 IRQ_EN 0x0 IRQ_STATUS 0x700
11-07 16:57:17.586     0     0 I         : [T502270] seninf 16010000.seninf_top:seninf_csi_port_0_2: vc[0] pad 1 intf 1 mux 2 cam 6
11-07 16:57:17.586     0     0 I         : [T502270] tp2863main2_mipi_yuv_camera_sensor[feature_control] SENSOR_FEATURE_SET_STREAMING_RESUME
11-07 16:57:17.587     0     0 I         : [T502270] tp2863main2_mipi_yuv_camera_sensor[streaming_control] streaming_enable(0=Sw Standby,1=streaming): 1
11-07 16:57:17.721     0     0 I         : [T502270] tp2863main2_mipi_yuv_camera_sensor[streaming_control] Doing MIPI/streaming ON
11-07 16:57:17.721     0     0 I         : [T502270] imgsensor 6-0045: sync mode = 0
11-07 16:57:17.721     0     0 I         : [T502270] imgsensor 6-0045: imgsensor_set_stream: en 1, cammux usage 6
11-07 16:57:17.721     0     0 I         : [T502270] seninf 16010000.seninf_top:seninf_csi_port_0_3: _mtk_cam_seninf_set_camtg: pad_id 1, camtg 7, ctx->streaming 0, vc_en 1, vc->cam 0
11-07 16:57:17.721     0     0 I         : [T502270] mtk-cam 16000000.camisp: mtk_cam_sv_dev_config sensor name sensor3 image order 3 img_addr_offset 4917760
11-07 16:57:17.721     0     0 I         : [T502270] seninf 16010000.seninf_top:seninf_csi_port_0_3:  WBDBG streaming 0 enable 1
11-07 16:57:17.721     0     0 I         : [T502270] seninf 16010000.seninf_top:seninf_csi_port_0_3: update_isp_clk dfs->cnt 4 pixel mode 0 customized_pixel_rate 0, buffered_pixel_rate 10403047 mipi_pixel_rate 83200000
11-07 16:57:17.721     0     0 I         : [T502270] seninf 16010000.seninf_top:seninf_csi_port_0_3: freq 273000000 require 273000000 selected 273000000
11-07 16:57:17.721     0     0 I         : [T502270] get_ctrl master->ncontrols:1
11-07 16:57:17.722     0     0 I         : [T502270] seninf 16010000.seninf_top:seninf_csi_port_0_3: mtk_cam_seninf_get_csi_param get_ctrl ret:0 0x0|0x0|0x0|0x0
11-07 16:57:17.722     0     0 I         : [T502270] seninf 16010000.seninf_top:seninf_csi_port_0_3: reset seninf 1
11-07 16:57:17.722     0     0 I         : [T502270] seninf 16010000.seninf_top:seninf_csi_port_0_3: reset mux 2
11-07 16:57:17.722     0     0 I         : [T502270] seninf 16010000.seninf_top:seninf_csi_port_0_3: DI_CTRL 0x1e0011 0x1e0111 0x0 0x0 0x0 0x0 0x0 0x0
11-07 16:57:17.722     0     0 I         : [T502270] seninf 16010000.seninf_top:seninf_csi_port_0_3: CH_CTRL 0x300 0x200 0x400 0x800
11-07 16:57:17.722     0     0 I         : [T502270] seninf 16010000.seninf_top:seninf_csi_port_0_3: seninf mux 2 is using seninf 1 skip set_csi_mipi
11-07 16:57:17.722     0     0 I         : [T502270] seninf 16010000.seninf_top:seninf_csi_port_0_3: cam_mux 7 EN 0xf0 IRQ_EN 0x0 IRQ_STATUS 0x3700
11-07 16:57:17.722     0     0 I         : [T502270] seninf 16010000.seninf_top:seninf_csi_port_0_3: vc[0] pad 1 intf 1 mux 3 cam 7
11-07 16:57:17.722     0     0 I         : [T502270] tp2863sub2_mipi_yuv_camera_sensor[feature_control] SENSOR_FEATURE_SET_STREAMING_RESUME
11-07 16:57:17.722     0     0 I         : [T502270] tp2863sub2_mipi_yuv_camera_sensor[streaming_control] streaming_enable(0=Sw Standby,1=streaming): 1
11-07 16:57:17.742     0     0 W [ C1927] hrtimer: interrupt took 128616 ns
11-07 16:57:17.812     0     0 I         : [T502270] tp2863sub2_mipi_yuv_camera_sensor[streaming_control] Doing MIPI/streaming ON
11-07 16:57:17.812     0     0 I         : [T502270] imgsensor 6-0046: sync mode = 0
11-07 16:57:17.812     0     0 I         : [T502270] imgsensor 6-0046: imgsensor_set_stream: en 1, cammux usage 7
11-07 16:57:17.974   325   325 E bq34210 3-0055: Device in config update mode
11-07 16:57:17.992   408   408 D logd    : Compressed Log, buffer max size: 65536 size used: 65446 compressed size: 10183
11-07 16:57:18.072     0     0 E         : [T400325] bq34210 3-0055: Device in normal mode
11-07 16:57:18.072     0     0 I         : [T400325] bq34210 3-0055: Probe success
11-07 16:57:18.072     0     0 I [T300001] init: Command 'insmod /vendor_dlkm/lib/modules/bq34210.ko' action=vendor.vstsysui.ready=1 (/vendor/etc/init/hw/init.mt8188.rc:1278) took 5556ms and succeeded
11-07 16:57:18.072     0     0 D [T400327] ueventd: restorecon_recursive: /sys/devices/platform/11282000.i2c/i2c-3/3-0055
11-07 16:57:18.072     0     0 I [T300001] init: Service 'setmode_gadget' (pid 2157) exited with status 0 oneshot service took 6.029000 seconds in background
11-07 16:57:18.072     0     0 I [T300001] init: Sending signal 9 to service 'setmode_gadget' (pid 2157) process group...
11-07 16:57:18.072     0     0 D [T300001] libprocessgroup: Killing process group -2157 in uid 0 as part of process cgroup 2157
11-07 16:57:18.073     0     0 I [T300001] libprocessgroup: Successfully killed process cgroup uid 0 pid 2157 in 0ms
11-07 16:57:18.076     0     0 D [T400327] ueventd: restorecon_recursive: /sys/bus/i2c/drivers/bq34210
11-07 16:57:18.076     0     0 D [T400327] ueventd: restorecon_recursive: /sys/module/bq34210
11-07 16:57:18.076     0     0 I [T500001] init: starting service 'ppp-service'...
11-07 16:57:18.080     0     0 I [T500001] init: Control message: Processed ctl.start for 'ppp-service' from pid: 2481 (start ppp-service)
11-07 16:57:18.080     0     0 I [T500001] init: processing action (sys.boot_completed=1 && vendor.vstsysui.ready=1) from (/vendor/etc/init/hw/init.mt8188.rc:1285)
11-07 16:57:18.088     0     0 I [T400001] init: starting service 'hostapd'...
11-07 16:57:18.089     0     0 I [T500001] init: Control message: Processed ctl.interface_start for 'aidl/android.hardware.wifi.hostapd.IHostapd/default' from pid: 396 (/system/bin/servicemanager)
11-07 16:57:18.122     0     0 W [T103212] audit: audit_lost=1679 audit_rate_limit=5 audit_backlog_limit=64
11-07 16:57:18.122     0     0 E [T103212] audit: rate limit exceeded
11-07 16:57:18.143     0     0 I [T403214] capability: warning: `hostapd' uses 32-bit capabilities (legacy support in use)
11-07 16:57:18.160     0     0 I         : [T101471] [MTK-WIFI] WIFI_open[I]: major 498 minor 0 (pid 1471)
11-07 16:57:18.175     0     0 I         : [T101471] [MTK-WIFI] WIFI_write[I]: WIFI_write AP, length 3, copy_size 3
11-07 16:57:18.175     0     0 I [T502895] [wlan]wlanoidSetP2pMode: (P2P INFO) Set P2P enable[1] mode[1]
11-07 16:57:18.175     0     0 I [T502895] [wlan]p2pLaunch: (P2P INFO) Register p2p succeed
11-07 16:57:18.175     0     0 I         : [T401471] [MTK-WIFI] WIFI_write[I]: Set wlan mode 0 --> 1
11-07 16:57:18.175     0     0 I         : [T401471] [MTK-WIFI] WIFI_close[I]: major 498 minor 0 (pid 1471)
11-07 16:57:18.175     0     0 D [T400327] ueventd: restorecon_recursive: /sys/devices/virtual/net/ap0
11-07 16:57:18.175     0     0 I [T502895] [wlan]wlanoidSet802dot11PowerSaveProfile: (OID INFO) Set AIS Network BSS(0) PS mode to CAM (0)
11-07 16:57:18.175     0     0 D [T400327] ueventd: restorecon_recursive: /sys/devices/virtual/net/ap0/queues/rx-0
11-07 16:57:18.175     0     0 D [T400327] ueventd: restorecon_recursive: /sys/devices/virtual/net/ap0/queues/rx-1
11-07 16:57:18.175     0     0 D [T400327] ueventd: restorecon_recursive: /sys/devices/virtual/net/ap0/queues/rx-2
11-07 16:57:18.175     0     0 D [T400327] ueventd: restorecon_recursive: /sys/devices/virtual/net/ap0/queues/rx-3
11-07 16:57:18.175     0     0 I [T502895] [wlan]qmHandleEventBssAbsencePresence: (QM INFO) Bss Absence Presence NAF=4,0,0
11-07 16:57:18.175     0     0 I [T502895] [wlan]qmHandleEventBssAbsencePresence: (QM INFO) Bss Absence Presence NAF=1,0,0
11-07 16:57:18.175     0     0 D [T400327] ueventd: restorecon_recursive: /sys/devices/virtual/net/ap0/queues/tx-0
11-07 16:57:18.175     0     0 D [T400327] ueventd: restorecon_recursive: /sys/devices/virtual/net/ap0/queues/tx-1
11-07 16:57:18.200     0     0 I [T501471] [wlan]p2pSetMACAddress: (INIT INFO) Set random mac addr to aa:40:0b:79:45:11.
11-07 16:57:18.204     0     0 I [T501471] [wlan]mtk_cfg80211_vendor_set_country_code: (REQ INFO) Set country code: IN, iftype=3
11-07 16:57:18.204     0     0 I [T502895] [wlan]rlmDomainSendPwrLimitCmd: (RLM INFO) Domain: ValidCC =IN, ChNum=41
11-07 16:57:18.204     0     0 I [T502895] [wlan]rlmDomainSendPwrLimitCmd: (RLM INFO) Domain: Ch=1,Limit=60,60,60,60,60,Fg=0
11-07 16:57:18.204     0     0 I [T502895] [wlan]rlmDomainSendPwrLimitCmd: (RLM INFO) Domain: Ch=2,Limit=60,60,60,60,60,Fg=0
11-07 16:57:18.204     0     0 I [T502895] [wlan]rlmDomainSendPwrLimitCmd: (RLM INFO) Domain: Ch=3,Limit=60,60,60,60,60,Fg=0
11-07 16:57:18.204     0     0 I [T502895] [wlan]rlmDomainSendPwrLimitCmd: (RLM INFO) Domain: Ch=4,Limit=60,60,60,60,60,Fg=0
11-07 16:57:18.204     0     0 I [T502895] [wlan]rlmDomainSendPwrLimitCmd: (RLM INFO) Domain: Ch=5,Limit=60,60,60,60,60,Fg=0
11-07 16:57:18.204     0     0 I [T502895] [wlan]rlmDomainSendPwrLimitCmd: (RLM INFO) Domain: Ch=6,Limit=60,60,60,60,60,Fg=0
11-07 16:57:18.204     0     0 I [T502895] [wlan]rlmDomainSendPwrLimitCmd: (RLM INFO) Domain: Ch=7,Limit=60,60,60,60,60,Fg=0
11-07 16:57:18.204     0     0 I [T502895] [wlan]rlmDomainSendPwrLimitCmd: (RLM INFO) Domain: Ch=8,Limit=60,60,60,60,60,Fg=0
11-07 16:57:18.204     0     0 I [T502895] [wlan]rlmDomainSendPwrLimitCmd: (RLM INFO) Domain: Ch=9,Limit=60,60,60,60,60,Fg=0
11-07 16:57:18.204     0     0 I [T502895] [wlan]rlmDomainSendPwrLimitCmd: (RLM INFO) Domain: Ch=10,Limit=60,60,60,60,60,Fg=0
11-07 16:57:18.204     0     0 I [T502895] [wlan]rlmDomainSendPwrLimitCmd: (RLM INFO) Domain: Ch=11,Limit=60,60,60,60,60,Fg=0
11-07 16:57:18.204     0     0 I [T502895] [wlan]rlmDomainSendPwrLimitCmd: (RLM INFO) Domain: Ch=12,Limit=60,60,60,60,60,Fg=0
11-07 16:57:18.204     0     0 I [T502895] [wlan]rlmDomainSendPwrLimitCmd: (RLM INFO) Domain: Ch=13,Limit=60,60,60,60,60,Fg=0
11-07 16:57:18.204     0     0 I [T502895] [wlan]rlmDomainSendPwrLimitCmd: (RLM INFO) Domain: Ch=14,Limit=60,60,60,60,60,Fg=0
11-07 16:57:18.204     0     0 I [T502895] [wlan]rlmDomainSendPwrLimitCmd: (RLM INFO) Domain: Ch=36,Limit=46,46,46,46,46,Fg=0
11-07 16:57:18.204     0     0 I [T502895] [wlan]rlmDomainSendPwrLimitCmd: (RLM INFO) Domain: Ch=38,Limit=46,46,46,46,46,Fg=0
11-07 16:57:18.204     0     0 I [T502895] [wlan]rlmDomainSendPwrLimitCmd: (RLM INFO) Domain: Ch=40,Limit=46,46,46,46,46,Fg=0
11-07 16:57:18.204     0     0 I [T502895] [wlan]rlmDomainSendPwrLimitCmd: (RLM INFO) Domain: Ch=42,Limit=46,46,46,46,46,Fg=0
11-07 16:57:18.204     0     0 I [T502895] [wlan]rlmDomainSendPwrLimitCmd: (RLM INFO) Domain: Ch=44,Limit=46,46,46,46,46,Fg=0
11-07 16:57:18.204     0     0 I [T502895] [wlan]rlmDomainSendPwrLimitCmd: (RLM INFO) Domain: Ch=46,Limit=46,46,46,46,46,Fg=0
11-07 16:57:18.204     0     0 I [T502895] [wlan]rlmDomainSendPwrLimitCmd: (RLM INFO) Domain: Ch=48,Limit=46,46,46,46,46,Fg=0
11-07 16:57:18.204     0     0 I [T502895] [wlan]rlmDomainSendPwrLimitCmd: (RLM INFO) Domain: Ch=52,Limit=46,46,46,46,46,Fg=0
11-07 16:57:18.205     0     0 I [T502895] [wlan]rlmDomainSendPwrLimitCmd: (RLM INFO) Domain: Ch=54,Limit=46,46,46,46,46,Fg=0
11-07 16:57:18.205     0     0 I [T502895] [wlan]rlmDomainSendPwrLimitCmd: (RLM INFO) Domain: Ch=56,Limit=46,46,46,46,46,Fg=0
11-07 16:57:18.205     0     0 I [T502895] [wlan]rlmDomainSendPwrLimitCmd: (RLM INFO) Domain: Ch=58,Limit=46,46,46,46,46,Fg=0
11-07 16:57:18.205     0     0 I [T502895] [wlan]rlmDomainSendPwrLimitCmd: (RLM INFO) Domain: Ch=60,Limit=46,46,46,46,46,Fg=0
11-07 16:57:18.205     0     0 I [T502895] [wlan]rlmDomainSendPwrLimitCmd: (RLM INFO) Domain: Ch=62,Limit=46,46,46,46,46,Fg=0
11-07 16:57:18.205     0     0 I [T502895] [wlan]rlmDomainSendPwrLimitCmd: (RLM INFO) Domain: Ch=64,Limit=46,46,46,46,46,Fg=0
11-07 16:57:18.205     0     0 I [T502895] [wlan]rlmDomainSendPwrLimitCmd: (RLM INFO) Domain: Ch=149,Limit=60,60,60,60,60,Fg=0
11-07 16:57:18.205     0     0 I [T502895] [wlan]rlmDomainSendPwrLimitCmd: (RLM INFO) Domain: Ch=151,Limit=60,60,60,60,60,Fg=0
11-07 16:57:18.205     0     0 I [T502895] [wlan]rlmDomainSendPwrLimitCmd: (RLM INFO) Domain: Ch=153,Limit=60,60,60,60,60,Fg=0
11-07 16:57:18.205     0     0 I [T502895] [wlan]rlmDomainSendPwrLimitCmd: (RLM INFO) Domain: Ch=155,Limit=60,60,60,60,60,Fg=0
11-07 16:57:18.205     0     0 I [T502895] [wlan]rlmDomainSendPwrLimitCmd: (RLM INFO) Domain: Ch=157,Limit=60,60,60,60,60,Fg=0
11-07 16:57:18.205     0     0 I [T502895] [wlan]rlmDomainSendPwrLimitCmd: (RLM INFO) Domain: Ch=159,Limit=60,60,60,60,60,Fg=0
11-07 16:57:18.205     0     0 I [T502895] [wlan]rlmDomainSendPwrLimitCmd: (RLM INFO) Domain: Ch=161,Limit=60,60,60,60,60,Fg=0
11-07 16:57:18.205     0     0 I [T502895] [wlan]rlmDomainSendPwrLimitCmd: (RLM INFO) Domain: Ch=163,Limit=60,60,60,60,60,Fg=0
11-07 16:57:18.205     0     0 I [T502895] [wlan]rlmDomainSendPwrLimitCmd: (RLM INFO) Domain: Ch=165,Limit=60,60,60,60,60,Fg=0
11-07 16:57:18.205     0     0 I [T502895] [wlan]rlmDomainSendPwrLimitCmd: (RLM INFO) Domain: Ch=167,Limit=60,60,60,60,60,Fg=0
11-07 16:57:18.205     0     0 I [T502895] [wlan]rlmDomainSendPwrLimitCmd: (RLM INFO) Domain: Ch=169,Limit=60,60,60,60,60,Fg=0
11-07 16:57:18.205     0     0 I [T502895] [wlan]rlmDomainSendPwrLimitCmd: (RLM INFO) Domain: Ch=171,Limit=60,60,60,60,60,Fg=0
11-07 16:57:18.205     0     0 I [T502895] [wlan]rlmDomainSendPwrLimitCmd: (RLM INFO) Domain: Ch=173,Limit=60,60,60,60,60,Fg=0
11-07 16:57:18.233     0     0 I [T503214] [wlan]mtk_cfg80211_vendor_get_features: (REQ INFO) Dump feature flags[0]=0x2.
11-07 16:57:18.236     0     0 I [T503214] [wlan]mtk_p2p_cfg80211_del_station: (P2P INFO) Del_station: ff:ff:ff:ff:ff:ff.
11-07 16:57:18.238     0     0 I [T503214] [wlan]mtk_Netdev_To_RoleIdx: (P2P WARN) mtk_Netdev_To_RoleIdx 0
11-07 16:57:18.238     0     0 I [T503214] [wlan]mtk_p2p_cfg80211_del_station: (P2P INFO) mtk_p2p_cfg80211_del_station ReasonCode = 2
11-07 16:57:18.244     0     0 I [T503214] [wlan]mtk_Netdev_To_RoleIdx: (P2P WARN) mtk_Netdev_To_RoleIdx 0
11-07 16:57:18.246     0     0 I [T102895] [wlan]p2pFuncParseBeaconIEs: (RSN ERROR) bcn mfpc:1, mfpr:0, sha256:0, 0x8ac0f00
11-07 16:57:18.246     0     0 I [T102895] [wlan]p2pFuncParseBeaconVenderId: (INIT INFO) Driver Benten Vender Specific IE
11-07 16:57:18.246     0     0 I [T102895] [wlan]p2pRoleFsmStateTransition: (P2P STATE) [P2P_ROLE][0]TRANSITION: [P2P_ROLE_STATE_IDLE] -> [P2P_ROLE_STATE_REQING_CHANNEL]
11-07 16:57:18.246     0     0 I [T503214] [wlan]mtk_p2p_cfg80211_del_station: (P2P INFO) Del_station: ff:ff:ff:ff:ff:ff.
11-07 16:57:18.246     0     0 I [T102895] [wlan]cnmChMngrRequestPrivilege: (CNM INFO) ChReq net=1 token=1 b=2 c=149 s=1 w=1 s1=155 s2=0
11-07 16:57:18.246     0     0 I [T503214] [wlan]mtk_Netdev_To_RoleIdx: (P2P WARN) mtk_Netdev_To_RoleIdx 0
11-07 16:57:18.246     0     0 I [T503214] [wlan]mtk_p2p_cfg80211_del_station: (P2P INFO) mtk_p2p_cfg80211_del_station ReasonCode = 2
11-07 16:57:18.246     0     0 I [T503214] [wlan]mtk_Netdev_To_RoleIdx: (P2P WARN) mtk_Netdev_To_RoleIdx 0
11-07 16:57:18.246     0     0 I [T102895] [wlan]wlanoidSetAddP2PKey: (REQ INFO) wlanoidSetAddP2PKey
11-07 16:57:18.246     0     0 I [T503214] [wlan]mtk_Netdev_To_RoleIdx: (P2P WARN) mtk_Netdev_To_RoleIdx 0
11-07 16:57:18.246     0     0 I [T503214] [wlan]mtk_Netdev_To_RoleIdx: (P2P WARN) mtk_Netdev_To_RoleIdx 0
11-07 16:57:18.246     0     0 I [T102895] [wlan]wlanoidSetAddP2PKey: (REQ INFO) wlanoidSetAddP2PKey
11-07 16:57:18.246     0     0 I [T102895] [wlan]wlanoidSetAddP2PKey: (RSN INFO) AP mode set BIP
11-07 16:57:18.246     0     0 I [T102895] [wlan]wlanoidSetAddP2PKey: (RSN INFO) Authenticator BIP bssid:1
11-07 16:57:18.246     0     0 I [T102895] [wlan]wlanoidSetAddP2PKey: (RSN INFO) BIP BC wtbl index:0
11-07 16:57:18.246     0     0 I [T503214] [wlan]mtk_p2p_cfg80211_set_mgmt_key: (RSN INFO) mtk_p2p_cfg80211_set_mgmt_key, kid:4
11-07 16:57:18.252     0     0 D [T100408] logd: Compressed Log, buffer max size: 65536 size used: 64231 compressed size: 11203
11-07 16:57:18.265     0     0 D [T100408] logd: Pruned Logs from log_id: 0, previous size: 269686 after size: 256580
11-07 16:57:18.265     0     0 I [T102895] [wlan]cnmChMngrHandleChEvent: (CNM INFO) ChGrant net=1 token=1 ch=149 sco=1
11-07 16:57:18.265     0     0 I [T102895] [wlan]p2pFuncSwitchOPMode: (P2P INFO) Switch OP mode from 0 to 2
11-07 16:57:18.265     0     0 I [T102895] [wlan]p2pFuncStartGO: (P2P INFO) AP Channel=149, Band=2, SCO=1, Phy=0x38
11-07 16:57:18.265     0     0 I [T102895] [wlan]bssInitForAP: (BSS INFO) Bcast: ACM[0,0,0,0] Aifsn[3,7,2,2] CWmin/max[15/1023,15/1023,7/15,3/7] TxopLimit[0,0,94,47]
11-07 16:57:18.265     0     0 I [T102895] [wlan]bssInitForAP: (BSS INFO) ACM[0,0,0,0] Aifsn[3,7,1,1] CWmin/max[15/63,15/1023,7/15,3/7] TxopLimit[0,0,94,47]
11-07 16:57:18.265     0     0 I [T102895] [wlan]rlmBssInitForAP: (RLM INFO) AP SCO=1 VhtChannelWidth=1 VhtFreqS1=155 VhtFreqS2=0 Band=2
11-07 16:57:18.265     0     0 I [T102895] [wlan]rlmFillSyncCmdParam: (RLM INFO) N=1 b=2 c=149 s=1 e=0 h=0 I=0x05 l=0 p=0 w=1 s1=155 s2=0
11-07 16:57:18.265     0     0 I [T102895] [wlan]nicUpdateBss: (BSS INFO) Update Bss[1] ConnState[1] OPmode[2] BSSID[aa:40:0b:79:45:11] AuthMode[7] EncStatus[6]
11-07 16:57:18.288     0     0 I [T102895] [wlan]rsnGenerateRSNIE: (RSN ERROR) prStaRec is NULL!
11-07 16:57:18.288     0     0 I [T102895] [wlan]rlmFillVhtOpNotificationIE: (RLM INFO) rlmFillVhtOpNotificationIE(1) 0 1
11-07 16:57:18.288     0     0 I [T102895] [wlan]p2pRoleFsmStateTransition: (P2P STATE) [P2P_ROLE][0]TRANSITION: [P2P_ROLE_STATE_REQING_CHANNEL] -> [P2P_ROLE_STATE_IDLE]
11-07 16:57:18.288     0     0 I [T100147] IPv6: ADDRCONF(NETDEV_CHANGE): ap0: link becomes ready
11-07 16:57:18.288     0     0 I [T102895] [wlan]qmHandleEventBssAbsencePresence: (QM INFO) Bss Absence Presence NAF=1,0,0
11-07 16:57:18.661     0     0 D [T100408] logd: Compressed Log, buffer max size: 65536 size used: 65259 compressed size: 16418
11-07 16:57:18.663     0     0 D [T100408] logd: Pruned Logs from log_id: 0, previous size: 273078 after size: 255627
11-07 16:57:18.876     0     0 I [T100726] [MTK-BT]BT_open: major 192 minor 0 (pid 726)
11-07 16:57:18.897     0     0 W [T100726] [HIF-SDIO][I]mtk_wcn_wmt_func_ctrl: wmt-exp: OPID(3) type(0) start
11-07 16:57:19.097     0     0 W [T300882] [WMT-CORE][I]wmt_core_dump_func_state: [AF FUNC ON]status(b:2 f:0 g:2 gl5:0 w:2 lpbk:2 coredump:0 wmt:2 ant:0 sd1:0 sd2:2 stp:0)
11-07 16:57:19.156     0     0 W [T100726] [HIF-SDIO][I]mtk_wcn_wmt_func_ctrl: OPID(3) type(0) ok
11-07 16:57:19.156     0     0 I [T100726] [MTK-BT]BT_open: WMT turn on BT OK!
11-07 16:57:19.156     0     0 I [T100726] [MTK-BT]BT_open: Now it's in MTK Bluetooth Mode
11-07 16:57:19.156     0     0 I [T100726] [MTK-BT]BT_open: STP is ready!
11-07 16:57:19.156     0     0 I [T100726] [MTK-BT]bt_pm_notify_register: Register bt_pm_notifier succeed
11-07 16:57:19.424     0     0 W [T303424] audit: audit_lost=2107 audit_rate_limit=5 audit_backlog_limit=64
11-07 16:57:19.424     0     0 E [T303424] audit: rate limit exceeded
11-07 16:57:20.508     0     0 W [T303250] audit: audit_lost=2124 audit_rate_limit=5 audit_backlog_limit=64
11-07 16:57:20.509     0     0 E [T303250] audit: rate limit exceeded
11-07 16:57:21.004     0     0 I         : [T100150] leds_mtk led_debug_log(176) :[Light] Set lcd-backlight directlyT:38.166,L:100 L:100 map:401
11-07 16:57:21.085     0     0 I         : [T400101] leds_mtk led_debug_log(176) :[Light] Set lcd-backlight directlyT:38.180,L:97 L:97 map:389    T:38.194,L:95 L:95 map:381    T:38.204,L:93 L:93 map:373    T:38.221,L:90 L:90 map:361    T:38.238,L:87 L:87 map:349
11-07 16:57:21.168   597   597 I leds_mtk led_debug_log(176): [Light] Set lcd-backlight directlyT:38.255,L:84 L:84 map:337    T:38.273,L:81 L:81 map:325    T:38.288,L:78 L:78 map:313    T:38.303,L:75 L:75 map:301    T:38.320,L:72 L:72 map:289
11-07 16:57:21.252     0     0 I         : [T500178] leds_mtk led_debug_log(176) :[Light] Set lcd-backlight directlyT:38.336,L:69 L:69 map:277    T:38.353,L:66 L:66 map:265    T:38.370,L:63 L:63 map:253    T:38.386,L:61 L:61 map:245    T:38.403,L:58 L:58 map:233
11-07 16:57:21.332     0     0 I         : [T200056] leds_mtk led_debug_log(176) :[Light] Set lcd-backlight directlyT:38.419,L:55 L:55 map:221    T:38.437,L:52 L:52 map:209    T:38.453,L:49 L:49 map:197    T:38.469,L:46 L:46 map:185    T:38.485,L:43 L:43 map:173
11-07 16:57:21.416     0     0 I         : [T200056] leds_mtk led_debug_log(176) :[Light] Set lcd-backlight directlyT:38.502,L:40 L:40 map:160    T:38.518,L:37 L:37 map:148    T:38.535,L:34 L:34 map:136    T:38.551,L:31 L:31 map:124    T:38.568,L:28 L:28 map:112
11-07 16:57:21.616     0     0 I         : [T200056] leds_mtk led_debug_log(176) :[Light] Set lcd-backlight directlyT:38.586,L:25 L:25 map:100    T:38.601,L:22 L:22 map:88    T:38.618,L:19 L:19 map:76    T:38.635,L:16 L:16 map:64    T:38.651,L:14 L:14 map:56
11-07 16:57:21.616     0     0 W [T103663] audit: audit_lost=2128 audit_rate_limit=5 audit_backlog_limit=64
11-07 16:57:21.616     0     0 E [T103663] audit: rate limit exceeded
11-07 16:57:23.003   408   408 D logd    : Compressed Log, buffer max size: 65536 size used: 65428 compressed size: 15348
11-07 16:57:23.003   408   408 D logd    : Pruned Logs from log_id: 0, previous size: 271534 after size: 257938
11-07 16:57:23.102     0     0 W [T100671] audit: audit_lost=2161 audit_rate_limit=5 audit_backlog_limit=64
11-07 16:57:23.102     0     0 E [T100671] audit: rate limit exceeded
11-07 16:57:23.220     0     0 D [T400327] ueventd: restorecon_recursive: /sys/devices/platform/regulatory.0
11-07 16:57:23.360     0     0 D [T200408] logd: Compressed Log, buffer max size: 65536 size used: 65464 compressed size: 14875
11-07 16:57:23.363     0     0 D [T200408] logd: Pruned Logs from log_id: 0, previous size: 272893 after size: 261232
11-07 16:57:23.476     0     0 I [T402895] [wlan]cnmChMngrAbortPrivilege: (CNM INFO) ChAbort net=1 token=1
11-07 16:57:23.828     0     0 D [T100408] logd: Compressed Log, buffer max size: 65536 size used: 65486 compressed size: 14291
11-07 16:57:23.828     0     0 D [T100408] logd: Pruned Logs from log_id: 0, previous size: 275603 after size: 261467
11-07 16:57:24.756   597   597 I         : timesync host boottime 41948381308
11-07 16:57:26.548     0     0 D [T100327] ueventd: restorecon_recursive: /sys/devices/platform/regulatory.0
11-07 16:57:27.504     0     0 W [T504069] audit: audit_lost=2162 audit_rate_limit=5 audit_backlog_limit=64
11-07 16:57:27.504     0     0 E [T504069] audit: rate limit exceeded
11-07 16:57:28.065     0     0 I [T300001] init: Sending signal 9 to service 'idmap2d' (pid 1028) process group...
11-07 16:57:28.065     0     0 D [T300001] libprocessgroup: Killing process group -1028 in uid 1000 as part of process cgroup 1028
11-07 16:57:28.065     0     0 D [T300001] libprocessgroup: Killed 1 processes for processgroup 1028
11-07 16:57:28.072     0     0 D [T300001] libprocessgroup: Killing process group -1028 in uid 1000 as part of process cgroup 1028
11-07 16:57:28.072     0     0 I [T300001] libprocessgroup: Successfully killed process cgroup uid 1000 pid 1028 in 6ms
11-07 16:57:28.072     0     0 I [T200001] init: Control message: Processed ctl.stop for 'idmap2d' from pid: 1254 (system_server)
11-07 16:57:28.072     0     0 I [T200001] init: Service 'idmap2d' (pid 1028) received signal 9
11-07 16:57:28.325     0     0 D [T100408] logd: Compressed Log, buffer max size: 65536 size used: 65515 compressed size: 13466
11-07 16:57:28.325     0     0 D [T100408] logd: Pruned Logs from log_id: 0, previous size: 267326 after size: 251898
11-07 16:57:28.480   120   120 I         : [wdk-c] cpu=0 o_k=0 lbit=0x1 cbit=0x3f,3e,5,1,460583693,3f,0,0,0,0,[45713302954,15000000] 15
11-07 16:57:28.520     0     0 I         : [T300123] [wdk-c] cpu=3 o_k=3 lbit=0x9 cbit=0x3f,36,5,1,460583693,3f,0,0,0,0,[45754158878,14959144] 15
11-07 16:57:28.521     0     0 I         : [T500125] [wdk-c] cpu=5 o_k=5 lbit=0x29 cbit=0x3f,16,5,1,460583693,3f,0,0,0,0,[45756767801,14956534] 15
11-07 16:57:28.522     0     0 I         : [T100121] [wdk-c] cpu=1 o_k=1 lbit=0x2b cbit=0x3f,14,5,1,460583693,3f,0,0,0,0,[45756809724,14956493] 15
11-07 16:57:28.522     0     0 I         : [T400124] [wdk-c] cpu=4 o_k=4 lbit=0x3b cbit=0x3f,4,5,1,460583693,3f,0,0,0,0,[45756826878,14956475] 15
11-07 16:57:28.522     0     0 I [T200122] [thread: 122] 2025-11-07 11:27:28.520224 UTC;android time 2025-11-07 16:57:28.520224
11-07 16:57:28.522     0     0 I         : [T200122] [wdk-k] cpu=2 o_k=2 lbit=0x3f cbit=0x3f,0,5,1,460583693,3f,0,0,0,0,[45756839262,14956463] 15
11-07 16:57:28.896   408   408 D logd    : Compressed Log, buffer max size: 65536 size used: 65381 compressed size: 10897
11-07 16:57:28.899   408   408 D logd    : Pruned Logs from log_id: 0, previous size: 262875 after size: 247920
11-07 16:57:29.316     0     0 D [T300408] logd: Compressed Log, buffer max size: 65536 size used: 65406 compressed size: 12148
11-07 16:57:29.716     1     1 I init    : starting service 'idmap2d'...
11-07 16:57:29.725     0     0 D [T300408] logd: Compressed Log, buffer max size: 65536 size used: 65494 compressed size: 10913
11-07 16:57:29.726     0     0 I [T200001] init: Control message: Processed ctl.start for 'idmap2d' from pid: 1254 (system_server)
11-07 16:57:29.736     0     0 D [T100408] logd: Pruned Logs from log_id: 3, previous size: 264966 after size: 253961
11-07 16:57:29.736     0     0 D [T300414] logd: Compressed Log, buffer max size: 65536 size used: 65462 compressed size: 14318
11-07 16:57:29.880     0     0 D [T300327] ueventd: restorecon_recursive: /sys/devices/platform/regulatory.0
11-07 16:57:30.556     0     0 I         : [T201285] hang_detect HANG_KICK ( 300)
11-07 16:57:30.557     0     0 I         : [T201285] [Hang_Detect] hang_detect enabled 10
11-07 16:57:33.204   327   327 D ueventd : restorecon_recursive: /sys/devices/platform/regulatory.0
11-07 16:57:33.320     0     0 D [T300408] logd: Compressed Log, buffer max size: 65536 size used: 65496 compressed size: 12080
11-07 16:57:33.908   777   777 I         : [wdtk] kick watchdog
11-07 16:57:33.996   408   408 D logd    : Compressed Log, buffer max size: 65536 size used: 65452 compressed size: 10403
11-07 16:57:33.997   408   408 D logd    : Pruned Logs from log_id: 0, previous size: 271201 after size: 256230
11-07 16:57:34.308   408   408 D logd    : Compressed Log, buffer max size: 65536 size used: 65505 compressed size: 14112
11-07 16:57:34.309   408   408 D logd    : Pruned Logs from log_id: 0, previous size: 270422 after size: 255397
11-07 16:57:34.744     0     0 I [T200001] init: processing action (persist.sys.default_iface=eth10) from (/vendor/etc/init/hw/init.mt8188.rc:1256)
11-07 16:57:34.748     1     1 I init    : starting service 'add_default_route'...
11-07 16:57:34.765     0     0 W [T404111] audit: audit_lost=2165 audit_rate_limit=5 audit_backlog_limit=64
11-07 16:57:34.766     0     0 E [T404111] audit: rate limit exceeded
11-07 16:57:34.768     0     0 I [T200001] init: processing action (persist.sys.default_iface=eth10) from (/vendor/etc/init/hw/init.mt8188.rc:1256)
11-07 16:57:34.768     0     0 I [T100001] init: service 'add_default_route' requested start, but it is already running (flags: 134)
11-07 16:57:34.768     0     0 I [T100001] init: processing action (persist.sys.default_iface=eth10) from (/vendor/etc/init/hw/init.mt8188.rc:1256)
11-07 16:57:34.769     0     0 I [T100001] init: service 'add_default_route' requested start, but it is already running (flags: 134)
11-07 16:57:34.769     0     0 I [T100001] init: processing action (persist.sys.default_iface=eth10) from (/vendor/etc/init/hw/init.mt8188.rc:1256)
11-07 16:57:34.769     0     0 I [T100001] init: service 'add_default_route' requested start, but it is already running (flags: 134)
11-07 16:57:34.773     0     0 I [T300001] init: processing action (persist.sys.default_iface=eth10) from (/vendor/etc/init/hw/init.mt8188.rc:1256)
11-07 16:57:34.774     0     0 I [T300001] init: service 'add_default_route' requested start, but it is already running (flags: 134)
11-07 16:57:35.000   597   597 I         : timesync host boottime 52192073924
11-07 16:57:36.533     0     0 D [T300327] ueventd: restorecon_recursive: /sys/devices/platform/regulatory.0
11-07 16:57:38.604     0     0 D [T100408] logd: Compressed Log, buffer max size: 65536 size used: 65518 compressed size: 13459
11-07 16:57:38.609     0     0 D [T100408] logd: Pruned Logs from log_id: 0, previous size: 274865 after size: 261998
11-07 16:57:39.152     0     0 D [T100408] logd: Compressed Log, buffer max size: 65536 size used: 65519 compressed size: 8159
11-07 16:57:39.154     0     0 D [T100408] logd: Pruned Logs from log_id: 0, previous size: 270237 after size: 257728
11-07 16:57:39.496     0     0 D [T100408] logd: Compressed Log, buffer max size: 65536 size used: 65446 compressed size: 12259
11-07 16:57:39.756     0     0 I [T300001] init: Sending signal 9 to service 'idmap2d' (pid 4083) process group...
11-07 16:57:39.756     0     0 D [T300001] libprocessgroup: Killing process group -4083 in uid 1000 as part of process cgroup 4083
11-07 16:57:39.756     0     0 D [T300001] libprocessgroup: Killed 1 processes for processgroup 4083
11-07 16:57:39.764     0     0 D [T300001] libprocessgroup: Killing process group -4083 in uid 1000 as part of process cgroup 4083
11-07 16:57:39.765     0     0 I [T300001] libprocessgroup: Successfully killed process cgroup uid 1000 pid 4083 in 6ms
11-07 16:57:39.765     0     0 I [T100001] init: Control message: Processed ctl.stop for 'idmap2d' from pid: 1254 (system_server)
11-07 16:57:39.765     0     0 I [T100001] init: Service 'idmap2d' (pid 4083) received signal 9
11-07 16:57:39.860     0     0 D [T100327] ueventd: restorecon_recursive: /sys/devices/platform/regulatory.0
11-07 16:57:43.188     0     0 D [T100327] ueventd: restorecon_recursive: /sys/devices/platform/regulatory.0
11-07 16:57:43.572   120   120 I         : [wdk-c] cpu=0 o_k=0 lbit=0x1 cbit=0x3f,3e,5,1,460583693,3f,0,0,0,0,[60806566375,15000000] 20
11-07 16:57:43.576     0     0 I         : [T300123] [wdk-c] cpu=3 o_k=3 lbit=0x9 cbit=0x3f,36,5,1,460583693,3f,0,0,0,0,[60811926375,14994640] 20
11-07 16:57:43.576     0     0 I         : [T500125] [wdk-c] cpu=5 o_k=5 lbit=0x29 cbit=0x3f,16,5,1,460583693,3f,0,0,0,0,[60812769144,14993796] 20
11-07 16:57:43.576     0     0 I         : [T100121] [wdk-c] cpu=1 o_k=1 lbit=0x2b cbit=0x3f,14,5,1,460583693,3f,0,0,0,0,[60812939221,14993627] 20
11-07 16:57:43.580     0     0 I         : [T200122] [wdk-c] cpu=2 o_k=2 lbit=0x2f cbit=0x3f,10,5,1,460583693,3f,0,0,0,0,[60813336221,14993229] 20
11-07 16:57:43.580     0     0 I [T400124] [thread: 124] 2025-11-07 11:27:43.576743 UTC;android time 2025-11-07 16:57:43.576743
11-07 16:57:43.580     0     0 I         : [T400124] [wdk-k] cpu=4 o_k=4 lbit=0x3f cbit=0x3f,0,5,1,460583693,3f,0,0,0,0,[60813358298,14993206] 20
11-07 16:57:43.664     0     0 D [T200408] logd: Compressed Log, buffer max size: 65536 size used: 65503 compressed size: 12417
11-07 16:57:43.665     0     0 D [T200408] logd: Pruned Logs from log_id: 0, previous size: 267273 after size: 255917
11-07 16:57:44.200     0     0 D [T300408] logd: Compressed Log, buffer max size: 65536 size used: 65441 compressed size: 8769
11-07 16:57:44.201     0     0 D [T300408] logd: Pruned Logs from log_id: 0, previous size: 264766 after size: 254003
11-07 16:57:44.516     0     0 D [T200408] logd: Compressed Log, buffer max size: 65536 size used: 65368 compressed size: 13940
11-07 16:57:44.518     0     0 D [T200408] logd: Pruned Logs from log_id: 0, previous size: 268023 after size: 258000
11-07 16:57:45.204     0     0 W [T200671] audit: audit_lost=2178 audit_rate_limit=5 audit_backlog_limit=64
11-07 16:57:45.204     0     0 E [T200671] audit: rate limit exceeded
11-07 16:57:45.240   597   597 I         : timesync host boottime 62432141924
11-07 16:57:46.516     0     0 D [T200327] ueventd: restorecon_recursive: /sys/devices/platform/regulatory.0
11-07 16:57:49.005     0     0 D [T100408] logd: Compressed Log, buffer max size: 65536 size used: 65411 compressed size: 9200
11-07 16:57:49.007     0     0 D [T100408] logd: Pruned Logs from log_id: 0, previous size: 268849 after size: 254410
11-07 16:57:49.440     0     0 D [T200408] logd: Compressed Log, buffer max size: 65536 size used: 65508 compressed size: 13206
11-07 16:57:49.440     0     0 D [T200408] logd: Pruned Logs from log_id: 0, previous size: 267696 after size: 258260
11-07 16:57:49.844   327   327 D ueventd : restorecon_recursive: /sys/devices/platform/regulatory.0
11-07 16:57:50.000     0     0 D [T300408] logd: Compressed Log, buffer max size: 65536 size used: 65247 compressed size: 9318
11-07 16:57:50.001     0     0 D [T300408] logd: Pruned Logs from log_id: 0, previous size: 267658 after size: 255166
11-07 16:57:53.908     0     0 I         : [T100777] [wdtk] kick watchdog
11-07 16:57:54.172   408   408 D logd    : Compressed Log, buffer max size: 65536 size used: 65403 compressed size: 9758
11-07 16:57:54.172   408   408 D logd    : Pruned Logs from log_id: 0, previous size: 267888 after size: 255793
11-07 16:57:54.364   408   408 D logd    : Compressed Log, buffer max size: 65536 size used: 65158 compressed size: 8789
11-07 16:57:54.664     0     0 D [T300408] logd: Compressed Log, buffer max size: 65536 size used: 65510 compressed size: 14648
11-07 16:57:54.665     0     0 D [T300408] logd: Pruned Logs from log_id: 0, previous size: 270521 after size: 261640
11-07 16:57:55.252     0     0 D [T200408] logd: Compressed Log, buffer max size: 65536 size used: 65502 compressed size: 10500
11-07 16:57:55.252     0     0 D [T200408] logd: Pruned Logs from log_id: 0, previous size: 272220 after size: 258733
11-07 16:57:55.476   597   597 I         : timesync host boottime 72668334233
11-07 16:57:58.616   120   120 I         : [wdk-c] cpu=0 o_k=0 lbit=0x1 cbit=0x3f,3e,5,1,460583693,3f,0,0,0,0,[75850439257,15000000] 25
11-07 16:57:58.668     0     0 I         : [T300123] [wdk-c] cpu=3 o_k=3 lbit=0x9 cbit=0x3f,36,5,1,460583693,3f,0,0,0,0,[75902260488,14948179] 25
11-07 16:57:58.668     0     0 I         : [T200122] [wdk-c] cpu=2 o_k=2 lbit=0xd cbit=0x3f,32,5,1,460583693,3f,0,0,0,0,[75904622411,14945816] 25
11-07 16:57:58.668     0     0 I         : [T400124] [wdk-c] cpu=4 o_k=4 lbit=0x1d cbit=0x3f,22,5,1,460583693,3f,0,0,0,0,[75904996488,14945441] 25
11-07 16:57:58.668     0     0 I         : [T500125] [wdk-c] cpu=5 o_k=5 lbit=0x3d cbit=0x3f,2,5,1,460583693,3f,0,0,0,0,[75905027565,14945410] 25
11-07 16:57:58.668     0     0 I [T100121] [thread: 121] 2025-11-07 11:27:58.668684 UTC;android time 2025-11-07 16:57:58.668684
11-07 16:57:58.668     0     0 I         : [T100121] [wdk-k] cpu=1 o_k=1 lbit=0x3f cbit=0x3f,0,5,1,460583693,3f,0,0,0,0,[75905291949,14945147] 25
11-07 16:57:59.312     0     0 D [T200408] logd: Compressed Log, buffer max size: 65536 size used: 65431 compressed size: 11534
11-07 16:57:59.970     0     0 D [T100408] logd: Pruned Logs from log_id: 0, previous size: 270676 after size: 260644
11-07 16:58:00.329     0     0 D [T100408] logd: Compressed Log, buffer max size: 65536 size used: 65513 compressed size: 12166
11-07 16:58:00.329     0     0 D [T100408] logd: Pruned Logs from log_id: 0, previous size: 272890 after size: 260417
11-07 16:58:00.560     0     0 I         : [T301285] hang_detect HANG_KICK ( 300)
11-07 16:58:00.560     0     0 I         : [T301285] [Hang_Detect] hang_detect enabled 10
11-07 16:58:00.796     0     0 D [T100408] logd: Compressed Log, buffer max size: 65536 size used: 65316 compressed size: 11225
11-07 16:58:00.799     0     0 D [T100408] logd: Pruned Logs from log_id: 0, previous size: 271722 after size: 248266
11-07 16:58:04.818     0     0 D [T300408] logd: Compressed Log, buffer max size: 65536 size used: 65516 compressed size: 10025
11-07 16:58:04.818     0     0 D [T300408] logd: Pruned Logs from log_id: 0, previous size: 272134 after size: 260513
11-07 16:58:05.312   408   408 D logd    : Compressed Log, buffer max size: 65536 size used: 65498 compressed size: 10308
11-07 16:58:05.315     0     0 D [T200408] logd: Pruned Logs from log_id: 0, previous size: 270901 after size: 259018
11-07 16:58:05.716   597   597 I         : timesync host boottime 82908283464
11-07 16:58:05.908     0     0 D [T100408] logd: Compressed Log, buffer max size: 65536 size used: 65398 compressed size: 10622
11-07 16:58:05.910     0     0 D [T100408] logd: Pruned Logs from log_id: 0, previous size: 269720 after size: 258220
11-07 16:58:06.312     0     0 D [T200408] logd: Compressed Log, buffer max size: 65536 size used: 65480 compressed size: 12563
11-07 16:58:06.312     0     0 D [T200408] logd: Pruned Logs from log_id: 0, previous size: 270863 after size: 260073
11-07 16:58:06.316     0     0 D [T100408] logd: Compressed Log, buffer max size: 65536 size used: 65469 compressed size: 7227
11-07 16:58:10.080     0     0 D [T100408] logd: Compressed Log, buffer max size: 65536 size used: 65419 compressed size: 8014
11-07 16:58:10.083     0     0 D [T100408] logd: Pruned Logs from log_id: 0, previous size: 268590 after size: 257097
11-07 16:58:10.364     0     0 D [T200408] logd: Compressed Log, buffer max size: 65536 size used: 65492 compressed size: 14113
11-07 16:58:10.364     0     0 D [T200408] logd: Pruned Logs from log_id: 0, previous size: 271290 after size: 260167
11-07 16:58:10.956   408   408 D logd    : Compressed Log, buffer max size: 65536 size used: 65471 compressed size: 8955
11-07 16:58:10.958   408   408 D logd    : Pruned Logs from log_id: 0, previous size: 269202 after size: 259185
11-07 16:58:11.308     0     0 D [T300408] logd: Compressed Log, buffer max size: 65536 size used: 65477 compressed size: 11311
11-07 16:58:11.308     0     0 D [T300408] logd: Pruned Logs from log_id: 0, previous size: 270576 after size: 257313
11-07 16:58:12.052   408   408 D logd    : Compressed Log, buffer max size: 65536 size used: 65401 compressed size: 9403
11-07 16:58:12.052     0     0 D [T100408] logd: Pruned Logs from log_id: 0, previous size: 266796 after size: 255427
11-07 16:58:13.672     0     0 I         : [T400124] [wdk-c] cpu=4 o_k=4 lbit=0x10 cbit=0x3f,2f,5,1,460583693,3f,0,0,0,0,[90907594370,15000000] 15
11-07 16:58:13.688     0     0 I         : [T300123] [wdk-c] cpu=3 o_k=3 lbit=0x18 cbit=0x3f,27,5,1,460583693,3f,0,0,0,0,[90920802139,14986793] 15
11-07 16:58:13.688   120   120 I         : [wdk-c] cpu=0 o_k=0 lbit=0x19 cbit=0x3f,26,5,1,460583693,3f,0,0,0,0,[90924993216,14982601] 14
11-07 16:58:13.716     0     0 I         : [T100121] [wdk-c] cpu=1 o_k=1 lbit=0x1b cbit=0x3f,24,5,1,460583693,3f,0,0,0,0,[90948994370,14958601] 14
11-07 16:58:13.716     0     0 I         : [T500125] [wdk-c] cpu=5 o_k=5 lbit=0x3b cbit=0x3f,4,5,1,460583693,3f,0,0,0,0,[90949024293,14958569] 14
11-07 16:58:13.716     0     0 I [T200122] [thread: 122] 2025-11-07 11:28:13.712679 UTC;android time 2025-11-07 16:58:13.712679
11-07 16:58:13.716     0     0 I         : [T200122] [wdk-k] cpu=2 o_k=2 lbit=0x3f cbit=0x3f,0,5,1,460583693,3f,0,0,0,0,[90949286755,14958308] 14
11-07 16:58:13.908     0     0 I         : [T200777] [wdtk] kick watchdog
11-07 16:58:15.128     0     0 D [T200408] logd: Compressed Log, buffer max size: 65536 size used: 65424 compressed size: 10189
11-07 16:58:15.128     0     0 D [T200408] logd: Pruned Logs from log_id: 0, previous size: 269478 after size: 256835
11-07 16:58:15.497     0     0 D [T300408] logd: Pruned Logs from log_id: 0, previous size: 268773 after size: 257976
11-07 16:58:15.956   597   597 I         : timesync host boottime 93148142542
11-07 16:58:16.249     0     0 D [T300408] logd: Compressed Log, buffer max size: 65536 size used: 65459 compressed size: 10284
11-07 16:58:16.249     0     0 D [T300408] logd: Pruned Logs from log_id: 0, previous size: 268340 after size: 255447
11-07 16:58:16.532     0     0 D [T200408] logd: Compressed Log, buffer max size: 65536 size used: 65434 compressed size: 12720
11-07 16:58:16.533     0     0 D [T200408] logd: Pruned Logs from log_id: 0, previous size: 268247 after size: 258322
11-07 16:58:17.232   408   408 D logd    : Compressed Log, buffer max size: 65536 size used: 65497 compressed size: 9671
11-07 16:58:17.233   408   408 D logd    : Pruned Logs from log_id: 0, previous size: 268073 after size: 255111
11-07 16:58:20.321     0     0 D [T300408] logd: Compressed Log, buffer max size: 65536 size used: 65505 compressed size: 11565
11-07 16:58:20.321     0     0 D [T300408] logd: Pruned Logs from log_id: 0, previous size: 269760 after size: 258369
11-07 16:58:20.900     0     0 D [T100408] logd: Compressed Log, buffer max size: 65536 size used: 65498 compressed size: 11637
11-07 16:58:20.901     0     0 D [T100408] logd: Pruned Logs from log_id: 0, previous size: 270086 after size: 260603
11-07 16:58:21.144     0     0 D [T300408] logd: Compressed Log, buffer max size: 65536 size used: 64930 compressed size: 3859
11-07 16:58:21.380     0     0 D [T200408] logd: Compressed Log, buffer max size: 65536 size used: 65401 compressed size: 12338
11-07 16:58:21.381     0     0 D [T200408] logd: Pruned Logs from log_id: 0, previous size: 273021 after size: 258598
11-07 16:58:22.103     0     0 D [T300408] logd: Pruned Logs from log_id: 0, previous size: 267648 after size: 258244
11-07 16:58:22.400   408   408 D logd    : Compressed Log, buffer max size: 65536 size used: 65447 compressed size: 13711
11-07 16:58:25.500   408   408 D logd    : Compressed Log, buffer max size: 65536 size used: 65315 compressed size: 12442
11-07 16:58:25.501   408   408 D logd    : Pruned Logs from log_id: 0, previous size: 270608 after size: 257808
11-07 16:58:26.164   408   408 D logd    : Compressed Log, buffer max size: 65536 size used: 65511 compressed size: 8320
11-07 16:58:26.165   408   408 D logd    : Pruned Logs from log_id: 0, previous size: 266208 after size: 256457
11-07 16:58:26.200   597   597 I         : timesync host boottime 103392118235
11-07 16:58:26.432   408   408 D logd    : Compressed Log, buffer max size: 65536 size used: 65458 compressed size: 13794
11-07 16:58:26.432   408   408 D logd    : Pruned Logs from log_id: 0, previous size: 270331 after size: 257860
11-07 16:58:26.748     0     0 D [T300408] logd: Compressed Log, buffer max size: 65536 size used: 65478 compressed size: 7902
11-07 16:58:27.168     0     0 D [T300408] logd: Compressed Log, buffer max size: 65536 size used: 65428 compressed size: 9834
11-07 16:58:27.169     0     0 D [T300408] logd: Pruned Logs from log_id: 0, previous size: 267774 after size: 256376
11-07 16:58:27.496   408   408 D logd    : Compressed Log, buffer max size: 65536 size used: 65525 compressed size: 12168
11-07 16:58:28.728     0     0 I         : [T400124] [wdk-c] cpu=4 o_k=4 lbit=0x10 cbit=0x3f,2f,5,1,460583693,3f,0,0,0,0,[105963577867,15000000] 15
11-07 16:58:28.772     0     0 I         : [T500125] [wdk-c] cpu=5 o_k=5 lbit=0x30 cbit=0x3f,f,5,1,460583693,3f,0,0,0,0,[106005008867,14958569] 15
11-07 16:58:28.772     0     0 I         : [T200122] [wdk-c] cpu=2 o_k=2 lbit=0x34 cbit=0x3f,b,5,1,460583693,3f,0,0,0,0,[106005300560,14958279] 15
11-07 16:58:28.772   120   120 I         : [wdk-c] cpu=0 o_k=0 lbit=0x35 cbit=0x3f,a,5,1,460583693,3f,0,0,0,0,[106006895021,14956684] 15
11-07 16:58:28.772     0     0 I         : [T100121] [wdk-c] cpu=1 o_k=1 lbit=0x37 cbit=0x3f,8,5,1,460583693,3f,0,0,0,0,[106006942175,14956637] 15
11-07 16:58:28.773     0     0 I [T300123] [thread: 123] 2025-11-07 11:28:28.770956 UTC;android time 2025-11-07 16:58:28.770956
11-07 16:58:28.773     0     0 I         : [T300123] [wdk-k] cpu=3 o_k=3 lbit=0x3f cbit=0x3f,0,5,1,460583693,3f,0,0,0,0,[106007565252,14956013] 15
11-07 16:58:30.560     0     0 I         : [T201285] hang_detect HANG_KICK ( 300)
11-07 16:58:30.560     0     0 I         : [T201285] [Hang_Detect] hang_detect enabled 10
11-07 16:58:30.700     0     0 D [T200408] logd: Compressed Log, buffer max size: 65536 size used: 65532 compressed size: 13757
11-07 16:58:30.700     0     0 D [T200408] logd: Pruned Logs from log_id: 0, previous size: 267486 after size: 258436
11-07 16:58:30.944   408   408 D logd    : Compressed Log, buffer max size: 65536 size used: 65356 compressed size: 7186
11-07 16:58:31.292   408   408 D logd    : Compressed Log, buffer max size: 65536 size used: 65509 compressed size: 10844
11-07 16:58:31.302   408   408 D logd    : Pruned Logs from log_id: 0, previous size: 269360 after size: 255569
11-07 16:58:31.744     0     0 D [T200408] logd: Compressed Log, buffer max size: 65536 size used: 65535 compressed size: 10336
11-07 16:58:31.746     0     0 D [T200408] logd: Pruned Logs from log_id: 0, previous size: 265985 after size: 257005
11-07 16:58:32.302   408   408 D logd    : Pruned Logs from log_id: 0, previous size: 268166 after size: 255909
11-07 16:58:32.756     0     0 D [T300408] logd: Compressed Log, buffer max size: 65536 size used: 65446 compressed size: 11654
11-07 16:58:33.908     0     0 I         : [T200777] [wdtk] kick watchdog
11-07 16:58:36.168     0     0 D [T300408] logd: Compressed Log, buffer max size: 65536 size used: 65303 compressed size: 9279
11-07 16:58:36.170     0     0 D [T300408] logd: Pruned Logs from log_id: 0, previous size: 266597 after size: 256683
11-07 16:58:36.436   597   597 I         : timesync host boottime 113628335389
11-07 16:58:36.464     0     0 D [T200408] logd: Compressed Log, buffer max size: 65536 size used: 65399 compressed size: 13913
11-07 16:58:36.464     0     0 D [T200408] logd: Pruned Logs from log_id: 0, previous size: 270676 after size: 258428
11-07 16:58:37.220     0     0 D [T200408] logd: Compressed Log, buffer max size: 65536 size used: 65042 compressed size: 9883
11-07 16:58:37.223     0     0 D [T200408] logd: Pruned Logs from log_id: 0, previous size: 268391 after size: 259475
11-07 16:58:37.528     0     0 D [T200408] logd: Compressed Log, buffer max size: 65536 size used: 65501 compressed size: 12253
11-07 16:58:37.528     0     0 D [T200408] logd: Pruned Logs from log_id: 0, previous size: 271808 after size: 257708
11-07 16:58:38.176     0     0 D [T300408] logd: Compressed Log, buffer max size: 65536 size used: 65505 compressed size: 8216
11-07 16:58:38.178     0     0 D [T300408] logd: Pruned Logs from log_id: 0, previous size: 266004 after size: 256790
11-07 16:58:41.245     0     0 D [T300408] logd: Compressed Log, buffer max size: 65536 size used: 65530 compressed size: 9813
11-07 16:58:41.246     0     0 D [T100408] logd: Pruned Logs from log_id: 0, previous size: 267597 after size: 256436
11-07 16:58:41.668     0     0 D [T200408] logd: Compressed Log, buffer max size: 65536 size used: 65522 compressed size: 12166
11-07 16:58:41.668     0     0 D [T200408] logd: Pruned Logs from log_id: 0, previous size: 268682 after size: 256948
11-07 16:58:42.245     0     0 D [T300408] logd: Compressed Log, buffer max size: 65536 size used: 64944 compressed size: 8966
11-07 16:58:42.245     0     0 D [T300408] logd: Pruned Logs from log_id: 0, previous size: 265994 after size: 254825
11-07 16:58:42.700   408   408 D logd    : Compressed Log, buffer max size: 65536 size used: 65442 compressed size: 14118
11-07 16:58:42.703   408   408 D logd    : Pruned Logs from log_id: 0, previous size: 269023 after size: 258812
11-07 16:58:43.300     0     0 D [T300408] logd: Compressed Log, buffer max size: 65536 size used: 65427 compressed size: 10737
11-07 16:58:43.303     0     0 D [T300408] logd: Pruned Logs from log_id: 0, previous size: 269629 after size: 256256
11-07 16:58:43.816     0     0 I         : [T300123] [wdk-c] cpu=3 o_k=3 lbit=0x8 cbit=0x3f,37,5,1,460583693,3f,0,0,0,0,[121049902211,15000000] 20
11-07 16:58:43.816     0     0 I         : [T200122] [wdk-c] cpu=2 o_k=2 lbit=0xc cbit=0x3f,33,5,1,460583693,3f,0,0,0,0,[121051918211,14997984] 20
11-07 16:58:43.828   120   120 I         : [wdk-c] cpu=0 o_k=0 lbit=0xd cbit=0x3f,32,5,1,460583693,3f,0,0,0,0,[121063320365,14986581] 20
11-07 16:58:43.828     0     0 I         : [T100121] [wdk-c] cpu=1 o_k=1 lbit=0xf cbit=0x3f,30,5,1,460583693,3f,0,0,0,0,[121063603442,14986298] 20
11-07 16:58:43.828     0     0 I         : [T400124] [wdk-c] cpu=4 o_k=4 lbit=0x1f cbit=0x3f,20,5,1,460583693,3f,0,0,0,0,[121063753903,14986147] 20
11-07 16:58:43.828     0     0 I [T500125] [thread: 125] 2025-11-07 11:28:43.827312 UTC;android time 2025-11-07 16:58:43.827312
11-07 16:58:43.829     0     0 I         : [T500125] [wdk-k] cpu=5 o_k=5 lbit=0x3f cbit=0x3f,0,5,1,460583693,3f,0,0,0,0,[121063928365,14985972] 20
11-07 16:58:44.632     0     0 I         : [T100126] [Hang_Detect] hang_detect thread counts down 10:10, status 1.
11-07 16:58:46.340   408   408 D logd    : Compressed Log, buffer max size: 65536 size used: 65416 compressed size: 12510
11-07 16:58:46.340   408   408 D logd    : Pruned Logs from log_id: 0, previous size: 268601 after size: 256268
11-07 16:58:46.680   597   597 I         : timesync host boottime 123872321620
11-07 16:58:46.832     0     0 D [T200408] logd: Compressed Log, buffer max size: 65536 size used: 65440 compressed size: 10934
11-07 16:58:46.833     0     0 D [T200408] logd: Pruned Logs from log_id: 0, previous size: 267282 after size: 258986
11-07 16:58:47.272     0     0 D [T200408] logd: Compressed Log, buffer max size: 65536 size used: 65209 compressed size: 6891
11-07 16:58:47.324     0     0 D [T200408] logd: Compressed Log, buffer max size: 65536 size used: 65473 compressed size: 10650
11-07 16:58:47.327     0     0 D [T200408] logd: Pruned Logs from log_id: 0, previous size: 269716 after size: 255580
11-07 16:58:47.989     0     0 D [T200408] logd: Pruned Logs from log_id: 0, previous size: 266130 after size: 256794
