11-07 16:58:51.442     0     0 D [T300408] logd: Pruned Logs from log_id: 0, previous size: 270253 after size: 256055
11-07 16:58:52.047   408   408 D logd    : Pruned Logs from log_id: 0, previous size: 265447 after size: 254630
11-07 16:58:52.364     0     0 D [T300408] logd: Compressed Log, buffer max size: 65536 size used: 65522 compressed size: 13390
11-07 16:58:52.364     0     0 D [T300408] logd: Pruned Logs from log_id: 0, previous size: 268100 after size: 257050
11-07 16:58:52.900   408   408 D logd    : Compressed Log, buffer max size: 65536 size used: 65498 compressed size: 10419
11-07 16:58:53.908     0     0 I         : [T300777] [wdtk] kick watchdog
11-07 16:58:56.768     0     0 D [T200408] logd: Compressed Log, buffer max size: 65536 size used: 65483 compressed size: 12066
11-07 16:58:56.770     0     0 D [T200408] logd: Pruned Logs from log_id: 0, previous size: 269438 after size: 256727
11-07 16:58:56.916   597   597 I         : timesync host boottime 134108216313
11-07 16:58:57.304     0     0 D [T100408] logd: Compressed Log, buffer max size: 65536 size used: 65453 compressed size: 10853
11-07 16:58:57.304     0     0 D [T100408] logd: Pruned Logs from log_id: 0, previous size: 267660 after size: 256853
11-07 16:58:57.552     0     0 W [T200671] audit: audit_lost=2180 audit_rate_limit=5 audit_backlog_limit=64
11-07 16:58:57.552     0     0 E [T200671] audit: rate limit exceeded
11-07 16:58:57.772     0     0 D [T300408] logd: Compressed Log, buffer max size: 65536 size used: 65453 compressed size: 10612
11-07 16:58:58.872     0     0 I         : [T500125] [wdk-c] cpu=5 o_k=5 lbit=0x20 cbit=0x3f,1f,5,1,460583693,3f,0,0,0,0,[136107577247,15000000] 25
11-07 16:58:58.904   120   120 I         : [wdk-c] cpu=0 o_k=0 lbit=0x21 cbit=0x3f,1e,5,1,460583693,3f,0,0,0,0,[136140493016,14967085] 25
11-07 16:58:58.916     0     0 I         : [T400124] [wdk-c] cpu=4 o_k=4 lbit=0x31 cbit=0x3f,e,5,1,460583693,3f,0,0,0,0,[136149002862,14958574] 25
11-07 16:58:58.916     0     0 I         : [T300123] [wdk-c] cpu=3 o_k=3 lbit=0x39 cbit=0x3f,6,5,1,460583693,3f,0,0,0,0,[136149017016,14958561] 25
11-07 16:58:58.916     0     0 I         : [T200122] [wdk-c] cpu=2 o_k=2 lbit=0x3d cbit=0x3f,2,5,1,460583693,3f,0,0,0,0,[136149199478,14958378] 25
11-07 16:58:58.917     0     0 I [T100121] [thread: 121] 2025-11-07 11:28:58.913116 UTC;android time 2025-11-07 16:58:58.913116
11-07 16:58:58.917     0     0 I         : [T100121] [wdk-k] cpu=1 o_k=1 lbit=0x3f cbit=0x3f,0,5,1,460583693,3f,0,0,0,0,[136149724939,14957853] 25
11-07 16:59:00.564     0     0 I         : [T301285] hang_detect HANG_KICK ( 300)
11-07 16:59:00.566     0     0 I         : [T301285] [Hang_Detect] hang_detect enabled 10
11-07 16:59:01.897     0     0 D [T100408] logd: Compressed Log, buffer max size: 65536 size used: 65445 compressed size: 9193
11-07 16:59:01.898     0     0 D [T100408] logd: Pruned Logs from log_id: 0, previous size: 268713 after size: 256919
11-07 16:59:02.327   408   408 D logd    : Compressed Log, buffer max size: 65536 size used: 65486 compressed size: 11630
11-07 16:59:02.337   408   408 D logd    : Pruned Logs from log_id: 0, previous size: 268629 after size: 259040
11-07 16:59:07.116   408   408 D logd    : Compressed Log, buffer max size: 65536 size used: 65470 compressed size: 10102
11-07 16:59:07.118   408   408 D logd    : Pruned Logs from log_id: 0, previous size: 269038 after size: 256885
11-07 16:59:07.156   597   597 I         : timesync host boottime 144348296622
11-07 16:59:07.500     0     0 D [T100408] logd: Compressed Log, buffer max size: 65536 size used: 65521 compressed size: 11959
11-07 16:59:07.503     0     0 D [T100408] logd: Pruned Logs from log_id: 0, previous size: 268924 after size: 257187
11-07 16:59:08.032     0     0 D [T300408] logd: Compressed Log, buffer max size: 65536 size used: 65517 compressed size: 8794
11-07 16:59:08.032     0     0 D [T300408] logd: Pruned Logs from log_id: 0, previous size: 266061 after size: 255307
11-07 16:59:12.305   408   408 D logd    : Compressed Log, buffer max size: 65536 size used: 65449 compressed size: 11380
11-07 16:59:12.305   408   408 D logd    : Pruned Logs from log_id: 0, previous size: 268266 after size: 256092
11-07 16:59:12.644     0     0 D [T300408] logd: Compressed Log, buffer max size: 65536 size used: 65497 compressed size: 10671
11-07 16:59:12.644     0     0 D [T300408] logd: Pruned Logs from log_id: 0, previous size: 266843 after size: 257486
11-07 16:59:13.276     0     0 D [T100408] logd: Compressed Log, buffer max size: 65536 size used: 65447 compressed size: 11648
11-07 16:59:13.277     0     0 D [T100408] logd: Pruned Logs from log_id: 0, previous size: 269214 after size: 255551
11-07 16:59:13.908     0     0 I         : [T200777] [wdtk] kick watchdog
11-07 16:59:13.956   120   120 I         : [wdk-c] cpu=0 o_k=0 lbit=0x1 cbit=0x3f,3e,5,1,460583693,3f,0,0,0,0,[151190071437,15000000] 29
11-07 16:59:13.972     0     0 I         : [T400124] [wdk-c] cpu=4 o_k=4 lbit=0x11 cbit=0x3f,2e,5,1,460583693,3f,0,0,0,0,[151204943206,14985127] 29
11-07 16:59:13.972     0     0 I         : [T500125] [wdk-c] cpu=5 o_k=5 lbit=0x31 cbit=0x3f,e,5,1,460583693,3f,0,0,0,0,[151204957360,14985113] 29
11-07 16:59:13.972     0     0 I         : [T300123] [wdk-c] cpu=3 o_k=3 lbit=0x39 cbit=0x3f,6,5,1,460583693,3f,0,0,0,0,[151205309667,14984761] 29
11-07 16:59:13.972     0     0 I         : [T200122] [wdk-c] cpu=2 o_k=2 lbit=0x3d cbit=0x3f,2,5,1,460583693,3f,0,0,0,0,[151205716744,14984354] 29
11-07 16:59:13.972     0     0 I [T100121] [thread: 121] 2025-11-07 11:29:13.970985 UTC;android time 2025-11-07 16:59:13.970985
11-07 16:59:13.972     0     0 I         : [T100121] [wdk-k] cpu=1 o_k=1 lbit=0x3f cbit=0x3f,0,5,1,460583693,3f,0,0,0,0,[151207594206,14982477] 29
11-07 16:59:15.352     0     0 I         : [T100126] [Hang_Detect] hang_detect thread counts down 10:10, status 1.
11-07 16:59:17.400   597   597 I         : timesync host boottime 154592128622
11-07 16:59:18.324     0     0 D [T100408] logd: Compressed Log, buffer max size: 65536 size used: 65462 compressed size: 12638
11-07 16:59:18.332     0     0 D [T100408] logd: Pruned Logs from log_id: 0, previous size: 270143 after size: 258458
11-07 16:59:18.666     0     0 D [T200408] logd: Compressed Log, buffer max size: 65536 size used: 65444 compressed size: 10850
11-07 16:59:18.666     0     0 D [T200408] logd: Pruned Logs from log_id: 0, previous size: 269388 after size: 257205
11-07 16:59:18.772     0     0 D [T200408] logd: Compressed Log, buffer max size: 65536 size used: 65444 compressed size: 6942
11-07 16:59:22.764     0     0 D [T100408] logd: Compressed Log, buffer max size: 65536 size used: 65499 compressed size: 8341
11-07 16:59:23.200   408   408 D logd    : Compressed Log, buffer max size: 65536 size used: 65498 compressed size: 9489
11-07 16:59:23.200   408   408 D logd    : Pruned Logs from log_id: 0, previous size: 268489 after size: 256587
11-07 16:59:23.600   408   408 D logd    : Compressed Log, buffer max size: 65536 size used: 65486 compressed size: 11922
11-07 16:59:23.601   408   408 D logd    : Pruned Logs from log_id: 0, previous size: 268589 after size: 256935
11-07 16:59:24.305     0     0 D [T100408] logd: Compressed Log, buffer max size: 65536 size used: 65485 compressed size: 12093
11-07 16:59:24.305     0     0 D [T100408] logd: Pruned Logs from log_id: 0, previous size: 269108 after size: 258132
11-07 16:59:24.764     0     0 D [T200408] logd: Compressed Log, buffer max size: 65536 size used: 65533 compressed size: 11049
11-07 16:59:27.640   597   597 I         : timesync host boottime 164832276931
11-07 16:59:28.305   408   408 D logd    : Compressed Log, buffer max size: 65536 size used: 65458 compressed size: 12259
11-07 16:59:28.305   408   408 D logd    : Pruned Logs from log_id: 0, previous size: 266780 after size: 255286
11-07 16:59:28.720     0     0 D [T100408] logd: Compressed Log, buffer max size: 65536 size used: 65509 compressed size: 11412
11-07 16:59:28.722     0     0 D [T100408] logd: Pruned Logs from log_id: 0, previous size: 266778 after size: 255768
11-07 16:59:28.968     0     0 I         : [T500125] [wdk-c] cpu=5 o_k=5 lbit=0x20 cbit=0x3f,1f,5,1,460583693,3f,0,0,0,0,[166203583165,15000000] 15
11-07 16:59:29.016     0     0 I         : [T300123] [wdk-c] cpu=3 o_k=3 lbit=0x28 cbit=0x3f,17,5,1,460583693,3f,0,0,0,0,[166252274626,14951308] 14
11-07 16:59:29.040   120   120 I         : [wdk-c] cpu=0 o_k=0 lbit=0x29 cbit=0x3f,16,5,1,460583693,3f,0,0,0,0,[166274101934,14929481] 14
11-07 16:59:29.052     0     0 I         : [T100121] [wdk-c] cpu=1 o_k=1 lbit=0x2b cbit=0x3f,14,5,1,460583693,3f,0,0,0,0,[166285253703,14918330] 14
11-07 16:59:29.052     0     0 I         : [T400124] [wdk-c] cpu=4 o_k=4 lbit=0x3b cbit=0x3f,4,5,1,460583693,3f,0,0,0,0,[166289006011,14914576] 14
11-07 16:59:29.056     0     0 I [T200122] [thread: 122] 2025-11-07 11:29:29.53469 UTC;android time 2025-11-07 16:59:29.53469
11-07 16:59:29.056     0     0 I         : [T200122] [wdk-k] cpu=2 o_k=2 lbit=0x3f cbit=0x3f,0,5,1,460583693,3f,0,0,0,0,[166290078011,14913506] 14
11-07 16:59:29.312     0     0 D [T300408] logd: Compressed Log, buffer max size: 65536 size used: 65481 compressed size: 11165
11-07 16:59:29.314     0     0 D [T300408] logd: Pruned Logs from log_id: 0, previous size: 267013 after size: 255486
11-07 16:59:29.828     0     0 D [T100408] logd: Compressed Log, buffer max size: 65536 size used: 65491 compressed size: 10971
11-07 16:59:29.830     0     0 D [T100408] logd: Pruned Logs from log_id: 0, previous size: 266537 after size: 255742
11-07 16:59:30.564     0     0 I         : [T201285] hang_detect HANG_KICK ( 300)
11-07 16:59:30.564     0     0 I         : [T201285] [Hang_Detect] hang_detect enabled 10
11-07 16:59:33.324     0     0 D [T100408] logd: Compressed Log, buffer max size: 65536 size used: 65473 compressed size: 11182
11-07 16:59:33.329   408   408 D logd    : Pruned Logs from log_id: 0, previous size: 268407 after size: 257278
11-07 16:59:33.908     0     0 I         : [T300777] [wdtk] kick watchdog
11-07 16:59:33.964     0     0 D [T100408] logd: Compressed Log, buffer max size: 65536 size used: 65448 compressed size: 9583
11-07 16:59:33.966     0     0 D [T100408] logd: Pruned Logs from log_id: 0, previous size: 266941 after size: 255690
11-07 16:59:34.432     0     0 D [T200408] logd: Compressed Log, buffer max size: 65536 size used: 65514 compressed size: 12927
11-07 16:59:34.432     0     0 D [T200408] logd: Pruned Logs from log_id: 0, previous size: 268697 after size: 258480
11-07 16:59:34.508     0     0 D [T300408] logd: Compressed Log, buffer max size: 65536 size used: 65122 compressed size: 6919
11-07 16:59:34.964     0     0 D [T100408] logd: Compressed Log, buffer max size: 65536 size used: 65477 compressed size: 10149
11-07 16:59:34.965     0     0 D [T100408] logd: Pruned Logs from log_id: 0, previous size: 268709 after size: 258252
11-07 16:59:37.880   597   597 I         : timesync host boottime 175072157623
11-07 16:59:38.568     0     0 D [T100408] logd: Compressed Log, buffer max size: 65536 size used: 65451 compressed size: 12878
11-07 16:59:38.569     0     0 D [T100408] logd: Pruned Logs from log_id: 0, previous size: 268510 after size: 257459
11-07 16:59:39.132     0     0 D [T300408] logd: Compressed Log, buffer max size: 65536 size used: 65385 compressed size: 9727
11-07 16:59:39.132     0     0 D [T300408] logd: Pruned Logs from log_id: 0, previous size: 267266 after size: 255361
11-07 16:59:39.600     0     0 D [T300408] logd: Compressed Log, buffer max size: 65536 size used: 65469 compressed size: 11412
11-07 16:59:39.600     0     0 D [T300408] logd: Pruned Logs from log_id: 0, previous size: 266853 after size: 255337
11-07 16:59:39.844     0     0 I [T102895] [wlan]saaFsmRunEventRxDisassoc: (SAA INFO) Recv Disassoc from SA[50:c3:a2:4a:85:69] DA[ff:ff:ff:ff:ff:ff] BSSID[50:c3:a2:4a:85:69] ReasonCode[3]
11-07 16:59:40.276     0     0 D [T300408] logd: Compressed Log, buffer max size: 65536 size used: 65497 compressed size: 11756
11-07 16:59:40.276     0     0 D [T300408] logd: Pruned Logs from log_id: 0, previous size: 267173 after size: 254920
11-07 16:59:40.664     0     0 D [T100408] logd: Compressed Log, buffer max size: 65536 size used: 65498 compressed size: 10920
11-07 16:59:40.665     0     0 D [T100408] logd: Pruned Logs from log_id: 0, previous size: 265920 after size: 256656
11-07 16:59:43.664   408   408 D logd    : Compressed Log, buffer max size: 65536 size used: 65427 compressed size: 11015
11-07 16:59:43.665   408   408 D logd    : Pruned Logs from log_id: 0, previous size: 266647 after size: 256418
11-07 16:59:43.972     0     0 I         : [T500125] [wdk-c] cpu=5 o_k=5 lbit=0x20 cbit=0x3f,1f,5,1,460583693,3f,0,0,0,0,[181205562662,15000000] 19
11-07 16:59:44.048     0     0 I         : [T100121] [wdk-c] cpu=1 o_k=1 lbit=0x22 cbit=0x3f,1d,5,1,460583693,3f,0,0,0,0,[181284017739,14921546] 19
11-07 16:59:44.064   120   120 I         : [wdk-c] cpu=0 o_k=0 lbit=0x23 cbit=0x3f,1c,5,1,460583693,3f,0,0,0,0,[181299943278,14905620] 19
11-07 16:59:44.065     0     0 I         : [T400124] [wdk-c] cpu=4 o_k=4 lbit=0x33 cbit=0x3f,c,5,1,460583693,3f,0,0,0,0,[181301048201,14904514] 19
11-07 16:59:44.068     0     0 I         : [T300123] [wdk-c] cpu=3 o_k=3 lbit=0x3b cbit=0x3f,4,5,1,460583693,3f,0,0,0,0,[181302153739,14903409] 19
11-07 16:59:44.068     0     0 I [T200122] [thread: 122] 2025-11-07 11:29:44.66750 UTC;android time 2025-11-07 16:59:44.66750
11-07 16:59:44.068     0     0 I         : [T200122] [wdk-k] cpu=2 o_k=2 lbit=0x3f cbit=0x3f,0,5,1,460583693,3f,0,0,0,0,[181303359585,14902203] 19
11-07 16:59:44.268     0     0 D [T100408] logd: Compressed Log, buffer max size: 65536 size used: 65506 compressed size: 11089
11-07 16:59:44.272     0     0 D [T100408] logd: Pruned Logs from log_id: 0, previous size: 267587 after size: 256029
11-07 16:59:44.700   408   408 D logd    : Compressed Log, buffer max size: 65536 size used: 65494 compressed size: 11515
11-07 16:59:44.701   408   408 D logd    : Pruned Logs from log_id: 0, previous size: 267624 after size: 258367
11-07 16:59:45.284     0     0 D [T100408] logd: Compressed Log, buffer max size: 65536 size used: 65476 compressed size: 11794
11-07 16:59:45.284     0     0 D [T100408] logd: Pruned Logs from log_id: 0, previous size: 270241 after size: 257125
11-07 16:59:45.800   408   408 D logd    : Compressed Log, buffer max size: 65536 size used: 65508 compressed size: 10458
11-07 16:59:46.072     0     0 I         : [T100126] [Hang_Detect] hang_detect thread counts down 10:10, status 1.
11-07 16:59:48.120   597   597 I         : timesync host boottime 185312167393
11-07 16:59:48.965   408   408 D logd    : Pruned Logs from log_id: 0, previous size: 269315 after size: 257479
11-07 16:59:49.500     0     0 D [T300408] logd: Compressed Log, buffer max size: 65536 size used: 65524 compressed size: 11856
11-07 16:59:49.502     0     0 D [T300408] logd: Pruned Logs from log_id: 0, previous size: 269415 after size: 258415
11-07 16:59:50.124     0     0 D [T300408] logd: Compressed Log, buffer max size: 65536 size used: 65531 compressed size: 8975
11-07 16:59:50.127     0     0 D [T300408] logd: Pruned Logs from log_id: 0, previous size: 267470 after size: 256888
11-07 16:59:50.536     0     0 D [T100408] logd: Compressed Log, buffer max size: 65536 size used: 65485 compressed size: 12769
11-07 16:59:50.536     0     0 D [T200408] logd: Pruned Logs from log_id: 0, previous size: 269737 after size: 258357
11-07 16:59:50.732     0     0 D [T300408] logd: Compressed Log, buffer max size: 65536 size used: 65411 compressed size: 6889
11-07 16:59:50.872     0     0 D [T200408] logd: Compressed Log, buffer max size: 65536 size used: 65493 compressed size: 7634
11-07 16:59:52.820     0     0 W [T200671] audit: audit_lost=2181 audit_rate_limit=5 audit_backlog_limit=64
11-07 16:59:52.820     0     0 E [T200671] audit: rate limit exceeded
11-07 16:59:53.908     0     0 I         : [T200777] [wdtk] kick watchdog
11-07 16:59:54.341   408   408 D logd    : Compressed Log, buffer max size: 65536 size used: 65502 compressed size: 12772
11-07 16:59:54.342     0     0 D [T100408] logd: Pruned Logs from log_id: 0, previous size: 271102 after size: 259228
11-07 16:59:54.952     0     0 D [T100408] logd: Compressed Log, buffer max size: 65536 size used: 65478 compressed size: 11419
11-07 16:59:54.952     0     0 D [T100408] logd: Pruned Logs from log_id: 0, previous size: 270727 after size: 260189
11-07 16:59:55.432   408   408 D logd    : Compressed Log, buffer max size: 65536 size used: 65510 compressed size: 12094
11-07 16:59:55.434   408   408 D logd    : Pruned Logs from log_id: 0, previous size: 272363 after size: 259127
11-07 16:59:55.992   408   408 D logd    : Compressed Log, buffer max size: 65536 size used: 65438 compressed size: 9048
11-07 16:59:55.992   408   408 D logd    : Pruned Logs from log_id: 0, previous size: 268255 after size: 258173
11-07 16:59:56.359     0     0 D [T300408] logd: Pruned Logs from log_id: 0, previous size: 270709 after size: 258841
11-07 16:59:58.360   597   597 I         : timesync host boottime 195552432702
11-07 16:59:58.852     0     0 W [T300671] audit: audit_lost=2182 audit_rate_limit=5 audit_backlog_limit=64
11-07 16:59:58.852     0     0 E [T300671] audit: rate limit exceeded
11-07 16:59:59.016     0     0 I         : [T100121] [wdk-c] cpu=1 o_k=1 lbit=0x2 cbit=0x3f,3d,5,1,460583693,3f,0,0,0,0,[196250200236,15000000] 24
11-07 16:59:59.032     0     0 I         : [T500125] [wdk-c] cpu=5 o_k=5 lbit=0x22 cbit=0x3f,1d,5,1,460583693,3f,0,0,0,0,[196267580467,14982619] 24
11-07 16:59:59.068     0     0 I         : [T300123] [wdk-c] cpu=3 o_k=3 lbit=0x2a cbit=0x3f,15,5,1,460583693,3f,0,0,0,0,[196304007621,14946193] 24
11-07 16:59:59.068   120   120 I         : [wdk-c] cpu=0 o_k=0 lbit=0x2b cbit=0x3f,14,5,1,460583693,3f,0,0,0,0,[196304973390,14945227] 24
11-07 16:59:59.069     0     0 I         : [T400124] [wdk-c] cpu=4 o_k=4 lbit=0x3b cbit=0x3f,4,5,1,460583693,3f,0,0,0,0,[196305004775,14945195] 24
11-07 16:59:59.069     0     0 I [T200122] [thread: 122] 2025-11-07 11:29:59.68694 UTC;android time 2025-11-07 16:59:59.68694
11-07 16:59:59.069     0     0 I         : [T200122] [wdk-k] cpu=2 o_k=2 lbit=0x3f cbit=0x3f,0,5,1,460583693,3f,0,0,0,0,[196305304775,14944895] 24
11-07 16:59:59.772     0     0 D [T100408] logd: Compressed Log, buffer max size: 65536 size used: 65429 compressed size: 11702
11-07 16:59:59.772     0     0 D [T100408] logd: Pruned Logs from log_id: 0, previous size: 272347 after size: 259498
11-07 17:00:00.272     0     0 D [T100408] logd: Compressed Log, buffer max size: 65536 size used: 65388 compressed size: 10888
11-07 17:00:00.272     0     0 D [T100408] logd: Pruned Logs from log_id: 0, previous size: 270466 after size: 259867
11-07 17:00:00.569     0     0 I         : [T101285] hang_detect HANG_KICK ( 300)
11-07 17:00:00.569     0     0 I         : [T101285] [Hang_Detect] hang_detect enabled 10
11-07 17:00:00.668     0     0 D [T300408] logd: Compressed Log, buffer max size: 65536 size used: 65459 compressed size: 11357
11-07 17:00:00.668     0     0 D [T300408] logd: Pruned Logs from log_id: 0, previous size: 271304 after size: 259660
11-07 17:00:01.269     0     0 D [T100408] logd: Compressed Log, buffer max size: 65536 size used: 65452 compressed size: 11251
11-07 17:00:01.272     0     0 D [T300408] logd: Pruned Logs from log_id: 0, previous size: 270991 after size: 258547
11-07 17:00:01.732     0     0 D [T200408] logd: Compressed Log, buffer max size: 65536 size used: 65455 compressed size: 10724
11-07 17:00:01.734     0     0 D [T200408] logd: Pruned Logs from log_id: 0, previous size: 269351 after size: 258516
11-07 17:00:04.921     0     0 D [T300408] logd: Pruned Logs from log_id: 3, previous size: 268461 after size: 253880
11-07 17:00:04.952     0     0 D [T100408] logd: Compressed Log, buffer max size: 65536 size used: 65526 compressed size: 11234
11-07 17:00:04.952     0     0 D [T100408] logd: Pruned Logs from log_id: 0, previous size: 268137 after size: 259009
11-07 17:00:05.358     0     0 D [T200408] logd: Pruned Logs from log_id: 0, previous size: 271165 after size: 258629
11-07 17:00:05.988     0     0 D [T200408] logd: Compressed Log, buffer max size: 65536 size used: 65498 compressed size: 9769
11-07 17:00:05.989     0     0 D [T200408] logd: Pruned Logs from log_id: 0, previous size: 268478 after size: 258122
11-07 17:00:08.600   597   597 I         : timesync host boottime 205792105548
11-07 17:00:10.256   408   408 D logd    : Compressed Log, buffer max size: 65536 size used: 65368 compressed size: 10572
11-07 17:00:10.266     0     0 D [T300408] logd: Pruned Logs from log_id: 0, previous size: 268628 after size: 257297
11-07 17:00:10.764     0     0 D [T100408] logd: Compressed Log, buffer max size: 65536 size used: 65520 compressed size: 12821
11-07 17:00:10.766     0     0 D [T100408] logd: Pruned Logs from log_id: 0, previous size: 270198 after size: 259394
11-07 17:00:11.308     0     0 D [T300408] logd: Compressed Log, buffer max size: 65536 size used: 65493 compressed size: 11377
11-07 17:00:11.309     0     0 D [T300408] logd: Pruned Logs from log_id: 0, previous size: 270851 after size: 259889
11-07 17:00:11.832     0     0 D [T300408] logd: Compressed Log, buffer max size: 65536 size used: 65486 compressed size: 10714
11-07 17:00:13.908     0     0 I         : [T100777] [wdtk] kick watchdog
11-07 17:00:14.072     0     0 I         : [T400124] [wdk-c] cpu=4 o_k=4 lbit=0x10 cbit=0x3f,2f,5,1,460583693,3f,0,0,0,0,[211307707965,15000000] 29
11-07 17:00:14.112     0     0 I         : [T200122] [wdk-c] cpu=2 o_k=2 lbit=0x14 cbit=0x3f,2b,5,1,460583693,3f,0,0,0,0,[211348000580,14959709] 29
11-07 17:00:14.112   120   120 I         : [wdk-c] cpu=0 o_k=0 lbit=0x15 cbit=0x3f,2a,5,1,460583693,3f,0,0,0,0,[211348884272,14958825] 29
11-07 17:00:14.113     0     0 I         : [T300123] [wdk-c] cpu=3 o_k=3 lbit=0x1d cbit=0x3f,22,5,1,460583693,3f,0,0,0,0,[211348931272,14958778] 29
11-07 17:00:14.113     0     0 I         : [T500125] [wdk-c] cpu=5 o_k=5 lbit=0x3d cbit=0x3f,2,5,1,460583693,3f,0,0,0,0,[211348982119,14958726] 29
11-07 17:00:14.113     0     0 I [T100121] [thread: 121] 2025-11-07 11:30:14.112694 UTC;android time 2025-11-07 17:00:14.112694
11-07 17:00:14.113     0     0 I         : [T100121] [wdk-k] cpu=1 o_k=1 lbit=0x3f cbit=0x3f,0,5,1,460583693,3f,0,0,0,0,[211349303580,14958406] 29
11-07 17:00:15.000     0     0 D [T200408] logd: Compressed Log, buffer max size: 65536 size used: 65520 compressed size: 10034
11-07 17:00:15.001     0     0 D [T200408] logd: Pruned Logs from log_id: 0, previous size: 269537 after size: 259688
11-07 17:00:15.568     0     0 D [T100408] logd: Compressed Log, buffer max size: 65536 size used: 65505 compressed size: 11577
11-07 17:00:15.569     0     0 D [T100408] logd: Pruned Logs from log_id: 0, previous size: 271345 after size: 258662
11-07 17:00:15.848   408   408 D logd    : Compressed Log, buffer max size: 65536 size used: 65361 compressed size: 6697
11-07 17:00:16.096   408   408 D logd    : Compressed Log, buffer max size: 65536 size used: 65450 compressed size: 9443
11-07 17:00:16.098   408   408 D logd    : Pruned Logs from log_id: 0, previous size: 268185 after size: 258102
11-07 17:00:16.652     0     0 D [T200408] logd: Compressed Log, buffer max size: 65536 size used: 65407 compressed size: 13189
11-07 17:00:16.653     0     0 D [T200408] logd: Pruned Logs from log_id: 0, previous size: 271371 after size: 259057
11-07 17:00:16.792     0     0 I         : [T100126] [Hang_Detect] hang_detect thread counts down 10:10, status 1.
11-07 17:00:18.840   597   597 I         : timesync host boottime 216032125626
11-07 17:00:20.320   408   408 D logd    : Compressed Log, buffer max size: 65536 size used: 65508 compressed size: 12056
11-07 17:00:20.320   408   408 D logd    : Pruned Logs from log_id: 0, previous size: 270711 after size: 259254
11-07 17:00:20.968   408   408 D logd    : Compressed Log, buffer max size: 65536 size used: 65495 compressed size: 10829
11-07 17:00:20.968   408   408 D logd    : Pruned Logs from log_id: 0, previous size: 270163 after size: 259369
11-07 17:00:21.364     0     0 D [T300408] logd: Compressed Log, buffer max size: 65536 size used: 65529 compressed size: 12582
11-07 17:00:25.812     0     0 D [T200408] logd: Compressed Log, buffer max size: 65536 size used: 65454 compressed size: 10660
11-07 17:00:25.813     0     0 D [T200408] logd: Pruned Logs from log_id: 0, previous size: 271610 after size: 258341
11-07 17:00:26.320     0     0 D [T100408] logd: Compressed Log, buffer max size: 65536 size used: 65454 compressed size: 12208
11-07 17:00:26.320     0     0 D [T100408] logd: Pruned Logs from log_id: 0, previous size: 270629 after size: 259761
11-07 17:00:26.904     0     0 D [T200408] logd: Compressed Log, buffer max size: 65536 size used: 65517 compressed size: 11143
11-07 17:00:26.906     0     0 D [T200408] logd: Pruned Logs from log_id: 0, previous size: 270984 after size: 260030
11-07 17:00:27.304     0     0 D [T100408] logd: Compressed Log, buffer max size: 65536 size used: 65484 compressed size: 11450
11-07 17:00:27.304     0     0 D [T100408] logd: Pruned Logs from log_id: 0, previous size: 271560 after size: 259872
11-07 17:00:29.076   597   597 I         : timesync host boottime 226268255473
11-07 17:00:29.112     0     0 I         : [T500125] [wdk-c] cpu=5 o_k=5 lbit=0x20 cbit=0x3f,1f,5,1,460583693,3f,0,0,0,0,[226347705539,15000000] 15
11-07 17:00:29.144   120   120 I         : [wdk-c] cpu=0 o_k=0 lbit=0x21 cbit=0x3f,1e,5,1,460583693,3f,0,0,0,0,[226378919924,14968787] 14
11-07 17:00:29.168     0     0 I         : [T200122] [wdk-c] cpu=2 o_k=2 lbit=0x25 cbit=0x3f,1a,5,1,460583693,3f,0,0,0,0,[226401298770,14946408] 14
11-07 17:00:29.168     0     0 I         : [T400124] [wdk-c] cpu=4 o_k=4 lbit=0x35 cbit=0x3f,a,5,1,460583693,3f,0,0,0,0,[226404992924,14942712] 14
11-07 17:00:29.172     0     0 I         : [T300123] [wdk-c] cpu=3 o_k=3 lbit=0x3d cbit=0x3f,2,5,1,460583693,3f,0,0,0,0,[226407586385,14940120] 14
11-07 17:00:29.172     0     0 I [T100121] [thread: 121] 2025-11-07 11:30:29.171158 UTC;android time 2025-11-07 17:00:29.171158
11-07 17:00:29.172     0     0 I         : [T100121] [wdk-k] cpu=1 o_k=1 lbit=0x3f cbit=0x3f,0,5,1,460583693,3f,0,0,0,0,[226407765154,14939941] 14
11-07 17:00:30.568     0     0 I         : [T201285] hang_detect HANG_KICK ( 300)
11-07 17:00:30.568     0     0 I         : [T201285] [Hang_Detect] hang_detect enabled 10
11-07 17:00:31.124     0     0 D [T300408] logd: Compressed Log, buffer max size: 65536 size used: 65398 compressed size: 9976
11-07 17:00:31.124     0     0 D [T300408] logd: Pruned Logs from log_id: 0, previous size: 268094 after size: 258820
11-07 17:00:31.728   408   408 D logd    : Compressed Log, buffer max size: 65536 size used: 65467 compressed size: 12325
11-07 17:00:31.730   408   408 D logd    : Pruned Logs from log_id: 0, previous size: 271225 after size: 257617
11-07 17:00:33.908     0     0 I         : [T100777] [wdtk] kick watchdog
11-07 17:00:36.436     0     0 D [T300408] logd: Compressed Log, buffer max size: 65536 size used: 65484 compressed size: 13558
11-07 17:00:36.436     0     0 D [T300408] logd: Pruned Logs from log_id: 0, previous size: 271123 after size: 259593
11-07 17:00:36.808     0     0 D [T200415] logd: Compressed Log, buffer max size: 65536 size used: 65426 compressed size: 8123
11-07 17:00:37.068     0     0 D [T100408] logd: Compressed Log, buffer max size: 65536 size used: 65505 compressed size: 9655
11-07 17:00:37.069     0     0 D [T100408] logd: Pruned Logs from log_id: 0, previous size: 269328 after size: 259586
11-07 17:00:39.316   597   597 I         : timesync host boottime 236508071781
11-07 17:00:41.825     0     0 D [T100408] logd: Compressed Log, buffer max size: 65536 size used: 65263 compressed size: 10624
11-07 17:00:41.826     0     0 D [T300408] logd: Pruned Logs from log_id: 0, previous size: 270346 after size: 258184
11-07 17:00:42.321   408   408 D logd    : Compressed Log, buffer max size: 65536 size used: 65455 compressed size: 12657
11-07 17:00:42.321   408   408 D logd    : Pruned Logs from log_id: 0, previous size: 270921 after size: 258365
11-07 17:00:42.840     0     0 D [T300408] logd: Compressed Log, buffer max size: 65536 size used: 65503 compressed size: 10718
11-07 17:00:42.842     0     0 D [T300408] logd: Pruned Logs from log_id: 0, previous size: 269163 after size: 258820
11-07 17:00:44.192     0     0 I         : [T300123] [wdk-c] cpu=3 o_k=3 lbit=0x8 cbit=0x3f,37,5,1,460583693,3f,0,0,0,0,[241427193498,15000000] 19
11-07 17:00:44.200     0     0 I         : [T100121] [wdk-c] cpu=1 o_k=1 lbit=0xa cbit=0x3f,35,5,1,460583693,3f,0,0,0,0,[241436078498,14991115] 19
11-07 17:00:44.208   120   120 I         : [wdk-c] cpu=0 o_k=0 lbit=0xb cbit=0x3f,34,5,1,460583693,3f,0,0,0,0,[241441494113,14985699] 19
11-07 17:00:44.208     0     0 I         : [T200122] [wdk-c] cpu=2 o_k=2 lbit=0xf cbit=0x3f,30,5,1,460583693,3f,0,0,0,0,[241443892575,14983300] 19
11-07 17:00:44.208     0     0 I         : [T400124] [wdk-c] cpu=4 o_k=4 lbit=0x1f cbit=0x3f,20,5,1,460583693,3f,0,0,0,0,[241444880575,14982311] 19
11-07 17:00:44.209     0     0 I [T500125] [thread: 125] 2025-11-07 11:30:44.208388 UTC;android time 2025-11-07 17:00:44.208388
11-07 17:00:44.209     0     0 I         : [T500125] [wdk-k] cpu=5 o_k=5 lbit=0x3f cbit=0x3f,0,5,1,460583693,3f,0,0,0,0,[241445007652,14982185] 19
11-07 17:00:46.848   408   408 D logd    : Compressed Log, buffer max size: 65536 size used: 65464 compressed size: 8278
11-07 17:00:46.848   408   408 D logd    : Pruned Logs from log_id: 3, previous size: 263320 after size: 249599
11-07 17:00:47.232   408   408 D logd    : Compressed Log, buffer max size: 65536 size used: 65509 compressed size: 10350
11-07 17:00:47.234   408   408 D logd    : Pruned Logs from log_id: 0, previous size: 269738 after size: 259996
11-07 17:00:47.508     0     0 I         : [T100126] [Hang_Detect] hang_detect thread counts down 10:10, status 1.
11-07 17:00:47.808     0     0 D [T200408] logd: Compressed Log, buffer max size: 65536 size used: 65464 compressed size: 11247
11-07 17:00:47.810     0     0 D [T200408] logd: Pruned Logs from log_id: 0, previous size: 271323 after size: 258391
11-07 17:00:49.556   597   597 I         : timesync host boottime 246748160320
11-07 17:00:52.032     0     0 D [T300408] logd: Compressed Log, buffer max size: 65536 size used: 65435 compressed size: 8576
11-07 17:00:52.032     0     0 D [T300408] logd: Pruned Logs from log_id: 0, previous size: 269026 after size: 258228
11-07 17:00:52.500   408   408 D logd    : Compressed Log, buffer max size: 65536 size used: 65459 compressed size: 13862
11-07 17:00:52.500   408   408 D logd    : Pruned Logs from log_id: 0, previous size: 272170 after size: 259175
11-07 17:00:53.164   408   408 D logd    : Compressed Log, buffer max size: 65536 size used: 65457 compressed size: 10360
11-07 17:00:53.166   408   408 D logd    : Pruned Logs from log_id: 0, previous size: 269615 after size: 260343
11-07 17:00:53.636     0     0 D [T200408] logd: Compressed Log, buffer max size: 65536 size used: 65438 compressed size: 11856
11-07 17:00:53.908     0     0 I         : [T100777] [wdtk] kick watchdog
11-07 17:00:54.244     0     0 D [T100408] logd: Compressed Log, buffer max size: 65536 size used: 65477 compressed size: 9926
11-07 17:00:54.244     0     0 D [T100408] logd: Pruned Logs from log_id: 0, previous size: 268907 after size: 259793
11-07 17:00:57.308   408   408 D logd    : Compressed Log, buffer max size: 65536 size used: 65521 compressed size: 12348
11-07 17:00:57.309   408   408 D logd    : Pruned Logs from log_id: 0, previous size: 273756 after size: 261018
11-07 17:00:57.943     0     0 D [T300408] logd: Pruned Logs from log_id: 7, previous size: 263031 after size: 255213
11-07 17:00:58.000     0     0 D [T200408] logd: Compressed Log, buffer max size: 65536 size used: 65460 compressed size: 9085
11-07 17:00:58.000     0     0 D [T200408] logd: Pruned Logs from log_id: 0, previous size: 270183 after size: 259274
11-07 17:00:58.368     0     0 D [T100408] logd: Compressed Log, buffer max size: 65536 size used: 65458 compressed size: 13396
11-07 17:00:58.370     0     0 D [T100408] logd: Pruned Logs from log_id: 0, previous size: 272750 after size: 260511
11-07 17:00:59.000   408   408 D logd    : Compressed Log, buffer max size: 65536 size used: 65481 compressed size: 8757
11-07 17:00:59.003   408   408 D logd    : Pruned Logs from log_id: 0, previous size: 269348 after size: 258829
11-07 17:00:59.288     0     0 I         : [T400124] [wdk-c] cpu=4 o_k=4 lbit=0x10 cbit=0x3f,2f,5,1,460583693,3f,0,0,0,0,[256523584919,15000000] 24
11-07 17:00:59.288     0     0 I         : [T500125] [wdk-c] cpu=5 o_k=5 lbit=0x30 cbit=0x3f,f,5,1,460583693,3f,0,0,0,0,[256524762226,14998822] 24
11-07 17:00:59.288     0     0 I         : [T200122] [wdk-c] cpu=2 o_k=2 lbit=0x34 cbit=0x3f,b,5,1,460583693,3f,0,0,0,0,[256524784072,14998800] 24
11-07 17:00:59.288   120   120 I         : [wdk-c] cpu=0 o_k=0 lbit=0x35 cbit=0x3f,a,5,1,460583693,3f,0,0,0,0,[256524797303,14998787] 24
11-07 17:00:59.288     0     0 I         : [T300123] [wdk-c] cpu=3 o_k=3 lbit=0x3d cbit=0x3f,2,5,1,460583693,3f,0,0,0,0,[256525274226,14998310] 24
11-07 17:00:59.293     0     0 I [T100121] [thread: 121] 2025-11-07 11:30:59.290365 UTC;android time 2025-11-07 17:00:59.290365
11-07 17:00:59.293     0     0 I         : [T100121] [wdk-k] cpu=1 o_k=1 lbit=0x3f cbit=0x3f,0,5,1,460583693,3f,0,0,0,0,[256526983149,14996601] 24
11-07 17:00:59.796   597   597 I         : timesync host boottime 256988083705
11-07 17:01:00.568     0     0 I         : [T101285] hang_detect HANG_KICK ( 300)
11-07 17:01:00.568     0     0 I         : [T101285] [Hang_Detect] hang_detect enabled 10
11-07 17:01:02.472     0     0 D [T100408] logd: Compressed Log, buffer max size: 65536 size used: 65413 compressed size: 13945
11-07 17:01:02.473     0     0 D [T100408] logd: Pruned Logs from log_id: 0, previous size: 272405 after size: 260469
11-07 17:01:03.080     0     0 D [T100408] logd: Compressed Log, buffer max size: 65536 size used: 65478 compressed size: 8571
11-07 17:01:03.080     0     0 D [T100408] logd: Pruned Logs from log_id: 0, previous size: 269120 after size: 259114
11-07 17:01:03.500     0     0 D [T200408] logd: Compressed Log, buffer max size: 65536 size used: 65510 compressed size: 13154
11-07 17:01:03.500     0     0 D [T200408] logd: Pruned Logs from log_id: 0, previous size: 272348 after size: 259438
11-07 17:01:04.236     0     0 D [T100408] logd: Compressed Log, buffer max size: 65536 size used: 65473 compressed size: 10077
11-07 17:01:04.237     0     0 D [T100408] logd: Pruned Logs from log_id: 0, previous size: 269595 after size: 257988
11-07 17:01:05.180     0     0 W [T200671] audit: audit_lost=2184 audit_rate_limit=5 audit_backlog_limit=64
11-07 17:01:05.180     0     0 E [T200671] audit: rate limit exceeded
11-07 17:01:08.000     0     0 D [T100408] logd: Compressed Log, buffer max size: 65536 size used: 65472 compressed size: 10279
11-07 17:01:08.000     0     0 D [T100408] logd: Pruned Logs from log_id: 0, previous size: 268913 after size: 260076
11-07 17:01:08.360   408   408 D logd    : Compressed Log, buffer max size: 65536 size used: 65456 compressed size: 13585
11-07 17:01:08.362   408   408 D logd    : Pruned Logs from log_id: 0, previous size: 273741 after size: 260757
11-07 17:01:09.108     0     0 D [T100408] logd: Compressed Log, buffer max size: 65536 size used: 65384 compressed size: 9078
11-07 17:01:09.108     0     0 D [T100408] logd: Pruned Logs from log_id: 0, previous size: 269915 after size: 260828
11-07 17:01:09.508     0     0 D [T200408] logd: Compressed Log, buffer max size: 65536 size used: 65508 compressed size: 12993
11-07 17:01:09.508     0     0 D [T200408] logd: Pruned Logs from log_id: 0, previous size: 273901 after size: 260529
11-07 17:01:10.036   597   597 I         : timesync host boottime 267228083706
11-07 17:01:13.317     0     0 D [T100408] logd: Compressed Log, buffer max size: 65536 size used: 65406 compressed size: 11623
11-07 17:01:13.317     0     0 D [T100408] logd: Pruned Logs from log_id: 0, previous size: 270900 after size: 260743
11-07 17:01:13.908     0     0 I         : [T300777] [wdtk] kick watchdog
11-07 17:01:13.936   408   408 D logd    : Compressed Log, buffer max size: 65536 size used: 65477 compressed size: 10450
11-07 17:01:13.936   408   408 D logd    : Pruned Logs from log_id: 0, previous size: 271273 after size: 258158
11-07 17:01:14.344     0     0 D [T300408] logd: Compressed Log, buffer max size: 65536 size used: 65460 compressed size: 12564
11-07 17:01:14.344     0     0 D [T300408] logd: Pruned Logs from log_id: 0, previous size: 270802 after size: 259648
11-07 17:01:14.376   120   120 I         : [wdk-c] cpu=0 o_k=0 lbit=0x1 cbit=0x3f,3e,5,1,460583693,3f,0,0,0,0,[271611798262,15000000] 29
11-07 17:01:14.388     0     0 I         : [T200122] [wdk-c] cpu=2 o_k=2 lbit=0x5 cbit=0x3f,3a,5,1,460583693,3f,0,0,0,0,[271620911108,14990888] 29
11-07 17:01:14.388     0     0 I         : [T300123] [wdk-c] cpu=3 o_k=3 lbit=0xd cbit=0x3f,32,5,1,460583693,3f,0,0,0,0,[271620948339,14990849] 29
11-07 17:01:14.388     0     0 I         : [T400124] [wdk-c] cpu=4 o_k=4 lbit=0x1d cbit=0x3f,22,5,1,460583693,3f,0,0,0,0,[271620995416,14990802] 29
11-07 17:01:14.388     0     0 I         : [T500125] [wdk-c] cpu=5 o_k=5 lbit=0x3d cbit=0x3f,2,5,1,460583693,3f,0,0,0,0,[271621007108,14990790] 29
11-07 17:01:14.388     0     0 I [T100121] [thread: 121] 2025-11-07 11:31:14.387018 UTC;android time 2025-11-07 17:01:14.387018
11-07 17:01:14.388     0     0 I         : [T100121] [wdk-k] cpu=1 o_k=1 lbit=0x3f cbit=0x3f,0,5,1,460583693,3f,0,0,0,0,[271623627493,14988170] 29
11-07 17:01:14.936   408   408 D logd    : Compressed Log, buffer max size: 65536 size used: 65516 compressed size: 6994
11-07 17:01:14.984     0     0 D [T300408] logd: Compressed Log, buffer max size: 65536 size used: 65443 compressed size: 10547
11-07 17:01:14.987     0     0 D [T300408] logd: Pruned Logs from log_id: 0, previous size: 270275 after size: 259268
11-07 17:01:15.227     0     0 D [T200408] logd: Compressed Log, buffer max size: 65536 size used: 65182 compressed size: 7601
11-07 17:01:18.232     0     0 I         : [T100126] [Hang_Detect] hang_detect thread counts down 10:10, status 1.
11-07 17:01:18.752     0     0 D [T100408] logd: Compressed Log, buffer max size: 65536 size used: 65431 compressed size: 13545
11-07 17:01:18.752     0     0 D [T100408] logd: Pruned Logs from log_id: 0, previous size: 271435 after size: 258362
11-07 17:01:19.276     0     0 D [T300408] logd: Compressed Log, buffer max size: 65536 size used: 65462 compressed size: 10487
11-07 17:01:19.276     0     0 D [T300408] logd: Pruned Logs from log_id: 0, previous size: 268929 after size: 260099
11-07 17:01:19.768   408   408 D logd    : Compressed Log, buffer max size: 65536 size used: 65460 compressed size: 11456
11-07 17:01:19.769   408   408 D logd    : Pruned Logs from log_id: 0, previous size: 271635 after size: 257795
11-07 17:01:20.276   597   597 I         : timesync host boottime 277468337553
11-07 17:01:20.276     0     0 D [T200408] logd: Compressed Log, buffer max size: 65536 size used: 65484 compressed size: 11356
11-07 17:01:20.276     0     0 D [T200408] logd: Pruned Logs from log_id: 0, previous size: 269231 after size: 259856
11-07 17:01:20.764     0     0 D [T300408] logd: Compressed Log, buffer max size: 65536 size used: 65480 compressed size: 11010
11-07 17:01:20.765     0     0 D [T300408] logd: Pruned Logs from log_id: 0, previous size: 270946 after size: 258781
11-07 17:01:23.996     0     0 D [T100408] logd: Compressed Log, buffer max size: 65536 size used: 65521 compressed size: 9409
11-07 17:01:23.999     0     0 D [T200408] logd: Pruned Logs from log_id: 0, previous size: 268713 after size: 258086
11-07 17:01:24.356     0     0 D [T200408] logd: Compressed Log, buffer max size: 65536 size used: 65495 compressed size: 13232
11-07 17:01:24.356     0     0 D [T200408] logd: Pruned Logs from log_id: 0, previous size: 271398 after size: 258884
11-07 17:01:25.020     0     0 D [T300408] logd: Compressed Log, buffer max size: 65536 size used: 65431 compressed size: 8817
11-07 17:01:25.020     0     0 D [T300408] logd: Pruned Logs from log_id: 0, previous size: 267781 after size: 258582
11-07 17:01:25.388     0     0 D [T300408] logd: Compressed Log, buffer max size: 65536 size used: 65533 compressed size: 12949
11-07 17:01:25.388     0     0 D [T300408] logd: Pruned Logs from log_id: 0, previous size: 271611 after size: 257742
11-07 17:01:26.132     0     0 D [T100408] logd: Compressed Log, buffer max size: 65536 size used: 65379 compressed size: 9274
11-07 17:01:26.132     0     0 D [T100408] logd: Pruned Logs from log_id: 0, previous size: 267096 after size: 258326
11-07 17:01:28.732     0     0 W [T500491] [FTS_TS]fts_input_report_b: [B]P0(1523, 371)[p:63,tm:6] DOWN!
11-07 17:01:28.816     0     0 I         : [T200056] leds_mtk led_debug_log(176) :[Light] Set lcd-backlight directlyT:286.11,L:17 L:17 map:68
11-07 17:01:28.816     0     0 W [T500491] [FTS_TS]fts_input_report_b: [B]P1(1215, 278)[p:41,tm:2] DOWN!
11-07 17:01:28.832     0     0 W [T500491] [FTS_TS]fts_input_report_b: [B]P2(1294, 426)[p:45,tm:3] DOWN!
11-07 17:01:28.944     6     6 I leds_mtk led_debug_log(176): [Light] Set lcd-backlight directlyT:286.27,L:20 L:20 map:80    T:286.45,L:23 L:23 map:92    T:286.61,L:26 L:26 map:104    T:286.78,L:29 L:29 map:116    T:286.97,L:32 L:32 map:128
11-07 17:01:29.016     0     0 I         : [T302200] leds_mtk led_debug_log(176) :[Light] Set lcd-backlight directlyT:286.111,L:35 L:35 map:140    T:286.132,L:38 L:38 map:152    T:286.143,L:41 L:41 map:164    T:286.159,L:43 L:43 map:173    T:286.176,L:46 L:46 map:185
11-07 17:01:29.016     0     0 D [T100408] logd: Compressed Log, buffer max size: 65536 size used: 65481 compressed size: 8214
11-07 17:01:29.017     0     0 D [T100414] logd: Compressed Log, buffer max size: 65536 size used: 65495 compressed size: 13410
11-07 17:01:29.052     0     0 I         : [T100150] leds_mtk led_debug_log(176) :[Light] Set lcd-backlight directlyT:286.192,L:49 L:49 map:197    T:286.210,L:52 L:52 map:209    T:286.229,L:55 L:55 map:221    T:286.246,L:58 L:58 map:233    T:286.260,L:61 L:61 map:245
11-07 17:01:29.052     0     0 D [T200408] logd: Compressed Log, buffer max size: 65536 size used: 65168 compressed size: 8248
11-07 17:01:29.052     0     0 D [T200408] logd: Pruned Logs from log_id: 0, previous size: 269935 after size: 257098
11-07 17:01:29.094     0     0 D [T100408] logd: Compressed Log, buffer max size: 65536 size used: 65515 compressed size: 8236
11-07 17:01:29.094   408   408 D logd    : Pruned Logs from log_id: 0, previous size: 265414 after size: 254474
11-07 17:01:29.132     0     0 I         : [T302200] leds_mtk led_debug_log(176) :[Light] Set lcd-backlight directlyT:286.275,L:64 L:64 map:257    T:286.292,L:67 L:67 map:269    T:286.309,L:70 L:70 map:281    T:286.325,L:73 L:73 map:293    T:286.341,L:76 L:76 map:305
11-07 17:01:29.132   408   408 D logd    : Compressed Log, buffer max size: 65536 size used: 65328 compressed size: 7359
11-07 17:01:29.168     0     0 D [T100408] logd: Compressed Log, buffer max size: 65536 size used: 65430 compressed size: 7602
11-07 17:01:29.168     0     0 D [T100408] logd: Pruned Logs from log_id: 0, previous size: 269595 after size: 257542
11-07 17:01:29.428     0     0 I         : [T200056] leds_mtk led_debug_log(176) :[Light] Set lcd-backlight directlyT:286.358,L:79 L:79 map:317    T:286.374,L:82 L:82 map:329    T:286.391,L:85 L:85 map:341    T:286.407,L:88 L:88 map:353    T:286.424,L:91 L:91 map:365
11-07 17:01:29.428     0     0 D [T100408] logd: Compressed Log, buffer max size: 65536 size used: 65513 compressed size: 12858
11-07 17:01:29.468     0     0 I         : [T300123] [wdk-c] cpu=3 o_k=3 lbit=0x8 cbit=0x3f,37,5,1,460583693,3f,0,0,0,0,[286702123760,15000000] 14
11-07 17:01:29.476     0     0 I         : [T500125] [wdk-c] cpu=5 o_k=5 lbit=0x28 cbit=0x3f,17,5,1,460583693,3f,0,0,0,0,[286708760683,14993362] 14
11-07 17:01:29.476     0     0 I         : [T400124] [wdk-c] cpu=4 o_k=4 lbit=0x38 cbit=0x3f,7,5,1,460583693,3f,0,0,0,0,[286708778837,14993343] 14
11-07 17:01:29.476     0     0 I         : [T200122] [wdk-c] cpu=2 o_k=2 lbit=0x3c cbit=0x3f,3,5,1,460583693,3f,0,0,0,0,[286708807760,14993315] 14
11-07 17:01:29.476     0     0 I         : [T100121] [wdk-c] cpu=1 o_k=1 lbit=0x3e cbit=0x3f,1,5,1,460583693,3f,0,0,0,0,[286711258529,14990864] 14
11-07 17:01:29.476   120   120 I         : [thread:120] 2025-11-07 11:31:29.475081 UTC;android time 2025-11-07 17:01:29.475081
11-07 17:01:29.476   120   120 I         : [wdk-k] cpu=0 o_k=0 lbit=0x3f cbit=0x3f,0,5,1,460583693,3f,0,0,0,0,[286711699529,14990423] 14
11-07 17:01:30.516     6     6 I         : timesync host boottime 287708106784
11-07 17:01:30.572     0     0 I         : [T301285] hang_detect HANG_KICK ( 300)
11-07 17:01:30.573     0     0 I         : [T301285] [Hang_Detect] hang_detect enabled 10
11-07 17:01:33.908     0     0 I         : [T100777] [wdtk] kick watchdog
11-07 17:01:34.341   408   408 D logd    : Compressed Log, buffer max size: 65536 size used: 65407 compressed size: 13401
11-07 17:01:34.342   408   408 D logd    : Pruned Logs from log_id: 0, previous size: 274304 after size: 261108
11-07 17:01:34.608     0     0 W [T400491] [FTS_TS]fts_input_report_b: [B]P0(345, 20)[p:32,tm:3] DOWN!
11-07 17:01:34.744   408   408 D logd    : Compressed Log, buffer max size: 65536 size used: 65495 compressed size: 7029
11-07 17:01:34.744   408   408 D logd    : Pruned Logs from log_id: 0, previous size: 262918 after size: 255397
11-07 17:01:34.794     0     0 W [T400491] [FTS_TS]fts_input_report_b: [B]P1(211, 109)[p:58,tm:5] DOWN!
11-07 17:01:34.808     0     0 D [T100408] logd: Compressed Log, buffer max size: 65536 size used: 65440 compressed size: 8000
11-07 17:01:34.809     0     0 D [T100408] logd: Pruned Logs from log_id: 0, previous size: 263477 after size: 256063
11-07 17:01:34.840     0     0 D [T300408] logd: Compressed Log, buffer max size: 65536 size used: 65406 compressed size: 7853
11-07 17:01:34.840     0     0 D [T300408] logd: Pruned Logs from log_id: 0, previous size: 263996 after size: 256399
11-07 17:01:35.520     0     0 W [T400491] [FTS_TS]fts_input_report_b: [B]P0(287, 493)[p:63,tm:5] DOWN!
11-07 17:01:39.852   408   408 D logd    : Compressed Log, buffer max size: 65536 size used: 65388 compressed size: 7007
11-07 17:01:39.854   408   408 D logd    : Pruned Logs from log_id: 7, previous size: 269207 after size: 262092
11-07 17:01:39.860   408   408 D logd    : Compressed Log, buffer max size: 65536 size used: 65509 compressed size: 11381
11-07 17:01:39.862   408   408 D logd    : Pruned Logs from log_id: 0, previous size: 272400 after size: 255298
11-07 17:01:40.344   408   408 D logd    : Compressed Log, buffer max size: 65536 size used: 65496 compressed size: 12375
11-07 17:01:40.344   408   408 D logd    : Pruned Logs from log_id: 0, previous size: 267753 after size: 257122
11-07 17:01:40.760     6     6 I         : timesync host boottime 297952128400
11-07 17:01:40.932     0     0 D [T300408] logd: Compressed Log, buffer max size: 65536 size used: 65519 compressed size: 10575
11-07 17:01:40.933     0     0 D [T300408] logd: Pruned Logs from log_id: 0, previous size: 267777 after size: 259163
11-07 17:01:41.309     0     0 D [T200408] logd: Compressed Log, buffer max size: 65536 size used: 65500 compressed size: 10938
11-07 17:01:41.309     0     0 D [T200408] logd: Pruned Logs from log_id: 0, previous size: 270181 after size: 262101
11-07 17:01:43.540     6     6 I leds_mtk led_debug_log(176): [Light] Set lcd-backlight directlyT:286.441,L:94 L:94 map:377    T:286.457,L:97 L:97 map:389    T:286.475,L:100 L:100 map:401    T:286.491,L:103 L:103 map:413    T:300.701,L:100 L:100 map:401
11-07 17:01:43.624     0     0 I         : [T100150] leds_mtk led_debug_log(176) :[Light] Set lcd-backlight directlyT:300.717,L:97 L:97 map:389    T:300.729,L:95 L:95 map:381    T:300.742,L:93 L:93 map:373    T:300.759,L:90 L:90 map:361    T:300.775,L:87 L:87 map:349
11-07 17:01:43.708     0     0 I         : [T200056] leds_mtk led_debug_log(176) :[Light] Set lcd-backlight directlyT:300.792,L:84 L:84 map:337    T:300.810,L:81 L:81 map:325    T:300.825,L:78 L:78 map:313    T:300.843,L:75 L:75 map:301    T:300.857,L:72 L:72 map:289
11-07 17:01:43.788     0     0 I         : [T200056] leds_mtk led_debug_log(176) :[Light] Set lcd-backlight directlyT:300.873,L:69 L:69 map:277    T:300.892,L:66 L:66 map:265    T:300.906,L:63 L:63 map:253    T:300.923,L:60 L:60 map:241    T:300.941,L:57 L:57 map:229
11-07 17:01:43.872     6     6 I leds_mtk led_debug_log(176): [Light] Set lcd-backlight directlyT:300.957,L:54 L:54 map:217    T:300.973,L:51 L:51 map:205    T:300.989,L:48 L:48 map:193    T:301.6,L:45 L:45 map:181    T:301.22,L:42 L:42 map:168
11-07 17:01:43.956     0     0 I         : [T200056] leds_mtk led_debug_log(176) :[Light] Set lcd-backlight directlyT:301.39,L:39 L:39 map:156    T:301.55,L:36 L:36 map:144    T:301.73,L:33 L:33 map:132    T:301.90,L:31 L:31 map:124    T:301.107,L:28 L:28 map:112
11-07 17:01:44.540     0     0 I         : [T302200] leds_mtk led_debug_log(176) :[Light] Set lcd-backlight directlyT:301.123,L:25 L:25 map:100    T:301.139,L:22 L:22 map:88    T:301.156,L:19 L:19 map:76    T:301.172,L:16 L:16 map:64    T:301.188,L:14 L:14 map:56
