

 --------- beginning of kernel

01-01 05:30:04.709     1     1 I usbcore : registered new interface driver uas
01-01 05:30:04.709     1     1 I usbcore : registered new interface driver usb-storage
01-01 05:30:04.709     1     1 I usbcore : registered new interface driver option
01-01 05:30:04.709     1     1 I usbserial: USB Serial support registered for GSM modem (1-port)
01-01 05:30:04.709     1     1 I usbcore : registered new interface driver usb_ehset_test
01-01 05:30:04.709     1     1 I i2c_dev : i2c /dev entries driver
01-01 05:30:04.709     1     1 I gspca_main: v2.14.0 registered
01-01 05:30:04.709     1     1 I device-mapper: uevent: version 1.0.3
01-01 05:30:04.709     1     1 I device-mapper: ioctl: 4.45.0-ioctl (2021-03-22) initialised: dm-devel@redhat.com
01-01 05:30:04.709     1     1 I Bluetooth: HCI UART driver ver 2.3
01-01 05:30:04.709     1     1 I Bluetooth: HCI UART protocol H4 registered
01-01 05:30:04.709     1     1 I Bluetooth: HCI UART protocol LL registered
01-01 05:30:04.709     1     1 I Bluetooth: HCI UART protocol Broadcom registered
01-01 05:30:04.709     1     1 I Bluetooth: HCI UART protocol QCA registered
01-01 05:30:04.709     1     1 I sdhci   : Secure Digital Host Controller Interface driver
01-01 05:30:04.709     1     1 I sdhci   : Copyright(c) Pierre Ossman
01-01 05:30:04.709     1     1 I sdhci-pltfm: SDHCI platform and OF driver helper
01-01 05:30:04.709     1     1 I SMCCC   : SOC_ID: ARCH_SOC_ID not implemented, skipping ....
01-01 05:30:04.710     1     1 I hid     : raw HID events driver (C) Jiri Kosina
01-01 05:30:04.710     1     1 I ashmem  : initialized
01-01 05:30:04.710     1     1 I gnss    : GNSS driver registered with major 509
01-01 05:30:04.710     1     1 I usbcore : registered new interface driver snd-usb-audio
01-01 05:30:04.710     1     1 I         : GACT probability NOT on
01-01 05:30:04.710     1     1 I         : Mirror/redirect action on
01-01 05:30:04.710     1     1 I netem   : version 1.3
01-01 05:30:04.710     1     1 I         : u32 classifier
01-01 05:30:04.710     1     1 I         : input device check on
01-01 05:30:04.710     1     1 I         : Actions configured
01-01 05:30:04.710     1     1 I xt_time : kernel timezone is -0000
01-01 05:30:04.710     1     1 I ipip    : IPv4 and MPLS over IPv4 tunneling driver
01-01 05:30:04.710     1     1 I gre     : GRE over IPv4 demultiplexor driver
01-01 05:30:04.710     1     1 I ip_gre  : GRE over IPv4 tunneling driver
01-01 05:30:04.710     1     1 I         : IPv4 over IPsec tunneling driver
01-01 05:30:04.710     1     1 I         : Initializing XFRM netlink socket
01-01 05:30:04.710     1     1 I         : IPsec XFRM device driver
01-01 05:30:04.710     1     1 I NET     : Registered PF_INET6 protocol family
01-01 05:30:04.710     1     1 I         : Segment Routing with IPv6
01-01 05:30:04.710     1     1 I         : In-situ OAM (IOAM) with IPv6
01-01 05:30:04.710     1     1 I mip6    : Mobile IPv6
01-01 05:30:04.710     1     1 I sit     : IPv6, IPv4 and MPLS over IPv4 tunneling driver
01-01 05:30:04.710     1     1 I ip6_gre : GRE over IPv6 tunneling driver
01-01 05:30:04.710     1     1 I NET     : Registered PF_PACKET protocol family
01-01 05:30:04.710     1     1 I NET     : Registered PF_KEY protocol family
01-01 05:30:04.710     1     1 I can     : controller area network core
01-01 05:30:04.710     1     1 I NET     : Registered PF_CAN protocol family
01-01 05:30:04.710     1     1 I can     : raw protocol
01-01 05:30:04.710     1     1 I can     : broadcast manager protocol
01-01 05:30:04.710     1     1 I can     : netlink gateway - max_hops=1
01-01 05:30:04.710     1     1 I Bluetooth: RFCOMM TTY layer initialized
01-01 05:30:04.710     1     1 I Bluetooth: RFCOMM socket layer initialized
01-01 05:30:04.711     1     1 I Bluetooth: RFCOMM ver 1.11
01-01 05:30:04.711     1     1 I Bluetooth: HIDP (Human Interface Emulation) ver 1.2
01-01 05:30:04.711     1     1 I Bluetooth: HIDP socket layer initialized
01-01 05:30:04.711     1     1 I l2tp_core: L2TP core driver, V2.0
01-01 05:30:04.711     1     1 I l2tp_ppp: PPPoL2TP kernel driver, V2.0
01-01 05:30:04.711     1     1 I 8021q   : 802.1Q VLAN Support v1.8
01-01 05:30:04.711     1     1 I tipc    : Activated (version 2.0.0)
01-01 05:30:04.711     1     1 I NET     : Registered PF_TIPC protocol family
01-01 05:30:04.711     1     1 I tipc    : Started in single node mode
01-01 05:30:04.711     1     1 I NET     : Registered PF_IEEE802154 protocol family
01-01 05:30:04.711     1     1 I NET     : Registered PF_VSOCK protocol family
01-01 05:30:04.711     1     1 I         : registered taskstats version 1
01-01 05:30:04.711     1     1 I         : Loading compiled-in X.509 certificates
01-01 05:30:04.711    97    97 I         : cryptomgr_probe (97) used greatest stack depth: 14272 bytes left
01-01 05:30:04.711     1     1 I         : page_owner is disabled
01-01 05:30:04.711     1     1 I         : Key type .fscrypt registered
01-01 05:30:04.711     1     1 I         : Key type fscrypt-provisioning registered
01-01 05:30:04.711     1     1 I pstore  : Using crash dump compression: deflate
01-01 05:30:04.711     1     1 W PM      : genpd: Not disabling unused power domains
01-01 05:30:04.711     1     1 W clk     : Not disabling unused clocks
01-01 05:30:04.711     1     1 I         : ALSA device list:
01-01 05:30:04.711     1     1 I         : No soundcards found.
01-01 05:30:04.711    10    10 I         : Freeing initrd memory: 21860K
01-01 05:30:04.712     1     1 E         : Warning: unable to open an initial console.
01-01 05:30:04.712     1     1 I         : Freeing unused kernel memory: 2432K
01-01 05:30:04.712     1     1 I         : Run /init as init process
01-01 05:30:04.712     1     1 D with arguments:  
01-01 05:30:04.712     1     1 D         : /init
01-01 05:30:04.712     1     1 D with environment:  
01-01 05:30:04.712     1     1 D         : HOME=/
01-01 05:30:04.712     1     1 D         : TERM=linux
01-01 05:30:04.712     1     1 D         : vmalloc=496M
01-01 05:30:04.712     1     1 D         : has_battery_removed=1
01-01 05:30:04.712     1     1 D varaint : sb=0
01-01 05:30:04.712     1     1 D         : bb=1
01-01 05:30:04.712     1     1 D         : hw=1
01-01 05:30:04.712     1     1 D         : bootopt=64S3,32N2,64N2
01-01 05:30:04.712     1     1 D         : buildvariant=user
01-01 05:30:04.712     1     1 D         : usb2jtag_mode=0
01-01 05:30:04.712     1     1 I init    : init first stage started!
01-01 05:30:04.712     1     1 I init    : Loading module /lib/modules/mkp.ko with args ''
01-01 05:30:04.712     1     1 I mkp     : module verification failed: signature and/or required key missing - tainting kernel
01-01 05:30:04.712     1     1 I MKP     : mkp_init: No mkp service, stop mkp initialization.
01-01 05:30:04.712     1     1 I init    : Loaded kernel module /lib/modules/mkp.ko
01-01 05:30:04.712     1     1 I init    : Loading module /lib/modules/bootprof.ko with args ''
01-01 05:30:04.712     1     1 I BOOTPROF: pl=949, bl2ext=0 ,lk=1167, logo=334, tfa=0, sec_os=0, gz=0
01-01 05:30:04.712     1     1 I BOOTPROF: 399.189846: ON (TH:15)
01-01 05:30:04.712     1     1 I BOOTPROF: 399.194539:Kernel_init_done
01-01 05:30:04.712     1     1 I init    : Loaded kernel module /lib/modules/bootprof.ko
01-01 05:30:04.712     1     1 D init    : Loading hard dep for 'clk_common': /lib/modules/mrdump.ko
01-01 05:30:04.712     1     1 I init    : Loading module /lib/modules/mrdump.ko with args ''
01-01 05:30:04.712     1     1 I mboot_params: [DT] 0x800@0x11d000, 0x1(0xec0)
01-01 05:30:04.712     1     1 I mboot_params: [DT] 0x10000@0x544f0000
01-01 05:30:04.712     1     1 I mboot_params: using sram:0x11d000
01-01 05:30:04.712     1     1 I mboot_params: buffer start: 0xffffffc00875f000, size: 0x800
01-01 05:30:04.713     1     1 I         : pmic & external buck: 0x0
01-01 05:30:04.713     1     1 I mboot_params: CPU notifier status: 0, 0, 0x0, 0
01-01 05:30:04.713     1     1 I mboot_params: CPU HPS footprint: 0, 0x0, 0, 0
01-01 05:30:04.713     1     1 I mboot_params: last init function: 0x0
01-01 05:30:04.713     1     1 I mrdump_parse_chosen: mrdump_cbaddr=0x000000000011e000, mrdump_cbsize=0x0000000000002000
01-01 05:30:04.713     1     1 I mrdump_parse_chosen: lk version MRDUMP11
01-01 05:30:04.713     1     1 I mrdump_parse_chosen: ddr reserve mode yes
01-01 05:30:04.713     1     1 I [mrdump] phys: 0x54400000 - 0x54410000 (0x10000)
01-01 05:30:04.713     1     1 I         : [mrdump] rmem->priv = ffffffc0087e0000
01-01 05:30:04.713     1     1 I mrdump_cblock_init: done.
01-01 05:30:04.713     1     1 I minirdump: [DT] reserved 0x544f0000+0x10000->00000000c5f39224
01-01 05:30:04.713   115   115 I mrdump_ka_work_func: retry in 0.1 second
01-01 05:30:04.713     1     1 I init    : Loaded kernel module /lib/modules/mrdump.ko
01-01 05:30:04.713     1     1 D init    : Loading hard dep for 'clk_common': /lib/modules/aee_aed.ko
01-01 05:30:04.713     1     1 D init    : Loading hard dep for 'aee_aed': /lib/modules/mrdump.ko
01-01 05:30:04.713     1     1 I         : aee kernel api ready
01-01 05:30:04.713     1     1 I BOOTPROF: 429.465000:initcall: init_module.cfi_jt [clk_mt8188]    23.924616ms
01-01 05:30:04.713     1     1 I         : get clk [0]: clk26m ok
01-01 05:30:04.713     1     1 I hangdet_init: compatible node found: watchdog
01-01 05:30:04.713     1     1 I         : apwdt enabled
01-01 05:30:04.713     1     1 I hangdet_init: compatible node found: sys_timer
01-01 05:30:04.713     1     1 I         : hangdet_init systimer_cnt 39385287
01-01 05:30:04.713     1     1 I         : hangdet_init set wdk_ktime 460554462
01-01 05:30:04.713     1     1 I         : reboot set flag, old value 0x60002000, 1.
01-01 05:30:04.713     1     1 I         : reboot set flag new value 0x60002800.
01-01 05:30:04.713    10    10 I         : [wdk] bind thread 120 to cpu 0
01-01 05:30:04.714   120   120 I         : [wdk-c] cpu=0 o_k=0 lbit=0x1 cbit=0x3f,3e,5,1,460583693,1,0,0,0,0,[460818770,15000000] 29
01-01 05:30:04.714    10    10 I         : [wdk] bind thread 121 to cpu 1
01-01 05:30:04.714   121   121 I         : [wdk-c] cpu=1 o_k=1 lbit=0x3 cbit=0x3f,3c,5,1,460583693,3,0,0,0,0,[460927154,14999891] 29
01-01 05:30:04.714    10    10 I         : [wdk] bind thread 122 to cpu 2
01-01 05:30:04.714   122   122 I         : [wdk-c] cpu=2 o_k=2 lbit=0x7 cbit=0x3f,38,5,1,460583693,7,0,0,0,0,[461117231,14999701] 29
01-01 05:30:04.714    10    10 I         : [wdk] bind thread 123 to cpu 3
01-01 05:30:04.714   123   123 I         : [wdk-c] cpu=3 o_k=3 lbit=0xf cbit=0x3f,30,5,1,460583693,f,0,0,0,0,[461293847,14999525] 29
01-01 05:30:04.714    10    10 I         : [wdk] bind thread 124 to cpu 4
01-01 05:30:04.714   124   124 I         : [wdk-c] cpu=4 o_k=4 lbit=0x1f cbit=0x3f,20,5,1,460583693,1f,0,0,0,0,[461463693,14999354] 29
01-01 05:30:04.714    10    10 I         : [wdk] bind thread 125 to cpu 5
01-01 05:30:04.715     1     1 I mrdump  : hang data 0xffffff80c8800000 size:0x200000
01-01 05:30:04.715    10    10 I         : [wdk] WDT start kicker done CPU_NR=6 online cpu NR6
01-01 05:30:04.715    10    10 I         : [wdk]init_wk done late_initcall cpus_kick_bit=0x3f -----
01-01 05:30:04.715   125   125 I         : [thread:125] 1970-01-01 00:00:00.420965 UTC;android time 1970-01-01 00:00:00.420965
01-01 05:30:04.715   125   125 I         : [wdk-k] cpu=5 o_k=5 lbit=0x3f cbit=0x3f,0,5,1,460583693,3f,0,0,0,0,[461686154,14999132] 29
01-01 05:30:04.715     1     1 I         : mtk_dbgtop_drm was loaded
01-01 05:30:04.715     0     0 I         : [T1500001] mt8188-pinctrl 10005000.pinctrl: mtk_eint_do_init eint total 225 pins.
01-01 05:30:04.715     0     0 I         : [T1500001] mt8188-pinctrl 10005000.pinctrl: mtk_eint_do_init eint in legacy mode, assign the matrix number to 225.
01-01 05:30:04.715     0     0 I         : [T1100010] [wdtk] kick watchdog
01-01 05:30:04.715     0     0 I         : [T1100010] watchdog0, mtk wdt start, wdd->status=8
01-01 05:30:04.715     0     0 I         : [T1100010] mtk-wdt 10007000.watchdog: Watchdog enabled (timeout=31 sec, nowayout=0)
01-01 05:30:04.715     0     0 I         : [T1400068] [wdtk] kick watchdog
01-01 05:30:04.715     0     0 I         : [T1500001] mt6577-auxadc 11002000.adc: debugfs_create auxadc_debugfs_fops
01-01 05:30:04.715     0     0 I         : [T1500001] mt6577-auxadc 11002000.adc: mt6577_auxadc_probe done
01-01 05:30:04.715     0     0 I         : [T1500001] cache_parity cache_parity: driver probed
01-01 05:30:04.715     0     0 I         : [T1500001] [cache_parity_init_platform] adopt default flow
01-01 05:30:04.715     0     0 I         : [T1500001] cache_parity cache_parity: bound irq 208 for cpu0
01-01 05:30:04.715     0     0 I         : [T1500001] cache_parity cache_parity: bound irq 209 for cpu1
01-01 05:30:04.715     0     0 I         : [T1500001] cache_parity cache_parity: bound irq 210 for cpu2
01-01 05:30:04.715     0     0 I         : [T1500001] cache_parity cache_parity: bound irq 211 for cpu3
01-01 05:30:04.715     0     0 I         : [T1500001] cache_parity cache_parity: bound irq 212 for cpu4
01-01 05:30:04.715     0     0 I         : [T1500001] cache_parity cache_parity: bound irq 213 for cpu5
01-01 05:30:04.715     0     0 I         : [T1500001] cache_parity cache_parity: bound irq 214 for cpu6
01-01 05:30:04.715     0     0 I         : [T1500001] cache_parity cache_parity: bound irq 215 for cpu7
01-01 05:30:04.715     0     0 I         : [T1500001] cache_parity cache_parity: version 2, nr_irq 9, arm_dsu_ecc_hwirq 32 nr_err 0
01-01 05:30:04.715     0     0 W [T1500001] mt-pmic-pwrap: probe of 10024000.pwrap failed with error -22
01-01 05:30:04.716     0     0 I         : [T1500001] i2c 5-0072: Fixing up cyclic dependency with mtk_composite_v4l2_2
01-01 05:30:04.716     0     0 E         : [T1500001] spmi-mtk 10027000.spmi: invalid resource
01-01 05:30:04.716     0     0 I         : [T1500001] spmi-mtk 10027000.spmi: [PMIF]:no pmif-p found
01-01 05:30:04.716     0     0 E         : [T1500001] spmi-mtk 10027000.spmi: invalid resource
01-01 05:30:04.716     0     0 I         : [T1500001] spmi-mtk 10027000.spmi: [PMIF]:no spmimst-p found
01-01 05:30:04.716     0     0 I         : [T1500001] spmi-mtk 10027000.spmi: [PMIF]:failed to get clock: -2
01-01 05:30:04.716     0     0 I         : [T1500001] spmi-mtk 10027000.spmi: [SPMIMST]:failed to get clock: -2
01-01 05:30:04.716     0     0 I         : [T1500001] spmi-mtk 10027000.spmi: [SPMIMST]:failed to get clock: -2
01-01 05:30:04.716     0     0 I         : [T1500001] spmi-mtk 10027000.spmi: [PMIF]:failed to get clock: -2
01-01 05:30:04.716     0     0 I         : [T1500001] spmi-mtk 10027000.spmi: [SPMIMST]:failed to get clock: -2
01-01 05:30:04.716     0     0 I         : [T1500001] spmi-mtk 10027000.spmi: [SPMIMST]:failed to get clock: -2
01-01 05:30:04.716     0     0 I         : [T1000129] pmif_event_0_irq_handler IRQ[27] triggered
01-01 05:30:04.716     0     0 I         : [T1000129]
01-01 05:30:04.716     0     0 I         : [T1000129] [PMIF] (0)[chan:0, cmd:0x0, rw:0x0, slvid:0, bytecnt:0, (addr 0x0)]
01-01 05:30:04.716     0     0 I         : [T1000129] [PMIF] (1)[chan:0, cmd:0x0, rw:0x0, slvid:0, bytecnt:0, (addr 0x0)]
01-01 05:30:04.716     0     0 I         : [T1000129] [PMIF] (2)[chan:0, cmd:0x0, rw:0x0, slvid:0, bytecnt:0, (addr 0x0)]
01-01 05:30:04.716     0     0 I         : [T1000129] [PMIF] (3)[chan:0, cmd:0x0, rw:0x0, slvid:0, bytecnt:0, (addr 0x0)]
01-01 05:30:04.716     0     0 I         : [T1000129] [PMIF] (4)[chan:0, cmd:0x0, rw:0x0, slvid:0, bytecnt:0, (addr 0x0)]
01-01 05:30:04.716     0     0 I         : [T1000129] [PMIF] (5)[chan:0, cmd:0x0, rw:0x0, slvid:0, bytecnt:0, (addr 0x0)]
01-01 05:30:04.716     0     0 I         : [T1000129] [PMIF] (6)[chan:0, cmd:0x0, rw:0x0, slvid:0, bytecnt:0, (addr 0x0)]
01-01 05:30:04.716     0     0 I         : [T1000129] [PMIF] (7)[chan:0, cmd:0x0, rw:0x0, slvid:0, bytecnt:0, (addr 0x0)]
01-01 05:30:04.716     0     0 I         : [T1000129]
01-01 05:30:04.716     0     0 I         : [T1000129] [PMIF] (8)[chan:0, cmd:0x0, rw:0x0, slvid:0, bytecnt:0, (addr 0x0)]
01-01 05:30:04.716     0     0 I         : [T1000129] [PMIF] (9)[chan:0, cmd:0x0, rw:0x0, slvid:0, bytecnt:0, (addr 0x0)]
01-01 05:30:04.716     0     0 I         : [T1000129] [PMIF] (10)[chan:0, cmd:0x0, rw:0x0, slvid:0, bytecnt:0, (addr 0x0)]
01-01 05:30:04.716     0     0 I         : [T1000129] [PMIF] (11)[chan:0, cmd:0x0, rw:0x0, slvid:0, bytecnt:0, (addr 0x0)]
01-01 05:30:04.716     0     0 I         : [T1000129] [PMIF] (12)[chan:0, cmd:0x0, rw:0x0, slvid:0, bytecnt:0, (addr 0x0)]
01-01 05:30:04.717     0     0 I         : [T1000129] [PMIF] (13)[chan:0, cmd:0x0, rw:0x0, slvid:0, bytecnt:0, (addr 0x0)]
01-01 05:30:04.717     0     0 I         : [T1000129] [PMIF] (14)[chan:0, cmd:0x0, rw:0x0, slvid:0, bytecnt:0, (addr 0x0)]
01-01 05:30:04.717     0     0 I         : [T1000129] [PMIF] (15)[chan:0, cmd:0x0, rw:0x0, slvid:0, bytecnt:0, (addr 0x0)]
01-01 05:30:04.717     0     0 I         : [T1000129]
01-01 05:30:04.717     0     0 I         : [T1000129] [PMIF] (16)[chan:0, cmd:0x0, rw:0x0, slvid:0, bytecnt:0, (addr 0x0)]
01-01 05:30:04.717     0     0 I         : [T1000129] [PMIF] (17)[chan:0, cmd:0x0, rw:0x0, slvid:0, bytecnt:0, (addr 0x0)]
01-01 05:30:04.717     0     0 I         : [T1000129] [PMIF] (18)[chan:0, cmd:0x0, rw:0x0, slvid:0, bytecnt:0, (addr 0x0)]
01-01 05:30:04.717     0     0 I         : [T1000129] [PMIF] (19)[chan:0, cmd:0x0, rw:0x0, slvid:0, bytecnt:0, (addr 0x0)]
01-01 05:30:04.717     0     0 I         : [T1000129] [PMIF] (20)[chan:0, cmd:0x0, rw:0x0, slvid:0, bytecnt:0, (addr 0x0)]
01-01 05:30:04.717     0     0 I         : [T1000129] [PMIF] (21)[chan:0, cmd:0x0, rw:0x0, slvid:0, bytecnt:0, (addr 0x0)]
01-01 05:30:04.717     0     0 I         : [T1000129] [PMIF] (22)[chan:0, cmd:0x0, rw:0x0, slvid:0, bytecnt:0, (addr 0x0)]
01-01 05:30:04.717     0     0 I         : [T1000129] [PMIF] (23)[chan:0, cmd:0x0, rw:0x0, slvid:0, bytecnt:0, (addr 0x0)]
01-01 05:30:04.717     0     0 I         : [T1000129]
01-01 05:30:04.717     0     0 I         : [T1000129] [PMIF] (24)[chan:0, cmd:0x0, rw:0x0, slvid:0, bytecnt:0, (addr 0x0)]
01-01 05:30:04.717     0     0 I         : [T1000129] [PMIF] (25)[chan:0, cmd:0x0, rw:0x0, slvid:0, bytecnt:0, (addr 0x0)]
01-01 05:30:04.717     0     0 I         : [T1000129] [PMIF] (26)[chan:0, cmd:0x0, rw:0x0, slvid:0, bytecnt:0, (addr 0x0)]
01-01 05:30:04.717     0     0 I         : [T1000129] [PMIF] (27)[chan:0, cmd:0x0, rw:0x0, slvid:0, bytecnt:0, (addr 0x0)]
01-01 05:30:04.717     0     0 I         : [T1000129] [PMIF] (28)[chan:0, cmd:0x0, rw:0x0, slvid:0, bytecnt:0, (addr 0x0)]
01-01 05:30:04.717     0     0 I         : [T1000129] [PMIF] (29)[chan:0, cmd:0x0, rw:0x0, slvid:0, bytecnt:0, (addr 0x0)]
01-01 05:30:04.717     0     0 I         : [T1000129] [PMIF] (30)[chan:0, cmd:0x0, rw:0x0, slvid:0, bytecnt:0, (addr 0x0)]
01-01 05:30:04.717     0     0 I         : [T1000129] [PMIF] (31)[chan:0, cmd:0x0, rw:0x0, slvid:0, bytecnt:0, (addr 0x0)]
01-01 05:30:04.717     0     0 I         : [T1500001] mtk-spmi-pmic 0-06: probe chip id=0x15 done
01-01 05:30:04.717     0     0 W [T1500001] mtk-dynamic-loading-throttling: Failed to locate of_node [id: -1]
01-01 05:30:04.717     0     0 W         : [T1500001] mt635x-efuse mt6363-efuse: DMA mask not set
01-01 05:30:04.717     0     0 I         : [T1500001] mtk-spmi-pmic 0-04: probe chip id=0x63 done
01-01 05:30:04.717     0     0 W         : [T1100010] mtk-power-controller 10006000.syscon:power-controller: /syscon@10006000/power-controller/vppsys0@15/vdosys0@16/cam_vcore@29: A default off power domain has been ON
01-01 05:30:04.717     0     0 W         : [T1100010] mtk-power-controller 10006000.syscon:power-controller: /syscon@10006000/power-controller/vppsys0@15/vdosys0@16/cam_vcore@29/cam_main@30: A default off power domain has been ON
01-01 05:30:04.717     0     0 W         : [T1100010] mtk-power-controller 10006000.syscon:power-controller: /syscon@10006000/power-controller/vppsys0@15/vdosys0@16/vdosys1@17/hdmi_tx@9: A default off power domain has been ON
01-01 05:30:04.717     0     0 W         : [T1100010] mtk-power-controller 10006000.syscon:power-controller: /syscon@10006000/power-controller/pextp_mac_p0@5: A default off power domain has been ON
01-01 05:30:04.717     0     0 W         : [T1100010] mtk-power-controller 10006000.syscon:power-controller: /syscon@10006000/power-controller/csirx_top@7: A default off power domain has been ON
01-01 05:30:04.717     0     0 W         : [T1100010] mtk-power-controller 10006000.syscon:power-controller: /syscon@10006000/power-controller/pextp_phy_top@6: A default off power domain has been ON
01-01 05:30:04.717     0     0 I [T1500001] dramc_probe: module probe.
01-01 05:30:04.717     0     0 I [T1500001] dramc_probe: dram_type(9),support_ch_cnt(4),ch_cnt(4),rk_cnt(1),mr_cnt(4),freq_cnt(7),mr4(true)
01-01 05:30:04.718     0     0 I [T1500001] dramc_probe: mr5(ffff)
01-01 05:30:04.718     0     0 I [T1500001] dramc_probe: mr6(707)
01-01 05:30:04.718     0     0 I [T1500001] dramc_probe: mr7(0)
01-01 05:30:04.718     0     0 I [T1500001] dramc_probe: mr8(10)
01-01 05:30:04.718     0     0 I [T1500001] dramc_probe: fmeter_version(1)
01-01 05:30:04.718     0     0 I [T1500001] dramc_probe: DRAM data type = 9
01-01 05:30:04.718     0     0 I [T1500001] dramc_probe: DRAM data rate = 3733
01-01 05:30:04.718     0     0 E         : [T1500001] mtk-dvfsrc 10012000.dvfsrc: IRQ index 0 not found
01-01 05:30:04.718     0     0 I [T1500001] optee: probing for conduit method.
01-01 05:30:04.718     0     0 I [T1500001] optee: revision 3.14 (97a45799)
01-01 05:30:04.718     0     0 I [T1500001] optee: dynamic shared memory is enabled
01-01 05:30:04.718     0     0 I [T1500001] optee: initialized driver
01-01 05:30:04.718     0     0 W [T1500001] E/TC: ? 0 _MTEE_LOG:127 [CMDQ_TZ][ERR]regiter secure irq 131, status:0
01-01 05:30:04.718     0     0 W [T1500001] E/TC: ? 0 _MTEE_LOG:127 TZ_MDP_LOG: call MDP TZ init
01-01 05:30:04.718     0     0 W [T1500001] E/TC: ? 0 _MTEE_LOG:127 [HDMI]MTEE_HDMIInit()
01-01 05:30:04.718     0     0 W [T1200160] E/LD: init_elf:437 sys_open_ta_bin(5bc52d1c-a07b-4373-8cab-d4db3e9eea5c)
01-01 05:30:04.718     0     0 W [T1200160] E/TC: ? 0 ldelf_init_with_ldelf:126 ldelf failed with res: 0xffff000c
01-01 05:30:04.718     0     0 E         : [T1200160] ret=-65524
01-01 05:30:04.718     0     0 I         : [T1200160] CreateSession error -65536
01-01 05:30:04.718     0     0 I         : [T1200160] update_tz_count (160) used greatest stack depth: 13880 bytes left
01-01 05:30:04.718     0     0 I         : [T1500001] emimpu was loaded
01-01 05:30:04.718     0     0 I         : [T1500001] emimpu_driver 10226000.emimpu: driver probed
01-01 05:30:04.718     0     0 I         : [T1500001] emimpu_driver 10226000.emimpu: region_cnt(32),domain_cnt(16),addr_align(16),dram_start(40000000),dram_end(13fffffff),ctrl_intf(1)
01-01 05:30:04.718     0     0 I         : [T1500001] emicen was loaded
01-01 05:30:04.718     0     0 I         : [T1500001] emicen_drv 10219000.emicen: driver probed
01-01 05:30:04.718     0     0 I         : [T1500001] emicen_drv 10219000.emicen: No a2d_disph
01-01 05:30:04.718     0     0 I         : [T1500001] emicen_drv 10219000.emicen: No a2d_hash
01-01 05:30:04.718     0     0 I         : [T1500001] emicen_drv 10219000.emicen: No a2d_conf_offset
01-01 05:30:04.718     0     0 I         : [T1500001] emicen_drv 10219000.emicen: No a2d_chn_conf_offset
01-01 05:30:04.718     0     0 I         : [T1500001] emicen_drv 10219000.emicen: version(1) ch_cnt(4), rk_cnt(1)
01-01 05:30:04.718     0     0 I         : [T1500001] emicen_drv 10219000.emicen: rk_size0(0x100000000)
01-01 05:30:04.719     0     0 I         : [T1500001] emicen_drv 10219000.emicen: a2d_disph 0
01-01 05:30:04.719     0     0 I         : [T1500001] emicen_drv 10219000.emicen: a2d_hash 7
01-01 05:30:04.719     0     0 I         : [T1500001] emicen_drv 10219000.emicen: emi_a2d_con_offset[0] 0
01-01 05:30:04.719     0     0 I         : [T1500001] emicen_drv 10219000.emicen: emi_a2d_con_offset[1] 40
01-01 05:30:04.719     0     0 I         : [T1500001] emicen_drv 10219000.emicen: emi_a2d_con_offset[2] 56
01-01 05:30:04.719     0     0 I         : [T1500001] emicen_drv 10219000.emicen: emi_a2d_con_offset[3] 60
01-01 05:30:04.719     0     0 I         : [T1500001] emicen_drv 10219000.emicen: emi_a2d_con_offset[4] 80
01-01 05:30:04.719     0     0 I         : [T1500001] emicen_drv 10219000.emicen: emi_a2d_con_offset[5] 1972
01-01 05:30:04.719     0     0 I         : [T1500001] emicen_drv 10219000.emicen: emi_a2d_chn_con_offset[0] 0
01-01 05:30:04.719     0     0 I         : [T1500001] emicen_drv 10219000.emicen: emi_a2d_chn_con_offset[1] 16
01-01 05:30:04.719     0     0 I         : [T1500001] emicen_drv 10219000.emicen: emi_a2d_chn_con_offset[2] 20
01-01 05:30:04.719     0     0 I         : [T1500001] emiisu wad loaded
01-01 05:30:04.719     0     0 I         : [T1500001] emiisu_drv emiisu: driver probed
01-01 05:30:04.719     0     0 I         : [T1500001] emiisu_drv emiisu: buf_size(800000),buf_addr(0),ver_addr(ffffffc0089c58b8),con_addr(ffffffc0089cd8a4),ctrl_intf(0)
01-01 05:30:04.719     0     0 I [T1500001] emimpu_ap_region_init: enable AP region
01-01 05:30:04.719     0     0 I         : [T1500001] emislb was loaded
01-01 05:30:04.719     0     0 I         : [T1500001] [SCP] scp_reg_base_phy = 0x10700000
01-01 05:30:04.719     0     0 I         : [T1500001] [SCP] scp_hwvoter not support: 0
01-01 05:30:04.719     0     0 I         : [T1500001] [SCP] scpreg.core_nums = 2
01-01 05:30:04.719     0     0 I         : [T1500001] [SCP] scpreg.twohart = 1
01-01 05:30:04.719     0     0 I [T1500001] [SCP]scp_ipi_table_init: wrapper_ipi don't exist
01-01 05:30:04.719     0     0 I         : [T1500001] scp_ipidev (with 50 IPI) has registered.
01-01 05:30:04.719     0     0 I         : [T1500001] [SCP] scp_reserve_memory_ioremap
01-01 05:30:04.719     0     0 I         : [T1500001] [SCP] scp_reserve_memory_ioremap is called, 0x7ed00000, 0x300000
01-01 05:30:04.719     0     0 I         : [T1500001] @@@@ reserved: <0  0>
01-01 05:30:04.719     0     0 I         : [T1500001] @@@@ reserved: <1  256>
01-01 05:30:04.719     0     0 I         : [T1500001] @@@@ reserved: <2  1048576>
01-01 05:30:04.719     0     0 I         : [T1500001] @@@@ reserved: <3  1572864>
01-01 05:30:04.719     0     0 I         : [T1500001] @@@@ reserved: <4  256>
01-01 05:30:04.719     0     0 I         : [T1500001] @@@@ reserved: <5  256>
01-01 05:30:04.719     0     0 I         : [T1500001] @@@@ reserved: <7  256>
01-01 05:30:04.719     0     0 I         : [T1500001] @@@@ reserved: <8  65536>
01-01 05:30:04.719     0     0 I         : [T1500001] @@@@ reserved: <9  4096>
01-01 05:30:04.719     0     0 I         : [T1500001] @@@@ reserved: <10  8192>
01-01 05:30:04.719     0     0 I         : [T1500001] @@@@ reserved: <11  256>
01-01 05:30:04.719     0     0 I         : [T1500001] @@@@ reserved: <12  256>
01-01 05:30:04.720     0     0 I         : [T1500001] SCP_VREQ_VAO pinmux setting is correct - 0x11111
01-01 05:30:04.720     0     0 I         : [T1500001] [SCP] scp_excep_init cleaned ramdump
01-01 05:30:04.720     0     0 I         : [T1500001] Skip legacy ipi init
01-01 05:30:04.720     0     0 I         : [T1500001] Dosen't support IPI_IN_SCP_READY_0
01-01 05:30:04.720     0     0 I         : [T1500001] [SCP] loader image mem: virt:0xffffffc008bf4000 - 0xffffffc008bf6000
01-01 05:30:04.720     0     0 I         : [T1500001] [SCP] SCP IPI ready trigger done
01-01 05:30:04.720     0     0 I         : [T1200008] [SCP] scp_logger_notify_ws: id=17
01-01 05:30:04.720     0     0 I         : [T1200008] [SCP]logger re-enable ret=0
01-01 05:30:04.720     0     0 I         : [T1200008] [SCP] scp_logger_notify_ws: id=17
01-01 05:30:04.720     0     0 I         : [T1200008] [SCP]logger re-enable ret=0
01-01 05:30:04.720     0     0 I         : [T1500001] mtk_rvc_probe start
01-01 05:30:04.720     0     0 I         : [T1500001] mtk_rvc_probe end
01-01 05:30:04.720     0     0 I         : [T1400115] mrdump control block 2nd stage init done.
01-01 05:30:04.720     0     0 I         : [T1500001] get common(0) reg fail
01-01 05:30:04.720     0     0 I         : [T1500001] get common(1) reg fail
01-01 05:30:04.720     0     0 I         : [T1500001] [mmqos] mmqos probe state: 7
01-01 05:30:04.720     0     0 I         : [T1500001] [mmqos] ddr type: 9
01-01 05:30:04.720     0     0 I         : [T1500001] mtk-iommu 10315000.infra_iommu: probe done
01-01 05:30:04.720     0     0 I         : [T1500001] mtk-iommu 10ba0000.dsp_iommu: probe done
01-01 05:30:04.720     0     0 I         : [T1500001] mtk-iommu 14018000.mm_iommu: bound 1c023000.larb (ops mtk_smi_larb_component_ops [mtk_smi])
01-01 05:30:04.720     0     0 I         : [T1500001] mtk-iommu 14018000.mm_iommu: bound 1c103000.larb (ops mtk_smi_larb_component_ops [mtk_smi])
01-01 05:30:04.720     0     0 I         : [T1500001] mtk-iommu 14018000.mm_iommu: bound 14013000.larb (ops mtk_smi_larb_component_ops [mtk_smi])
01-01 05:30:04.720     0     0 I         : [T1500001] mtk-iommu 14018000.mm_iommu: bound 14f03000.larb (ops mtk_smi_larb_component_ops [mtk_smi])
01-01 05:30:04.720     0     0 I         : [T1500001] mtk-iommu 14018000.mm_iommu: bound 14e04000.larb (ops mtk_smi_larb_component_ops [mtk_smi])
01-01 05:30:04.720     0     0 I         : [T1500001] mtk-iommu 14018000.mm_iommu: bound 15530000.larb (ops mtk_smi_larb_component_ops [mtk_smi])
01-01 05:30:04.720     0     0 I         : [T1500001] mtk-iommu 14018000.mm_iommu: bound 15340000.larb (ops mtk_smi_larb_component_ops [mtk_smi])
01-01 05:30:04.720     0     0 I         : [T1500001] mtk-iommu 14018000.mm_iommu: bound 16002000.larb (ops mtk_smi_larb_component_ops [mtk_smi])
01-01 05:30:04.720     0     0 I         : [T1500001] mtk-iommu 14018000.mm_iommu: bound 15140000.larb (ops mtk_smi_larb_component_ops [mtk_smi])
01-01 05:30:04.720     0     0 I         : [T1500001] mtk-iommu 14018000.mm_iommu: bound 16008000.larb (ops mtk_smi_larb_component_ops [mtk_smi])
01-01 05:30:04.720     0     0 I         : [T1500001] mtk-iommu 14018000.mm_iommu: bound 16009000.larb (ops mtk_smi_larb_component_ops [mtk_smi])
01-01 05:30:04.720     0     0 I         : [T1500001] mtk-iommu 14018000.mm_iommu: bound 1800d000.larb (ops mtk_smi_larb_component_ops [mtk_smi])
01-01 05:30:04.720     0     0 I         : [T1500001] mtk-iommu 14018000.mm_iommu: bound 17201000.larb (ops mtk_smi_larb_component_ops [mtk_smi])
01-01 05:30:04.720     0     0 I         : [T1500001] mtk-iommu 14018000.mm_iommu: probe done
01-01 05:30:04.720     0     0 I         : [T1500001] mtk-iommu 19010000.apu_iommu: probe done
01-01 05:30:04.721     0     0 I         : [T1500001] mtk-iommu 19015000.apu_iommu: probe done
01-01 05:30:04.721     0     0 I         : [T1500001] mtk-iommu 1c028000.mm_iommu: bound 1c022000.larb (ops mtk_smi_larb_component_ops [mtk_smi])
01-01 05:30:04.721     0     0 I         : [T1500001] mtk-iommu 1c028000.mm_iommu: bound 1c102000.larb (ops mtk_smi_larb_component_ops [mtk_smi])
01-01 05:30:04.721     0     0 I         : [T1500001] mtk-iommu 1c028000.mm_iommu: bound 14f02000.larb (ops mtk_smi_larb_component_ops [mtk_smi])
01-01 05:30:04.721     0     0 I         : [T1500001] mtk-iommu 1c028000.mm_iommu: bound 15001000.larb (ops mtk_smi_larb_component_ops [mtk_smi])
01-01 05:30:04.721     0     0 I         : [T1500001] mtk-iommu 1c028000.mm_iommu: bound 15120000.larb (ops mtk_smi_larb_component_ops [mtk_smi])
01-01 05:30:04.721     0     0 I         : [T1500001] mtk-iommu 1c028000.mm_iommu: bound 15230000.larb (ops mtk_smi_larb_component_ops [mtk_smi])
01-01 05:30:04.721     0     0 I         : [T1500001] mtk-iommu 1c028000.mm_iommu: bound 15630000.larb (ops mtk_smi_larb_component_ops [mtk_smi])
01-01 05:30:04.721     0     0 I         : [T1500001] mtk-iommu 1c028000.mm_iommu: bound 16001000.larb (ops mtk_smi_larb_component_ops [mtk_smi])
01-01 05:30:04.721     0     0 I         : [T1500001] mtk-iommu 1c028000.mm_iommu: bound 1600a000.larb (ops mtk_smi_larb_component_ops [mtk_smi])
01-01 05:30:04.721     0     0 I         : [T1500001] mtk-iommu 1c028000.mm_iommu: bound 1600b000.larb (ops mtk_smi_larb_component_ops [mtk_smi])
01-01 05:30:04.721     0     0 I         : [T1500001] mtk-iommu 1c028000.mm_iommu: bound 1a010000.larb (ops mtk_smi_larb_component_ops [mtk_smi])
01-01 05:30:04.721     0     0 I         : [T1500001] mtk-iommu 1c028000.mm_iommu: bound 1802e000.larb (ops mtk_smi_larb_component_ops [mtk_smi])
01-01 05:30:04.721     0     0 I         : [T1500001] mtk-iommu 1c028000.mm_iommu: probe done
01-01 05:30:04.721     0     0 I [T1500001] dma_heap: system system_heap_create add heap[system] success
01-01 05:30:04.721     0     0 I [T1500001] dma_heap: system system_heap_create add heap[mtk_mm] success
01-01 05:30:04.721     0     0 I [T1500001] dma_heap: system system_heap_create add heap[system-uncached] success
01-01 05:30:04.721     0     0 I [T1500001] dma_heap: system system_heap_create add heap[mtk_mm-uncached] success
01-01 05:30:04.721     0     0 I         : [T1500001] [SEC M4U] mtk_iommu_sec_hw_init done (sec_iova_size 0x12000000)
01-01 05:30:04.721     0     0 I         : [T1500001] platform vpp_sec_iommu@1401c000: Adding to iommu group 0
01-01 05:30:04.721     0     0 I         : [T1500001] platform vdo_sec_iommu@1c02c000: Adding to iommu group 0
01-01 05:30:04.721     0     0 I [T1500001] dma_heap: mtk_sec mtk_sec_heap_init add heap[mtk_svp] success
01-01 05:30:04.721     0     0 I         : [T1500001] [cmdq] cmdq_drv_init enter
01-01 05:30:04.721     0     0 I         : [T1500001] [cmdq] cmdq_util_init begin
01-01 05:30:04.721     0     0 I         : [T1500001] [cmdq] cmdq_util_init end
01-01 05:30:04.721     0     0 I         : [T1500001] mtk_cmdq_mbox 10320000.gce_mbox: cmdq_probe+
01-01 05:30:04.721     0     0 I         : [T1500001] [cmdq] data:0000000000000000 val:0x1 bit_feature:0x2
01-01 05:30:04.721     0     0 I         : [T1500001] mtk_cmdq_mbox 10320000.gce_mbox: cmdq thread:32 shift:3 mminfra:0x0 base:0xffffffc008d34000 pa:0x10320000
01-01 05:30:04.721     0     0 I         : [T1500001] [cmdq] cmdq thread:32 shift:3 base:0xffffffc008d34000 pa:0x10320000
01-01 05:30:04.721     0     0 I         : [T1500001]
01-01 05:30:04.721     0     0 I         : [T1500001] [cmdq] mbox set dma mask bit:32 result:0
01-01 05:30:04.721     0     0 I         : [T1500001]
01-01 05:30:04.721     0     0 I         : [T1400001] [cmdq] init cmd buffer:0xffffffc008bcf000 (0xfe100000)
01-01 05:30:04.722     0     0 I         : [T1400001] [cmdq] failed to get mediatek,smi
01-01 05:30:04.722     0     0 I         : [T1400001] mtk_cmdq_mbox 10320000.gce_mbox: register mailbox successfully
01-01 05:30:04.722     0     0 I [T1400001] MMP: mmprofile_enable(): enable: 1
01-01 05:30:04.722     0     0 I [T1400001] MMP: mmprofile_force_start(): start: 1
01-01 05:30:04.722     0     0 I         : [T1400001] [cmdq] cmdq_util_track_ctrl cmdq:0000000078ab3167 sec:false
01-01 05:30:04.722     0     0 I         : [T1400001] [cmdq] cmdq_util_get_hw_id cmdq_platform->util_hw_id is NULL
01-01 05:30:04.722     0     0 I         : [T1400001] mtk_cmdq_mbox 10320000.gce_mbox: cmdq_probe-
01-01 05:30:04.722     0     0 I         : [T1400001] mtk_cmdq_mbox 10330000.gce_mbox_d: cmdq_probe+
01-01 05:30:04.722     0     0 I         : [T1400001] [cmdq] data:0000000000000000 val:0x1 bit_feature:0x2
01-01 05:30:04.722     0     0 I         : [T1400001] mtk_cmdq_mbox 10330000.gce_mbox_d: cmdq thread:32 shift:3 mminfra:0x0 base:0xffffffc008f38000 pa:0x10330000
01-01 05:30:04.722     0     0 I         : [T1400001] [cmdq] cmdq thread:32 shift:3 base:0xffffffc008f38000 pa:0x10330000
01-01 05:30:04.722     0     0 I         : [T1400001]
01-01 05:30:04.722     0     0 I         : [T1400001] [cmdq] mbox set dma mask bit:32 result:0
01-01 05:30:04.722     0     0 I         : [T1400001]
01-01 05:30:04.722     0     0 I         : [T1400001] [cmdq] init cmd buffer:0xffffffc008f1c000 (0xfe104000)
01-01 05:30:04.722     0     0 I         : [T1400001] [cmdq] failed to get mediatek,smi
01-01 05:30:04.722     0     0 I         : [T1400001] mtk_cmdq_mbox 10330000.gce_mbox_d: register mailbox successfully
01-01 05:30:04.722     0     0 I [T1400001] MMP: mmprofile_enable(): enable: 1
01-01 05:30:04.722     0     0 I [T1400001] MMP: mmprofile_force_start(): start: 1
01-01 05:30:04.722     0     0 I         : [T1400001] [cmdq] cmdq_util_track_ctrl cmdq:00000000e39a8aa7 sec:false
01-01 05:30:04.722     0     0 I         : [T1400001] [cmdq] cmdq_util_get_hw_id cmdq_platform->util_hw_id is NULL
01-01 05:30:04.722     0     0 I         : [T1400001] mtk_cmdq_mbox 10330000.gce_mbox_d: cmdq_probe-
01-01 05:30:04.722     0     0 I         : [T1400001] [cmdq] cmdq_helper_init enter
01-01 05:30:04.722     0     0 I         : [T1400001] [cmdq] hwid:0 client:0000000000000000
01-01 05:30:04.722     0     0 I         : [T1400001] [cmdq] hwid:0 client:0000000000000000
01-01 05:30:04.722     0     0 I         : [T1400001] [cmdq] hwid:1 client:0000000000000000
01-01 05:30:04.722     0     0 I         : [T1400001] [cmdq] hwid:1 client:0000000000000000
01-01 05:30:04.722     0     0 I         : [T1400001] mtk_isp_vmm_probe+
01-01 05:30:04.722     0     0 I         : [T1400001] mtk_isp_vmm_probe-
01-01 05:30:04.722     0     0 I         : [T1400001] external_sensor_drv_init
01-01 05:30:04.722     0     0 I         : [T1400001] ccu_rproc 17080000.ccu_rproc: Adding to iommu group 1
01-01 05:30:04.722     0     0 I         : [T1400001] [ccu_rproc][mtk_ccu_probe] ccu_base pa: 0x17080000, size: 0x9000
01-01 05:30:04.722     0     0 I         : [T1400001] [ccu_rproc][mtk_ccu_probe] ccu_base va: 0xffffffc008b00000
01-01 05:30:04.722     0     0 I         : [T1400001] [ccu_rproc][mtk_ccu_probe] dmem_base pa: 0x17020000, size: 0x20000
01-01 05:30:04.723     0     0 I         : [T1400001] [ccu_rproc][mtk_ccu_probe] dmem_base va: 0xffffffc008e20000
01-01 05:30:04.723     0     0 I         : [T1400001] [ccu_rproc][mtk_ccu_probe] pmem_base pa: 0x17000000, size: 0x20000
01-01 05:30:04.723     0     0 I         : [T1400001] [ccu_rproc][mtk_ccu_probe] pmem_base va: 0xffffffc008e60000
01-01 05:30:04.723     0     0 I         : [T1400001] [ccu_rproc][mtk_ccu_probe] ccu_probe irq_num: 219
01-01 05:30:04.723     0     0 I         : [T1400001] ccu_rproc 17080000.ccu_rproc: success: size(400000), va(ffffffc009f02000), mva(1ffc00000)
01-01 05:30:04.723     0     0 I         : [T1400001] remoteproc remoteproc0: ccu_rproc is available
01-01 05:30:04.723     0     0 I [T1400001] cfg80211: Loading compiled-in X.509 certificates for regulatory database
01-01 05:30:04.723     0     0 W         : [T1500158] platform regulatory.0: Direct firmware load for regulatory.db failed with error -2
01-01 05:30:04.723     0     0 I [T1500158] cfg80211: failed to load regulatory.db
01-01 05:30:04.723     0     0 I         : [T1500001] platform util init
01-01 05:30:04.723     0     0 I         : [T1500001] plat init
01-01 05:30:04.723     0     0 I         : [T1500001] mtk-cam-larb camisp_l13: Adding to iommu group 2
01-01 05:30:04.723     0     0 I         : [T1500001] mtk-cam-larb camisp_l13: mtk_cam_larb_probe
01-01 05:30:04.723     0     0 I         : [T1500001] mtk-cam-larb camisp_l14: Adding to iommu group 2
01-01 05:30:04.723     0     0 I         : [T1500001] mtk-cam-larb camisp_l14: mtk_cam_larb_probe
01-01 05:30:04.723     0     0 I         : [T1500001] seninf-core 16010000.seninf_top: get_seninf_ops: mtk_csi_phy_2_0 = 0x83efe4c8 mtk_csi_phy_3_0 = 0x83efe618
01-01 05:30:04.723     0     0 I         : [T1500001] seninf-core 16010000.seninf_top: get_seninf_ops: mtk_csi_phy_ver = mtk_csi_phy_2_0 i = 1 0x83efe4c8 ret = 0
01-01 05:30:04.723     0     0 I         : [T1500001] seninf-core 16010000.seninf_top: get_seninf_ops: seninf_num = 4, mux_num = 8, cam_mux_num = 11, pref_mux_num =11
01-01 05:30:04.723     0     0 I         : [T1500001] seninf-core 16010000.seninf_top: failed to get clk_top_seninf2
01-01 05:30:04.723     0     0 I         : [T1500001] seninf-core 16010000.seninf_top: failed to get clk_top_seninf3
01-01 05:30:04.723     0     0 I         : [T1500001] seninf-core 16010000.seninf_top: failed to get clk_top_seninf4
01-01 05:30:04.723     0     0 I         : [T1500001] seninf-core 16010000.seninf_top: failed to get clk_top_seninf5
01-01 05:30:04.723     0     0 I         : [T1500001] platform 16010000.seninf_top:seninf_csi_port_0_0_rvc: Fixing up cyclic dependency with 6-0042
01-01 05:30:04.723     0     0 I         : [T1500001] seninf 16010000.seninf_top:seninf_csi_port_0_0_rvc: seninf d_settlte/d_settle_ck/d_trail/c_settle= 0/17/52/16
01-01 05:30:04.723     0     0 I         : [T1500001] seninf 16010000.seninf_top:seninf_csi_port_0_0_rvc: ctx->port = 6
01-01 05:30:04.723     0     0 I         : [T1500001] seninf 16010000.seninf_top:seninf_csi_port_0_0_rvc: read csi efuse returned with error cell -1
01-01 05:30:04.723     0     0 I         : [T1500001] seninf 16010000.seninf_top:seninf_csi_port_0_0_rvc: Failed to read efuse data
01-01 05:30:04.723     0     0 I         : [T1500001] seninf 16010000.seninf_top:seninf_csi_port_0_0_rvc: seninf_probe: port=6
01-01 05:30:04.723     0     0 I         : [T1500001] platform 16010000.seninf_top:seninf_csi_port_0_0: Fixing up cyclic dependency with 6-0044
01-01 05:30:04.723     0     0 I         : [T1500001] seninf 16010000.seninf_top:seninf_csi_port_0_0: seninf d_settlte/d_settle_ck/d_trail/c_settle= 0/17/52/16
01-01 05:30:04.723     0     0 I         : [T1500001] seninf 16010000.seninf_top:seninf_csi_port_0_0: ctx->port = 6
01-01 05:30:04.723     0     0 I         : [T1500001] seninf 16010000.seninf_top:seninf_csi_port_0_0: read csi efuse returned with error cell -1
01-01 05:30:04.723     0     0 I         : [T1500001] seninf 16010000.seninf_top:seninf_csi_port_0_0: Failed to read efuse data
01-01 05:30:04.724     0     0 I         : [T1500001] seninf 16010000.seninf_top:seninf_csi_port_0_0: seninf_probe: port=6
01-01 05:30:04.724     0     0 I         : [T1500001] platform 16010000.seninf_top:seninf_csi_port_0_1: Fixing up cyclic dependency with 6-0043
01-01 05:30:04.724     0     0 E         : [T1300176] imgsensor 6-0042: default variant - SVS
01-01 05:30:04.724     0     0 I         : [T1500001] seninf 16010000.seninf_top:seninf_csi_port_0_1: seninf d_settlte/d_settle_ck/d_trail/c_settle= 0/17/52/16
01-01 05:30:04.724     0     0 I         : [T1500001] seninf 16010000.seninf_top:seninf_csi_port_0_1: ctx->port = 6
01-01 05:30:04.724     0     0 I         : [T1500001] seninf 16010000.seninf_top:seninf_csi_port_0_1: read csi efuse returned with error cell -1
01-01 05:30:04.724     0     0 I         : [T1500001] seninf 16010000.seninf_top:seninf_csi_port_0_1: Failed to read efuse data
01-01 05:30:04.724     0     0 I         : [T1500001] seninf 16010000.seninf_top:seninf_csi_port_0_1: seninf_probe: port=6
01-01 05:30:04.724     0     0 I         : [T1500001] platform 16010000.seninf_top:seninf_csi_port_0_2: Fixing up cyclic dependency with 6-0045
01-01 05:30:04.724     0     0 I         : [T1500001] seninf 16010000.seninf_top:seninf_csi_port_0_2: seninf d_settlte/d_settle_ck/d_trail/c_settle= 0/17/52/16
01-01 05:30:04.724     0     0 I         : [T1500001] seninf 16010000.seninf_top:seninf_csi_port_0_2: ctx->port = 7
01-01 05:30:04.724     0     0 I         : [T1500001] seninf 16010000.seninf_top:seninf_csi_port_0_2: read csi efuse returned with error cell -1
01-01 05:30:04.724     0     0 I         : [T1500001] seninf 16010000.seninf_top:seninf_csi_port_0_2: Failed to read efuse data
01-01 05:30:04.724     0     0 I         : [T1500001] seninf 16010000.seninf_top:seninf_csi_port_0_2: seninf_probe: port=7
01-01 05:30:04.724     0     0 I         : [T1500001] platform 16010000.seninf_top:seninf_csi_port_0_3: Fixing up cyclic dependency with 6-0046
01-01 05:30:04.724     0     0 I         : [T1500001] seninf 16010000.seninf_top:seninf_csi_port_0_3: seninf d_settlte/d_settle_ck/d_trail/c_settle= 0/17/52/16
01-01 05:30:04.724     0     0 I         : [T1500001] seninf 16010000.seninf_top:seninf_csi_port_0_3: ctx->port = 7
01-01 05:30:04.724     0     0 I         : [T1500001] seninf 16010000.seninf_top:seninf_csi_port_0_3: read csi efuse returned with error cell -1
01-01 05:30:04.724     0     0 I         : [T1500001] seninf 16010000.seninf_top:seninf_csi_port_0_3: Failed to read efuse data
01-01 05:30:04.724     0     0 I         : [T1500001] seninf 16010000.seninf_top:seninf_csi_port_0_3: seninf_probe: port=7
01-01 05:30:04.724     0     0 I         : [T1500001] seninf-core 16010000.seninf_top: dfs[0] freq 273000000 volt 550000
01-01 05:30:04.724     0     0 I         : [T1500001] seninf-core 16010000.seninf_top: dfs[1] freq 416000000 volt 600000
01-01 05:30:04.724     0     0 I         : [T1500001] seninf-core 16010000.seninf_top: dfs[2] freq 546000000 volt 650000
01-01 05:30:04.724     0     0 I         : [T1500001] seninf-core 16010000.seninf_top: dfs[3] freq 594000000 volt 725000
01-01 05:30:04.724     0     0 I         : [T1500001] seninf-core 16010000.seninf_top: seninf_core_probe
01-01 05:30:04.724     0     0 I         : [T1500001] mtk-cam raw 16030000.cam_raw_a: Adding to iommu group 2
01-01 05:30:04.724     0     0 I         : [T1500001] mtk-cam raw 16070000.cam_raw_b: Adding to iommu group 2
01-01 05:30:04.724     0     0 I         : [T1500001] mtk-cam yuv 16050000.cam_yuv_a: Adding to iommu group 2
01-01 05:30:04.724     0     0 I         : [T1400001] mtk-cam yuv 16090000.cam_yuv_b: Adding to iommu group 2
01-01 05:30:04.724     0     0 I         : [T1500001] mtk-cam 16000000.camisp: bound 16030000.cam_raw_a (ops mtk_raw_component_ops [mtk_cam_isp])
01-01 05:30:04.724     0     0 I         : [T1500001] mtk-cam 16000000.camisp: bound 16070000.cam_raw_b (ops mtk_raw_component_ops [mtk_cam_isp])
01-01 05:30:04.724     0     0 I         : [T1500001] mtk-cam 16000000.camisp: bound 16050000.cam_yuv_a (ops mtk_yuv_component_ops [mtk_cam_isp])
01-01 05:30:04.724     0     0 I         : [T1500001] mtk-cam 16000000.camisp: bound 16090000.cam_yuv_b (ops mtk_yuv_component_ops [mtk_cam_isp])
01-01 05:30:04.725     0     0 I         : [T1500001] mtk-cam-larb camisp_l13: mtk_cam_pm_component_bind: dev:0xc0e83810, id=13
01-01 05:30:04.725     0     0 I         : [T1500001] mtk-cam 16000000.camisp: bound camisp_l13 (ops mtk_cam_pm_component_ops [mtk_cam_isp])
01-01 05:30:04.725     0     0 I         : [T1500001] mtk-cam-larb camisp_l14: mtk_cam_pm_component_bind: dev:0xc0e81810, id=14
01-01 05:30:04.725     0     0 I         : [T1500001] mtk-cam 16000000.camisp: bound camisp_l14 (ops mtk_cam_pm_component_ops [mtk_cam_isp])
01-01 05:30:04.725     0     0 I         : [T1500001] mtk-cam 16000000.camisp: bound 16112000.camsv3 (ops mtk_camsv_component_ops [mtk_cam_isp])
01-01 05:30:04.725     0     0 I         : [T1500001] mtk-cam 16000000.camisp: bound 16113000.camsv4 (ops mtk_camsv_component_ops [mtk_cam_isp])
01-01 05:30:04.725     0     0 I         : [T1500001] mtk-cam 16000000.camisp: bound 16184000.camsv5 (ops mtk_camsv_component_ops [mtk_cam_isp])
01-01 05:30:04.725     0     0 I         : [T1500001] mtk-cam 16000000.camisp: bound 16185000.camsv6 (ops mtk_camsv_component_ops [mtk_cam_isp])
01-01 05:30:04.725     0     0 I         : [T1500001] mtk-cam 16000000.camisp: bound 16186000.camsv7 (ops mtk_camsv_component_ops [mtk_cam_isp])
01-01 05:30:04.725     0     0 I         : [T1500001] mtk-cam 16000000.camisp: bound 16187000.camsv8 (ops mtk_camsv_component_ops [mtk_cam_isp])
01-01 05:30:04.725     0     0 I         : [T1500001] mtk-cam 16000000.camisp: bound 16010000.seninf_top:seninf_csi_port_0_0_rvc (ops seninf_comp_ops [mtk_cam_isp])
01-01 05:30:04.725     0     0 I         : [T1500001] mtk-cam 16000000.camisp: bound 16010000.seninf_top:seninf_csi_port_0_0 (ops seninf_comp_ops [mtk_cam_isp])
01-01 05:30:04.725     0     0 I         : [T1500001] mtk-cam 16000000.camisp: bound 16010000.seninf_top:seninf_csi_port_0_1 (ops seninf_comp_ops [mtk_cam_isp])
01-01 05:30:04.725     0     0 I         : [T1500001] mtk-cam 16000000.camisp: bound 16010000.seninf_top:seninf_csi_port_0_2 (ops seninf_comp_ops [mtk_cam_isp])
01-01 05:30:04.725     0     0 I         : [T1500001] mtk-cam 16000000.camisp: bound 16010000.seninf_top:seninf_csi_port_0_3 (ops seninf_comp_ops [mtk_cam_isp])
01-01 05:30:04.725     0     0 I         : [T1500001] mtk-cam 16000000.camisp: [mtk_cam_dvfs_init] idx=0, clk=273000000 volt=550000
01-01 05:30:04.725     0     0 I         : [T1500001] mtk-cam 16000000.camisp: [mtk_cam_dvfs_init] idx=1, clk=416000000 volt=600000
01-01 05:30:04.725     0     0 I         : [T1500001] mtk-cam 16000000.camisp: [mtk_cam_dvfs_init] idx=2, clk=546000000 volt=650000
01-01 05:30:04.725     0     0 I         : [T1500001] mtk-cam 16000000.camisp: [mtk_cam_dvfs_init] idx=3, clk=594000000 volt=725000
01-01 05:30:04.725     0     0 I         : [T1500001] mtk-cam raw 16030000.cam_raw_a: [mtk_cam_qos_init] raw_engine_id=0, port_num=24
01-01 05:30:04.725     0     0 I         : [T1500001] mtk-cam raw 16070000.cam_raw_b: [mtk_cam_qos_init] raw_engine_id=1, port_num=48
01-01 05:30:04.725     0     0 I         : [T1500001] mtk-cam camsv 16112000.camsv3: [mtk_cam_qos_init] sv_engine_id=2, port_num=1
01-01 05:30:04.725     0     0 I         : [T1500001] mtk-cam camsv 16113000.camsv4: [mtk_cam_qos_init] sv_engine_id=3, port_num=2
01-01 05:30:04.725     0     0 I         : [T1500001] mtk-cam camsv 16184000.camsv5: [mtk_cam_qos_init] sv_engine_id=4, port_num=3
