11-07 16:55:56.869   119   119 I         : [wdk-c] cpu=0 o_k=0 lbit=0x33 cbit=0x3f,c,5,1,1290347544537,3f,1289969,16804,1290593,24779,[3104179960015,14993586] 15
11-07 16:55:56.869     0     0 I         : [T200121] [wdk-c] cpu=2 o_k=2 lbit=0x37 cbit=0x3f,8,5,1,1290347544537,3f,1289969,16804,1290593,24779,[3104180027400,14993519] 15
11-07 16:55:56.870     0     0 I [T300122] [thread: 122] 2025-11-07 11:25:56.865387 UTC;android time 2025-11-07 16:55:56.865387
11-07 16:55:56.870     0     0 I         : [T300122] [wdk-k] cpu=3 o_k=3 lbit=0x3f cbit=0x3f,0,5,1,1290347544537,3f,1289969,16804,1290593,24779,[3104180548938,14992997] 15
11-07 16:55:56.884     0     0 D [T200388] logd: Compressed Log, buffer max size: 65536 size used: 65531 compressed size: 6691
11-07 16:55:56.885     0     0 D [T200388] logd: Pruned Logs from log_id: 7, previous size: 264839 after size: 258213
11-07 16:55:56.948     0     0 I         : [T305020] [MDP][warn]mdp_ioctl_async_exec job:369 cost translate:1451us exec:3014us
11-07 16:55:56.980     0     0 I         : [T205019] [MDP][warn]mdp_ioctl_async_exec job:369 cost translate:2426us exec:3809us
11-07 16:55:56.980  5020  5020 I [MDP][warn]mdp_ioctl_async_exec job: 369 cost translate:2679us exec:3623us
11-07 16:55:57.048     0     0 I         : [T205019] [MDP][warn]mdp_ioctl_async_exec job:369 cost translate:2292us exec:3508us
11-07 16:55:57.048  5020  5020 I [MDP][warn]mdp_ioctl_async_exec job: 369 cost translate:2780us exec:3328us
11-07 16:55:57.080     0     0 I         : [T305020] [MDP][warn]mdp_ioctl_async_exec job:369 cost translate:1535us exec:3076us
11-07 16:55:57.080  5019  5019 I [MDP][warn]mdp_ioctl_async_exec job: 369 cost translate:1920us exec:3551us
11-07 16:55:57.217     0     0 I         : [T305019] [MDP][warn]mdp_ioctl_async_exec job:369 cost translate:2356us exec:3758us
11-07 16:55:57.217     0     0 I         : [T205020] [MDP][warn]mdp_ioctl_async_exec job:369 cost translate:2356us exec:3892us
11-07 16:55:57.248     0     0 I         : [T305019] [MDP][warn]mdp_ioctl_async_exec job:369 cost translate:2411us exec:3711us
11-07 16:55:57.249     0     0 I         : [T105020] [MDP][warn]mdp_ioctl_async_exec job:369 cost translate:2590us exec:3810us
11-07 16:55:57.312     0     0 I         : [T305020] [MDP][warn]mdp_ioctl_async_exec job:369 cost translate:2064us exec:3240us
11-07 16:55:57.348     0     0 I         : [T305019] [MDP][warn]mdp_ioctl_async_exec job:369 cost translate:2308us exec:3647us
11-07 16:55:57.348  5020  5020 I [MDP][warn]mdp_ioctl_async_exec job: 369 cost translate:2796us exec:3379us
11-07 16:55:57.413     0     0 I         : [T205019] [MDP][warn]mdp_ioctl_async_exec job:369 cost translate:2411us exec:3701us
11-07 16:55:57.413     0     0 I         : [T205020] [MDP][warn]mdp_ioctl_async_exec job:369 cost translate:2516us exec:3511us
11-07 16:55:57.480     0     0 I         : [T205019] [MDP][warn]mdp_ioctl_async_exec job:369 cost translate:2044us exec:3036us
11-07 16:55:57.512     0     0 I         : [T205019] [MDP][warn]mdp_ioctl_async_exec job:369 cost translate:2506us exec:3721us
11-07 16:55:57.512     0     0 I         : [T305020] [MDP][warn]mdp_ioctl_async_exec job:369 cost translate:2306us exec:3234us
11-07 16:55:57.540     0     0 D [T300388] logd: Compressed Log, buffer max size: 65536 size used: 65452 compressed size: 8450
11-07 16:55:57.612     0     0 I         : [T105020] [MDP][warn]mdp_ioctl_async_exec job:369 cost translate:2364us exec:3047us
11-07 16:55:57.748     0     0 I         : [T205020] [MDP][warn]mdp_ioctl_async_exec job:369 cost translate:1416us exec:3056us
11-07 16:55:57.749     0     0 I         : [T105019] [MDP][warn]mdp_ioctl_async_exec job:369 cost translate:2429us exec:3354us
11-07 16:55:57.781     0     0 I         : [T205020] [MDP][warn]mdp_ioctl_async_exec job:369 cost translate:2398us exec:3558us
11-07 16:55:57.781  5019  5019 I [MDP][warn]mdp_ioctl_async_exec job: 369 cost translate:2772us exec:4030us
11-07 16:55:57.819     0     0 I         : [T105020] [MDP][warn]mdp_ioctl_async_exec job:369 cost translate:2519us exec:3939us
11-07 16:55:57.848  5019  5019 I [MDP][warn]mdp_ioctl_async_exec job: 369 cost translate:1706us exec:3061us
11-07 16:55:57.884     0     0 I         : [T205019] [MDP][warn]mdp_ioctl_async_exec job:369 cost translate:1601us exec:4235us
11-07 16:55:57.884     0     0 I         : [T205020] [MDP][warn]mdp_ioctl_async_exec job:369 cost translate:1650us exec:4525us
11-07 16:55:57.948     0     0 I         : [T205020] [MDP][warn]mdp_ioctl_async_exec job:369 cost translate:2572us exec:4242us
11-07 16:55:57.948     0     0 I         : [T105019] [MDP][warn]mdp_ioctl_async_exec job:369 cost translate:2669us exec:4914us
11-07 16:55:57.980     0     0 I         : [T305020] [MDP][warn]mdp_ioctl_async_exec job:369 cost translate:2330us exec:3699us
11-07 16:55:57.980     0     0 I         : [T105019] [MDP][warn]mdp_ioctl_async_exec job:369 cost translate:2647us exec:4335us
11-07 16:55:58.016     0     0 I         : [T305020] [MDP][warn]mdp_ioctl_async_exec job:369 cost translate:2352us exec:3607us
11-07 16:55:58.017     0     0 I         : [T105019] [MDP][warn]mdp_ioctl_async_exec job:369 cost translate:2753us exec:4031us
11-07 16:55:58.037   388   388 D logd    : Compressed Log, buffer max size: 65536 size used: 65454 compressed size: 10468
11-07 16:55:58.039   388   388 D logd    : Pruned Logs from log_id: 0, previous size: 267698 after size: 257866
11-07 16:55:58.080     0     0 I         : [T305020] [MDP][warn]mdp_ioctl_async_exec job:369 cost translate:2411us exec:3950us
11-07 16:55:58.081  5019  5019 I [MDP][warn]mdp_ioctl_async_exec job: 369 cost translate:2646us exec:4435us
11-07 16:55:58.148     0     0 I         : [T205019] [MDP][warn]mdp_ioctl_async_exec job:369 cost translate:2400us exec:3928us
11-07 16:55:58.216     0     0 I         : [T205019] [MDP][warn]mdp_ioctl_async_exec job:369 cost translate:2466us exec:3892us
11-07 16:55:58.216     0     0 I         : [T305020] [MDP][warn]mdp_ioctl_async_exec job:369 cost translate:2356us exec:4110us
11-07 16:55:58.348     0     0 I         : [T205019] [MDP][warn]mdp_ioctl_async_exec job:369 cost translate:2552us exec:3786us
11-07 16:55:58.348     0     0 I         : [T105020] [MDP][warn]mdp_ioctl_async_exec job:369 cost translate:2513us exec:4005us
11-07 16:55:58.448     0     0 I         : [T305019] [MDP][warn]mdp_ioctl_async_exec job:369 cost translate:2298us exec:3636us
11-07 16:55:58.449  5020  5020 I [MDP][warn]mdp_ioctl_async_exec job: 369 cost translate:2734us exec:3472us
11-07 16:55:58.516     0     0 I         : [T305019] [MDP][warn]mdp_ioctl_async_exec job:369 cost translate:2443us exec:3639us
11-07 16:55:58.516     0     0 I         : [T105020] [MDP][warn]mdp_ioctl_async_exec job:369 cost translate:2467us exec:3756us
11-07 16:55:58.548  5020  5020 I [MDP][warn]mdp_ioctl_async_exec job: 369 cost translate:2260us exec:3599us
11-07 16:55:58.548     0     0 I         : [T105019] [MDP][warn]mdp_ioctl_async_exec job:369 cost translate:2578us exec:4235us
11-07 16:55:58.580     0     0 I         : [T105019] [MDP][warn]mdp_ioctl_async_exec job:369 cost translate:2499us exec:3827us
11-07 16:55:58.581  5020  5020 I [MDP][warn]mdp_ioctl_async_exec job: 369 cost translate:2862us exec:3892us
11-07 16:55:58.616     0     0 I         : [T105019] [MDP][warn]mdp_ioctl_async_exec job:369 cost translate:2655us exec:3878us
11-07 16:55:58.617  5020  5020 I [MDP][warn]mdp_ioctl_async_exec job: 369 cost translate:2616us exec:3898us
11-07 16:55:58.648     0     0 I         : [T105019] [MDP][warn]mdp_ioctl_async_exec job:369 cost translate:2499us exec:3841us
11-07 16:55:58.649  5020  5020 I [MDP][warn]mdp_ioctl_async_exec job: 369 cost translate:2915us exec:3594us
11-07 16:55:58.680     0     0 I         : [T105019] [MDP][warn]mdp_ioctl_async_exec job:369 cost translate:2696us exec:3927us
11-07 16:55:58.681  5020  5020 I [MDP][warn]mdp_ioctl_async_exec job: 369 cost translate:2892us exec:3773us
11-07 16:55:58.748     0     0 I         : [T205019] [MDP][warn]mdp_ioctl_async_exec job:369 cost translate:2369us exec:3650us
11-07 16:55:58.748     0     0 I         : [T105020] [MDP][warn]mdp_ioctl_async_exec job:369 cost translate:2620us exec:3683us
11-07 16:55:58.780     0     0 I         : [T105019] [MDP][warn]mdp_ioctl_async_exec job:369 cost translate:2412us exec:4018us
11-07 16:55:58.780     0     0 I         : [T205020] [MDP][warn]mdp_ioctl_async_exec job:369 cost translate:2549us exec:3750us
11-07 16:55:58.816     0     0 I         : [T105020] [MDP][warn]mdp_ioctl_async_exec job:369 cost translate:2259us exec:3825us
11-07 16:55:58.817     0     0 I         : [T205019] [MDP][warn]mdp_ioctl_async_exec job:369 cost translate:2580us exec:4440us
11-07 16:55:58.848     0     0 I         : [T205019] [MDP][warn]mdp_ioctl_async_exec job:369 cost translate:2929us exec:4559us
11-07 16:55:58.848     0     0 I         : [T105020] [MDP][warn]mdp_ioctl_async_exec job:369 cost translate:2439us exec:4164us
11-07 16:55:58.880     0     0 I         : [T105020] [MDP][warn]mdp_ioctl_async_exec job:369 cost translate:2485us exec:3672us
11-07 16:55:58.881     0     0 I         : [T305019] [MDP][warn]mdp_ioctl_async_exec job:369 cost translate:2915us exec:4382us
11-07 16:55:58.949     0     0 I         : [T205020] [MDP][warn]mdp_ioctl_async_exec job:369 cost translate:2309us exec:4115us
11-07 16:55:58.949     0     0 I         : [T205019] [MDP][warn]mdp_ioctl_async_exec job:369 cost translate:2622us exec:4568us
11-07 16:55:58.981     0     0 I         : [T205019] [MDP][warn]mdp_ioctl_async_exec job:369 cost translate:2598us exec:4169us
11-07 16:55:58.981  5020  5020 I [MDP][warn]mdp_ioctl_async_exec job: 369 cost translate:2695us exec:4048us
11-07 16:55:59.012     0     0 I         : [T205019] [MDP][warn]mdp_ioctl_async_exec job:369 cost translate:2439us exec:3683us
11-07 16:55:59.012     0     0 I         : [T105020] [MDP][warn]mdp_ioctl_async_exec job:369 cost translate:2433us exec:3380us
11-07 16:55:59.049  5019  5019 I [MDP][warn]mdp_ioctl_async_exec job: 369 cost translate:2736us exec:4319us
11-07 16:55:59.049     0     0 I         : [T305020] [MDP][warn]mdp_ioctl_async_exec job:369 cost translate:2361us exec:4148us
11-07 16:55:59.148     0     0 I         : [T105019] [MDP][warn]mdp_ioctl_async_exec job:369 cost translate:3022us exec:4233us
11-07 16:55:59.148     0     0 I         : [T205020] [MDP][warn]mdp_ioctl_async_exec job:369 cost translate:2662us exec:3074us
11-07 16:55:59.180  5019  5019 I [MDP][warn]mdp_ioctl_async_exec job: 369 cost translate:2668us exec:3949us
11-07 16:55:59.180     0     0 I         : [T205020] [MDP][warn]mdp_ioctl_async_exec job:369 cost translate:2535us exec:4078us
11-07 16:55:59.216  5019  5019 I [MDP][warn]mdp_ioctl_async_exec job: 369 cost translate:2513us exec:3792us
11-07 16:55:59.216     0     0 I         : [T105020] [MDP][warn]mdp_ioctl_async_exec job:369 cost translate:2458us exec:3932us
11-07 16:55:59.412     0     0 I         : [T205020] [MDP][warn]mdp_ioctl_async_exec job:369 cost translate:1594us exec:3147us
11-07 16:55:59.480  5019  5019 I [MDP][warn]mdp_ioctl_async_exec job: 369 cost translate:1496us exec:4238us
11-07 16:55:59.480     0     0 I         : [T105020] [MDP][warn]mdp_ioctl_async_exec job:369 cost translate:1452us exec:4059us
11-07 16:55:59.516     0     0 I         : [T205020] [MDP][warn]mdp_ioctl_async_exec job:369 cost translate:2237us exec:3457us
11-07 16:55:59.516     0     0 I         : [T105019] [MDP][warn]mdp_ioctl_async_exec job:369 cost translate:2330us exec:3853us
11-07 16:55:59.548     0     0 I         : [T105019] [MDP][warn]mdp_ioctl_async_exec job:369 cost translate:2361us exec:5070us
11-07 16:55:59.548     0     0 I         : [T205020] [MDP][warn]mdp_ioctl_async_exec job:369 cost translate:2531us exec:4525us
11-07 16:55:59.580     0     0 I         : [T105019] [MDP][warn]mdp_ioctl_async_exec job:369 cost translate:1539us exec:5124us
11-07 16:55:59.580  5020  5020 I [MDP][warn]mdp_ioctl_async_exec job: 369 cost translate:1461us exec:3065us
11-07 16:55:59.584     0     0 I         : [T201260] hang_detect HANG_KICK ( 300)
11-07 16:55:59.584     0     0 I         : [T201260] [Hang_Detect] hang_detect enabled 10
11-07 16:55:59.652     0     0 I         : [T105019] [MDP][warn]mdp_ioctl_async_exec job:369 cost translate:2487us exec:4773us
11-07 16:55:59.653     0     0 I         : [T105020] [MDP][warn]mdp_ioctl_async_exec job:369 cost translate:2633us exec:4959us
11-07 16:55:59.748  5020  5020 I [MDP][warn]mdp_ioctl_async_exec job: 369 cost translate:3448us exec:3796us
11-07 16:55:59.816     0     0 I         : [T205020] [MDP][warn]mdp_ioctl_async_exec job:369 cost translate:2255us exec:3702us
11-07 16:55:59.816     0     0 I         : [T105019] [MDP][warn]mdp_ioctl_async_exec job:369 cost translate:2640us exec:4201us
11-07 16:55:59.846     0     0 W [T300637] audit: audit_lost=16023 audit_rate_limit=5 audit_backlog_limit=64
11-07 16:55:59.846     0     0 E [T300637] audit: rate limit exceeded
11-07 16:55:59.846     0     0 I         : [T105019] [MDP][warn]mdp_ioctl_async_exec job:369 cost translate:2677us exec:3841us
11-07 16:55:59.848     0     0 I         : [T105020] [MDP][warn]mdp_ioctl_async_exec job:369 cost translate:3322us exec:3671us
11-07 16:55:59.884     0     0 I         : [T205019] [MDP][warn]mdp_ioctl_async_exec job:369 cost translate:2581us exec:4306us
11-07 16:55:59.884     0     0 I         : [T105020] [MDP][warn]mdp_ioctl_async_exec job:369 cost translate:2501us exec:4326us
11-07 16:55:59.952     0     0 I         : [T305019] [MDP][warn]mdp_ioctl_async_exec job:369 cost translate:3380us exec:4702us
11-07 16:55:59.952  5020  5020 I [MDP][warn]mdp_ioctl_async_exec job: 369 cost translate:1943us exec:3309us
11-07 16:55:59.980     0     0 I         : [T305019] [MDP][warn]mdp_ioctl_async_exec job:369 cost translate:2448us exec:4190us
11-07 16:55:59.981     0     0 I         : [T105020] [MDP][warn]mdp_ioctl_async_exec job:369 cost translate:2562us exec:3781us
11-07 16:56:00.012     0     0 I         : [T305019] [MDP][warn]mdp_ioctl_async_exec job:369 cost translate:2289us exec:3519us
11-07 16:56:00.013     0     0 I         : [T105020] [MDP][warn]mdp_ioctl_async_exec job:369 cost translate:2743us exec:3057us
11-07 16:56:00.048     0     0 I         : [T205020] [MDP][warn]mdp_ioctl_async_exec job:369 cost translate:3449us exec:5009us
11-07 16:56:00.048     0     0 I         : [T305019] [MDP][warn]mdp_ioctl_async_exec job:369 cost translate:4029us exec:5891us
11-07 16:56:00.084     0     0 I         : [T305019] [MDP][warn]mdp_ioctl_async_exec job:369 cost translate:3020us exec:5217us
11-07 16:56:00.085  5020  5020 I [MDP][warn]mdp_ioctl_async_exec job: 369 cost translate:2769us exec:4836us
11-07 16:56:00.180     0     0 I         : [T105019] [MDP][warn]mdp_ioctl_async_exec job:369 cost translate:2589us exec:3845us
11-07 16:56:00.180     0     0 I         : [T305020] [MDP][warn]mdp_ioctl_async_exec job:369 cost translate:2396us exec:3797us
11-07 16:56:00.220     0     0 I         : [T105019] [MDP][warn]mdp_ioctl_async_exec job:369 cost translate:2500us exec:5737us
11-07 16:56:00.220     0     0 I         : [T305020] [MDP][warn]mdp_ioctl_async_exec job:369 cost translate:3362us exec:5859us
11-07 16:56:00.248     0     0 I         : [T305019] [MDP][warn]mdp_ioctl_async_exec job:369 cost translate:2661us exec:3851us
11-07 16:56:00.248  5020  5020 I [MDP][warn]mdp_ioctl_async_exec job: 369 cost translate:2689us exec:3359us
11-07 16:56:00.280     0     0 I         : [T105019] [MDP][warn]mdp_ioctl_async_exec job:369 cost translate:2619us exec:4504us
11-07 16:56:00.280  5020  5020 I [MDP][warn]mdp_ioctl_async_exec job: 369 cost translate:3022us exec:4512us
11-07 16:56:00.348     0     0 I         : [T105019] [MDP][warn]mdp_ioctl_async_exec job:369 cost translate:1702us exec:3287us
11-07 16:56:00.348     0     0 I         : [T205020] [MDP][warn]mdp_ioctl_async_exec job:369 cost translate:1581us exec:3514us
11-07 16:56:00.382     0     0 D [T300388] logd: Compressed Log, buffer max size: 65536 size used: 65509 compressed size: 10888
11-07 16:56:00.382     0     0 I         : [T205019] [MDP][warn]mdp_ioctl_async_exec job:369 cost translate:2384us exec:6659us
11-07 16:56:00.383     0     0 D [T300388] logd: Pruned Logs from log_id: 0, previous size: 267384 after size: 258504
11-07 16:56:00.383     0     0 I         : [T205020] [MDP][warn]mdp_ioctl_async_exec job:369 cost translate:2320us exec:3977us
11-07 16:56:00.448     0     0 I         : [T105019] [MDP][warn]mdp_ioctl_async_exec job:369 cost translate:2397us exec:3717us
11-07 16:56:00.448     0     0 I         : [T105020] [MDP][warn]mdp_ioctl_async_exec job:369 cost translate:4606us exec:4949us
11-07 16:56:00.480     0     0 I         : [T205019] [MDP][warn]mdp_ioctl_async_exec job:369 cost translate:2601us exec:4607us
11-07 16:56:00.481     0     0 I         : [T205020] [MDP][warn]mdp_ioctl_async_exec job:369 cost translate:2475us exec:4786us
11-07 16:56:00.580     0     0 I         : [T305019] [MDP][warn]mdp_ioctl_async_exec job:369 cost translate:2440us exec:3798us
11-07 16:56:00.581     0     0 I         : [T205020] [MDP][warn]mdp_ioctl_async_exec job:369 cost translate:2393us exec:3956us
11-07 16:56:00.612     0     0 I         : [T205019] [MDP][warn]mdp_ioctl_async_exec job:369 cost translate:1702us exec:3518us
11-07 16:56:00.648     0     0 I         : [T205019] [MDP][warn]mdp_ioctl_async_exec job:369 cost translate:2241us exec:3235us
11-07 16:56:00.680     0     0 I         : [T205019] [MDP][warn]mdp_ioctl_async_exec job:369 cost translate:2485us exec:3866us
11-07 16:56:00.680     0     0 I         : [T105020] [MDP][warn]mdp_ioctl_async_exec job:369 cost translate:2308us exec:3969us
11-07 16:56:00.748     0     0 I         : [T205019] [MDP][warn]mdp_ioctl_async_exec job:369 cost translate:1962us exec:3251us
11-07 16:56:00.748     0     0 I         : [T205020] [MDP][warn]mdp_ioctl_async_exec job:369 cost translate:2468us exec:3124us
11-07 16:56:00.780     0     0 I         : [T205019] [MDP][warn]mdp_ioctl_async_exec job:369 cost translate:2331us exec:3553us
11-07 16:56:00.780     0     0 I         : [T205020] [MDP][warn]mdp_ioctl_async_exec job:369 cost translate:2529us exec:3711us
11-07 16:56:00.816     0     0 I         : [T205019] [MDP][warn]mdp_ioctl_async_exec job:369 cost translate:2349us exec:3766us
11-07 16:56:00.816     0     0 I         : [T105020] [MDP][warn]mdp_ioctl_async_exec job:369 cost translate:2660us exec:4218us
11-07 16:56:00.848     0     0 I         : [T105019] [MDP][warn]mdp_ioctl_async_exec job:369 cost translate:2524us exec:3855us
11-07 16:56:00.849     0     0 I         : [T305020] [MDP][warn]mdp_ioctl_async_exec job:369 cost translate:3095us exec:3428us
11-07 16:56:00.880  5020  5020 I [MDP][warn]mdp_ioctl_async_exec job: 369 cost translate:2372us exec:4290us
11-07 16:56:00.880     0     0 I         : [T205019] [MDP][warn]mdp_ioctl_async_exec job:369 cost translate:2577us exec:4751us
11-07 16:56:00.916     0     0 I         : [T205019] [MDP][warn]mdp_ioctl_async_exec job:369 cost translate:2288us exec:3916us
11-07 16:56:00.916     0     0 I         : [T105020] [MDP][warn]mdp_ioctl_async_exec job:369 cost translate:2682us exec:3839us
11-07 16:56:00.948     0     0 I         : [T205019] [MDP][warn]mdp_ioctl_async_exec job:369 cost translate:1988us exec:3022us
11-07 16:56:00.980     0     0 I         : [T105019] [MDP][warn]mdp_ioctl_async_exec job:369 cost translate:2614us exec:3827us
11-07 16:56:00.981  5020  5020 I [MDP][warn]mdp_ioctl_async_exec job: 369 cost translate:2712us exec:3624us
11-07 16:56:01.012  5020  5020 I [MDP][warn]mdp_ioctl_async_exec job: 369 cost translate:2089us exec:3030us
11-07 16:56:01.048     0     0 I         : [T105019] [MDP][warn]mdp_ioctl_async_exec job:369 cost translate:2970us exec:4216us
11-07 16:56:01.048  5020  5020 I [MDP][warn]mdp_ioctl_async_exec job: 369 cost translate:2810us exec:4421us
11-07 16:56:01.148     0     0 I         : [T105019] [MDP][warn]mdp_ioctl_async_exec job:369 cost translate:2373us exec:3956us
11-07 16:56:01.151     0     0 I         : [T205020] [MDP][warn]mdp_ioctl_async_exec job:369 cost translate:2325us exec:3816us
11-07 16:56:01.151   388   388 D logd    : Compressed Log, buffer max size: 65536 size used: 65531 compressed size: 8408
11-07 16:56:01.151   388   388 D logd    : Pruned Logs from log_id: 0, previous size: 266992 after size: 256550
11-07 16:56:01.180     0     0 I         : [T105019] [MDP][warn]mdp_ioctl_async_exec job:369 cost translate:2575us exec:4420us
11-07 16:56:01.180     0     0 I         : [T305020] [MDP][warn]mdp_ioctl_async_exec job:369 cost translate:2345us exec:4537us
11-07 16:56:01.216     0     0 I         : [T205019] [MDP][warn]mdp_ioctl_async_exec job:369 cost translate:2393us exec:4380us
11-07 16:56:01.216     0     0 I         : [T305020] [MDP][warn]mdp_ioctl_async_exec job:369 cost translate:2239us exec:3837us
11-07 16:56:01.248     0     0 I         : [T105019] [MDP][warn]mdp_ioctl_async_exec job:369 cost translate:2447us exec:3787us
11-07 16:56:01.248     0     0 I         : [T205020] [MDP][warn]mdp_ioctl_async_exec job:369 cost translate:2322us exec:3852us
11-07 16:56:01.280     0     0 I         : [T105020] [MDP][warn]mdp_ioctl_async_exec job:369 cost translate:2423us exec:3863us
11-07 16:56:01.280     0     0 I         : [T105019] [MDP][warn]mdp_ioctl_async_exec job:369 cost translate:2519us exec:4351us
11-07 16:56:01.312     0     0 I         : [T105019] [MDP][warn]mdp_ioctl_async_exec job:369 cost translate:1832us exec:3067us
11-07 16:56:01.348     0     0 I         : [T305019] [MDP][warn]mdp_ioctl_async_exec job:369 cost translate:2294us exec:3596us
11-07 16:56:01.384     0     0 I         : [T105020] [MDP][warn]mdp_ioctl_async_exec job:369 cost translate:2830us exec:4821us
11-07 16:56:01.384  5019  5019 I [MDP][warn]mdp_ioctl_async_exec job: 369 cost translate:2336us exec:4214us
11-07 16:56:01.412     0     0 I         : [T105019] [MDP][warn]mdp_ioctl_async_exec job:369 cost translate:1628us exec:3092us
11-07 16:56:01.412     0     0 I         : [T205020] [MDP][warn]mdp_ioctl_async_exec job:369 cost translate:1625us exec:3136us
11-07 16:56:01.448     0     0 I         : [T105019] [MDP][warn]mdp_ioctl_async_exec job:369 cost translate:2587us exec:3905us
11-07 16:56:01.448     0     0 I         : [T205020] [MDP][warn]mdp_ioctl_async_exec job:369 cost translate:2570us exec:4414us
11-07 16:56:01.512     0     0 I         : [T105019] [MDP][warn]mdp_ioctl_async_exec job:369 cost translate:2593us exec:3819us
11-07 16:56:01.512     0     0 I         : [T205020] [MDP][warn]mdp_ioctl_async_exec job:369 cost translate:2347us exec:4008us
11-07 16:56:01.548     0     0 I         : [T205020] [MDP][warn]mdp_ioctl_async_exec job:369 cost translate:1539us exec:3055us
11-07 16:56:01.580     0     0 I         : [T105019] [MDP][warn]mdp_ioctl_async_exec job:369 cost translate:1622us exec:3133us
11-07 16:56:01.580     0     0 I         : [T205020] [MDP][warn]mdp_ioctl_async_exec job:369 cost translate:1572us exec:3375us
11-07 16:56:01.616     0     0 I         : [T105019] [MDP][warn]mdp_ioctl_async_exec job:369 cost translate:2562us exec:3818us
11-07 16:56:01.616     0     0 I         : [T205020] [MDP][warn]mdp_ioctl_async_exec job:369 cost translate:2401us exec:3672us
11-07 16:56:01.648     0     0 I         : [T105019] [MDP][warn]mdp_ioctl_async_exec job:369 cost translate:2473us exec:3811us
11-07 16:56:01.649     0     0 I         : [T205020] [MDP][warn]mdp_ioctl_async_exec job:369 cost translate:2331us exec:3979us
11-07 16:56:01.849     0     0 I         : [T105020] [MDP][warn]mdp_ioctl_async_exec job:369 cost translate:2336us exec:3544us
11-07 16:56:01.849  5019  5019 I [MDP][warn]mdp_ioctl_async_exec job: 369 cost translate:3492us exec:3980us
11-07 16:56:01.864     0     0 D [T300388] logd: Compressed Log, buffer max size: 65536 size used: 65460 compressed size: 8788
11-07 16:56:01.867     0     0 D [T300388] logd: Pruned Logs from log_id: 0, previous size: 265418 after size: 257610
11-07 16:56:01.880  5019  5019 I [MDP][warn]mdp_ioctl_async_exec job: 369 cost translate:2765us exec:4415us
11-07 16:56:01.881     0     0 I         : [T205020] [MDP][warn]mdp_ioctl_async_exec job:369 cost translate:2326us exec:4288us
11-07 16:56:01.884     0     0 I         : [T100751] [wdtk] kick watchdog
11-07 16:56:01.917     0     0 I         : [T205020] [MDP][warn]mdp_ioctl_async_exec job:369 cost translate:2344us exec:3792us
11-07 16:56:01.917     0     0 I         : [T105019] [MDP][warn]mdp_ioctl_async_exec job:369 cost translate:4528us exec:4870us
11-07 16:56:01.980     0     0 I         : [T205019] [MDP][warn]mdp_ioctl_async_exec job:369 cost translate:2422us exec:3754us
11-07 16:56:01.980     0     0 I         : [T105020] [MDP][warn]mdp_ioctl_async_exec job:369 cost translate:2613us exec:3740us
11-07 16:56:02.016     0     0 I         : [T205020] [MDP][warn]mdp_ioctl_async_exec job:369 cost translate:2413us exec:3969us
11-07 16:56:02.017     0     0 I         : [T105019] [MDP][warn]mdp_ioctl_async_exec job:369 cost translate:2483us exec:4422us
11-07 16:56:02.080     0     0 I         : [T205019] [MDP][warn]mdp_ioctl_async_exec job:369 cost translate:2449us exec:3767us
11-07 16:56:02.080     0     0 I         : [T305020] [MDP][warn]mdp_ioctl_async_exec job:369 cost translate:2306us exec:3463us
11-07 16:56:02.113     0     0 I         : [T305020] [MDP][warn]mdp_ioctl_async_exec job:369 cost translate:1500us exec:3018us
11-07 16:56:02.113     0     0 I         : [T205019] [MDP][warn]mdp_ioctl_async_exec job:369 cost translate:1671us exec:3386us
11-07 16:56:02.148     0     0 I         : [T205019] [MDP][warn]mdp_ioctl_async_exec job:369 cost translate:1711us exec:3003us
11-07 16:56:02.280     0     0 I         : [T305019] [MDP][warn]mdp_ioctl_async_exec job:369 cost translate:2408us exec:3620us
11-07 16:56:02.280     0     0 I         : [T105020] [MDP][warn]mdp_ioctl_async_exec job:369 cost translate:2536us exec:3445us
11-07 16:56:02.380     0     0 I         : [T205019] [MDP][warn]mdp_ioctl_async_exec job:369 cost translate:2513us exec:3866us
11-07 16:56:02.380     0     0 I         : [T305020] [MDP][warn]mdp_ioctl_async_exec job:369 cost translate:2946us exec:3827us
11-07 16:56:02.416     0     0 I         : [T205019] [MDP][warn]mdp_ioctl_async_exec job:369 cost translate:2519us exec:3976us
11-07 16:56:02.416     0     0 I         : [T305020] [MDP][warn]mdp_ioctl_async_exec job:369 cost translate:2648us exec:4059us
11-07 16:56:02.480     0     0 I         : [T205019] [MDP][warn]mdp_ioctl_async_exec job:369 cost translate:2402us exec:3568us
11-07 16:56:02.480     0     0 I         : [T305020] [MDP][warn]mdp_ioctl_async_exec job:369 cost translate:2375us exec:3454us
11-07 16:56:02.680     0     0 I         : [T205019] [MDP][warn]mdp_ioctl_async_exec job:369 cost translate:2367us exec:3783us
11-07 16:56:02.680  5020  5020 I [MDP][warn]mdp_ioctl_async_exec job: 369 cost translate:3315us exec:3685us
11-07 16:56:02.744   388   388 D logd    : Compressed Log, buffer max size: 65536 size used: 65497 compressed size: 9475
11-07 16:56:02.745   388   388 D logd    : Pruned Logs from log_id: 0, previous size: 267165 after size: 258846
11-07 16:56:02.748     0     0 I         : [T105019] [MDP][warn]mdp_ioctl_async_exec job:369 cost translate:1548us exec:3314us
11-07 16:56:02.816     0     0 I         : [T305019] [MDP][warn]mdp_ioctl_async_exec job:369 cost translate:2480us exec:4147us
11-07 16:56:02.817     0     0 I         : [T105020] [MDP][warn]mdp_ioctl_async_exec job:369 cost translate:2476us exec:4229us
11-07 16:56:02.848     0     0 I         : [T305020] [MDP][warn]mdp_ioctl_async_exec job:369 cost translate:2361us exec:4121us
11-07 16:56:02.850     0     0 I         : [T205019] [MDP][warn]mdp_ioctl_async_exec job:369 cost translate:2952us exec:4744us
11-07 16:56:02.880     0     0 I         : [T305020] [MDP][warn]mdp_ioctl_async_exec job:369 cost translate:2410us exec:3722us
11-07 16:56:02.880     0     0 I         : [T205019] [MDP][warn]mdp_ioctl_async_exec job:369 cost translate:3626us exec:4772us
11-07 16:56:02.916     0     0 I         : [T305019] [MDP][warn]mdp_ioctl_async_exec job:369 cost translate:2350us exec:4144us
11-07 16:56:02.916     0     0 I         : [T105020] [MDP][warn]mdp_ioctl_async_exec job:369 cost translate:2884us exec:3734us
11-07 16:56:02.949     0     0 I         : [T305019] [MDP][warn]mdp_ioctl_async_exec job:369 cost translate:2514us exec:3709us
11-07 16:56:02.949  5020  5020 I [MDP][warn]mdp_ioctl_async_exec job: 369 cost translate:2567us exec:3805us
11-07 16:56:02.981     0     0 I         : [T205020] [MDP][warn]mdp_ioctl_async_exec job:369 cost translate:2405us exec:3720us
11-07 16:56:02.981     0     0 I         : [T105019] [MDP][warn]mdp_ioctl_async_exec job:369 cost translate:2697us exec:4400us
11-07 16:56:03.048     0     0 I         : [T205019] [MDP][warn]mdp_ioctl_async_exec job:369 cost translate:1641us exec:3659us
11-07 16:56:03.148     0     0 I         : [T205019] [MDP][warn]mdp_ioctl_async_exec job:369 cost translate:1946us exec:3044us
11-07 16:56:03.180     0     0 I         : [T205019] [MDP][warn]mdp_ioctl_async_exec job:369 cost translate:2420us exec:4147us
11-07 16:56:03.216     0     0 I         : [T205019] [MDP][warn]mdp_ioctl_async_exec job:369 cost translate:2435us exec:3930us
11-07 16:56:03.216     0     0 I         : [T105020] [MDP][warn]mdp_ioctl_async_exec job:369 cost translate:2362us exec:4227us
11-07 16:56:03.280  5019  5019 I [MDP][warn]mdp_ioctl_async_exec job: 369 cost translate:2362us exec:4539us
11-07 16:56:03.280     0     0 I         : [T105020] [MDP][warn]mdp_ioctl_async_exec job:369 cost translate:2890us exec:4536us
11-07 16:56:03.348  5019  5019 I [MDP][warn]mdp_ioctl_async_exec job: 369 cost translate:2703us exec:4020us
11-07 16:56:03.348     0     0 I         : [T105020] [MDP][warn]mdp_ioctl_async_exec job:369 cost translate:2574us exec:4084us
11-07 16:56:03.380  5019  5019 I [MDP][warn]mdp_ioctl_async_exec job: 369 cost translate:1833us exec:3159us
11-07 16:56:03.388     0     0 D [T100388] logd: Compressed Log, buffer max size: 65536 size used: 65437 compressed size: 8610
11-07 16:56:03.389     0     0 D [T100388] logd: Pruned Logs from log_id: 0, previous size: 267536 after size: 256961
11-07 16:56:03.416     0     0 I         : [T205019] [MDP][warn]mdp_ioctl_async_exec job:369 cost translate:2387us exec:4019us
11-07 16:56:03.416  5020  5020 I [MDP][warn]mdp_ioctl_async_exec job: 369 cost translate:2535us exec:3581us
11-07 16:56:03.448     0     0 I         : [T205019] [MDP][warn]mdp_ioctl_async_exec job:369 cost translate:2490us exec:3768us
11-07 16:56:03.449  5020  5020 I [MDP][warn]mdp_ioctl_async_exec job: 369 cost translate:2723us exec:3549us
11-07 16:56:03.480     0     0 I         : [T205020] [MDP][warn]mdp_ioctl_async_exec job:369 cost translate:2324us exec:3907us
11-07 16:56:03.480     0     0 I         : [T105019] [MDP][warn]mdp_ioctl_async_exec job:369 cost translate:2636us exec:4496us
11-07 16:56:03.516     0     0 I         : [T205020] [MDP][warn]mdp_ioctl_async_exec job:369 cost translate:2359us exec:4428us
11-07 16:56:03.517     0     0 I         : [T205019] [MDP][warn]mdp_ioctl_async_exec job:369 cost translate:2997us exec:5176us
11-07 16:56:03.548     0     0 I         : [T205019] [MDP][warn]mdp_ioctl_async_exec job:369 cost translate:2614us exec:4082us
11-07 16:56:03.548     0     0 I         : [T205020] [MDP][warn]mdp_ioctl_async_exec job:369 cost translate:2660us exec:4405us
11-07 16:56:03.580     0     0 I         : [T205019] [MDP][warn]mdp_ioctl_async_exec job:369 cost translate:2618us exec:4075us
11-07 16:56:03.580     0     0 I         : [T105020] [MDP][warn]mdp_ioctl_async_exec job:369 cost translate:2518us exec:4069us
11-07 16:56:03.616     0     0 I         : [T105020] [MDP][warn]mdp_ioctl_async_exec job:369 cost translate:2256us exec:3538us
11-07 16:56:03.617  5019  5019 I [MDP][warn]mdp_ioctl_async_exec job: 369 cost translate:3050us exec:4583us
11-07 16:56:03.748     0     0 I         : [T105019] [MDP][warn]mdp_ioctl_async_exec job:369 cost translate:1488us exec:3018us
11-07 16:56:03.748  5020  5020 I [MDP][warn]mdp_ioctl_async_exec job: 369 cost translate:1767us exec:3099us
11-07 16:56:03.780     0     0 I         : [T305020] [MDP][warn]mdp_ioctl_async_exec job:369 cost translate:2389us exec:3569us
11-07 16:56:03.780     0     0 I         : [T105019] [MDP][warn]mdp_ioctl_async_exec job:369 cost translate:2717us exec:4204us
11-07 16:56:03.849  5019  5019 I [MDP][warn]mdp_ioctl_async_exec job: 369 cost translate:2430us exec:4505us
11-07 16:56:03.849     0     0 I         : [T205020] [MDP][warn]mdp_ioctl_async_exec job:369 cost translate:2579us exec:5577us
11-07 16:56:03.885     0     0 I         : [T105019] [MDP][warn]mdp_ioctl_async_exec job:369 cost translate:3487us exec:4756us
11-07 16:56:03.886     0     0 I         : [T205020] [MDP][warn]mdp_ioctl_async_exec job:369 cost translate:3472us exec:4344us
11-07 16:56:03.916     0     0 I         : [T205019] [MDP][warn]mdp_ioctl_async_exec job:369 cost translate:2383us exec:3746us
11-07 16:56:03.980     0     0 I         : [T205019] [MDP][warn]mdp_ioctl_async_exec job:369 cost translate:2475us exec:4035us
11-07 16:56:03.980     0     0 I         : [T305020] [MDP][warn]mdp_ioctl_async_exec job:369 cost translate:2471us exec:4073us
11-07 16:56:04.016     0     0 I         : [T205019] [MDP][warn]mdp_ioctl_async_exec job:369 cost translate:2364us exec:4326us
11-07 16:56:04.016     0     0 I         : [T305020] [MDP][warn]mdp_ioctl_async_exec job:369 cost translate:2533us exec:4130us
11-07 16:56:04.080     0     0 I         : [T105019] [MDP][warn]mdp_ioctl_async_exec job:369 cost translate:2648us exec:3989us
11-07 16:56:04.080     0     0 I         : [T205020] [MDP][warn]mdp_ioctl_async_exec job:369 cost translate:2354us exec:4062us
11-07 16:56:04.148     0     0 I         : [T105019] [MDP][warn]mdp_ioctl_async_exec job:369 cost translate:2525us exec:3959us
11-07 16:56:04.148  5020  5020 I [MDP][warn]mdp_ioctl_async_exec job: 369 cost translate:2383us exec:3857us
11-07 16:56:04.248     0     0 I         : [T205019] [MDP][warn]mdp_ioctl_async_exec job:369 cost translate:2340us exec:4045us
11-07 16:56:04.248     0     0 I         : [T105020] [MDP][warn]mdp_ioctl_async_exec job:369 cost translate:2438us exec:4340us
11-07 16:56:04.280     0     0 I         : [T305019] [MDP][warn]mdp_ioctl_async_exec job:369 cost translate:2535us exec:3825us
11-07 16:56:04.280     0     0 I         : [T105020] [MDP][warn]mdp_ioctl_async_exec job:369 cost translate:2595us exec:3985us
11-07 16:56:04.312     0     0 I         : [T305019] [MDP][warn]mdp_ioctl_async_exec job:369 cost translate:2333us exec:3489us
11-07 16:56:04.313     0     0 I         : [T105020] [MDP][warn]mdp_ioctl_async_exec job:369 cost translate:2456us exec:3558us
11-07 16:56:04.380     0     0 I         : [T105019] [MDP][warn]mdp_ioctl_async_exec job:369 cost translate:1562us exec:4081us
11-07 16:56:04.381     0     0 I         : [T205020] [MDP][warn]mdp_ioctl_async_exec job:369 cost translate:1552us exec:3857us
11-07 16:56:04.448     0     0 I         : [T305019] [MDP][warn]mdp_ioctl_async_exec job:369 cost translate:2409us exec:3735us
11-07 16:56:04.480     0     0 I         : [T305019] [MDP][warn]mdp_ioctl_async_exec job:369 cost translate:1730us exec:3188us
11-07 16:56:04.580     0     0 I         : [T305019] [MDP][warn]mdp_ioctl_async_exec job:369 cost translate:2719us exec:3908us
11-07 16:56:04.581  5020  5020 I [MDP][warn]mdp_ioctl_async_exec job: 369 cost translate:2958us exec:3522us
11-07 16:56:04.612     0     0 I         : [T305019] [MDP][warn]mdp_ioctl_async_exec job:369 cost translate:1726us exec:3264us
11-07 16:56:04.680     0     0 I         : [T305019] [MDP][warn]mdp_ioctl_async_exec job:369 cost translate:2407us exec:3631us
11-07 16:56:04.680     0     0 I         : [T105020] [MDP][warn]mdp_ioctl_async_exec job:369 cost translate:2447us exec:3627us
11-07 16:56:04.712     0     0 I         : [T305019] [MDP][warn]mdp_ioctl_async_exec job:369 cost translate:2285us exec:3622us
11-07 16:56:04.713     0     0 I         : [T105020] [MDP][warn]mdp_ioctl_async_exec job:369 cost translate:2494us exec:3817us
11-07 16:56:04.780     0     0 I         : [T105019] [MDP][warn]mdp_ioctl_async_exec job:369 cost translate:1218us exec:3875us
11-07 16:56:04.912     0     0 I         : [T205019] [MDP][warn]mdp_ioctl_async_exec job:369 cost translate:1613us exec:3012us
11-07 16:56:04.948  5019  5019 I [MDP][warn]mdp_ioctl_async_exec job: 369 cost translate:1728us exec:3324us
11-07 16:56:04.948     0     0 I         : [T205020] [MDP][warn]mdp_ioctl_async_exec job:369 cost translate:1498us exec:3077us
11-07 16:56:05.016     0     0 I         : [T205019] [MDP][warn]mdp_ioctl_async_exec job:369 cost translate:2449us exec:3857us
11-07 16:56:05.016  5020  5020 I [MDP][warn]mdp_ioctl_async_exec job: 369 cost translate:2486us exec:3980us
11-07 16:56:05.048     0     0 I         : [T105019] [MDP][warn]mdp_ioctl_async_exec job:369 cost translate:1837us exec:3008us
11-07 16:56:05.080     0     0 I         : [T105019] [MDP][warn]mdp_ioctl_async_exec job:369 cost translate:2730us exec:4005us
11-07 16:56:05.080     0     0 I         : [T305020] [MDP][warn]mdp_ioctl_async_exec job:369 cost translate:2684us exec:3982us
11-07 16:56:05.112     0     0 I         : [T105019] [MDP][warn]mdp_ioctl_async_exec job:369 cost translate:1532us exec:3051us
11-07 16:56:05.148     0     0 I         : [T205020] [MDP][warn]mdp_ioctl_async_exec job:369 cost translate:1547us exec:3001us
11-07 16:56:05.212     0     0 I         : [T305019] [MDP][warn]mdp_ioctl_async_exec job:369 cost translate:2341us exec:3559us
11-07 16:56:05.212  5020  5020 I [MDP][warn]mdp_ioctl_async_exec job: 369 cost translate:2466us exec:3336us
11-07 16:56:05.348     0     0 I         : [T105019] [MDP][warn]mdp_ioctl_async_exec job:369 cost translate:2688us exec:3919us
11-07 16:56:05.348     0     0 I         : [T305020] [MDP][warn]mdp_ioctl_async_exec job:369 cost translate:2302us exec:3686us
11-07 16:56:05.380     0     0 I         : [T105019] [MDP][warn]mdp_ioctl_async_exec job:369 cost translate:2620us exec:3864us
11-07 16:56:05.381     0     0 I         : [T305020] [MDP][warn]mdp_ioctl_async_exec job:369 cost translate:2328us exec:3348us
11-07 16:56:05.388   388   388 D logd    : Compressed Log, buffer max size: 65536 size used: 65505 compressed size: 6779
11-07 16:56:05.390   388   388 D logd    : Pruned Logs from log_id: 7, previous size: 265072 after size: 258210
11-07 16:56:05.412     0     0 I         : [T105019] [MDP][warn]mdp_ioctl_async_exec job:369 cost translate:2477us exec:3777us
11-07 16:56:05.413     0     0 I         : [T305020] [MDP][warn]mdp_ioctl_async_exec job:369 cost translate:2438us exec:3927us
11-07 16:56:05.448     0     0 I         : [T305019] [MDP][warn]mdp_ioctl_async_exec job:369 cost translate:2487us exec:3698us
11-07 16:56:05.448     0     0 I         : [T205020] [MDP][warn]mdp_ioctl_async_exec job:369 cost translate:2389us exec:4053us
11-07 16:56:05.516     0     0 I         : [T205019] [MDP][warn]mdp_ioctl_async_exec job:369 cost translate:2601us exec:4232us
11-07 16:56:05.516     0     0 I         : [T105020] [MDP][warn]mdp_ioctl_async_exec job:369 cost translate:2615us exec:3999us
11-07 16:56:05.580     0     0 I         : [T205019] [MDP][warn]mdp_ioctl_async_exec job:369 cost translate:2483us exec:4039us
11-07 16:56:05.580  5020  5020 I [MDP][warn]mdp_ioctl_async_exec job: 369 cost translate:2418us exec:4175us
11-07 16:56:05.616     0     0 I         : [T105019] [MDP][warn]mdp_ioctl_async_exec job:369 cost translate:2509us exec:3782us
11-07 16:56:05.617  5020  5020 I [MDP][warn]mdp_ioctl_async_exec job: 369 cost translate:2654us exec:3719us
11-07 16:56:05.649     0     0 I         : [T305019] [MDP][warn]mdp_ioctl_async_exec job:369 cost translate:2674us exec:4050us
11-07 16:56:05.649     0     0 I         : [T305020] [MDP][warn]mdp_ioctl_async_exec job:369 cost translate:2762us exec:4204us
11-07 16:56:05.680     0     0 I         : [T305019] [MDP][warn]mdp_ioctl_async_exec job:369 cost translate:2364us exec:3780us
11-07 16:56:05.680  5020  5020 I [MDP][warn]mdp_ioctl_async_exec job: 369 cost translate:2798us exec:3820us
11-07 16:56:05.712     0     0 I         : [T305019] [MDP][warn]mdp_ioctl_async_exec job:369 cost translate:2371us exec:3534us
11-07 16:56:05.712     0     0 I         : [T105020] [MDP][warn]mdp_ioctl_async_exec job:369 cost translate:2391us exec:3625us
11-07 16:56:05.780     0     0 I         : [T205020] [MDP][warn]mdp_ioctl_async_exec job:369 cost translate:2399us exec:3775us
11-07 16:56:05.785     0     0 I         : [T305019] [MDP][warn]mdp_ioctl_async_exec job:369 cost translate:2691us exec:4269us
11-07 16:56:05.785     0     0 D [T200398] logd: Compressed Log, buffer max size: 65536 size used: 65422 compressed size: 10790
11-07 16:56:05.785     0     0 D [T200398] logd: Pruned Logs from log_id: 10, previous size: 269336 after size: 258832
11-07 16:56:05.848     0     0 D [T300388] logd: Compressed Log, buffer max size: 65536 size used: 65528 compressed size: 8641
11-07 16:56:05.849     0     0 I         : [T105019] [MDP][warn]mdp_ioctl_async_exec job:369 cost translate:1874us exec:3839us
11-07 16:56:05.849  5020  5020 I [MDP][warn]mdp_ioctl_async_exec job: 369 cost translate:1955us exec:3543us
11-07 16:56:05.849     0     0 D [T300388] logd: Pruned Logs from log_id: 0, previous size: 267894 after size: 257654
11-07 16:56:05.884     0     0 I         : [T105020] [MDP][warn]mdp_ioctl_async_exec job:369 cost translate:2328us exec:3795us
11-07 16:56:05.884     0     0 I         : [T105019] [MDP][warn]mdp_ioctl_async_exec job:369 cost translate:5907us exec:7278us
11-07 16:56:05.885   637   637 W audit   : audit_lost=16024 audit_rate_limit=5 audit_backlog_limit=64
11-07 16:56:05.885   637   637 E audit   : rate limit exceeded
11-07 16:56:05.916     0     0 I         : [T105019] [MDP][warn]mdp_ioctl_async_exec job:369 cost translate:3444us exec:5385us
11-07 16:56:05.916     0     0 I         : [T105020] [MDP][warn]mdp_ioctl_async_exec job:369 cost translate:3088us exec:4615us
11-07 16:56:05.980     0     0 I         : [T305019] [MDP][warn]mdp_ioctl_async_exec job:369 cost translate:2564us exec:4028us
11-07 16:56:05.980     0     0 I         : [T105020] [MDP][warn]mdp_ioctl_async_exec job:369 cost translate:2898us exec:4035us
11-07 16:56:06.016     0     0 I         : [T305019] [MDP][warn]mdp_ioctl_async_exec job:369 cost translate:2342us exec:3773us
11-07 16:56:06.017     0     0 I         : [T105020] [MDP][warn]mdp_ioctl_async_exec job:369 cost translate:2493us exec:3821us
11-07 16:56:06.148     0     0 I         : [T305019] [MDP][warn]mdp_ioctl_async_exec job:369 cost translate:2863us exec:4153us
11-07 16:56:06.148     0     0 I         : [T205020] [MDP][warn]mdp_ioctl_async_exec job:369 cost translate:2383us exec:3960us
11-07 16:56:06.180     0     0 I         : [T305019] [MDP][warn]mdp_ioctl_async_exec job:369 cost translate:2625us exec:4520us
11-07 16:56:06.180     0     0 I         : [T205020] [MDP][warn]mdp_ioctl_async_exec job:369 cost translate:2665us exec:4447us
11-07 16:56:06.216     0     0 I         : [T305019] [MDP][warn]mdp_ioctl_async_exec job:369 cost translate:2456us exec:3911us
11-07 16:56:06.216     0     0 I         : [T205020] [MDP][warn]mdp_ioctl_async_exec job:369 cost translate:2404us exec:4116us
11-07 16:56:06.248     0     0 I         : [T105020] [MDP][warn]mdp_ioctl_async_exec job:369 cost translate:1505us exec:3103us
11-07 16:56:06.280     0     0 I         : [T205019] [MDP][warn]mdp_ioctl_async_exec job:369 cost translate:2566us exec:3963us
11-07 16:56:06.280     0     0 I         : [T305020] [MDP][warn]mdp_ioctl_async_exec job:369 cost translate:2466us exec:3708us
11-07 16:56:06.381     0     0 I         : [T305019] [MDP][warn]mdp_ioctl_async_exec job:369 cost translate:3868us exec:5158us
11-07 16:56:06.384  5020  5020 I [MDP][warn]mdp_ioctl_async_exec job: 369 cost translate:3790us exec:5149us
11-07 16:56:06.448  5019  5019 I [MDP][warn]mdp_ioctl_async_exec job: 369 cost translate:2582us exec:3824us
11-07 16:56:06.449     0     0 I         : [T105020] [MDP][warn]mdp_ioctl_async_exec job:369 cost translate:2633us exec:3916us
11-07 16:56:06.580     0     0 I         : [T205020] [MDP][warn]mdp_ioctl_async_exec job:369 cost translate:2543us exec:4072us
11-07 16:56:06.586  5019  5019 I [MDP][warn]mdp_ioctl_async_exec job: 369 cost translate:3800us exec:4581us
11-07 16:56:06.586     0     0 D [T300388] logd: Compressed Log, buffer max size: 65536 size used: 65526 compressed size: 10472
11-07 16:56:06.586     0     0 D [T300388] logd: Pruned Logs from log_id: 0, previous size: 268206 after size: 259754
11-07 16:56:06.612     0     0 I         : [T105019] [MDP][warn]mdp_ioctl_async_exec job:369 cost translate:1629us exec:3023us
11-07 16:56:06.612     0     0 I         : [T205020] [MDP][warn]mdp_ioctl_async_exec job:369 cost translate:1577us exec:3066us
11-07 16:56:06.648     0     0 I         : [T105019] [MDP][warn]mdp_ioctl_async_exec job:369 cost translate:2359us exec:3403us
11-07 16:56:06.680     0     0 I         : [T205020] [MDP][warn]mdp_ioctl_async_exec job:369 cost translate:2400us exec:3630us
11-07 16:56:06.680     0     0 I         : [T105019] [MDP][warn]mdp_ioctl_async_exec job:369 cost translate:2860us exec:4346us
11-07 16:56:06.681 13862 13862 I         : timesync host boottime 3726770562372
11-07 16:56:06.712     0     0 I         : [T105019] [MDP][warn]mdp_ioctl_async_exec job:369 cost translate:2095us exec:3275us
11-07 16:56:06.748     0     0 I         : [T305020] [MDP][warn]mdp_ioctl_async_exec job:369 cost translate:1566us exec:3070us
11-07 16:56:06.780     0     0 I         : [T305019] [MDP][warn]mdp_ioctl_async_exec job:369 cost translate:2386us exec:3688us
11-07 16:56:06.781     0     0 I         : [T205020] [MDP][warn]mdp_ioctl_async_exec job:369 cost translate:2525us exec:3879us
11-07 16:56:06.848     0     0 I         : [T305019] [MDP][warn]mdp_ioctl_async_exec job:369 cost translate:1853us exec:3214us
11-07 16:56:07.080     0     0 I         : [T305019] [MDP][warn]mdp_ioctl_async_exec job:369 cost translate:2461us exec:3739us
11-07 16:56:07.080     0     0 I         : [T105020] [MDP][warn]mdp_ioctl_async_exec job:369 cost translate:2722us exec:3913us
11-07 16:56:07.148     0     0 I         : [T205019] [MDP][warn]mdp_ioctl_async_exec job:369 cost translate:2289us exec:3512us
11-07 16:56:07.148     0     0 I         : [T105020] [MDP][warn]mdp_ioctl_async_exec job:369 cost translate:2484us exec:3492us
11-07 16:56:07.183     0     0 I         : [T105019] [MDP][warn]mdp_ioctl_async_exec job:369 cost translate:2581us exec:4401us
11-07 16:56:07.183     0     0 I         : [T305020] [MDP][warn]mdp_ioctl_async_exec job:369 cost translate:3289us exec:4274us
11-07 16:56:07.216     0     0 I         : [T205019] [MDP][warn]mdp_ioctl_async_exec job:369 cost translate:2397us exec:3794us
11-07 16:56:07.216     0     0 I         : [T305020] [MDP][warn]mdp_ioctl_async_exec job:369 cost translate:2255us exec:4011us
11-07 16:56:07.280     0     0 I         : [T205019] [MDP][warn]mdp_ioctl_async_exec job:369 cost translate:1864us exec:3156us
11-07 16:56:07.348     0     0 I         : [T205019] [MDP][warn]mdp_ioctl_async_exec job:369 cost translate:2385us exec:3684us
11-07 16:56:07.349     0     0 I         : [T305020] [MDP][warn]mdp_ioctl_async_exec job:369 cost translate:2383us exec:3349us
11-07 16:56:07.388   388   388 D logd    : Compressed Log, buffer max size: 65536 size used: 65471 compressed size: 8775
11-07 16:56:07.480     0     0 I         : [T105019] [MDP][warn]mdp_ioctl_async_exec job:369 cost translate:2383us exec:3670us
11-07 16:56:07.480  5020  5020 I [MDP][warn]mdp_ioctl_async_exec job: 369 cost translate:2682us exec:3287us
11-07 16:56:07.513     0     0 I         : [T205019] [MDP][warn]mdp_ioctl_async_exec job:369 cost translate:2392us exec:3619us
11-07 16:56:07.513  5020  5020 I [MDP][warn]mdp_ioctl_async_exec job: 369 cost translate:2588us exec:3636us
11-07 16:56:07.548     0     0 I         : [T205019] [MDP][warn]mdp_ioctl_async_exec job:369 cost translate:2446us exec:3811us
11-07 16:56:07.548  5020  5020 I [MDP][warn]mdp_ioctl_async_exec job: 369 cost translate:2897us exec:3994us
11-07 16:56:07.616     0     0 I         : [T105020] [MDP][warn]mdp_ioctl_async_exec job:369 cost translate:2313us exec:3574us
11-07 16:56:07.617  5019  5019 I [MDP][warn]mdp_ioctl_async_exec job: 369 cost translate:2615us exec:4188us
11-07 16:56:07.648     0     0 I         : [T305019] [MDP][warn]mdp_ioctl_async_exec job:369 cost translate:2426us exec:3764us
11-07 16:56:07.648     0     0 I         : [T205020] [MDP][warn]mdp_ioctl_async_exec job:369 cost translate:2585us exec:3866us
11-07 16:56:07.680     0     0 I         : [T205019] [MDP][warn]mdp_ioctl_async_exec job:369 cost translate:2573us exec:3981us
11-07 16:56:07.681     0     0 I         : [T105020] [MDP][warn]mdp_ioctl_async_exec job:369 cost translate:2521us exec:3950us
11-07 16:56:07.748     0     0 I         : [T105019] [MDP][warn]mdp_ioctl_async_exec job:369 cost translate:1583us exec:3130us
11-07 16:56:07.816     0     0 I         : [T105019] [MDP][warn]mdp_ioctl_async_exec job:369 cost translate:3207us exec:4688us
11-07 16:56:07.816     0     0 I         : [T105020] [MDP][warn]mdp_ioctl_async_exec job:369 cost translate:2610us exec:4215us
11-07 16:56:07.849     0     0 I         : [T205019] [MDP][warn]mdp_ioctl_async_exec job:369 cost translate:2854us exec:4256us
11-07 16:56:07.849     0     0 I         : [T105020] [MDP][warn]mdp_ioctl_async_exec job:369 cost translate:2617us exec:3964us
11-07 16:56:07.884     0     0 I         : [T105019] [MDP][warn]mdp_ioctl_async_exec job:369 cost translate:2476us exec:7059us
