11-07 16:56:19.216     0     0 I         : [T305019] [MDP][warn]mdp_ioctl_async_exec job:369 cost translate:2322us exec:3592us
11-07 16:56:19.216  5020  5020 I [MDP][warn]mdp_ioctl_async_exec job: 369 cost translate:2535us exec:3739us
11-07 16:56:19.248     0     0 I         : [T205019] [MDP][warn]mdp_ioctl_async_exec job:369 cost translate:2366us exec:3875us
11-07 16:56:19.248     0     0 I         : [T305020] [MDP][warn]mdp_ioctl_async_exec job:369 cost translate:2455us exec:4214us
11-07 16:56:19.280     0     0 I         : [T205019] [MDP][warn]mdp_ioctl_async_exec job:369 cost translate:2401us exec:3802us
11-07 16:56:19.281     0     0 I         : [T305020] [MDP][warn]mdp_ioctl_async_exec job:369 cost translate:2508us exec:3868us
11-07 16:56:19.316     0     0 I         : [T205019] [MDP][warn]mdp_ioctl_async_exec job:369 cost translate:2344us exec:3821us
11-07 16:56:19.317     0     0 I         : [T305020] [MDP][warn]mdp_ioctl_async_exec job:369 cost translate:2244us exec:3739us
11-07 16:56:19.381     0     0 I         : [T205019] [MDP][warn]mdp_ioctl_async_exec job:369 cost translate:2339us exec:3968us
11-07 16:56:19.382  5020  5020 I [MDP][warn]mdp_ioctl_async_exec job: 369 cost translate:2538us exec:3422us
11-07 16:56:19.412     0     0 I         : [T105019] [MDP][warn]mdp_ioctl_async_exec job:369 cost translate:1604us exec:3081us
11-07 16:56:19.412     0     0 I         : [T205020] [MDP][warn]mdp_ioctl_async_exec job:369 cost translate:1467us exec:3111us
11-07 16:56:19.448     0     0 I         : [T305019] [MDP][warn]mdp_ioctl_async_exec job:369 cost translate:2401us exec:3741us
11-07 16:56:19.451  5020  5020 I [MDP][warn]mdp_ioctl_async_exec job: 369 cost translate:2338us exec:4013us
11-07 16:56:19.516     0     0 I         : [T305019] [MDP][warn]mdp_ioctl_async_exec job:369 cost translate:2809us exec:4096us
11-07 16:56:19.516     0     0 I         : [T305020] [MDP][warn]mdp_ioctl_async_exec job:369 cost translate:1833us exec:3323us
11-07 16:56:19.548     0     0 I         : [T305019] [MDP][warn]mdp_ioctl_async_exec job:369 cost translate:1685us exec:3100us
11-07 16:56:19.548     0     0 I         : [T205020] [MDP][warn]mdp_ioctl_async_exec job:369 cost translate:1488us exec:3177us
11-07 16:56:19.580     0     0 I         : [T205019] [MDP][warn]mdp_ioctl_async_exec job:369 cost translate:2404us exec:3583us
11-07 16:56:19.580  5020  5020 I [MDP][warn]mdp_ioctl_async_exec job: 369 cost translate:2807us exec:3391us
11-07 16:56:19.617     0     0 I         : [T205019] [MDP][warn]mdp_ioctl_async_exec job:369 cost translate:2652us exec:4255us
11-07 16:56:19.617     0     0 I         : [T205020] [MDP][warn]mdp_ioctl_async_exec job:369 cost translate:2256us exec:4153us
11-07 16:56:19.684     0     0 I         : [T205020] [MDP][warn]mdp_ioctl_async_exec job:369 cost translate:2451us exec:4692us
11-07 16:56:19.684     0     0 I         : [T105019] [MDP][warn]mdp_ioctl_async_exec job:369 cost translate:2953us exec:5050us
11-07 16:56:19.716     0     0 I         : [T105019] [MDP][warn]mdp_ioctl_async_exec job:369 cost translate:2492us exec:3936us
11-07 16:56:19.716     0     0 I         : [T205020] [MDP][warn]mdp_ioctl_async_exec job:369 cost translate:2355us exec:3668us
11-07 16:56:19.780     0     0 I         : [T305019] [MDP][warn]mdp_ioctl_async_exec job:369 cost translate:2568us exec:3732us
11-07 16:56:19.781  5020  5020 I [MDP][warn]mdp_ioctl_async_exec job: 369 cost translate:2679us exec:3103us
11-07 16:56:19.812     0     0 I         : [T205019] [MDP][warn]mdp_ioctl_async_exec job:369 cost translate:1923us exec:3693us
11-07 16:56:19.812  5020  5020 I [MDP][warn]mdp_ioctl_async_exec job: 369 cost translate:1991us exec:3694us
11-07 16:56:19.916     0     0 I         : [T305020] [MDP][warn]mdp_ioctl_async_exec job:369 cost translate:3435us exec:4961us
11-07 16:56:19.920     0     0 I         : [T205019] [MDP][warn]mdp_ioctl_async_exec job:369 cost translate:9329us exec:9732us
11-07 16:56:19.948     0     0 I         : [T205019] [MDP][warn]mdp_ioctl_async_exec job:369 cost translate:2496us exec:4407us
11-07 16:56:19.948     0     0 I         : [T105020] [MDP][warn]mdp_ioctl_async_exec job:369 cost translate:2507us exec:4195us
11-07 16:56:19.980     0     0 I         : [T305019] [MDP][warn]mdp_ioctl_async_exec job:369 cost translate:1942us exec:3729us
11-07 16:56:20.016     0     0 I         : [T305020] [MDP][warn]mdp_ioctl_async_exec job:369 cost translate:2389us exec:3593us
11-07 16:56:20.016     0     0 I         : [T105019] [MDP][warn]mdp_ioctl_async_exec job:369 cost translate:3206us exec:4242us
11-07 16:56:20.048     0     0 I         : [T205019] [MDP][warn]mdp_ioctl_async_exec job:369 cost translate:2415us exec:4017us
11-07 16:56:20.055     0     0 I         : [T105020] [MDP][warn]mdp_ioctl_async_exec job:369 cost translate:2616us exec:4134us
11-07 16:56:20.084     0     0 I         : [T305019] [MDP][warn]mdp_ioctl_async_exec job:369 cost translate:2378us exec:3567us
11-07 16:56:20.085     0     0 I         : [T105020] [MDP][warn]mdp_ioctl_async_exec job:369 cost translate:2322us exec:3398us
11-07 16:56:20.148     0     0 I         : [T305020] [MDP][warn]mdp_ioctl_async_exec job:369 cost translate:2399us exec:3560us
11-07 16:56:20.148     0     0 I         : [T105019] [MDP][warn]mdp_ioctl_async_exec job:369 cost translate:2693us exec:4301us
11-07 16:56:20.248     0     0 I         : [T205019] [MDP][warn]mdp_ioctl_async_exec job:369 cost translate:2415us exec:3991us
11-07 16:56:20.249  5020  5020 I [MDP][warn]mdp_ioctl_async_exec job: 369 cost translate:3246us exec:3840us
11-07 16:56:20.316     0     0 I         : [T205019] [MDP][warn]mdp_ioctl_async_exec job:369 cost translate:2295us exec:3774us
11-07 16:56:20.317     0     0 I         : [T305020] [MDP][warn]mdp_ioctl_async_exec job:369 cost translate:2383us exec:3813us
11-07 16:56:20.348     0     0 I         : [T305020] [MDP][warn]mdp_ioctl_async_exec job:369 cost translate:2313us exec:3547us
11-07 16:56:20.348     0     0 I         : [T205019] [MDP][warn]mdp_ioctl_async_exec job:369 cost translate:2522us exec:4037us
11-07 16:56:20.381     0     0 I         : [T305020] [MDP][warn]mdp_ioctl_async_exec job:369 cost translate:2313us exec:4129us
11-07 16:56:20.381  5019  5019 I [MDP][warn]mdp_ioctl_async_exec job: 369 cost translate:2717us exec:4625us
11-07 16:56:20.416     0     0 I         : [T305020] [MDP][warn]mdp_ioctl_async_exec job:369 cost translate:2282us exec:3530us
11-07 16:56:20.417  5019  5019 I [MDP][warn]mdp_ioctl_async_exec job: 369 cost translate:2555us exec:4140us
11-07 16:56:20.448     0     0 I         : [T305020] [MDP][warn]mdp_ioctl_async_exec job:369 cost translate:2478us exec:3851us
11-07 16:56:20.449     0     0 I         : [T305019] [MDP][warn]mdp_ioctl_async_exec job:369 cost translate:2568us exec:4220us
11-07 16:56:20.480     0     0 I         : [T305019] [MDP][warn]mdp_ioctl_async_exec job:369 cost translate:2592us exec:3918us
11-07 16:56:20.481     0     0 I         : [T105020] [MDP][warn]mdp_ioctl_async_exec job:369 cost translate:2411us exec:3744us
11-07 16:56:20.548     0     0 I         : [T305019] [MDP][warn]mdp_ioctl_async_exec job:369 cost translate:1581us exec:3027us
11-07 16:56:20.648     0     0 I         : [T105019] [MDP][warn]mdp_ioctl_async_exec job:369 cost translate:2676us exec:4084us
11-07 16:56:20.748     0     0 I         : [T105020] [MDP][warn]mdp_ioctl_async_exec job:369 cost translate:3023us exec:4342us
11-07 16:56:20.748     0     0 I         : [T305019] [MDP][warn]mdp_ioctl_async_exec job:369 cost translate:5642us exec:5920us
11-07 16:56:20.780     0     0 I         : [T105019] [MDP][warn]mdp_ioctl_async_exec job:369 cost translate:2532us exec:3804us
11-07 16:56:20.781     0     0 I         : [T305020] [MDP][warn]mdp_ioctl_async_exec job:369 cost translate:2352us exec:3617us
11-07 16:56:20.816     0     0 I         : [T105019] [MDP][warn]mdp_ioctl_async_exec job:369 cost translate:2480us exec:3869us
11-07 16:56:20.817     0     0 I         : [T205020] [MDP][warn]mdp_ioctl_async_exec job:369 cost translate:2324us exec:4036us
11-07 16:56:20.848     0     0 I         : [T205020] [MDP][warn]mdp_ioctl_async_exec job:369 cost translate:1535us exec:3069us
11-07 16:56:20.848  5019  5019 I [MDP][warn]mdp_ioctl_async_exec job: 369 cost translate:3281us exec:3537us
11-07 16:56:20.912   388   388 D logd    : Compressed Log, buffer max size: 65536 size used: 65454 compressed size: 7605
11-07 16:56:20.913  5020  5020 I [MDP][warn]mdp_ioctl_async_exec job: 369 cost translate:1637us exec:3023us
11-07 16:56:20.914   388   388 D logd    : Pruned Logs from log_id: 0, previous size: 262436 after size: 253623
11-07 16:56:20.948     0     0 I         : [T205019] [MDP][warn]mdp_ioctl_async_exec job:369 cost translate:2547us exec:4179us
11-07 16:56:20.948  5020  5020 I [MDP][warn]mdp_ioctl_async_exec job: 369 cost translate:2578us exec:4316us
11-07 16:56:20.980     0     0 I         : [T305019] [MDP][warn]mdp_ioctl_async_exec job:369 cost translate:2400us exec:3816us
11-07 16:56:20.980     0     0 I         : [T105020] [MDP][warn]mdp_ioctl_async_exec job:369 cost translate:2464us exec:4544us
11-07 16:56:21.048     0     0 I         : [T105019] [MDP][warn]mdp_ioctl_async_exec job:369 cost translate:2282us exec:4654us
11-07 16:56:21.049     0     0 I         : [T305020] [MDP][warn]mdp_ioctl_async_exec job:369 cost translate:2279us exec:4633us
11-07 16:56:21.080     0     0 I         : [T205019] [MDP][warn]mdp_ioctl_async_exec job:369 cost translate:1628us exec:3327us
11-07 16:56:21.180     0     0 I         : [T205019] [MDP][warn]mdp_ioctl_async_exec job:369 cost translate:2377us exec:4119us
11-07 16:56:21.181  5020  5020 I [MDP][warn]mdp_ioctl_async_exec job: 369 cost translate:2835us exec:3743us
11-07 16:56:21.216     0     0 I         : [T205019] [MDP][warn]mdp_ioctl_async_exec job:369 cost translate:2289us exec:3911us
11-07 16:56:21.216     0     0 I         : [T105020] [MDP][warn]mdp_ioctl_async_exec job:369 cost translate:2644us exec:3904us
11-07 16:56:21.248     0     0 I         : [T205019] [MDP][warn]mdp_ioctl_async_exec job:369 cost translate:1580us exec:3022us
11-07 16:56:21.248     0     0 I         : [T205020] [MDP][warn]mdp_ioctl_async_exec job:369 cost translate:1458us exec:3108us
11-07 16:56:21.312     0     0 I         : [T105019] [MDP][warn]mdp_ioctl_async_exec job:369 cost translate:2080us exec:3256us
11-07 16:56:21.381     0     0 I         : [T105019] [MDP][warn]mdp_ioctl_async_exec job:369 cost translate:2710us exec:4189us
11-07 16:56:21.381     0     0 I         : [T205020] [MDP][warn]mdp_ioctl_async_exec job:369 cost translate:2489us exec:4385us
11-07 16:56:21.412     0     0 I         : [T105019] [MDP][warn]mdp_ioctl_async_exec job:369 cost translate:2021us exec:3078us
11-07 16:56:21.480     0     0 I         : [T105019] [MDP][warn]mdp_ioctl_async_exec job:369 cost translate:1560us exec:3053us
11-07 16:56:21.512     0     0 I         : [T105019] [MDP][warn]mdp_ioctl_async_exec job:369 cost translate:1573us exec:3512us
11-07 16:56:21.512     0     0 I         : [T305020] [MDP][warn]mdp_ioctl_async_exec job:369 cost translate:1590us exec:3699us
11-07 16:56:21.580     0     0 I         : [T305019] [MDP][warn]mdp_ioctl_async_exec job:369 cost translate:1455us exec:3156us
11-07 16:56:21.616     0     0 I         : [T305019] [MDP][warn]mdp_ioctl_async_exec job:369 cost translate:2420us exec:3866us
11-07 16:56:21.616     0     0 I         : [T105020] [MDP][warn]mdp_ioctl_async_exec job:369 cost translate:2677us exec:3521us
11-07 16:56:21.652     0     0 D [T100388] logd: Compressed Log, buffer max size: 65536 size used: 65415 compressed size: 8848
11-07 16:56:21.662     0     0 D [T100388] logd: Pruned Logs from log_id: 0, previous size: 262551 after size: 253830
11-07 16:56:21.662     0     0 D [T100398] logd: Compressed Log, buffer max size: 65536 size used: 65418 compressed size: 10624
11-07 16:56:21.662     0     0 D [T100398] logd: Pruned Logs from log_id: 10, previous size: 269536 after size: 258937
11-07 16:56:21.716  5019  5019 I [MDP][warn]mdp_ioctl_async_exec job: 369 cost translate:2526us exec:4060us
11-07 16:56:21.716     0     0 I         : [T205020] [MDP][warn]mdp_ioctl_async_exec job:369 cost translate:2248us exec:4128us
11-07 16:56:21.748     0     0 I         : [T205019] [MDP][warn]mdp_ioctl_async_exec job:369 cost translate:1525us exec:3431us
11-07 16:56:21.780     0     0 I         : [T205019] [MDP][warn]mdp_ioctl_async_exec job:369 cost translate:2447us exec:3845us
11-07 16:56:21.780     0     0 I         : [T105020] [MDP][warn]mdp_ioctl_async_exec job:369 cost translate:2491us exec:3901us
11-07 16:56:21.816     0     0 I         : [T105019] [MDP][warn]mdp_ioctl_async_exec job:369 cost translate:1922us exec:3541us
11-07 16:56:21.848     0     0 I         : [T105019] [MDP][warn]mdp_ioctl_async_exec job:369 cost translate:2539us exec:3959us
11-07 16:56:21.848     0     0 I         : [T205020] [MDP][warn]mdp_ioctl_async_exec job:369 cost translate:2423us exec:4268us
11-07 16:56:21.884     0     0 I         : [T205020] [MDP][warn]mdp_ioctl_async_exec job:369 cost translate:2377us exec:4564us
11-07 16:56:21.884     0     0 I         : [T305019] [MDP][warn]mdp_ioctl_async_exec job:369 cost translate:2635us exec:5098us
11-07 16:56:21.885     0     0 I         : [T300751] [wdtk] kick watchdog
11-07 16:56:21.948     0     0 I         : [T205020] [MDP][warn]mdp_ioctl_async_exec job:369 cost translate:1571us exec:3031us
11-07 16:56:22.048     0     0 I         : [T305020] [MDP][warn]mdp_ioctl_async_exec job:369 cost translate:1532us exec:3691us
11-07 16:56:22.048     0     0 I         : [T305019] [MDP][warn]mdp_ioctl_async_exec job:369 cost translate:1548us exec:3898us
11-07 16:56:22.180  5019  5019 I [MDP][warn]mdp_ioctl_async_exec job: 369 cost translate:2600us exec:4208us
11-07 16:56:22.181     0     0 I         : [T105020] [MDP][warn]mdp_ioctl_async_exec job:369 cost translate:2626us exec:4423us
11-07 16:56:22.280  5019  5019 I [MDP][warn]mdp_ioctl_async_exec job: 369 cost translate:2396us exec:3944us
11-07 16:56:22.281     0     0 I         : [T105020] [MDP][warn]mdp_ioctl_async_exec job:369 cost translate:2437us exec:3731us
11-07 16:56:22.312  5019  5019 I [MDP][warn]mdp_ioctl_async_exec job: 369 cost translate:1718us exec:3095us
11-07 16:56:22.312     0     0 I         : [T105020] [MDP][warn]mdp_ioctl_async_exec job:369 cost translate:1468us exec:3075us
11-07 16:56:22.348     0     0 I         : [T105019] [MDP][warn]mdp_ioctl_async_exec job:369 cost translate:2626us exec:3892us
11-07 16:56:22.348     0     0 I         : [T305020] [MDP][warn]mdp_ioctl_async_exec job:369 cost translate:2502us exec:4113us
11-07 16:56:22.387     0     0 I         : [T105020] [MDP][warn]mdp_ioctl_async_exec job:369 cost translate:2455us exec:5768us
11-07 16:56:22.387     0     0 I         : [T305019] [MDP][warn]mdp_ioctl_async_exec job:369 cost translate:3055us exec:7098us
11-07 16:56:22.416     0     0 I         : [T105233] leds_mtk led_debug_log(176) :[Light] Set lcd-backlight directlyT:3129.700,L:17 L:17 map:68
11-07 16:56:22.416     0     0 I         : [T205019] [MDP][warn]mdp_ioctl_async_exec job:369 cost translate:2407us exec:4195us
11-07 16:56:22.416  5020  5020 I [MDP][warn]mdp_ioctl_async_exec job: 369 cost translate:2786us exec:4244us
11-07 16:56:22.448     0     0 I         : [T105019] [MDP][warn]mdp_ioctl_async_exec job:369 cost translate:2496us exec:3716us
11-07 16:56:22.448     0     0 I         : [T305020] [MDP][warn]mdp_ioctl_async_exec job:369 cost translate:2538us exec:3600us
11-07 16:56:22.480     0     0 I         : [T312934] leds_mtk led_debug_log(176) :[Light] Set lcd-backlight directlyT:3129.714,L:20 L:20 map:80    T:3129.730,L:23 L:23 map:92    T:3129.747,L:26 L:26 map:104    T:3129.764,L:29 L:29 map:116    T:3129.781,L:32 L:32 map:128
11-07 16:56:22.480     0     0 I         : [T205019] [MDP][warn]mdp_ioctl_async_exec job:369 cost translate:2421us exec:3582us
11-07 16:56:22.481     0     0 I         : [T305020] [MDP][warn]mdp_ioctl_async_exec job:369 cost translate:2405us exec:3428us
11-07 16:56:22.548     0     0 I [T100982] Task-Turbo: Task-Turbo: task_turbo_feats is change to 15 successfully
11-07 16:56:22.580     0     0 I         : [T105233] leds_mtk led_debug_log(176) :[Light] Set lcd-backlight directlyT:3129.798,L:35 L:35 map:140    T:3129.812,L:38 L:38 map:152    T:3129.830,L:41 L:41 map:164    T:3129.848,L:44 L:44 map:177    T:3129.862,L:47 L:47 map:189
11-07 16:56:22.580     0     0 I         : [T305019] [MDP][warn]mdp_ioctl_async_exec job:369 cost translate:996us exec:3238us
11-07 16:56:22.612     0     0 I         : [T205019] [MDP][warn]mdp_ioctl_async_exec job:369 cost translate:1015us exec:4174us
11-07 16:56:22.612     0     0 I         : [T205020] [MDP][warn]mdp_ioctl_async_exec job:369 cost translate:1048us exec:3094us
11-07 16:56:22.680     0     0 I         : [T220142] leds_mtk led_debug_log(176) :[Light] Set lcd-backlight directlyT:3129.879,L:50 L:50 map:201    T:3129.895,L:53 L:53 map:213    T:3129.911,L:56 L:56 map:225    T:3129.928,L:59 L:59 map:237    T:3129.951,L:62 L:62 map:249
11-07 16:56:22.680  5019  5019 I [MDP][warn]mdp_ioctl_async_exec job: 369 cost translate:3414us exec:4426us
11-07 16:56:22.712     0     0 I         : [T305019] [MDP][warn]mdp_ioctl_async_exec job:369 cost translate:1061us exec:3761us
11-07 16:56:22.796 13862 13862 I leds_mtk led_debug_log(176): [Light] Set lcd-backlight directlyT:3129.963,L:65 L:65 map:261    T:3129.984,L:67 L:67 map:269    T:3129.995,L:70 L:70 map:281    T:3130.10,L:73 L:73 map:293    T:3130.27,L:76 L:76 map:305
11-07 16:56:22.804 13862 13862 I leds_mtk led_debug_log(176): [Light] Set lcd-backlight directlyT:3130.43,L:79 L:79 map:317    T:3130.60,L:82 L:82 map:329    T:3130.76,L:85 L:85 map:341    T:3130.93,L:88 L:88 map:353    T:3130.110,L:91 L:91 map:365
11-07 16:56:22.806     0     0 W [T200490] [FTS_TS]fts_input_report_b: [B]P0(1157, 645)[p:37,tm:2] DOWN!
11-07 16:56:22.812  5019  5019 I [MDP][warn]mdp_ioctl_async_exec job: 369 cost translate:1012us exec:3865us
11-07 16:56:22.844     0     0 I         : [T105019] [MDP][warn]mdp_ioctl_async_exec job:369 cost translate:2329us exec:3160us
11-07 16:56:22.984     0     0 I         : [T105019] [MDP][warn]mdp_ioctl_async_exec job:369 cost translate:1121us exec:6926us
11-07 16:56:22.984     0     0 I         : [T105020] [MDP][warn]mdp_ioctl_async_exec job:369 cost translate:1899us exec:5536us
11-07 16:56:23.080  5020  5020 I [MDP][warn]mdp_ioctl_async_exec job: 369 cost translate:1761us exec:3146us
11-07 16:56:23.280  5019  5019 I [MDP][warn]mdp_ioctl_async_exec job: 369 cost translate:1780us exec:3327us
11-07 16:56:23.312     0     0 I         : [T305019] [MDP][warn]mdp_ioctl_async_exec job:369 cost translate:1110us exec:4150us
11-07 16:56:23.312     0     0 I         : [T205020] [MDP][warn]mdp_ioctl_async_exec job:369 cost translate:1057us exec:4090us
11-07 16:56:23.380     0     0 I         : [T105019] [MDP][warn]mdp_ioctl_async_exec job:369 cost translate:1409us exec:4452us
11-07 16:56:23.412     0     0 I         : [T105019] [MDP][warn]mdp_ioctl_async_exec job:369 cost translate:1023us exec:3514us
11-07 16:56:23.548     0     0 W [T200490] [FTS_TS]fts_input_report_b: [B]P0(1109, 8)[p:19,tm:2] DOWN!
11-07 16:56:23.648     0     0 I [T200982] Task-Turbo: Task-Turbo: task_turbo_feats is change to 0 successfully
11-07 16:56:23.648     0     0 I         : [T105019] [MDP][warn]mdp_ioctl_async_exec job:369 cost translate:4687us exec:5160us
11-07 16:56:23.680  5019  5019 I [MDP][warn]mdp_ioctl_async_exec job: 369 cost translate:1980us exec:3602us
11-07 16:56:23.712     0     0 I         : [T105019] [MDP][warn]mdp_ioctl_async_exec job:369 cost translate:1134us exec:4161us
11-07 16:56:23.748     0     0 I         : [T205020] [MDP][warn]mdp_ioctl_async_exec job:369 cost translate:2468us exec:3205us
11-07 16:56:23.848     0     0 I         : [T305019] [MDP][warn]mdp_ioctl_async_exec job:369 cost translate:1432us exec:3502us
11-07 16:56:23.945  5019  5019 I [MDP][warn]mdp_ioctl_async_exec job: 369 cost translate:1162us exec:3114us
11-07 16:56:23.980  5019  5019 I [MDP][warn]mdp_ioctl_async_exec job: 369 cost translate:1483us exec:3555us
11-07 16:56:24.048     0     0 I         : [T105019] [MDP][warn]mdp_ioctl_async_exec job:369 cost translate:2252us exec:3538us
11-07 16:56:24.112  5019  5019 I [MDP][warn]mdp_ioctl_async_exec job: 369 cost translate:1360us exec:3026us
11-07 16:56:24.216     0     0 I         : [T205019] [MDP][warn]mdp_ioctl_async_exec job:369 cost translate:2352us exec:3914us
11-07 16:56:24.216     0     0 I         : [T305020] [MDP][warn]mdp_ioctl_async_exec job:369 cost translate:2548us exec:4260us
11-07 16:56:24.280     0     0 I         : [T205019] [MDP][warn]mdp_ioctl_async_exec job:369 cost translate:2589us exec:4052us
11-07 16:56:24.280     0     0 I         : [T305020] [MDP][warn]mdp_ioctl_async_exec job:369 cost translate:2349us exec:3867us
11-07 16:56:24.312     0     0 I         : [T305019] [MDP][warn]mdp_ioctl_async_exec job:369 cost translate:2492us exec:3617us
11-07 16:56:24.348     0     0 I         : [T305019] [MDP][warn]mdp_ioctl_async_exec job:369 cost translate:2354us exec:3569us
11-07 16:56:24.349     0     0 I         : [T105020] [MDP][warn]mdp_ioctl_async_exec job:369 cost translate:2339us exec:3786us
11-07 16:56:24.381     0     0 I         : [T305019] [MDP][warn]mdp_ioctl_async_exec job:369 cost translate:2386us exec:3558us
11-07 16:56:24.381     0     0 I         : [T105020] [MDP][warn]mdp_ioctl_async_exec job:369 cost translate:3154us exec:3754us
11-07 16:56:24.416     0     0 I         : [T105019] [MDP][warn]mdp_ioctl_async_exec job:369 cost translate:2416us exec:3565us
11-07 16:56:24.417     0     0 I         : [T305020] [MDP][warn]mdp_ioctl_async_exec job:369 cost translate:2314us exec:3764us
11-07 16:56:24.549     0     0 I         : [T305019] [MDP][warn]mdp_ioctl_async_exec job:369 cost translate:2402us exec:3573us
11-07 16:56:24.549     0     0 I         : [T205020] [MDP][warn]mdp_ioctl_async_exec job:369 cost translate:2492us exec:3788us
11-07 16:56:24.672     0     0 W [T200490] [FTS_TS]fts_input_report_b: [B]P0(1584, 171)[p:27,tm:1] DOWN!
11-07 16:56:24.680  5019  5019 I [MDP][warn]mdp_ioctl_async_exec job: 369 cost translate:2272us exec:3473us
11-07 16:56:24.812     0     0 I [T200982] Task-Turbo: Task-Turbo: task_turbo_feats is change to 15 successfully
11-07 16:56:24.812     0     0 I         : [T205019] [MDP][warn]mdp_ioctl_async_exec job:369 cost translate:1106us exec:3081us
11-07 16:56:24.812     0     0 I         : [T105020] [MDP][warn]mdp_ioctl_async_exec job:369 cost translate:1428us exec:3290us
11-07 16:56:24.880     0     0 I         : [T305019] [MDP][warn]mdp_ioctl_async_exec job:369 cost translate:1031us exec:3696us
11-07 16:56:24.912     0     0 I         : [T105019] [MDP][warn]mdp_ioctl_async_exec job:369 cost translate:1075us exec:4386us
11-07 16:56:24.913     0     0 I         : [T105020] [MDP][warn]mdp_ioctl_async_exec job:369 cost translate:2063us exec:3035us
11-07 16:56:24.944     0     0 I         : [T305020] [MDP][warn]mdp_ioctl_async_exec job:369 cost translate:1195us exec:3562us
11-07 16:56:24.944  5019  5019 I [MDP][warn]mdp_ioctl_async_exec job: 369 cost translate:1295us exec:4024us
11-07 16:56:24.980     0     0 I         : [T305020] [MDP][warn]mdp_ioctl_async_exec job:369 cost translate:983us exec:3154us
11-07 16:56:25.012     0     0 I         : [T205020] [MDP][warn]mdp_ioctl_async_exec job:369 cost translate:1445us exec:3914us
11-07 16:56:25.080     0     0 I         : [T205019] [MDP][warn]mdp_ioctl_async_exec job:369 cost translate:1028us exec:4353us
11-07 16:56:25.080  5020  5020 I [MDP][warn]mdp_ioctl_async_exec job: 369 cost translate:3010us exec:3253us
11-07 16:56:25.113     0     0 I         : [T200125] [Hang_Detect] hang_detect thread counts down 10:10, status 1.
11-07 16:56:25.113     0     0 I [T500982] Task-Turbo: Task-Turbo: task_turbo_feats is change to 0 successfully
11-07 16:56:25.113     0     0 I         : [T205019] [MDP][warn]mdp_ioctl_async_exec job:369 cost translate:2778us exec:4531us
11-07 16:56:25.113     0     0 I         : [T105020] [MDP][warn]mdp_ioctl_async_exec job:369 cost translate:3155us exec:5242us
11-07 16:56:25.180     0     0 I         : [T205020] [MDP][warn]mdp_ioctl_async_exec job:369 cost translate:2240us exec:3753us
11-07 16:56:25.568     0     0 W [T200490] [FTS_TS]fts_input_report_b: [B]P0(1452, 555)[p:32,tm:1] DOWN!
11-07 16:56:25.648     0     0 I         : [T305020] [MDP][warn]mdp_ioctl_async_exec job:369 cost translate:2604us exec:3957us
11-07 16:56:25.648     0     0 I         : [T105019] [MDP][warn]mdp_ioctl_async_exec job:369 cost translate:2793us exec:4349us
11-07 16:56:25.745     0     0 I         : [T305019] [MDP][warn]mdp_ioctl_async_exec job:369 cost translate:1429us exec:3212us
11-07 16:56:25.745     0     0 I         : [T205020] [MDP][warn]mdp_ioctl_async_exec job:369 cost translate:1273us exec:3423us
11-07 16:56:25.812     0     0 I         : [T305020] [MDP][warn]mdp_ioctl_async_exec job:369 cost translate:1041us exec:3369us
11-07 16:56:25.880     0     0 I         : [T105019] [MDP][warn]mdp_ioctl_async_exec job:369 cost translate:1160us exec:3563us
11-07 16:56:26.012     0     0 I         : [T305019] [MDP][warn]mdp_ioctl_async_exec job:369 cost translate:1550us exec:3026us
11-07 16:56:26.048     0     0 I         : [T205019] [MDP][warn]mdp_ioctl_async_exec job:369 cost translate:2830us exec:4714us
11-07 16:56:26.048     0     0 I         : [T305020] [MDP][warn]mdp_ioctl_async_exec job:369 cost translate:2326us exec:4695us
11-07 16:56:26.080     0     0 I         : [T305019] [MDP][warn]mdp_ioctl_async_exec job:369 cost translate:2486us exec:3985us
11-07 16:56:26.081     0     0 I         : [T205020] [MDP][warn]mdp_ioctl_async_exec job:369 cost translate:2397us exec:3541us
11-07 16:56:26.112     0     0 D [T200388] logd: Compressed Log, buffer max size: 65536 size used: 65450 compressed size: 10493
11-07 16:56:26.113     0     0 D [T200388] logd: Pruned Logs from log_id: 0, previous size: 271098 after size: 254485
11-07 16:56:26.149     0     0 I         : [T105019] [MDP][warn]mdp_ioctl_async_exec job:369 cost translate:3043us exec:4285us
11-07 16:56:26.149     0     0 I         : [T105020] [MDP][warn]mdp_ioctl_async_exec job:369 cost translate:2664us exec:4260us
11-07 16:56:26.184     0     0 I         : [T305019] [MDP][warn]mdp_ioctl_async_exec job:369 cost translate:3336us exec:5732us
11-07 16:56:26.185     0     0 I         : [T205020] [MDP][warn]mdp_ioctl_async_exec job:369 cost translate:2376us exec:3076us
11-07 16:56:26.284     0     0 I         : [T105020] [MDP][warn]mdp_ioctl_async_exec job:369 cost translate:2611us exec:4205us
11-07 16:56:26.284     0     0 I         : [T305019] [MDP][warn]mdp_ioctl_async_exec job:369 cost translate:2921us exec:4766us
11-07 16:56:26.316     0     0 I         : [T105019] [MDP][warn]mdp_ioctl_async_exec job:369 cost translate:2487us exec:3881us
11-07 16:56:26.316     0     0 I         : [T305020] [MDP][warn]mdp_ioctl_async_exec job:369 cost translate:2234us exec:3160us
11-07 16:56:26.380  5019  5019 I [MDP][warn]mdp_ioctl_async_exec job: 369 cost translate:2517us exec:4081us
11-07 16:56:26.380     0     0 I         : [T305020] [MDP][warn]mdp_ioctl_async_exec job:369 cost translate:2420us exec:4152us
11-07 16:56:26.416     0     0 I         : [T105019] [MDP][warn]mdp_ioctl_async_exec job:369 cost translate:2497us exec:3818us
11-07 16:56:26.416  5020  5020 I [MDP][warn]mdp_ioctl_async_exec job: 369 cost translate:2609us exec:3930us
11-07 16:56:26.445     0     0 W [T200490] [FTS_TS]fts_input_report_b: [B]P0(1550, 213)[p:32,tm:3] DOWN!
11-07 16:56:26.448  5020  5020 I [MDP][warn]mdp_ioctl_async_exec job: 369 cost translate:1763us exec:4379us
11-07 16:56:26.448     0     0 I         : [T105019] [MDP][warn]mdp_ioctl_async_exec job:369 cost translate:2151us exec:4798us
11-07 16:56:26.480     0     0 I         : [T205020] [MDP][warn]mdp_ioctl_async_exec job:369 cost translate:2441us exec:3841us
11-07 16:56:26.480     0     0 I         : [T305019] [MDP][warn]mdp_ioctl_async_exec job:369 cost translate:3356us exec:4878us
11-07 16:56:26.510     0     0 D [T300388] logd: Compressed Log, buffer max size: 65536 size used: 65421 compressed size: 9538
11-07 16:56:26.510     0     0 D [T300388] logd: Pruned Logs from log_id: 0, previous size: 264103 after size: 252247
11-07 16:56:26.548     0     0 I         : [T205019] [MDP][warn]mdp_ioctl_async_exec job:369 cost translate:1806us exec:3007us
11-07 16:56:26.549     0     0 I         : [T105020] [MDP][warn]mdp_ioctl_async_exec job:369 cost translate:3019us exec:3348us
11-07 16:56:26.588  5019  5019 I [MDP][warn]mdp_ioctl_async_exec job: 369 cost translate:4610us exec:6344us
11-07 16:56:26.589     0     0 I         : [T205020] [MDP][warn]mdp_ioctl_async_exec job:369 cost translate:3392us exec:4612us
11-07 16:56:26.648     0     0 I         : [T205019] [MDP][warn]mdp_ioctl_async_exec job:369 cost translate:2430us exec:4490us
11-07 16:56:26.648     0     0 I         : [T205020] [MDP][warn]mdp_ioctl_async_exec job:369 cost translate:2892us exec:3958us
11-07 16:56:26.685     0     0 I         : [T105020] [MDP][warn]mdp_ioctl_async_exec job:369 cost translate:3233us exec:4584us
11-07 16:56:26.685     0     0 I         : [T305019] [MDP][warn]mdp_ioctl_async_exec job:369 cost translate:5038us exec:5387us
11-07 16:56:26.780     0     0 I         : [T305019] [MDP][warn]mdp_ioctl_async_exec job:369 cost translate:2420us exec:3652us
11-07 16:56:26.781     0     0 I         : [T105020] [MDP][warn]mdp_ioctl_async_exec job:369 cost translate:2510us exec:3782us
11-07 16:56:26.816     0     0 I         : [T305019] [MDP][warn]mdp_ioctl_async_exec job:369 cost translate:2364us exec:3839us
11-07 16:56:26.816     0     0 I         : [T105020] [MDP][warn]mdp_ioctl_async_exec job:369 cost translate:2456us exec:3871us
11-07 16:56:26.885     0     0 I         : [T105020] [MDP][warn]mdp_ioctl_async_exec job:369 cost translate:2688us exec:4266us
11-07 16:56:26.941     0     0 W [T200490] [FTS_TS]fts_input_report_b: [B]P0(1432, 653)[p:28,tm:1] DOWN!
11-07 16:56:26.948     0     0 I         : [T305019] [MDP][warn]mdp_ioctl_async_exec job:369 cost translate:1810us exec:3016us
11-07 16:56:26.951     0     0 D [T100388] logd: Compressed Log, buffer max size: 65536 size used: 65399 compressed size: 10467
11-07 16:56:26.952     0     0 D [T100388] logd: Pruned Logs from log_id: 0, previous size: 262794 after size: 249818
11-07 16:56:26.984     0     0 I         : [T305019] [MDP][warn]mdp_ioctl_async_exec job:369 cost translate:2365us exec:5904us
11-07 16:56:26.984     0     0 I         : [T305020] [MDP][warn]mdp_ioctl_async_exec job:369 cost translate:3292us exec:6099us
11-07 16:56:27.016     0     0 I         : [T305019] [MDP][warn]mdp_ioctl_async_exec job:369 cost translate:2689us exec:5439us
11-07 16:56:27.016     0     0 I         : [T105020] [MDP][warn]mdp_ioctl_async_exec job:369 cost translate:2209us exec:3908us
11-07 16:56:27.040     0     0 I         : [T400123] [wdk-c] cpu=4 o_k=4 lbit=0x10 cbit=0x3f,2f,5,1,1290347544537,3f,1289969,16804,1290593,24779,[3134355341241,15000000] 24
11-07 16:56:27.048     0     0 I         : [T500124] [wdk-c] cpu=5 o_k=5 lbit=0x30 cbit=0x3f,f,5,1,1290347544537,3f,1289969,16804,1290593,24779,[3134359741856,14995599] 24
11-07 16:56:27.048     0     0 I         : [T300122] [wdk-c] cpu=3 o_k=3 lbit=0x38 cbit=0x3f,7,5,1,1290347544537,3f,1289969,16804,1290593,24779,[3134359776318,14995565] 24
11-07 16:56:27.049     0     0 I         : [T205019] [MDP][warn]mdp_ioctl_async_exec job:369 cost translate:2324us exec:3696us
11-07 16:56:27.049   119   119 I         : [wdk-c] cpu=0 o_k=0 lbit=0x39 cbit=0x3f,6,5,1,1290347544537,3f,1289969,16804,1290593,24779,[3134360897241,14994444] 24
11-07 16:56:27.049     0     0 I         : [T200121] [wdk-c] cpu=2 o_k=2 lbit=0x3d cbit=0x3f,2,5,1,1290347544537,3f,1289969,16804,1290593,24779,[3134361127164,14994214] 24
11-07 16:56:27.049     0     0 I         : [T205020] [MDP][warn]mdp_ioctl_async_exec job:369 cost translate:2447us exec:3993us
11-07 16:56:27.049     0     0 I [T100120] [thread: 120] 2025-11-07 11:26:27.46306 UTC;android time 2025-11-07 16:56:27.46306
11-07 16:56:27.050     0     0 I         : [T100120] [wdk-k] cpu=1 o_k=1 lbit=0x3f cbit=0x3f,0,5,1,1290347544537,3f,1289969,16804,1290593,24779,[3134361468318,14993873] 24
11-07 16:56:27.080     0     0 I         : [T205019] [MDP][warn]mdp_ioctl_async_exec job:369 cost translate:2353us exec:3552us
11-07 16:56:27.116     0     0 I         : [T105019] [MDP][warn]mdp_ioctl_async_exec job:369 cost translate:2563us exec:3735us
11-07 16:56:27.117  5020  5020 I [MDP][warn]mdp_ioctl_async_exec job: 369 cost translate:2779us exec:3552us
11-07 16:56:27.160 13862 13862 I         : timesync host boottime 3747246701143
11-07 16:56:27.180     0     0 I         : [T105019] [MDP][warn]mdp_ioctl_async_exec job:369 cost translate:2564us exec:3933us
11-07 16:56:27.180     0     0 I         : [T305020] [MDP][warn]mdp_ioctl_async_exec job:369 cost translate:3056us exec:4098us
11-07 16:56:27.204     0     0 W [T200490] [FTS_TS]fts_input_report_b: [B]P0(1435, 610)[p:36,tm:4] DOWN!
11-07 16:56:27.216     0     0 I         : [T105020] [MDP][warn]mdp_ioctl_async_exec job:369 cost translate:2336us exec:3038us
11-07 16:56:27.248     0     0 I         : [T205019] [MDP][warn]mdp_ioctl_async_exec job:369 cost translate:2371us exec:3750us
11-07 16:56:27.248     0     0 I         : [T105020] [MDP][warn]mdp_ioctl_async_exec job:369 cost translate:2511us exec:3504us
11-07 16:56:27.285     0     0 I         : [T305020] [MDP][warn]mdp_ioctl_async_exec job:369 cost translate:3522us exec:6172us
11-07 16:56:27.285     0     0 I         : [T305019] [MDP][warn]mdp_ioctl_async_exec job:369 cost translate:5396us exec:6882us
11-07 16:56:27.317     0     0 I         : [T105020] [MDP][warn]mdp_ioctl_async_exec job:369 cost translate:2461us exec:5466us
11-07 16:56:27.317     0     0 I         : [T105019] [MDP][warn]mdp_ioctl_async_exec job:369 cost translate:2857us exec:6214us
11-07 16:56:27.348  5019  5019 I [MDP][warn]mdp_ioctl_async_exec job: 369 cost translate:3733us exec:4669us
11-07 16:56:27.380     0     0 I         : [T305019] [MDP][warn]mdp_ioctl_async_exec job:369 cost translate:2394us exec:3072us
11-07 16:56:27.420     0     0 I         : [T105019] [MDP][warn]mdp_ioctl_async_exec job:369 cost translate:2204us exec:5169us
11-07 16:56:27.420     0     0 I         : [T105020] [MDP][warn]mdp_ioctl_async_exec job:369 cost translate:2768us exec:5364us
11-07 16:56:27.448     0     0 I         : [T205020] [MDP][warn]mdp_ioctl_async_exec job:369 cost translate:2335us exec:3661us
11-07 16:56:27.448  5019  5019 I [MDP][warn]mdp_ioctl_async_exec job: 369 cost translate:2898us exec:4194us
11-07 16:56:27.480     0     0 I         : [T205019] [MDP][warn]mdp_ioctl_async_exec job:369 cost translate:1434us exec:3172us
11-07 16:56:27.516     0     0 I         : [T305019] [MDP][warn]mdp_ioctl_async_exec job:369 cost translate:2748us exec:4399us
11-07 16:56:27.516     0     0 I         : [T105020] [MDP][warn]mdp_ioctl_async_exec job:369 cost translate:3171us exec:4083us
11-07 16:56:27.549     0     0 I         : [T105020] [MDP][warn]mdp_ioctl_async_exec job:369 cost translate:2556us exec:3912us
11-07 16:56:27.549     0     0 I         : [T105019] [MDP][warn]mdp_ioctl_async_exec job:369 cost translate:3432us exec:4911us
11-07 16:56:27.584     0     0 I         : [T105019] [MDP][warn]mdp_ioctl_async_exec job:369 cost translate:3065us exec:4588us
11-07 16:56:27.585     0     0 I         : [T205020] [MDP][warn]mdp_ioctl_async_exec job:369 cost translate:1821us exec:3848us
11-07 16:56:27.618  5019  5019 I [MDP][warn]mdp_ioctl_async_exec job: 369 cost translate:1656us exec:5691us
11-07 16:56:27.619     0     0 I         : [T205020] [MDP][warn]mdp_ioctl_async_exec job:369 cost translate:4584us exec:5795us
11-07 16:56:27.652  5019  5019 I [MDP][warn]mdp_ioctl_async_exec job: 369 cost translate:2153us exec:3367us
11-07 16:56:27.653     0     0 I         : [T305020] [MDP][warn]mdp_ioctl_async_exec job:369 cost translate:2026us exec:3525us
11-07 16:56:27.685  5020  5020 I [MDP][warn]mdp_ioctl_async_exec job: 369 cost translate:3113us exec:3428us
11-07 16:56:27.712  5020  5020 I [MDP][warn]mdp_ioctl_async_exec job: 369 cost translate:1816us exec:3113us
11-07 16:56:27.748  5020  5020 I [MDP][warn]mdp_ioctl_async_exec job: 369 cost translate:1388us exec:3159us
11-07 16:56:27.748     0     0 I         : [T105019] [MDP][warn]mdp_ioctl_async_exec job:369 cost translate:5025us exec:6323us
11-07 16:56:27.780  5019  5019 I [MDP][warn]mdp_ioctl_async_exec job: 369 cost translate:1399us exec:3891us
11-07 16:56:27.812     0     0 I         : [T105019] [MDP][warn]mdp_ioctl_async_exec job:369 cost translate:2318us exec:3613us
11-07 16:56:27.886  5019  5019 I [MDP][warn]mdp_ioctl_async_exec job: 369 cost translate:3505us exec:8477us
11-07 16:56:27.886     0     0 I         : [T105020] [MDP][warn]mdp_ioctl_async_exec job:369 cost translate:2508us exec:8561us
11-07 16:56:27.916     0     0 I         : [T105020] [MDP][warn]mdp_ioctl_async_exec job:369 cost translate:1636us exec:3148us
11-07 16:56:27.916     0     0 I         : [T205019] [MDP][warn]mdp_ioctl_async_exec job:369 cost translate:2352us exec:3786us
11-07 16:56:27.948     0     0 I         : [T105020] [MDP][warn]mdp_ioctl_async_exec job:369 cost translate:2801us exec:4703us
11-07 16:56:27.949     0     0 I         : [T105019] [MDP][warn]mdp_ioctl_async_exec job:369 cost translate:3196us exec:6402us
11-07 16:56:27.984     0     0 I         : [T105019] [MDP][warn]mdp_ioctl_async_exec job:369 cost translate:2640us exec:4026us
11-07 16:56:27.985  5020  5020 I [MDP][warn]mdp_ioctl_async_exec job: 369 cost translate:2352us exec:4153us
11-07 16:56:28.023     0     0 I         : [T205019] [MDP][warn]mdp_ioctl_async_exec job:369 cost translate:4620us exec:11276us
11-07 16:56:28.023     0     0 I         : [T105020] [MDP][warn]mdp_ioctl_async_exec job:369 cost translate:7156us exec:11283us
11-07 16:56:28.032     0     0 W [T200490] [FTS_TS]fts_input_report_b: [B]P0(842, 472)[p:35,tm:3] DOWN!
11-07 16:56:28.049     0     0 I         : [T205019] [MDP][warn]mdp_ioctl_async_exec job:369 cost translate:2468us exec:4553us
11-07 16:56:28.049     0     0 I         : [T105020] [MDP][warn]mdp_ioctl_async_exec job:369 cost translate:3233us exec:4311us
11-07 16:56:28.148     0     0 I         : [T205020] [MDP][warn]mdp_ioctl_async_exec job:369 cost translate:2836us exec:5287us
11-07 16:56:28.148     0     0 I         : [T205019] [MDP][warn]mdp_ioctl_async_exec job:369 cost translate:2419us exec:6382us
11-07 16:56:28.180     0     0 I         : [T205020] [MDP][warn]mdp_ioctl_async_exec job:369 cost translate:2058us exec:3152us
11-07 16:56:28.180     0     0 I         : [T305019] [MDP][warn]mdp_ioctl_async_exec job:369 cost translate:2301us exec:3680us
11-07 16:56:28.216     0     0 I         : [T205020] [MDP][warn]mdp_ioctl_async_exec job:369 cost translate:2297us exec:3936us
11-07 16:56:28.217     0     0 I         : [T205019] [MDP][warn]mdp_ioctl_async_exec job:369 cost translate:2396us exec:4306us
11-07 16:56:28.248     0     0 I         : [T105019] [MDP][warn]mdp_ioctl_async_exec job:369 cost translate:1515us exec:3384us
11-07 16:56:28.248     0     0 I         : [T105020] [MDP][warn]mdp_ioctl_async_exec job:369 cost translate:1472us exec:3505us
11-07 16:56:28.284     0     0 I         : [T305020] [MDP][warn]mdp_ioctl_async_exec job:369 cost translate:2381us exec:4293us
11-07 16:56:28.285     0     0 I         : [T105019] [MDP][warn]mdp_ioctl_async_exec job:369 cost translate:3075us exec:4765us
11-07 16:56:28.316     0     0 I         : [T205020] [MDP][warn]mdp_ioctl_async_exec job:369 cost translate:2365us exec:3785us
11-07 16:56:28.317     0     0 I         : [T305019] [MDP][warn]mdp_ioctl_async_exec job:369 cost translate:2961us exec:3877us
11-07 16:56:28.348  5019  5019 I [MDP][warn]mdp_ioctl_async_exec job: 369 cost translate:3142us exec:4784us
11-07 16:56:28.348     0     0 I         : [T205020] [MDP][warn]mdp_ioctl_async_exec job:369 cost translate:2470us exec:4372us
11-07 16:56:28.381     0     0 I         : [T305020] [MDP][warn]mdp_ioctl_async_exec job:369 cost translate:2504us exec:4390us
11-07 16:56:28.381     0     0 I         : [T205019] [MDP][warn]mdp_ioctl_async_exec job:369 cost translate:2626us exec:5341us
11-07 16:56:28.416     0     0 I         : [T105019] [MDP][warn]mdp_ioctl_async_exec job:369 cost translate:2531us exec:4017us
11-07 16:56:28.416     0     0 I         : [T105020] [MDP][warn]mdp_ioctl_async_exec job:369 cost translate:2294us exec:4006us
11-07 16:56:28.448     0     0 I         : [T305020] [MDP][warn]mdp_ioctl_async_exec job:369 cost translate:2850us exec:4198us
11-07 16:56:28.449  5019  5019 I [MDP][warn]mdp_ioctl_async_exec job: 369 cost translate:4092us exec:5799us
11-07 16:56:28.484     0     0 I         : [T105019] [MDP][warn]mdp_ioctl_async_exec job:369 cost translate:3717us exec:6916us
11-07 16:56:28.485     0     0 I         : [T205020] [MDP][warn]mdp_ioctl_async_exec job:369 cost translate:4166us exec:6971us
11-07 16:56:28.548     0     0 I         : [T305019] [MDP][warn]mdp_ioctl_async_exec job:369 cost translate:2593us exec:3825us
11-07 16:56:28.548     0     0 I         : [T105020] [MDP][warn]mdp_ioctl_async_exec job:369 cost translate:2481us exec:3637us
11-07 16:56:28.648     0     0 I         : [T105019] [MDP][warn]mdp_ioctl_async_exec job:369 cost translate:2593us exec:3909us
11-07 16:56:28.648     0     0 I         : [T305020] [MDP][warn]mdp_ioctl_async_exec job:369 cost translate:3357us exec:3945us
11-07 16:56:28.716     0     0 I         : [T105019] [MDP][warn]mdp_ioctl_async_exec job:369 cost translate:2501us exec:4051us
11-07 16:56:28.717     0     0 I         : [T305020] [MDP][warn]mdp_ioctl_async_exec job:369 cost translate:2246us exec:3242us
11-07 16:56:28.748     0     0 I         : [T105019] [MDP][warn]mdp_ioctl_async_exec job:369 cost translate:2523us exec:3784us
11-07 16:56:28.749     0     0 I         : [T305020] [MDP][warn]mdp_ioctl_async_exec job:369 cost translate:2503us exec:3110us
11-07 16:56:28.780     0     0 I         : [T105019] [MDP][warn]mdp_ioctl_async_exec job:369 cost translate:2553us exec:3912us
11-07 16:56:28.781     0     0 I         : [T305020] [MDP][warn]mdp_ioctl_async_exec job:369 cost translate:2342us exec:4088us
11-07 16:56:28.848     0     0 I         : [T105019] [MDP][warn]mdp_ioctl_async_exec job:369 cost translate:2452us exec:3662us
11-07 16:56:28.848  5020  5020 I [MDP][warn]mdp_ioctl_async_exec job: 369 cost translate:2568us exec:3477us
11-07 16:56:28.980     0     0 I         : [T205019] [MDP][warn]mdp_ioctl_async_exec job:369 cost translate:2435us exec:4391us
11-07 16:56:28.981     0     0 I         : [T305020] [MDP][warn]mdp_ioctl_async_exec job:369 cost translate:2364us exec:4632us
11-07 16:56:29.021     0     0 I         : [T205019] [MDP][warn]mdp_ioctl_async_exec job:369 cost translate:2543us exec:8205us
11-07 16:56:29.021     0     0 I         : [T105020] [MDP][warn]mdp_ioctl_async_exec job:369 cost translate:3422us exec:8081us
11-07 16:56:29.048     0     0 I         : [T205019] [MDP][warn]mdp_ioctl_async_exec job:369 cost translate:1549us exec:4467us
11-07 16:56:29.085     0     0 I         : [T305019] [MDP][warn]mdp_ioctl_async_exec job:369 cost translate:2316us exec:3655us
11-07 16:56:29.089     0     0 I         : [T105020] [MDP][warn]mdp_ioctl_async_exec job:369 cost translate:2643us exec:7540us
11-07 16:56:29.116     0     0 I         : [T305020] [MDP][warn]mdp_ioctl_async_exec job:369 cost translate:2270us exec:3693us
11-07 16:56:29.116     0     0 I         : [T205019] [MDP][warn]mdp_ioctl_async_exec job:369 cost translate:3767us exec:5126us
11-07 16:56:29.149     0     0 I         : [T305019] [MDP][warn]mdp_ioctl_async_exec job:369 cost translate:2023us exec:3940us
11-07 16:56:29.157     0     0 W [T514776] audit: audit_lost=16026 audit_rate_limit=5 audit_backlog_limit=64
11-07 16:56:29.159     0     0 E [T514776] audit: rate limit exceeded
11-07 16:56:29.180     0     0 I         : [T205019] [MDP][warn]mdp_ioctl_async_exec job:369 cost translate:2619us exec:5316us
11-07 16:56:29.180  5020  5020 I [MDP][warn]mdp_ioctl_async_exec job: 369 cost translate:3800us exec:4977us
11-07 16:56:29.211 13424 13424 I [wlan]mtk_p2p_cfg80211_del_station: (P2P INFO) Del_station: ff:ff:ff:ff:ff:ff.
11-07 16:56:29.213 13424 13424 I [wlan]mtk_Netdev_To_RoleIdx: (P2P WARN) mtk_Netdev_To_RoleIdx 0
11-07 16:56:29.213 13424 13424 I [wlan]mtk_p2p_cfg80211_del_station: (P2P INFO) mtk_p2p_cfg80211_del_station ReasonCode = 3
11-07 16:56:29.213 13417 13417 I [wlan]bssRemoveClientByMac: (BSS INFO) Current Client List didn't contain that STA_RECORD_T[ff:ff:ff:ff:ff:ff] before removing.
11-07 16:56:29.215  5020  5020 I [MDP][warn]mdp_ioctl_async_exec job: 369 cost translate:2818us exec:3715us
11-07 16:56:29.227 13424 13424 I [wlan]mtk_Netdev_To_RoleIdx: (P2P WARN) mtk_Netdev_To_RoleIdx 0
11-07 16:56:29.228 13417 13417 I [wlan]wlanoidStopApRole: (OID INFO) wlanoidStopApRole ucRoleIdx = 0
11-07 16:56:29.228 13417 13417 I [wlan]rsnFlushPmkid: (RSN INFO) [1] Flush Pmkid total:0
11-07 16:56:29.228 13417 13417 I [wlan]p2pFuncStopGO: (P2P INFO) p2pFuncStopGO
11-07 16:56:29.230 13417 13417 I [wlan]p2pFuncStopGO: (P2P INFO) Re activate P2P Network.
11-07 16:56:29.235 13417 13417 I [wlan]p2pFuncStopGO: (P2P INFO) No More Client, directly update BSS INFO
11-07 16:56:29.235 13417 13417 I [wlan]rlmFillSyncCmdParam: (RLM INFO) N=1 b=2 c=149 s=0 e=0 h=0 I=0x00 l=0 p=0 w=0 s1=0 s2=0
11-07 16:56:29.235 13417 13417 I [wlan]nicUpdateBss: (BSS INFO) Update Bss[1] ConnState[1] OPmode[2] BSSID[aa:40:0b:79:45:11] AuthMode[7] EncStatus[6]
11-07 16:56:29.235 13417 13417 I [wlan]wlanoidStopApRole: (OID INFO) done, ucRoleIdx = 0
11-07 16:56:29.235 13418 13418 I [wlan]nicTxCmd: (TX INFO) TX MGMT Frame: SUBTYPE[c] BSS[1] WIDX:PID[0:0] SEQ[0] STA[255] LEN[56] RSP[0]
11-07 16:56:29.236 13417 13417 I [wlan]qmHandleEventBssAbsencePresence: (QM INFO) Bss Absence Presence NAF=1,0,0
11-07 16:56:29.236 13418 13418 I [wlan]nicpmSetFWOwn: (NIC INFO) FW OWN Failed due to pending INT
11-07 16:56:29.236     0     0 I [T100979] [wlan]p2pStop: (P2P WARN) [p2p] scan complete but cfg80211 scan request is NULL
11-07 16:56:29.294     0     0 I         : [T205020] [MDP][warn]mdp_ioctl_async_exec job:369 cost translate:1043us exec:7040us
11-07 16:56:29.294  5019  5019 I [MDP][warn]mdp_ioctl_async_exec job: 369 cost translate:6654us exec:8904us
11-07 16:56:29.294 20049 20049 I binder  : undelivered death notification, b400006fd1551da0
11-07 16:56:29.294     0     0 I [T200001] init: Service 'hostapd' (pid 13424) exited with status 0 oneshot service took 1831.480957 seconds in background
11-07 16:56:29.294     0     0 I [T200001] init: Sending signal 9 to service 'hostapd' (pid 13424) process group...
11-07 16:56:29.294     0     0 D [T200001] libprocessgroup: Killing process group -13424 in uid 1010 as part of process cgroup 13424
11-07 16:56:29.294     0     0 I [T200001] libprocessgroup: Successfully killed process cgroup uid 1010 pid 13424 in 0ms
11-07 16:56:29.322 20049 20049 I usb 1-1 : USB disconnect, device number 3
11-07 16:56:29.322 20049 20049 I cdc_ether 1-1: 1.0 tcu0: unregister 'cdc_ether' usb-112a0000.xhci2-1, CDC Ethernet Device
11-07 16:56:29.322  5019  5019 I [MDP][warn]mdp_ioctl_async_exec job: 369 cost translate:1513us exec:3393us
11-07 16:56:29.323     0     0 I         : [T220142] leds_mtk led_debug_log(176) :[Light] Set lcd-backlight directlyT:3130.126,L:94 L:94 map:377    T:3130.143,L:97 L:97 map:389    T:3130.159,L:100 L:100 map:401    T:3130.176,L:103 L:103 map:413    T:3136.615,L:0 L:0 map:0
11-07 16:56:29.323     0     0 I         : [T501414] [MTK-WIFI] WIFI_open[I]: major 498 minor 0 (pid 1414)
11-07 16:56:29.323     0     0 I         : [T501414] [MTK-WIFI] WIFI_write[I]: WIFI_write 0, length 2, copy_size 2
11-07 16:56:29.323  5019  5019 I [MDP][warn]mdp_ioctl_async_exec job: 369 cost translate:7414us exec:8951us
11-07 16:56:29.323  5020  5020 I [MDP][warn]mdp_ioctl_async_exec job: 369 cost translate:5479us exec:8677us
11-07 16:56:29.333     0     0 I         : [T100679] [DISP]lyeblob lost ID:0
11-07 16:56:29.334     0     0 I         : [T100679] [DISP]mtk_crtc_update_ddp_state frame:0 correct invalid hrt to:4, mode:0->0
11-07 16:56:29.334     0     0 W         : [T100679] cost_disable+ 76
11-07 16:56:29.351   679   679 W         : cost_unprepare+ 90
11-07 16:56:29.351   679   679 I         : transceiver transceiver_notifier_callback+
11-07 16:56:29.351   679   679 W         : VISTEON sensor disable
11-07 16:56:29.351   679   679 W         : VISTEON transceiver_suspend_all_sensor
11-07 16:56:29.368     0     0 I [T501414] [wlan]mtk_p2p_cfg80211_frame_update: (P2P WARN) p2p net dev is not registered
11-07 16:56:29.368 20049 20049 I option1 ttyUSB0: GSM modem (1-port) converter now disconnected from ttyUSB0
11-07 16:56:29.368 20049 20049 I option 1-1: 1.2: device disconnected
11-07 16:56:29.368   679   679 I         : transceiver transceiver_notifier_callback-
11-07 16:56:29.368   679   679 I         : cm_mgr_fb_notifier_callback+
11-07 16:56:29.368   679   679 I         : #@# cm_mgr_fb_notifier_callback(307) SCREEN OFF
11-07 16:56:29.368   679   679 I         : cm_mgr_fb_notifier_callback-
11-07 16:56:29.368   679   679 I         : wmt_fb_notifier_callback+
11-07 16:56:29.368   679   679 W [HIF-SDIO][W]wmt_fb_notifier_callback: @@@@@@@@@@wmt enter early POWERDOWN @@@@@@@@@@@@@@
11-07 16:56:29.368   679   679 I         : wmt_fb_notifier_callback-
11-07 16:56:29.373   679   679 I         : [DISP]CRTC0 release input fence
