11-07 17:03:47.551  1705  1705 D SubscriptionController: [getDefaultDataSubId] subId=-1
11-07 17:03:47.551  1705  1705 D MtkSubCtrl: [getDefaultSubId] NOT VoiceCapable subId=-1
11-07 17:03:47.551  1705  1705 D MtkSubCtrl: [isActiveSubId]- false
11-07 17:03:47.551  1705  1705 D MtkSubCtrl: [getDefaultSubId] NOT active use fall back subId=-1
11-07 17:03:47.551  1705  1705 V SubscriptionController: [getDefaultSubId]- value = -1
11-07 17:03:47.554  1705  1705 D MtkSubCtrl: Valid row not present in db
11-07 17:03:47.558  1251  1269 D TelephonyRegistry: listen oscl: mHasNotifySubscriptionInfoChangedOccurred==false no callback
11-07 17:03:47.561  1705  1705 D SubscriptionController: StackTrace - [getSubId]+ slotIndex=0
11-07 17:03:47.561  1705  1705 D SubscriptionController: com.android.internal.telephony.SubscriptionController.getSubId(SubscriptionController.java:2664)
11-07 17:03:47.561  1705  1705 D SubscriptionController: com.android.internal.telephony.SubscriptionController.getSubIdUsingPhoneId(SubscriptionController.java:3079)
11-07 17:03:47.561  1705  1705 D SubscriptionController: com.android.internal.telephony.Phone.getSubId(Phone.java:4167)
11-07 17:03:47.561  1705  1705 D SubscriptionController: com.mediatek.internal.telephony.data.MtkDataProfileManager.registerFdnContentObserver(MtkDataProfileManager.java:832)
11-07 17:03:47.561  1705  1705 D SubscriptionController: com.mediatek.internal.telephony.data.MtkDataProfileManager.<init>(MtkDataProfileManager.java:210)
11-07 17:03:47.561  1705  1705 D SubscriptionController: com.mediatek.internal.telephony.MtkTelephonyComponentFactory.makeDataProfileManager(MtkTelephonyComponentFactory.java:530)
11-07 17:03:47.561  1705  1705 D SubscriptionController: com.android.internal.telephony.data.DataNetworkController.<init>(DataNetworkController.java:853)
11-07 17:03:47.561  1705  1705 D SubscriptionController: com.mediatek.internal.telephony.data.MtkDataNetworkController.<init>(MtkDataNetworkController.java:111)
11-07 17:03:47.561  1705  1705 D SubscriptionController: com.mediatek.internal.telephony.MtkTelephonyComponentFactory.makeDataNetworkController(MtkTelephonyComponentFactory.java:504)
11-07 17:03:47.561  1705  1705 D SubscriptionController: com.android.internal.telephony.GsmCdmaPhone.<init>(GsmCdmaPhone.java:354)
11-07 17:03:47.561  1705  1705 D SubscriptionController: com.android.internal.telephony.GsmCdmaPhone.<init>(GsmCdmaPhone.java:299)
11-07 17:03:47.561  1705  1705 D SubscriptionController: com.mediatek.internal.telephony.MtkGsmCdmaPhone.<init>(MtkGsmCdmaPhone.java:386)
11-07 17:03:47.561  1705  1705 D SubscriptionController: com.mediatek.internal.telephony.MtkGsmCdmaPhone.<init>(MtkGsmCdmaPhone.java:424)
11-07 17:03:47.561  1705  1705 D SubscriptionController: com.mediatek.internal.telephony.MtkTelephonyComponentFactory.makePhone(MtkTelephonyComponentFactory.java:196)
11-07 17:03:47.561  1705  1705 D SubscriptionController: com.mediatek.internal.telephony.MtkTelephonyComponentFactory.makePhone(MtkTelephonyComponentFactory.java:181)
11-07 17:03:47.561  1705  1705 D SubscriptionController: com.android.internal.telephony.PhoneFactory.createPhone(PhoneFactory.java:356)
11-07 17:03:47.561  1705  1705 D SubscriptionController: com.android.internal.telephony.PhoneFactory.makeDefaultPhone(PhoneFactory.java:215)
11-07 17:03:47.561  1705  1705 D SubscriptionController: com.android.internal.telephony.PhoneFactory.makeDefaultPhones(PhoneFactory.java:108)
11-07 17:03:47.561  1705  1705 D SubscriptionController: com.android.phone.PhoneGlobals.onCreate(PhoneGlobals.java:464)
11-07 17:03:47.561  1705  1705 D SubscriptionController: com.android.phone.PhoneApp.onCreate(PhoneApp.java:40)
11-07 17:03:47.561  1705  1705 D SubscriptionController: android.app.Instrumentation.callApplicationOnCreate(Instrumentation.java:1266)
11-07 17:03:47.561  1705  1705 D SubscriptionController: android.app.ActivityThread.handleBindApplication(ActivityThread.java:6822)
11-07 17:03:47.562  1705  1705 D SubscriptionController: android.app.ActivityThread.-$$Nest$mhandleBindApplication(Unknown Source:0)
11-07 17:03:47.562  1705  1705 D SubscriptionController: android.app.ActivityThread$H.handleMessage(ActivityThread.java:2167)
11-07 17:03:47.562  1705  1705 D SubscriptionController: android.os.Handler.dispatchMessage(Handler.java:106)
11-07 17:03:47.562  1705  1705 D SubscriptionController: android.os.Looper.loopOnce(Looper.java:201)
11-07 17:03:47.562  1705  1705 D SubscriptionController: android.os.Looper.loop(Looper.java:288)
11-07 17:03:47.563  1705  1705 D SubscriptionController: android.app.ActivityThread.main(ActivityThread.java:7937)
11-07 17:03:47.563  1705  1705 D SubscriptionController: java.lang.reflect.Method.invoke(Native Method)
11-07 17:03:47.563  1705  1705 D SubscriptionController: com.android.internal.os.RuntimeInit$MethodAndArgsCaller.run(RuntimeInit.java:569)
11-07 17:03:47.563  1705  1705 D SubscriptionController: com.android.internal.os.ZygoteInit.main(ZygoteInit.java:1015)
11-07 17:03:47.563  1705  1705 D SubscriptionController: [getSubId]- sSlotIndexToSubIds.size == 0, return null slotIndex=0
11-07 17:03:47.565  1705  1705 D DSRM-0  : DataStallRecoveryManager created.
11-07 17:03:47.572  1705  1705 D CarrierResolver: Creating CarrierResolver[0]
11-07 17:03:47.587  1705  1705 D MTKSST  : [GsmSST0] notifyVoiceRegStateRilRadioTechnologyChanged: vrs=1 rat=0
11-07 17:03:47.604  1705  1705 D SubscriptionController: StackTrace - [getSubId]+ slotIndex=0
11-07 17:03:47.604  1705  1705 D SubscriptionController: com.android.internal.telephony.SubscriptionController.getSubId(SubscriptionController.java:2664)
11-07 17:03:47.604  1705  1705 D SubscriptionController: com.android.internal.telephony.SubscriptionController.getSubIdUsingPhoneId(SubscriptionController.java:3079)
11-07 17:03:47.605  1705  1705 D SubscriptionController: com.android.internal.telephony.Phone.getSubId(Phone.java:4167)
11-07 17:03:47.605  1705  1705 D SubscriptionController: com.android.internal.telephony.data.LinkBandwidthEstimator.<init>(LinkBandwidthEstimator.java:302)
11-07 17:03:47.605  1705  1705 D SubscriptionController: com.android.internal.telephony.TelephonyComponentFactory.makeLinkBandwidthEstimator(TelephonyComponentFactory.java:644)
11-07 17:03:47.605  1705  1705 D SubscriptionController: com.android.internal.telephony.GsmCdmaPhone.<init>(GsmCdmaPhone.java:391)
11-07 17:03:47.605  1705  1705 D SubscriptionController: com.android.internal.telephony.GsmCdmaPhone.<init>(GsmCdmaPhone.java:299)
11-07 17:03:47.605  1705  1705 D SubscriptionController: com.mediatek.internal.telephony.MtkGsmCdmaPhone.<init>(MtkGsmCdmaPhone.java:386)
11-07 17:03:47.605  1705  1705 D SubscriptionController: com.mediatek.internal.telephony.MtkGsmCdmaPhone.<init>(MtkGsmCdmaPhone.java:424)
11-07 17:03:47.605  1705  1705 D SubscriptionController: com.mediatek.internal.telephony.MtkTelephonyComponentFactory.makePhone(MtkTelephonyComponentFactory.java:196)
11-07 17:03:47.605  1705  1705 D SubscriptionController: com.mediatek.internal.telephony.MtkTelephonyComponentFactory.makePhone(MtkTelephonyComponentFactory.java:181)
11-07 17:03:47.605  1705  1705 D SubscriptionController: com.android.internal.telephony.PhoneFactory.createPhone(PhoneFactory.java:356)
11-07 17:03:47.605  1705  1705 D SubscriptionController: com.android.internal.telephony.PhoneFactory.makeDefaultPhone(PhoneFactory.java:215)
11-07 17:03:47.605  1705  1705 D SubscriptionController: com.android.internal.telephony.PhoneFactory.makeDefaultPhones(PhoneFactory.java:108)
11-07 17:03:47.605  1705  1705 D SubscriptionController: com.android.phone.PhoneGlobals.onCreate(PhoneGlobals.java:464)
11-07 17:03:47.605  1705  1705 D SubscriptionController: com.android.phone.PhoneApp.onCreate(PhoneApp.java:40)
11-07 17:03:47.605  1705  1705 D SubscriptionController: android.app.Instrumentation.callApplicationOnCreate(Instrumentation.java:1266)
11-07 17:03:47.605  1705  1705 D SubscriptionController: android.app.ActivityThread.handleBindApplication(ActivityThread.java:6822)
11-07 17:03:47.605  1705  1705 D SubscriptionController: android.app.ActivityThread.-$$Nest$mhandleBindApplication(Unknown Source:0)
11-07 17:03:47.605  1705  1705 D SubscriptionController: android.app.ActivityThread$H.handleMessage(ActivityThread.java:2167)
11-07 17:03:47.605  1705  1705 D SubscriptionController: android.os.Handler.dispatchMessage(Handler.java:106)
11-07 17:03:47.605  1705  1705 D SubscriptionController: android.os.Looper.loopOnce(Looper.java:201)
11-07 17:03:47.605  1705  1705 D SubscriptionController: android.os.Looper.loop(Looper.java:288)
11-07 17:03:47.605  1705  1705 D SubscriptionController: android.app.ActivityThread.main(ActivityThread.java:7937)
11-07 17:03:47.605  1705  1705 D SubscriptionController: java.lang.reflect.Method.invoke(Native Method)
11-07 17:03:47.605  1705  1705 D SubscriptionController: com.android.internal.os.RuntimeInit$MethodAndArgsCaller.run(RuntimeInit.java:569)
11-07 17:03:47.605  1705  1705 D SubscriptionController: com.android.internal.os.ZygoteInit.main(ZygoteInit.java:1015)
11-07 17:03:47.605  1705  1705 D SubscriptionController: [getSubId]- sSlotIndexToSubIds.size == 0, return null slotIndex=0
11-07 17:03:47.627  1705  1705 D SubscriptionController: [getDefaultDataSubId] subId=-1
11-07 17:03:47.628  1705  1705 D MtkSubCtrl: [getDefaultSubId] NOT VoiceCapable subId=-1
11-07 17:03:47.628  1705  1705 D MtkSubCtrl: [isActiveSubId]- false
11-07 17:03:47.628  1705  1705 D MtkSubCtrl: [getDefaultSubId] NOT active use fall back subId=-1
11-07 17:03:47.628  1705  1705 V SubscriptionController: [getDefaultSubId]- value = -1
11-07 17:03:47.634  1705  1705 I GsmCdmaPhone: [0] updateTtyMode ttyMode=0
11-07 17:03:47.651  1705  1705 I GsmCdmaPhone: [0] updateUiTtyMode ttyMode=0
11-07 17:03:47.651  1705  1705 D CallManager: registerPhone(GSM Handler (com.mediatek.internal.telephony.MtkGsmCdmaPhone) {8a5d998})
11-07 17:03:47.651  1251  1445 D TelephonyRegistry: listen oscl: mHasNotifySubscriptionInfoChangedOccurred==false no callback
11-07 17:03:47.652  1705  1705 D GsmCdmaPhone: [0] GsmCdmaPhone: constructor: sub = 0
11-07 17:03:47.652  1705  1705 D MtkGsmCdmaPhone: constructor: sub = 0
11-07 17:04:13.901  1705  1705 D SelfActivationDefault: init
11-07 17:04:13.902  1705  1705 I PhoneFactory: defaultSmsApplication: NONE
11-07 17:04:13.956  1705  1705 I PhoneFactory: Creating SubInfoRecordUpdater 
11-07 17:04:13.959  1705  1705 D MtkSubscriptionInfoUpdater: initIccidStringForNoSim
11-07 17:04:13.962  1705  1705 D SubscriptionInfoUpdater: Constructor invoked
11-07 17:04:14.210  1705  1705 D MtkSubscriptionInfoUpdater: MtkSubscriptionInfoUpdater created
11-07 17:04:14.255  1705  1705 D SuppServManager: Create MtkSuppServManager singleton instance, phones.length = 1
11-07 17:04:14.255  1705  1705 D SuppServManager: Initialize MtkSuppServManager!
11-07 17:04:14.283  1705  1705 D MtkSuppServHelper: [0]MtkSuppServHelper init done.
11-07 17:04:14.283  1705  1705 I SuppServConf: [0]MtkSuppServConf constructor.
11-07 17:04:14.283  1705  1705 I SuppServConf: [0]MtkSuppServConf init.
11-07 17:04:14.283  1705  1705 I SuppServConf: [0]initConfig start.
11-07 17:04:14.283  1705  1705 I SuppServConf: [0]initConfig end.
11-07 17:04:14.298  1705  1705 D SmartDataSwitch: SmartDataSwitchAssistant is created
11-07 17:04:14.299  1705  1705 D SmartDataSwitch: registerEvents
11-07 17:04:14.299  1705  1705 D SmartDataSwitch: init done
11-07 17:04:14.299  1705  1705 D SmartDataSwitch: makeSDSA: X sSDSA =Handler (com.mediatek.internal.telephony.datasub.SmartDataSwitchAssistant) {9ef1637}
11-07 17:04:14.300  1705  1705 D MtkTelephonyComponentFactory: not found VoData library
11-07 17:04:14.300  1705  1705 I PhoneFactory: IMS is not supported on this device, skipping ImsResolver.
11-07 17:04:14.300  1705  1705 D DataHelper: makeMtkDataHelper: phones.length=1
11-07 17:04:14.306  1705  2903 D SuppServConf: [0]handleMessage msg: EVENT_ICC_CHANGED
11-07 17:04:14.306  1705  2903 D SuppServConf: [0]handleMessage msg: EVENT_INIT
11-07 17:04:14.306  1705  2903 I SuppServConf: [0]resetConfig start.
11-07 17:04:14.306  1705  2903 I SuppServConf: [0]resetConfig end.
11-07 17:04:14.307  1705  2903 D SubscriptionController: StackTrace - [getSubId]+ slotIndex=0
11-07 17:04:14.307  1705  2903 D SubscriptionController: com.android.internal.telephony.SubscriptionController.getSubId(SubscriptionController.java:2664)
11-07 17:04:14.307  1705  2903 D SubscriptionController: com.android.internal.telephony.SubscriptionController.getSubIdUsingPhoneId(SubscriptionController.java:3079)
11-07 17:04:14.307  1705  2903 D SubscriptionController: com.android.internal.telephony.Phone.getSubId(Phone.java:4167)
11-07 17:04:14.307  1705  2903 D SubscriptionController: com.mediatek.internal.telephony.MtkSuppServConf.loadCarrierConfig(MtkSuppServConf.java:383)
11-07 17:04:14.307  1705  2903 D SubscriptionController: com.mediatek.internal.telephony.MtkSuppServConf.-$$Nest$mloadCarrierConfig(Unknown Source:0)
11-07 17:04:14.307  1705  2903 D SubscriptionController: com.mediatek.internal.telephony.MtkSuppServConf$SSConfigHandler.handleMessage(MtkSuppServConf.java:297)
11-07 17:04:14.307  1705  2903 D SubscriptionController: android.os.Handler.dispatchMessage(Handler.java:106)
11-07 17:04:14.307  1705  2903 D SubscriptionController: android.os.Looper.loopOnce(Looper.java:201)
11-07 17:04:14.314  1705  2903 D SubscriptionController: android.os.Looper.loop(Looper.java:288)
11-07 17:04:14.314  1705  2903 D SubscriptionController: android.os.HandlerThread.run(HandlerThread.java:67)
11-07 17:04:14.314  1705  2903 D SubscriptionController: [getSubId]- sSlotIndexToSubIds.size == 0, return null slotIndex=0
11-07 17:04:14.316  1705  2903 W CarrierConfigManager: Error getting config for subId -1 ICarrierConfigLoader is null
11-07 17:04:14.316  1705  2903 D SuppServConf: [0]Config is null.
11-07 17:04:14.316  1705  2903 I SuppServConf: [0]NOT_SUPPORT_OCB -> bValue: false, sValue: , iValue: -1
11-07 17:04:14.316  1705  2903 I SuppServConf: [0]NEED_CHECK_DATA_ENABLE -> bValue: false, sValue: , iValue: -1
11-07 17:04:14.316  1705  2903 I SuppServConf: [0]TRANSFER_XCAP_404 -> bValue: false, sValue: , iValue: -1
11-07 17:04:14.316  1705  2903 I SuppServConf: [0]NOT_SUPPORT_CALL_IDENTITY -> bValue: false, sValue: , iValue: -1
11-07 17:04:14.316  1705  2903 I SuppServConf: [0]NOT_SUPPORT_XCAP -> bValue: false, sValue: , iValue: -1
11-07 17:04:14.316  1705  2903 I SuppServConf: [0]NOT_SUPPORT_WFC_UT -> bValue: false, sValue: , iValue: -1
11-07 17:04:14.316  1705  2903 I SuppServConf: [0]TBCLIR -> bValue: false, sValue: , iValue: -1
11-07 17:04:14.316  1705  2903 I SuppServConf: [0]IMS_NW_CW -> bValue: false, sValue: , iValue: -1
11-07 17:04:14.316  1705  2903 I SuppServConf: [0]ENABLE_XCAP_HTTP_RESPONSE_409 -> bValue: false, sValue: , iValue: -1
11-07 17:04:14.316  1705  2903 I SuppServConf: [0]NEED_CHECK_IMS_WHEN_ROAMING -> bValue: false, sValue: , iValue: -1
11-07 17:04:14.316  1705  2903 I SuppServConf: [0]QUERY_CFU_AGAIN_AFTER_SET -> bValue: false, sValue: , iValue: -1
11-07 17:04:14.316  1705  2903 I SuppServConf: [0]NEED_CHECK_DATA_ROAMING -> bValue: false, sValue: , iValue: -1
11-07 17:04:14.316  1705  2903 I SuppServConf: [0]GSM_UT_SUPPORT -> bValue: false, sValue: , iValue: -1
11-07 17:04:14.316  1705  2903 I SuppServConf: [0]RE_REGISTER_FOR_CF -> bValue: false, sValue: , iValue: -1
11-07 17:04:14.316  1705  2903 I SuppServConf: [0]SUPPORT_SAVE_CF_NUMBER -> bValue: false, sValue: , iValue: -1
11-07 17:04:14.326  1705  1705 D DataHelper: registerEvents
11-07 17:04:14.326  1705  1705 D DataHelper: registerImsEvents, phoneId = 0
11-07 17:04:14.327  1705  1705 D DataHelper: Not register IMS phone calling state yet.
11-07 17:04:14.420  1705  1705 D DataHelper: registered phone change event.
11-07 17:04:14.420  1705  1705 D DataHelper: makesMtkDataHelper: X sMtkDataHelper =com.mediatek.internal.telephony.data.MtkDataHelper@717490d
11-07 17:04:14.477  1705  1705 D MtkPhoneSwitcher: MtkPhoneSwitcher mtkMake
11-07 17:04:14.537  1251  2258 D TelephonyRegistry: listen oscl: mHasNotifySubscriptionInfoChangedOccurred==false no callback
11-07 17:04:14.563  1705  1705 D PhoneSwitcher: PhoneSwitcher started
11-07 17:04:14.569  1705  1705 D ProxyController: Constructor - Enter
11-07 17:04:14.631  1705  1705 D ProxyController: clearTransaction
11-07 17:04:14.631  1705  1705 D ProxyController: clearTransaction: phoneId=0 status=IDLE
11-07 17:04:14.632  1705  1705 D ProxyController: Constructor - Exit
11-07 17:04:14.632  1705  1705 D MtkProxyController: Constructor - Enter, rild mode = 2
11-07 17:04:14.683  1705  1705 D MtkProxyController: Constructor - Exit
11-07 17:04:14.709  1705  1705 D SubscriptionController: StackTrace - [getSubId]+ slotIndex=0
11-07 17:04:14.709  1705  1705 D SubscriptionController: com.android.internal.telephony.SubscriptionController.getSubId(SubscriptionController.java:2664)
11-07 17:04:14.710  1705  1705 D SubscriptionController: com.android.internal.telephony.SubscriptionController.getSubIdUsingPhoneId(SubscriptionController.java:3079)
11-07 17:04:14.710  1705  1705 D SubscriptionController: com.android.internal.telephony.data.TelephonyNetworkFactory.makeNetworkFilter(TelephonyNetworkFactory.java:137)
11-07 17:04:14.710  1705  1705 D SubscriptionController: com.android.internal.telephony.data.TelephonyNetworkFactory.<init>(TelephonyNetworkFactory.java:107)
11-07 17:04:14.710  1705  1705 D SubscriptionController: com.mediatek.internal.telephony.data.MtkTelephonyNetworkFactory.<init>(MtkTelephonyNetworkFactory.java:62)
11-07 17:04:14.710  1705  1705 D SubscriptionController: com.mediatek.internal.telephony.MtkTelephonyComponentFactory.makeTelephonyNetworkFactories(MtkTelephonyComponentFactory.java:327)
11-07 17:04:14.710  1705  1705 D SubscriptionController: com.android.internal.telephony.PhoneFactory.makeDefaultPhone(PhoneFactory.java:295)
11-07 17:04:14.710  1705  1705 D SubscriptionController: com.android.internal.telephony.PhoneFactory.makeDefaultPhones(PhoneFactory.java:108)
11-07 17:04:14.710  1705  1705 D SubscriptionController: com.android.phone.PhoneGlobals.onCreate(PhoneGlobals.java:464)
11-07 17:04:14.710  1705  1705 D SubscriptionController: com.android.phone.PhoneApp.onCreate(PhoneApp.java:40)
11-07 17:04:14.710  1705  1705 D SubscriptionController: android.app.Instrumentation.callApplicationOnCreate(Instrumentation.java:1266)
11-07 17:04:14.710  1705  1705 D SubscriptionController: android.app.ActivityThread.handleBindApplication(ActivityThread.java:6822)
11-07 17:04:14.710  1705  1705 D SubscriptionController: android.app.ActivityThread.-$$Nest$mhandleBindApplication(Unknown Source:0)
11-07 17:04:14.710  1705  1705 D SubscriptionController: android.app.ActivityThread$H.handleMessage(ActivityThread.java:2167)
11-07 17:04:14.710  1705  1705 D SubscriptionController: android.os.Handler.dispatchMessage(Handler.java:106)
11-07 17:04:14.710  1705  1705 D SubscriptionController: android.os.Looper.loopOnce(Looper.java:201)
11-07 17:04:14.710  1705  1705 D SubscriptionController: android.os.Looper.loop(Looper.java:288)
11-07 17:04:14.710  1705  1705 D SubscriptionController: android.app.ActivityThread.main(ActivityThread.java:7937)
11-07 17:04:14.710  1705  1705 D SubscriptionController: java.lang.reflect.Method.invoke(Native Method)
11-07 17:04:14.710  1705  1705 D SubscriptionController: com.android.internal.os.RuntimeInit$MethodAndArgsCaller.run(RuntimeInit.java:569)
11-07 17:04:14.710  1705  1705 D SubscriptionController: com.android.internal.os.ZygoteInit.main(ZygoteInit.java:1015)
11-07 17:04:14.710  1705  1705 D SubscriptionController: [getSubId]- sSlotIndexToSubIds.size == 0, return null slotIndex=0
11-07 17:04:14.714  1251  1269 D TelephonyRegistry: listen oscl: mHasNotifySubscriptionInfoChangedOccurred==false no callback
11-07 17:04:14.715  1705  1705 D TelephonyNetworkFactory[0]: Registering NetworkFactory
11-07 17:04:14.718  1705  1705 D WORLDMODE: [WPP_UTIL]Factory World phone not support
11-07 17:04:14.718  1705  1705 D MtkTelephonyComponentFactory: Creating CarrierExpress
11-07 17:04:14.738  1705  2767 D MtkSmsBroadcastUndelivered: finished scanning raw table in 1211 ms
11-07 17:04:14.740  1705  2767 D MtkSmsBroadcastUndelivered: scanning raw table for undelivered messages
11-07 17:04:14.790  1705  2767 D MtkSmsBroadcastUndelivered: finished scanning raw table in 49 ms
11-07 17:03:49.170  1251  1445 D TelephonyRegistry: listen oscl: mHasNotifySubscriptionInfoChangedOccurred==false no callback
11-07 17:03:49.171  1705  1705 D CallManager: registerForMmiComplete
11-07 17:03:49.174  1705  1705 D NitzStateMachineImpl: handleAirplaneModeChanged(false): mLatestNitzSignal was already null. Nothing to do.
11-07 17:03:49.212  1705  1705 D NitzStateMachineImpl: handleAirplaneModeChanged(false): mLatestNitzSignal was already null. Nothing to do.
11-07 17:03:49.613  1251  1445 D TelephonyRegistry: listen oscl: mHasNotifySubscriptionInfoChangedOccurred==false no callback
11-07 17:03:49.737  1705  1705 E ANM-0   : Can't find the binding package
11-07 17:03:49.738  1705  1705 V MTKSST  : [GsmSST0] received event 42
11-07 17:03:49.738  1705  1705 D MTKSST  : [GsmSST0] EVENT_ICC_CHANGED: SIM absent
11-07 17:03:49.738  1705  1705 D MTKSST  : [GsmSST0] cancelAllNotifications: mPrevSubId=-1
11-07 17:03:49.738  1705  1705 D SubscriptionController: StackTrace - [getSubId]+ slotIndex=0
11-07 17:03:49.739  1705  1705 D SubscriptionController: com.android.internal.telephony.SubscriptionController.getSubId(SubscriptionController.java:2664)
11-07 17:03:49.739  1705  1705 D SubscriptionController: com.android.internal.telephony.SubscriptionController.getSubIdUsingPhoneId(SubscriptionController.java:3079)
11-07 17:03:49.739  1705  1705 D SubscriptionController: com.android.internal.telephony.Phone.getSubId(Phone.java:4167)
11-07 17:03:49.739  1705  1705 D SubscriptionController: com.android.internal.telephony.ServiceStateTracker.getCarrierConfig(ServiceStateTracker.java:5945)
11-07 17:03:49.739  1705  1705 D SubscriptionController: com.android.internal.telephony.ServiceStateTracker.updateSpnDisplay(ServiceStateTracker.java:2910)
11-07 17:03:49.739  1705  1705 D SubscriptionController: com.android.internal.telephony.ServiceStateTracker.handleMessage(ServiceStateTracker.java:1290)
11-07 17:03:49.739  1705  1705 D SubscriptionController: com.mediatek.internal.telephony.MtkServiceStateTracker.handleMessage(MtkServiceStateTracker.java:1076)
11-07 17:03:49.739  1705  1705 D SubscriptionController: android.os.Handler.dispatchMessage(Handler.java:106)
11-07 17:03:49.739  1705  1705 D SubscriptionController: android.os.Looper.loopOnce(Looper.java:201)
11-07 17:03:49.739  1705  1705 D SubscriptionController: android.os.Looper.loop(Looper.java:288)
11-07 17:03:49.739  1705  1705 D SubscriptionController: android.app.ActivityThread.main(ActivityThread.java:7937)
11-07 17:03:49.740  1705  1705 D SubscriptionController: java.lang.reflect.Method.invoke(Native Method)
11-07 17:03:49.741  1705  1705 D SubscriptionController: com.android.internal.os.RuntimeInit$MethodAndArgsCaller.run(RuntimeInit.java:569)
11-07 17:03:49.741  1705  1705 D SubscriptionController: com.android.internal.os.ZygoteInit.main(ZygoteInit.java:1015)
11-07 17:03:49.741  1705  1705 D SubscriptionController: [getSubId]- sSlotIndexToSubIds.size == 0, return null slotIndex=0
11-07 17:03:49.745  1705  1705 D SubscriptionController: StackTrace - [getSubId]+ slotIndex=0
11-07 17:03:49.749  1705  1705 D SubscriptionController: com.android.internal.telephony.SubscriptionController.getSubId(SubscriptionController.java:2664)
11-07 17:03:49.749  1705  1705 D SubscriptionController: com.android.internal.telephony.SubscriptionController.getSubIdUsingPhoneId(SubscriptionController.java:3079)
11-07 17:03:49.749  1705  1705 D SubscriptionController: com.android.internal.telephony.Phone.getSubId(Phone.java:4167)
11-07 17:03:49.749  1705  1705 D SubscriptionController: com.mediatek.internal.telephony.MtkServiceStateTracker.updateSpnDisplayLegacy(MtkServiceStateTracker.java:1390)
11-07 17:03:49.749  1705  1705 D SubscriptionController: com.android.internal.telephony.ServiceStateTracker.updateSpnDisplay(ServiceStateTracker.java:2914)
11-07 17:03:49.750  1705  1705 D SubscriptionController: com.android.internal.telephony.ServiceStateTracker.handleMessage(ServiceStateTracker.java:1290)
11-07 17:03:49.750  1705  1705 D SubscriptionController: com.mediatek.internal.telephony.MtkServiceStateTracker.handleMessage(MtkServiceStateTracker.java:1076)
11-07 17:03:49.750  1705  1705 D SubscriptionController: android.os.Handler.dispatchMessage(Handler.java:106)
11-07 17:03:49.750  1705  1705 D SubscriptionController: android.os.Looper.loopOnce(Looper.java:201)
11-07 17:03:49.750  1705  1705 D SubscriptionController: android.os.Looper.loop(Looper.java:288)
11-07 17:03:49.750  1705  1705 D SubscriptionController: android.app.ActivityThread.main(ActivityThread.java:7937)
11-07 17:03:49.750  1705  1705 D SubscriptionController: java.lang.reflect.Method.invoke(Native Method)
11-07 17:03:49.750  1705  1705 D SubscriptionController: com.android.internal.os.RuntimeInit$MethodAndArgsCaller.run(RuntimeInit.java:569)
11-07 17:03:49.750  1705  1705 D SubscriptionController: com.android.internal.os.ZygoteInit.main(ZygoteInit.java:1015)
11-07 17:03:49.750  1705  1705 D SubscriptionController: [getSubId]- sSlotIndexToSubIds.size == 0, return null slotIndex=0
11-07 17:03:49.750  1705  1705 D SubscriptionController: StackTrace - [getSubId]+ slotIndex=0
11-07 17:03:49.751  1705  1705 D SubscriptionController: com.android.internal.telephony.SubscriptionController.getSubId(SubscriptionController.java:2664)
11-07 17:03:49.751  1705  1705 D SubscriptionController: com.android.internal.telephony.SubscriptionController.getSubIdUsingPhoneId(SubscriptionController.java:3079)
11-07 17:03:49.751  1705  1705 D SubscriptionController: com.android.internal.telephony.Phone.getSubId(Phone.java:4167)
11-07 17:03:49.751  1705  1705 D SubscriptionController: com.android.internal.telephony.ServiceStateTracker.getCarrierConfig(ServiceStateTracker.java:5945)
11-07 17:03:49.751  1705  1705 D SubscriptionController: com.android.internal.telephony.ServiceStateTracker.getCarrierNameDisplayBitmask(ServiceStateTracker.java:4168)
11-07 17:03:49.751  1705  1705 D SubscriptionController: com.mediatek.internal.telephony.MtkServiceStateTracker.updateSpnDisplayLegacy(MtkServiceStateTracker.java:1498)
11-07 17:03:49.751  1705  1705 D SubscriptionController: com.android.internal.telephony.ServiceStateTracker.updateSpnDisplay(ServiceStateTracker.java:2914)
11-07 17:03:49.751  1705  1705 D SubscriptionController: com.android.internal.telephony.ServiceStateTracker.handleMessage(ServiceStateTracker.java:1290)
11-07 17:03:49.751  1705  1705 D SubscriptionController: com.mediatek.internal.telephony.MtkServiceStateTracker.handleMessage(MtkServiceStateTracker.java:1076)
11-07 17:03:49.751  1705  1705 D SubscriptionController: android.os.Handler.dispatchMessage(Handler.java:106)
11-07 17:03:49.751  1705  1705 D SubscriptionController: android.os.Looper.loopOnce(Looper.java:201)
11-07 17:03:49.751  1705  1705 D SubscriptionController: android.os.Looper.loop(Looper.java:288)
11-07 17:03:49.751  1705  1705 D SubscriptionController: android.app.ActivityThread.main(ActivityThread.java:7937)
11-07 17:03:49.751  1705  1705 D SubscriptionController: java.lang.reflect.Method.invoke(Native Method)
11-07 17:03:49.751  1705  1705 D SubscriptionController: com.android.internal.os.RuntimeInit$MethodAndArgsCaller.run(RuntimeInit.java:569)
11-07 17:03:49.751  1705  1705 D SubscriptionController: com.android.internal.os.ZygoteInit.main(ZygoteInit.java:1015)
11-07 17:03:49.752  1705  1705 D SubscriptionController: [getSubId]- sSlotIndexToSubIds.size == 0, return null slotIndex=0
11-07 17:03:49.762  1705  1705 D SubscriptionController: StackTrace - [getSubId]+ slotIndex=0
11-07 17:03:49.763  1705  1705 D SubscriptionController: com.android.internal.telephony.SubscriptionController.getSubId(SubscriptionController.java:2664)
11-07 17:03:49.763  1705  1705 D SubscriptionController: com.android.internal.telephony.SubscriptionController.getSubIdUsingPhoneId(SubscriptionController.java:3079)
11-07 17:03:49.763  1705  1705 D SubscriptionController: com.android.internal.telephony.Phone.getSubId(Phone.java:4167)
11-07 17:03:49.763  1705  1705 D SubscriptionController: com.android.internal.telephony.ServiceStateTracker.getCarrierConfig(ServiceStateTracker.java:5945)
11-07 17:03:49.763  1705  1705 D SubscriptionController: com.android.internal.telephony.ServiceStateTracker.getServiceProviderName(ServiceStateTracker.java:4146)
11-07 17:03:49.763  1705  1705 D SubscriptionController: com.android.internal.telephony.ServiceStateTracker.getCarrierNameDisplayBitmask(ServiceStateTracker.java:4173)
11-07 17:03:49.763  1705  1705 D SubscriptionController: com.mediatek.internal.telephony.MtkServiceStateTracker.updateSpnDisplayLegacy(MtkServiceStateTracker.java:1498)
11-07 17:03:49.763  1705  1705 D SubscriptionController: com.android.internal.telephony.ServiceStateTracker.updateSpnDisplay(ServiceStateTracker.java:2914)
11-07 17:03:49.763  1705  1705 D SubscriptionController: com.android.internal.telephony.ServiceStateTracker.handleMessage(ServiceStateTracker.java:1290)
11-07 17:03:49.763  1705  1705 D SubscriptionController: com.mediatek.internal.telephony.MtkServiceStateTracker.handleMessage(MtkServiceStateTracker.java:1076)
11-07 17:03:49.764  1705  1705 D SubscriptionController: android.os.Handler.dispatchMessage(Handler.java:106)
11-07 17:03:49.764  1705  1705 D SubscriptionController: android.os.Looper.loopOnce(Looper.java:201)
11-07 17:03:49.764  1705  1705 D SubscriptionController: android.os.Looper.loop(Looper.java:288)
11-07 17:03:49.764  1705  1705 D SubscriptionController: android.app.ActivityThread.main(ActivityThread.java:7937)
11-07 17:03:49.764  1705  1705 D SubscriptionController: java.lang.reflect.Method.invoke(Native Method)
11-07 17:03:49.764  1705  1705 D SubscriptionController: com.android.internal.os.RuntimeInit$MethodAndArgsCaller.run(RuntimeInit.java:569)
11-07 17:03:49.764  1705  1705 D SubscriptionController: com.android.internal.os.ZygoteInit.main(ZygoteInit.java:1015)
11-07 17:03:49.764  1705  1705 D SubscriptionController: [getSubId]- sSlotIndexToSubIds.size == 0, return null slotIndex=0
11-07 17:03:49.857  1705  1705 D MTKSST  : [GsmSST0] updateSpnDisplay: radio is on but out of service, set plmn='No service'
11-07 17:03:49.857  1705  1705 D SubscriptionController: StackTrace - [getSubId]+ slotIndex=0
11-07 17:03:49.857  1705  1705 D SubscriptionController: com.android.internal.telephony.SubscriptionController.getSubId(SubscriptionController.java:2664)
11-07 17:03:49.857  1705  1705 D SubscriptionController: com.android.internal.telephony.SubscriptionController.getSubIdUsingPhoneId(SubscriptionController.java:3079)
11-07 17:03:49.857  1705  1705 D SubscriptionController: com.android.internal.telephony.Phone.getSubId(Phone.java:4167)
11-07 17:03:49.857  1705  1705 D SubscriptionController: com.android.internal.telephony.ServiceStateTracker.getCarrierConfig(ServiceStateTracker.java:5945)
11-07 17:03:49.857  1705  1705 D SubscriptionController: com.android.internal.telephony.ServiceStateTracker.getServiceProviderName(ServiceStateTracker.java:4146)
11-07 17:03:49.857  1705  1705 D SubscriptionController: com.mediatek.internal.telephony.MtkServiceStateTracker.updateSpnDisplayLegacy(MtkServiceStateTracker.java:1552)
11-07 17:03:49.857  1705  1705 D SubscriptionController: com.android.internal.telephony.ServiceStateTracker.updateSpnDisplay(ServiceStateTracker.java:2914)
11-07 17:03:49.857  1705  1705 D SubscriptionController: com.android.internal.telephony.ServiceStateTracker.handleMessage(ServiceStateTracker.java:1290)
11-07 17:03:49.857  1705  1705 D SubscriptionController: com.mediatek.internal.telephony.MtkServiceStateTracker.handleMessage(MtkServiceStateTracker.java:1076)
11-07 17:03:49.857  1705  1705 D SubscriptionController: android.os.Handler.dispatchMessage(Handler.java:106)
11-07 17:03:49.857  1705  1705 D SubscriptionController: android.os.Looper.loopOnce(Looper.java:201)
11-07 17:03:49.857  1705  1705 D SubscriptionController: android.os.Looper.loop(Looper.java:288)
11-07 17:03:49.857  1705  1705 D SubscriptionController: android.app.ActivityThread.main(ActivityThread.java:7937)
11-07 17:03:49.857  1705  1705 D SubscriptionController: java.lang.reflect.Method.invoke(Native Method)
11-07 17:03:49.857  1705  1705 D SubscriptionController: com.android.internal.os.RuntimeInit$MethodAndArgsCaller.run(RuntimeInit.java:569)
11-07 17:03:49.857  1705  1705 D SubscriptionController: com.android.internal.os.ZygoteInit.main(ZygoteInit.java:1015)
11-07 17:03:49.857  1705  1705 D SubscriptionController: [getSubId]- sSlotIndexToSubIds.size == 0, return null slotIndex=0
11-07 17:03:49.858  1705  1705 D MTKSST  : [GsmSST0] updateSpnDisplay: rawSpn = 
11-07 17:03:49.859  1705  1705 D SubscriptionController: StackTrace - [getSubId]+ slotIndex=0
11-07 17:03:49.859  1705  1705 D SubscriptionController: com.android.internal.telephony.SubscriptionController.getSubId(SubscriptionController.java:2664)
11-07 17:03:49.859  1705  1705 D SubscriptionController: com.android.internal.telephony.SubscriptionController.getSubIdUsingPhoneId(SubscriptionController.java:3079)
11-07 17:03:49.859  1705  1705 D SubscriptionController: com.android.internal.telephony.Phone.getSubId(Phone.java:4167)
11-07 17:03:49.859  1705  1705 D SubscriptionController: com.mediatek.internal.telephony.MtkServiceStateTracker.notifySpnDisplayUpdate(MtkServiceStateTracker.java:3791)
11-07 17:03:49.859  1705  1705 D SubscriptionController: com.mediatek.internal.telephony.MtkServiceStateTracker.updateSpnDisplayLegacy(MtkServiceStateTracker.java:1737)
11-07 17:03:49.859  1705  1705 D SubscriptionController: com.android.internal.telephony.ServiceStateTracker.updateSpnDisplay(ServiceStateTracker.java:2914)
11-07 17:03:49.859  1705  1705 D SubscriptionController: com.android.internal.telephony.ServiceStateTracker.handleMessage(ServiceStateTracker.java:1290)
11-07 17:03:49.859  1705  1705 D SubscriptionController: com.mediatek.internal.telephony.MtkServiceStateTracker.handleMessage(MtkServiceStateTracker.java:1076)
11-07 17:03:49.859  1705  1705 D SubscriptionController: android.os.Handler.dispatchMessage(Handler.java:106)
11-07 17:03:49.859  1705  1705 D SubscriptionController: android.os.Looper.loopOnce(Looper.java:201)
11-07 17:03:49.860  1705  1705 D SubscriptionController: android.os.Looper.loop(Looper.java:288)
11-07 17:03:49.860  1705  1705 D SubscriptionController: android.app.ActivityThread.main(ActivityThread.java:7937)
11-07 17:03:49.860  1705  1705 D SubscriptionController: java.lang.reflect.Method.invoke(Native Method)
11-07 17:03:49.860  1705  1705 D SubscriptionController: com.android.internal.os.RuntimeInit$MethodAndArgsCaller.run(RuntimeInit.java:569)
11-07 17:03:49.860  1705  1705 D SubscriptionController: com.android.internal.os.ZygoteInit.main(ZygoteInit.java:1015)
11-07 17:03:49.860  1705  1705 D SubscriptionController: [getSubId]- sSlotIndexToSubIds.size == 0, return null slotIndex=0
11-07 17:03:49.860  1705  1705 D SubscriptionController: StackTrace - [getSubId]+ slotIndex=0
11-07 17:03:49.860  1705  1705 D SubscriptionController: com.android.internal.telephony.SubscriptionController.getSubId(SubscriptionController.java:2664)
11-07 17:03:49.861  1705  1705 D SubscriptionController: com.android.internal.telephony.SubscriptionController.getSubIdUsingPhoneId(SubscriptionController.java:3079)
11-07 17:03:49.861  1705  1705 D SubscriptionController: com.android.internal.telephony.Phone.getSubId(Phone.java:4167)
11-07 17:03:49.861  1705  1705 D SubscriptionController: com.android.internal.telephony.ServiceStateTracker.getCarrierConfig(ServiceStateTracker.java:5945)
11-07 17:03:49.861  1705  1705 D SubscriptionController: com.android.internal.telephony.ServiceStateTracker.getCarrierNameDisplayBitmask(ServiceStateTracker.java:4168)
11-07 17:03:49.861  1705  1705 D SubscriptionController: com.mediatek.internal.telephony.MtkServiceStateTracker.notifySpnDisplayUpdate(MtkServiceStateTracker.java:3803)
11-07 17:03:49.861  1705  1705 D SubscriptionController: com.mediatek.internal.telephony.MtkServiceStateTracker.updateSpnDisplayLegacy(MtkServiceStateTracker.java:1737)
11-07 17:03:49.861  1705  1705 D SubscriptionController: com.android.internal.telephony.ServiceStateTracker.updateSpnDisplay(ServiceStateTracker.java:2914)
11-07 17:03:49.861  1705  1705 D SubscriptionController: com.android.internal.telephony.ServiceStateTracker.handleMessage(ServiceStateTracker.java:1290)
11-07 17:03:49.861  1705  1705 D SubscriptionController: com.mediatek.internal.telephony.MtkServiceStateTracker.handleMessage(MtkServiceStateTracker.java:1076)
11-07 17:03:49.861  1705  1705 D SubscriptionController: android.os.Handler.dispatchMessage(Handler.java:106)
11-07 17:03:49.861  1705  1705 D SubscriptionController: android.os.Looper.loopOnce(Looper.java:201)
11-07 17:03:49.862  1705  1705 D SubscriptionController: android.os.Looper.loop(Looper.java:288)
11-07 17:03:49.862  1705  1705 D SubscriptionController: android.app.ActivityThread.main(ActivityThread.java:7937)
11-07 17:03:49.862  1705  1705 D SubscriptionController: java.lang.reflect.Method.invoke(Native Method)
11-07 17:03:49.862  1705  1705 D SubscriptionController: com.android.internal.os.RuntimeInit$MethodAndArgsCaller.run(RuntimeInit.java:569)
11-07 17:03:49.862  1705  1705 D SubscriptionController: com.android.internal.os.ZygoteInit.main(ZygoteInit.java:1015)
11-07 17:03:49.862  1705  1705 D SubscriptionController: [getSubId]- sSlotIndexToSubIds.size == 0, return null slotIndex=0
11-07 17:03:49.868  1705  1705 D SubscriptionController: StackTrace - [getSubId]+ slotIndex=0
11-07 17:03:49.876  1705  1705 D SubscriptionController: com.android.internal.telephony.SubscriptionController.getSubId(SubscriptionController.java:2664)
11-07 17:03:49.876  1705  1705 D SubscriptionController: com.android.internal.telephony.SubscriptionController.getSubIdUsingPhoneId(SubscriptionController.java:3079)
11-07 17:03:49.876  1705  1705 D SubscriptionController: com.android.internal.telephony.Phone.getSubId(Phone.java:4167)
11-07 17:03:49.876  1705  1705 D SubscriptionController: com.android.internal.telephony.ServiceStateTracker.getCarrierConfig(ServiceStateTracker.java:5945)
11-07 17:03:49.876  1705  1705 D SubscriptionController: com.android.internal.telephony.ServiceStateTracker.getServiceProviderName(ServiceStateTracker.java:4146)
11-07 17:03:49.886  1705  1705 D SubscriptionController: com.android.internal.telephony.ServiceStateTracker.getCarrierNameDisplayBitmask(ServiceStateTracker.java:4173)
11-07 17:03:49.887  1705  1705 D SubscriptionController: com.mediatek.internal.telephony.MtkServiceStateTracker.notifySpnDisplayUpdate(MtkServiceStateTracker.java:3803)
11-07 17:03:49.887  1705  1705 D SubscriptionController: com.mediatek.internal.telephony.MtkServiceStateTracker.updateSpnDisplayLegacy(MtkServiceStateTracker.java:1737)
11-07 17:03:49.887  1705  1705 D SubscriptionController: com.android.internal.telephony.ServiceStateTracker.updateSpnDisplay(ServiceStateTracker.java:2914)
11-07 17:03:49.887  1705  1705 D SubscriptionController: com.android.internal.telephony.ServiceStateTracker.handleMessage(ServiceStateTracker.java:1290)
11-07 17:03:49.887  1705  1705 D SubscriptionController: com.mediatek.internal.telephony.MtkServiceStateTracker.handleMessage(MtkServiceStateTracker.java:1076)
11-07 17:03:49.887  1705  1705 D SubscriptionController: android.os.Handler.dispatchMessage(Handler.java:106)
11-07 17:03:49.887  1705  1705 D SubscriptionController: android.os.Looper.loopOnce(Looper.java:201)
11-07 17:03:49.887  1705  1705 D SubscriptionController: android.os.Looper.loop(Looper.java:288)
11-07 17:03:49.887  1705  1705 D SubscriptionController: android.app.ActivityThread.main(ActivityThread.java:7937)
11-07 17:03:49.887  1705  1705 D SubscriptionController: java.lang.reflect.Method.invoke(Native Method)
11-07 17:03:49.887  1705  1705 D SubscriptionController: com.android.internal.os.RuntimeInit$MethodAndArgsCaller.run(RuntimeInit.java:569)
11-07 17:03:49.887  1705  1705 D SubscriptionController: com.android.internal.os.ZygoteInit.main(ZygoteInit.java:1015)
11-07 17:03:49.887  1705  1705 D SubscriptionController: [getSubId]- sSlotIndexToSubIds.size == 0, return null slotIndex=0
11-07 17:03:49.889  1705  1705 D MTKSST  : [GsmSST0] updateSpnDisplay: updateSpnDisplay: changed sending intent, rule=2, showPlmn='true', plmn='No service', showSpn='false', spn='null', dataSpn='', subId='-1'
11-07 17:03:49.890  1705  1705 D SubscriptionController: StackTrace - [getSubId]+ slotIndex=0
11-07 17:03:49.890  1705  1705 D SubscriptionController: com.android.internal.telephony.SubscriptionController.getSubId(SubscriptionController.java:2664)
11-07 17:03:49.890  1705  1705 D SubscriptionController: android.telephony.SubscriptionManager.getSubId(SubscriptionManager.java:2167)
11-07 17:03:49.890  1705  1705 D SubscriptionController: android.telephony.SubscriptionManager.putPhoneIdAndSubIdExtra(SubscriptionManager.java:2474)
11-07 17:03:49.890  1705  1705 D SubscriptionController: com.mediatek.internal.telephony.MtkServiceStateTracker.notifySpnDisplayUpdate(MtkServiceStateTracker.java:3830)
11-07 17:03:49.890  1705  1705 D SubscriptionController: com.mediatek.internal.telephony.MtkServiceStateTracker.updateSpnDisplayLegacy(MtkServiceStateTracker.java:1737)
11-07 17:03:49.891  1705  1705 D SubscriptionController: com.android.internal.telephony.ServiceStateTracker.updateSpnDisplay(ServiceStateTracker.java:2914)
11-07 17:03:49.891  1705  1705 D SubscriptionController: com.android.internal.telephony.ServiceStateTracker.handleMessage(ServiceStateTracker.java:1290)
11-07 17:03:49.891  1705  1705 D SubscriptionController: com.mediatek.internal.telephony.MtkServiceStateTracker.handleMessage(MtkServiceStateTracker.java:1076)
11-07 17:03:49.891  1705  1705 D SubscriptionController: android.os.Handler.dispatchMessage(Handler.java:106)
11-07 17:03:49.891  1705  1705 D SubscriptionController: android.os.Looper.loopOnce(Looper.java:201)
11-07 17:03:49.891  1705  1705 D SubscriptionController: android.os.Looper.loop(Looper.java:288)
11-07 17:03:49.891  1705  1705 D SubscriptionController: android.app.ActivityThread.main(ActivityThread.java:7937)
11-07 17:03:49.891  1705  1705 D SubscriptionController: java.lang.reflect.Method.invoke(Native Method)
11-07 17:03:49.891  1705  1705 D SubscriptionController: com.android.internal.os.RuntimeInit$MethodAndArgsCaller.run(RuntimeInit.java:569)
11-07 17:03:49.891  1705  1705 D SubscriptionController: com.android.internal.os.ZygoteInit.main(ZygoteInit.java:1015)
11-07 17:03:49.891  1705  1705 D SubscriptionController: [getSubId]- sSlotIndexToSubIds.size == 0, return null slotIndex=0
11-07 17:03:49.892  1705  1705 D SubscriptionManager: putPhoneIdAndSubIdExtra: no valid subs
11-07 17:03:49.896  1705  2791 D SubscriptionController: StackTrace - [getSubId]+ slotIndex=0
11-07 17:03:49.896  1705  2791 D SubscriptionController: com.android.internal.telephony.SubscriptionController.getSubId(SubscriptionController.java:2664)
11-07 17:03:49.896  1705  2791 D SubscriptionController: com.android.internal.telephony.SubscriptionController.getSubIdUsingPhoneId(SubscriptionController.java:3079)
11-07 17:03:49.896  1705  2791 D SubscriptionController: com.android.internal.telephony.Phone.getSubId(Phone.java:4167)
11-07 17:03:49.896  1705  2791 D SubscriptionController: com.mediatek.internal.telephony.MtkServiceStateTracker$MtkHandler.handleMessage(MtkServiceStateTracker.java:603)
11-07 17:03:49.897  1705  2791 D SubscriptionController: android.os.Handler.dispatchMessage(Handler.java:106)
11-07 17:03:49.897  1705  2791 D SubscriptionController: android.os.Looper.loopOnce(Looper.java:201)
11-07 17:03:49.897  1705  2791 D SubscriptionController: android.os.Looper.loop(Looper.java:288)
11-07 17:03:49.897  1705  2791 D SubscriptionController: android.os.HandlerThread.run(HandlerThread.java:67)
11-07 17:03:49.897  1705  2791 D SubscriptionController: [getSubId]- sSlotIndexToSubIds.size == 0, return null slotIndex=0
11-07 17:03:49.897  1705  1705 V MTKSST  : [GsmSST0] updateSpnDisplayLegacy-
11-07 17:03:49.898  1705  1705 D SubscriptionController: StackTrace - [getSubId]+ slotIndex=0
11-07 17:03:49.902  1705  1705 D SubscriptionController: com.android.internal.telephony.SubscriptionController.getSubId(SubscriptionController.java:2664)
11-07 17:03:49.902  1705  1705 D SubscriptionController: com.android.internal.telephony.SubscriptionController.getSubIdUsingPhoneId(SubscriptionController.java:3079)
11-07 17:03:49.902  1705  1705 D SubscriptionController: com.android.internal.telephony.Phone.getSubId(Phone.java:4167)
11-07 17:03:49.902  1705  1705 D SubscriptionController: com.android.internal.telephony.NetworkRegistrationManager.getPackageName(NetworkRegistrationManager.java:336)
11-07 17:03:49.902  1705  1705 D SubscriptionController: com.android.internal.telephony.NetworkRegistrationManager.rebindService(NetworkRegistrationManager.java:300)
11-07 17:03:49.902  1705  1705 D SubscriptionController: com.android.internal.telephony.NetworkRegistrationManager.handleMessage(NetworkRegistrationManager.java:127)
11-07 17:03:49.902  1705  1705 D SubscriptionController: android.os.Handler.dispatchMessage(Handler.java:106)
11-07 17:03:49.902  1705  1705 D SubscriptionController: android.os.Looper.loopOnce(Looper.java:201)
11-07 17:03:49.902  1705  1705 D SubscriptionController: android.os.Looper.loop(Looper.java:288)
11-07 17:03:49.902  1705  1705 D SubscriptionController: android.app.ActivityThread.main(ActivityThread.java:7937)
11-07 17:03:49.903  1705  1705 D SubscriptionController: java.lang.reflect.Method.invoke(Native Method)
11-07 17:03:49.903  1705  1705 D SubscriptionController: com.android.internal.os.RuntimeInit$MethodAndArgsCaller.run(RuntimeInit.java:569)
11-07 17:03:49.903  1705  1705 D SubscriptionController: com.android.internal.os.ZygoteInit.main(ZygoteInit.java:1015)
11-07 17:03:49.903  1705  1705 D SubscriptionController: [getSubId]- sSlotIndexToSubIds.size == 0, return null slotIndex=0
11-07 17:03:49.906  1705  1705 D SubscriptionController: StackTrace - [getSubId]+ slotIndex=0
11-07 17:03:49.906  1705  1705 D SubscriptionController: com.android.internal.telephony.SubscriptionController.getSubId(SubscriptionController.java:2664)
11-07 17:03:49.907  1705  1705 D SubscriptionController: com.android.internal.telephony.SubscriptionController.getSubIdUsingPhoneId(SubscriptionController.java:3079)
11-07 17:03:49.907  1705  1705 D SubscriptionController: com.android.internal.telephony.Phone.getSubId(Phone.java:4167)
11-07 17:03:49.907  1705  1705 D SubscriptionController: com.android.internal.telephony.NetworkRegistrationManager.getClassName(NetworkRegistrationManager.java:370)
11-07 17:03:49.907  1705  1705 D SubscriptionController: com.android.internal.telephony.NetworkRegistrationManager.bindService(NetworkRegistrationManager.java:273)
11-07 17:03:49.907  1705  1705 D SubscriptionController: com.android.internal.telephony.NetworkRegistrationManager.rebindService(NetworkRegistrationManager.java:309)
11-07 17:03:49.907  1705  1705 D SubscriptionController: com.android.internal.telephony.NetworkRegistrationManager.handleMessage(NetworkRegistrationManager.java:127)
11-07 17:03:49.907  1705  1705 D SubscriptionController: android.os.Handler.dispatchMessage(Handler.java:106)
11-07 17:03:49.907  1705  1705 D SubscriptionController: android.os.Looper.loopOnce(Looper.java:201)
11-07 17:03:49.907  1705  1705 D SubscriptionController: android.os.Looper.loop(Looper.java:288)
11-07 17:03:49.907  1705  1705 D SubscriptionController: android.app.ActivityThread.main(ActivityThread.java:7937)
11-07 17:03:49.907  1705  1705 D SubscriptionController: java.lang.reflect.Method.invoke(Native Method)
11-07 17:03:49.907  1705  1705 D SubscriptionController: com.android.internal.os.RuntimeInit$MethodAndArgsCaller.run(RuntimeInit.java:569)
11-07 17:03:49.907  1705  1705 D SubscriptionController: com.android.internal.os.ZygoteInit.main(ZygoteInit.java:1015)
11-07 17:03:49.907  1705  1705 D SubscriptionController: [getSubId]- sSlotIndexToSubIds.size == 0, return null slotIndex=0
11-07 17:03:49.909  1705  1705 D SubscriptionController: StackTrace - [getSubId]+ slotIndex=0
11-07 17:03:49.909  1705  1705 D SubscriptionController: com.android.internal.telephony.SubscriptionController.getSubId(SubscriptionController.java:2664)
11-07 17:03:49.909  1705  1705 D SubscriptionController: com.android.internal.telephony.SubscriptionController.getSubIdUsingPhoneId(SubscriptionController.java:3079)
11-07 17:03:49.909  1705  1705 D SubscriptionController: com.android.internal.telephony.Phone.getSubId(Phone.java:4167)
11-07 17:03:49.909  1705  1705 D SubscriptionController: com.android.internal.telephony.NetworkRegistrationManager.getPackageName(NetworkRegistrationManager.java:336)
11-07 17:03:49.909  1705  1705 D SubscriptionController: com.android.internal.telephony.NetworkRegistrationManager.bindService(NetworkRegistrationManager.java:285)
11-07 17:03:49.909  1705  1705 D SubscriptionController: com.android.internal.telephony.NetworkRegistrationManager.rebindService(NetworkRegistrationManager.java:309)
11-07 17:03:49.910  1705  1705 D SubscriptionController: com.android.internal.telephony.NetworkRegistrationManager.handleMessage(NetworkRegistrationManager.java:127)
11-07 17:03:49.910  1705  1705 D SubscriptionController: android.os.Handler.dispatchMessage(Handler.java:106)
11-07 17:03:49.910  1705  1705 D SubscriptionController: android.os.Looper.loopOnce(Looper.java:201)
