11-07 16:57:17.369  1819  1819 D SmartDataSwitch: makeSDSA: X sSDSA =Handler (com.mediatek.internal.telephony.datasub.SmartDataSwitchAssistant) {ef0dbf7}
11-07 16:57:17.370  1819  1819 D MtkTelephonyComponentFactory: not found VoData library
11-07 16:57:17.373  1819  3134 D SuppServConf: [0]handleMessage msg: EVENT_ICC_CHANGED
11-07 16:57:17.373  1819  3134 D SuppServConf: [0]handleMessage msg: EVENT_INIT
11-07 16:57:17.373  1819  3134 I SuppServConf: [0]resetConfig start.
11-07 16:57:17.374  1819  3134 I SuppServConf: [0]resetConfig end.
11-07 16:57:17.374  1819  3134 D SubscriptionController: StackTrace - [getSubId]+ slotIndex=0
11-07 16:57:17.374  1819  3134 D SubscriptionController: com.android.internal.telephony.SubscriptionController.getSubId(SubscriptionController.java:2664)
11-07 16:57:17.374  1819  3134 D SubscriptionController: com.android.internal.telephony.SubscriptionController.getSubIdUsingPhoneId(SubscriptionController.java:3079)
11-07 16:57:17.374  1819  3134 D SubscriptionController: com.android.internal.telephony.Phone.getSubId(Phone.java:4167)
11-07 16:57:17.374  1819  3134 D SubscriptionController: com.mediatek.internal.telephony.MtkSuppServConf.loadCarrierConfig(MtkSuppServConf.java:383)
11-07 16:57:17.374  1819  3134 D SubscriptionController: com.mediatek.internal.telephony.MtkSuppServConf.-$$Nest$mloadCarrierConfig(Unknown Source:0)
11-07 16:57:17.374  1819  3134 D SubscriptionController: com.mediatek.internal.telephony.MtkSuppServConf$SSConfigHandler.handleMessage(MtkSuppServConf.java:297)
11-07 16:57:17.374  1819  3134 D SubscriptionController: android.os.Handler.dispatchMessage(Handler.java:106)
11-07 16:57:17.374  1819  3134 D SubscriptionController: android.os.Looper.loopOnce(Looper.java:201)
11-07 16:57:17.374  1819  3134 D SubscriptionController: android.os.Looper.loop(Looper.java:288)
11-07 16:57:17.374  1819  3134 D SubscriptionController: android.os.HandlerThread.run(HandlerThread.java:67)
11-07 16:57:17.374  1819  3134 D SubscriptionController: [getSubId]- sSlotIndexToSubIds.size == 0, return null slotIndex=0
11-07 16:57:17.377  1819  3134 W CarrierConfigManager: Error getting config for subId -1 ICarrierConfigLoader is null
11-07 16:57:17.377  1819  3134 D SuppServConf: [0]Config is null.
11-07 16:57:17.377  1819  3134 I SuppServConf: [0]ENABLE_XCAP_HTTP_RESPONSE_409 -> bValue: false, sValue: , iValue: -1
11-07 16:57:17.377  1819  3134 I SuppServConf: [0]NEED_CHECK_DATA_ENABLE -> bValue: false, sValue: , iValue: -1
11-07 16:57:17.377  1819  3134 I SuppServConf: [0]NEED_CHECK_IMS_WHEN_ROAMING -> bValue: false, sValue: , iValue: -1
11-07 16:57:17.377  1819  3134 I SuppServConf: [0]RE_REGISTER_FOR_CF -> bValue: false, sValue: , iValue: -1
11-07 16:57:17.377  1819  3134 I SuppServConf: [0]NOT_SUPPORT_CALL_IDENTITY -> bValue: false, sValue: , iValue: -1
11-07 16:57:17.377  1819  3134 I SuppServConf: [0]NOT_SUPPORT_XCAP -> bValue: false, sValue: , iValue: -1
11-07 16:57:17.377  1819  3134 I SuppServConf: [0]NEED_CHECK_DATA_ROAMING -> bValue: false, sValue: , iValue: -1
11-07 16:57:17.377  1819  3134 I SuppServConf: [0]SUPPORT_SAVE_CF_NUMBER -> bValue: false, sValue: , iValue: -1
11-07 16:57:17.377  1819  3134 I SuppServConf: [0]NOT_SUPPORT_OCB -> bValue: false, sValue: , iValue: -1
11-07 16:57:17.377  1819  3134 I SuppServConf: [0]TRANSFER_XCAP_404 -> bValue: false, sValue: , iValue: -1
11-07 16:57:17.377  1819  3134 I SuppServConf: [0]NOT_SUPPORT_WFC_UT -> bValue: false, sValue: , iValue: -1
11-07 16:57:17.377  1819  3134 I SuppServConf: [0]GSM_UT_SUPPORT -> bValue: false, sValue: , iValue: -1
11-07 16:57:17.377  1819  3134 I SuppServConf: [0]TBCLIR -> bValue: false, sValue: , iValue: -1
11-07 16:57:17.377  1819  3134 I SuppServConf: [0]IMS_NW_CW -> bValue: false, sValue: , iValue: -1
11-07 16:57:17.377  1819  3134 I SuppServConf: [0]QUERY_CFU_AGAIN_AFTER_SET -> bValue: false, sValue: , iValue: -1
11-07 16:57:17.379  1819  1819 I PhoneFactory: IMS is not supported on this device, skipping ImsResolver.
11-07 16:57:17.381  1819  1819 D DataHelper: makeMtkDataHelper: phones.length=1
11-07 16:57:17.417  1819  1819 D DataHelper: registerEvents
11-07 16:57:17.417  1819  1819 D DataHelper: registerImsEvents, phoneId = 0
11-07 16:57:17.417  1819  1819 D DataHelper: Not register IMS phone calling state yet.
11-07 16:57:17.424  1819  1819 D DataHelper: registered phone change event.
11-07 16:57:17.424  1819  1819 D DataHelper: makesMtkDataHelper: X sMtkDataHelper =com.mediatek.internal.telephony.data.MtkDataHelper@946e4cd
11-07 16:57:17.427  1819  1819 D MtkPhoneSwitcher: MtkPhoneSwitcher mtkMake
11-07 16:57:17.431  1254  1275 D TelephonyRegistry: listen oscl: mHasNotifySubscriptionInfoChangedOccurred==false no callback
11-07 16:57:17.452  1819  1819 D PhoneSwitcher: PhoneSwitcher started
11-07 16:57:17.461  1819  1819 D ProxyController: Constructor - Enter
11-07 16:57:17.473  1819  1819 D ProxyController: clearTransaction
11-07 16:57:17.473  1819  1819 D ProxyController: clearTransaction: phoneId=0 status=IDLE
11-07 16:57:17.473  1819  1819 D ProxyController: Constructor - Exit
11-07 16:57:17.473  1819  1819 D MtkProxyController: Constructor - Enter, rild mode = 2
11-07 16:57:17.512  1819  1819 D MtkProxyController: Constructor - Exit
11-07 16:57:17.560  1819  1819 D SubscriptionController: StackTrace - [getSubId]+ slotIndex=0
11-07 16:57:17.561  1819  1819 D SubscriptionController: com.android.internal.telephony.SubscriptionController.getSubId(SubscriptionController.java:2664)
11-07 16:57:17.561  1819  1819 D SubscriptionController: com.android.internal.telephony.SubscriptionController.getSubIdUsingPhoneId(SubscriptionController.java:3079)
11-07 16:57:17.561  1819  1819 D SubscriptionController: com.android.internal.telephony.data.TelephonyNetworkFactory.makeNetworkFilter(TelephonyNetworkFactory.java:137)
11-07 16:57:17.561  1819  1819 D SubscriptionController: com.android.internal.telephony.data.TelephonyNetworkFactory.<init>(TelephonyNetworkFactory.java:107)
11-07 16:57:17.561  1819  1819 D SubscriptionController: com.mediatek.internal.telephony.data.MtkTelephonyNetworkFactory.<init>(MtkTelephonyNetworkFactory.java:62)
11-07 16:57:17.561  1819  1819 D SubscriptionController: com.mediatek.internal.telephony.MtkTelephonyComponentFactory.makeTelephonyNetworkFactories(MtkTelephonyComponentFactory.java:327)
11-07 16:57:17.561  1819  1819 D SubscriptionController: com.android.internal.telephony.PhoneFactory.makeDefaultPhone(PhoneFactory.java:295)
11-07 16:57:17.561  1819  1819 D SubscriptionController: com.android.internal.telephony.PhoneFactory.makeDefaultPhones(PhoneFactory.java:108)
11-07 16:57:17.561  1819  1819 D SubscriptionController: com.android.phone.PhoneGlobals.onCreate(PhoneGlobals.java:464)
11-07 16:57:17.561  1819  1819 D SubscriptionController: com.android.phone.PhoneApp.onCreate(PhoneApp.java:40)
11-07 16:57:17.561  1819  1819 D SubscriptionController: android.app.Instrumentation.callApplicationOnCreate(Instrumentation.java:1266)
11-07 16:57:17.561  1819  1819 D SubscriptionController: android.app.ActivityThread.handleBindApplication(ActivityThread.java:6822)
11-07 16:57:17.561  1819  1819 D SubscriptionController: android.app.ActivityThread.-$$Nest$mhandleBindApplication(Unknown Source:0)
11-07 16:57:17.561  1819  1819 D SubscriptionController: android.app.ActivityThread$H.handleMessage(ActivityThread.java:2167)
11-07 16:57:17.561  1819  1819 D SubscriptionController: android.os.Handler.dispatchMessage(Handler.java:106)
11-07 16:57:17.561  1819  1819 D SubscriptionController: android.os.Looper.loopOnce(Looper.java:201)
11-07 16:57:17.561  1819  1819 D SubscriptionController: android.os.Looper.loop(Looper.java:288)
11-07 16:57:17.561  1819  1819 D SubscriptionController: android.app.ActivityThread.main(ActivityThread.java:7937)
11-07 16:57:17.561  1819  1819 D SubscriptionController: java.lang.reflect.Method.invoke(Native Method)
11-07 16:57:17.561  1819  1819 D SubscriptionController: com.android.internal.os.RuntimeInit$MethodAndArgsCaller.run(RuntimeInit.java:569)
11-07 16:57:17.561  1819  1819 D SubscriptionController: com.android.internal.os.ZygoteInit.main(ZygoteInit.java:1015)
11-07 16:57:17.561  1819  1819 D SubscriptionController: [getSubId]- sSlotIndexToSubIds.size == 0, return null slotIndex=0
11-07 16:57:17.562  1254  1275 D TelephonyRegistry: listen oscl: mHasNotifySubscriptionInfoChangedOccurred==false no callback
11-07 16:57:17.563  1819  1819 D TelephonyNetworkFactory[0]: Registering NetworkFactory
11-07 16:57:17.568  1819  1819 D WORLDMODE: [WPP_UTIL]Factory World phone not support
11-07 16:57:17.568  1819  1819 D MtkTelephonyComponentFactory: Creating CarrierExpress
11-07 16:57:17.616  1819  2806 D MtkSmsBroadcastUndelivered: finished scanning raw table in 2059 ms
11-07 16:57:17.617  1819  2806 D MtkSmsBroadcastUndelivered: scanning raw table for undelivered messages
11-07 16:57:17.655  1819  2806 D MtkSmsBroadcastUndelivered: finished scanning raw table in 38 ms
11-07 16:57:18.195  1819  1819 D SubscriptionController: com.mediatek.internal.telephony.MtkServiceStateTracker.updateSpnDisplayLegacy(MtkServiceStateTracker.java:1498)
11-07 16:57:18.195  1819  1819 D SubscriptionController: com.android.internal.telephony.ServiceStateTracker.updateSpnDisplay(ServiceStateTracker.java:2914)
11-07 16:57:18.195  1819  1819 D SubscriptionController: com.android.internal.telephony.ServiceStateTracker.handleMessage(ServiceStateTracker.java:1290)
11-07 16:57:18.195  1819  1819 D SubscriptionController: com.mediatek.internal.telephony.MtkServiceStateTracker.handleMessage(MtkServiceStateTracker.java:1076)
11-07 16:57:18.195  1819  1819 D SubscriptionController: android.os.Handler.dispatchMessage(Handler.java:106)
11-07 16:57:18.195  1819  1819 D SubscriptionController: android.os.Looper.loopOnce(Looper.java:201)
11-07 16:57:18.195  1819  1819 D SubscriptionController: android.os.Looper.loop(Looper.java:288)
11-07 16:57:18.195  1819  1819 D SubscriptionController: android.app.ActivityThread.main(ActivityThread.java:7937)
11-07 16:57:18.195  1819  1819 D SubscriptionController: java.lang.reflect.Method.invoke(Native Method)
11-07 16:57:18.195  1819  1819 D SubscriptionController: com.android.internal.os.RuntimeInit$MethodAndArgsCaller.run(RuntimeInit.java:569)
11-07 16:57:18.195  1819  1819 D SubscriptionController: com.android.internal.os.ZygoteInit.main(ZygoteInit.java:1015)
11-07 16:57:18.195  1819  1819 D SubscriptionController: [getSubId]- sSlotIndexToSubIds.size == 0, return null slotIndex=0
11-07 16:57:18.334  1819  1819 D MTKSST  : [GsmSST0] updateSpnDisplay: rawSpn = 
11-07 16:57:18.334  1819  1819 D SubscriptionController: StackTrace - [getSubId]+ slotIndex=0
11-07 16:57:18.334  1819  1819 D SubscriptionController: com.android.internal.telephony.SubscriptionController.getSubId(SubscriptionController.java:2664)
11-07 16:57:18.334  1819  1819 D SubscriptionController: com.android.internal.telephony.SubscriptionController.getSubIdUsingPhoneId(SubscriptionController.java:3079)
11-07 16:57:18.334  1819  1819 D SubscriptionController: com.android.internal.telephony.Phone.getSubId(Phone.java:4167)
11-07 16:57:18.334  1819  1819 D SubscriptionController: com.mediatek.internal.telephony.MtkServiceStateTracker.notifySpnDisplayUpdate(MtkServiceStateTracker.java:3791)
11-07 16:57:18.334  1819  1819 D SubscriptionController: com.mediatek.internal.telephony.MtkServiceStateTracker.updateSpnDisplayLegacy(MtkServiceStateTracker.java:1737)
11-07 16:57:18.334  1819  1819 D SubscriptionController: com.android.internal.telephony.ServiceStateTracker.updateSpnDisplay(ServiceStateTracker.java:2914)
11-07 16:57:18.334  1819  1819 D SubscriptionController: com.android.internal.telephony.ServiceStateTracker.handleMessage(ServiceStateTracker.java:1290)
11-07 16:57:18.336  1819  1819 D SubscriptionController: android.os.Handler.dispatchMessage(Handler.java:106)
11-07 16:57:18.336  1819  1819 D SubscriptionController: android.os.Looper.loopOnce(Looper.java:201)
11-07 16:57:18.336  1819  1819 D SubscriptionController: android.os.Looper.loop(Looper.java:288)
11-07 16:57:18.337  1819  1819 D SubscriptionController: StackTrace - [getSubId]+ slotIndex=0
11-07 16:57:18.393  1819  1819 D SubscriptionController: com.android.internal.telephony.ServiceStateTracker.getCarrierNameDisplayBitmask(ServiceStateTracker.java:4173)
11-07 16:57:18.394  1819  1819 D SubscriptionController: com.mediatek.internal.telephony.MtkServiceStateTracker.notifySpnDisplayUpdate(MtkServiceStateTracker.java:3803)
11-07 16:57:18.394  1819  1819 D SubscriptionController: com.mediatek.internal.telephony.MtkServiceStateTracker.updateSpnDisplayLegacy(MtkServiceStateTracker.java:1737)
11-07 16:57:18.394  1819  1819 D SubscriptionController: com.android.internal.telephony.ServiceStateTracker.updateSpnDisplay(ServiceStateTracker.java:2914)
11-07 16:57:18.394  1819  1819 D SubscriptionController: com.android.internal.telephony.ServiceStateTracker.handleMessage(ServiceStateTracker.java:1290)
11-07 16:57:18.395  1819  1819 D SubscriptionController: com.mediatek.internal.telephony.MtkServiceStateTracker.handleMessage(MtkServiceStateTracker.java:1076)
11-07 16:57:18.395  1819  1819 D SubscriptionController: android.os.Handler.dispatchMessage(Handler.java:106)
11-07 16:57:18.395  1819  1819 D SubscriptionController: android.os.Looper.loopOnce(Looper.java:201)
11-07 16:57:18.395  1819  1819 D SubscriptionController: android.os.Looper.loop(Looper.java:288)
11-07 16:57:18.399  1819  1819 D MTKSST  : [GsmSST0] updateSpnDisplay: updateSpnDisplay: changed sending intent, rule=2, showPlmn='true', plmn='No service', showSpn='false', spn='null', dataSpn='', subId='-1'
11-07 16:57:18.399  1819  1819 D SubscriptionController: StackTrace - [getSubId]+ slotIndex=0
11-07 16:57:18.399  1819  1819 D SubscriptionController: com.android.internal.telephony.SubscriptionController.getSubId(SubscriptionController.java:2664)
11-07 16:57:18.399  1819  1819 D SubscriptionController: android.telephony.SubscriptionManager.getSubId(SubscriptionManager.java:2167)
11-07 16:57:18.399  1819  1819 D SubscriptionController: android.telephony.SubscriptionManager.putPhoneIdAndSubIdExtra(SubscriptionManager.java:2474)
11-07 16:57:18.399  1819  1819 D SubscriptionController: com.mediatek.internal.telephony.MtkServiceStateTracker.notifySpnDisplayUpdate(MtkServiceStateTracker.java:3830)
11-07 16:57:18.399  1819  1819 D SubscriptionController: com.mediatek.internal.telephony.MtkServiceStateTracker.updateSpnDisplayLegacy(MtkServiceStateTracker.java:1737)
11-07 16:57:18.399  1819  1819 D SubscriptionController: com.android.internal.telephony.ServiceStateTracker.updateSpnDisplay(ServiceStateTracker.java:2914)
11-07 16:57:18.399  1819  1819 D SubscriptionController: com.android.internal.telephony.ServiceStateTracker.handleMessage(ServiceStateTracker.java:1290)
11-07 16:57:18.399  1819  1819 D SubscriptionController: com.mediatek.internal.telephony.MtkServiceStateTracker.handleMessage(MtkServiceStateTracker.java:1076)
11-07 16:57:18.399  1819  1819 D SubscriptionController: android.os.Handler.dispatchMessage(Handler.java:106)
11-07 16:57:18.462  1819  1819 V MTKSST  : [GsmSST0] updateSpnDisplayLegacy-
11-07 16:57:18.462  1819  2936 D SubscriptionController: StackTrace - [getSubId]+ slotIndex=0
11-07 16:57:18.462  1819  2936 D SubscriptionController: com.android.internal.telephony.SubscriptionController.getSubId(SubscriptionController.java:2664)
11-07 16:57:18.462  1819  2936 D SubscriptionController: com.android.internal.telephony.SubscriptionController.getSubIdUsingPhoneId(SubscriptionController.java:3079)
11-07 16:57:18.462  1819  2936 D SubscriptionController: com.android.internal.telephony.Phone.getSubId(Phone.java:4167)
11-07 16:57:18.462  1819  2936 D SubscriptionController: com.mediatek.internal.telephony.MtkServiceStateTracker$MtkHandler.handleMessage(MtkServiceStateTracker.java:603)
11-07 16:57:18.462  1819  2936 D SubscriptionController: android.os.Handler.dispatchMessage(Handler.java:106)
11-07 16:57:18.462  1819  2936 D SubscriptionController: android.os.Looper.loopOnce(Looper.java:201)
11-07 16:57:18.462  1819  2936 D SubscriptionController: android.os.Looper.loop(Looper.java:288)
11-07 16:57:18.462  1819  2936 D SubscriptionController: android.os.HandlerThread.run(HandlerThread.java:67)
11-07 16:57:18.462  1819  1819 D SubscriptionController: StackTrace - [getSubId]+ slotIndex=0
11-07 16:57:18.462  1819  2936 D SubscriptionController: [getSubId]- sSlotIndexToSubIds.size == 0, return null slotIndex=0
11-07 16:57:18.462  1819  1819 D SubscriptionController: com.android.internal.telephony.SubscriptionController.getSubId(SubscriptionController.java:2664)
11-07 16:57:18.462  1819  1819 D SubscriptionController: com.android.internal.telephony.SubscriptionController.getSubIdUsingPhoneId(SubscriptionController.java:3079)
11-07 16:57:18.462  1819  1819 D SubscriptionController: com.android.internal.telephony.Phone.getSubId(Phone.java:4167)
11-07 16:57:18.463  1819  1819 D SubscriptionController: com.android.internal.telephony.NetworkRegistrationManager.getPackageName(NetworkRegistrationManager.java:336)
11-07 16:57:18.463  1819  1819 D SubscriptionController: com.android.internal.telephony.NetworkRegistrationManager.rebindService(NetworkRegistrationManager.java:300)
11-07 16:57:18.463  1819  1819 D SubscriptionController: com.android.internal.telephony.NetworkRegistrationManager.handleMessage(NetworkRegistrationManager.java:127)
11-07 16:57:18.464  1819  1819 D SubscriptionController: android.os.Handler.dispatchMessage(Handler.java:106)
11-07 16:57:18.464  1819  1819 D SubscriptionController: android.os.Looper.loopOnce(Looper.java:201)
11-07 16:57:18.464  1819  1819 D SubscriptionController: android.os.Looper.loop(Looper.java:288)
11-07 16:57:18.464  1819  1819 D SubscriptionController: android.app.ActivityThread.main(ActivityThread.java:7937)
11-07 16:57:18.464  1819  1819 D SubscriptionController: java.lang.reflect.Method.invoke(Native Method)
11-07 16:57:18.464  1819  1819 D SubscriptionController: com.android.internal.os.RuntimeInit$MethodAndArgsCaller.run(RuntimeInit.java:569)
11-07 16:57:18.464  1819  1819 D SubscriptionController: com.android.internal.os.ZygoteInit.main(ZygoteInit.java:1015)
11-07 16:57:18.464  1819  1819 D SubscriptionController: [getSubId]- sSlotIndexToSubIds.size == 0, return null slotIndex=0
11-07 16:57:18.465  1819  1819 D SubscriptionController: StackTrace - [getSubId]+ slotIndex=0
11-07 16:57:18.465  1819  1819 D SubscriptionController: com.android.internal.telephony.SubscriptionController.getSubId(SubscriptionController.java:2664)
11-07 16:57:18.465  1819  1819 D SubscriptionController: com.android.internal.telephony.SubscriptionController.getSubIdUsingPhoneId(SubscriptionController.java:3079)
11-07 16:57:18.465  1819  1819 D SubscriptionController: com.android.internal.telephony.Phone.getSubId(Phone.java:4167)
11-07 16:57:18.465  1819  1819 D SubscriptionController: com.android.internal.telephony.NetworkRegistrationManager.getClassName(NetworkRegistrationManager.java:370)
11-07 16:57:18.465  1819  1819 D SubscriptionController: com.android.internal.telephony.NetworkRegistrationManager.bindService(NetworkRegistrationManager.java:273)
11-07 16:57:18.465  1819  1819 D SubscriptionController: com.android.internal.telephony.NetworkRegistrationManager.rebindService(NetworkRegistrationManager.java:309)
11-07 16:57:18.465  1819  1819 D SubscriptionController: com.android.internal.telephony.NetworkRegistrationManager.handleMessage(NetworkRegistrationManager.java:127)
11-07 16:57:18.465  1819  1819 D SubscriptionController: android.os.Handler.dispatchMessage(Handler.java:106)
11-07 16:57:18.465  1819  1819 D SubscriptionController: android.os.Looper.loopOnce(Looper.java:201)
11-07 16:57:18.465  1819  1819 D SubscriptionController: android.os.Looper.loop(Looper.java:288)
11-07 16:57:18.465  1819  1819 D SubscriptionController: android.app.ActivityThread.main(ActivityThread.java:7937)
11-07 16:57:18.466  1819  1819 D SubscriptionController: java.lang.reflect.Method.invoke(Native Method)
11-07 16:57:18.466  1819  1819 D SubscriptionController: com.android.internal.os.RuntimeInit$MethodAndArgsCaller.run(RuntimeInit.java:569)
11-07 16:57:18.466  1819  1819 D SubscriptionController: com.android.internal.os.ZygoteInit.main(ZygoteInit.java:1015)
11-07 16:57:18.474  1819  1819 D SubscriptionController: [getSubId]- sSlotIndexToSubIds.size == 0, return null slotIndex=0
11-07 16:57:18.475  1819  1819 D SubscriptionController: StackTrace - [getSubId]+ slotIndex=0
11-07 16:57:18.475  1819  1819 D SubscriptionController: com.android.internal.telephony.SubscriptionController.getSubId(SubscriptionController.java:2664)
11-07 16:57:18.475  1819  1819 D SubscriptionController: com.android.internal.telephony.SubscriptionController.getSubIdUsingPhoneId(SubscriptionController.java:3079)
11-07 16:57:18.475  1819  1819 D SubscriptionController: com.android.internal.telephony.Phone.getSubId(Phone.java:4167)
11-07 16:57:18.475  1819  1819 D SubscriptionController: com.android.internal.telephony.NetworkRegistrationManager.getPackageName(NetworkRegistrationManager.java:336)
11-07 16:57:18.475  1819  1819 D SubscriptionController: com.android.internal.telephony.NetworkRegistrationManager.bindService(NetworkRegistrationManager.java:285)
11-07 16:57:18.476  1819  1819 D SubscriptionController: com.android.internal.telephony.NetworkRegistrationManager.rebindService(NetworkRegistrationManager.java:309)
11-07 16:57:18.476  1819  1819 D SubscriptionController: com.android.internal.telephony.NetworkRegistrationManager.handleMessage(NetworkRegistrationManager.java:127)
11-07 16:57:18.476  1819  1819 D SubscriptionController: android.os.Handler.dispatchMessage(Handler.java:106)
11-07 16:57:18.476  1819  1819 D SubscriptionController: android.os.Looper.loopOnce(Looper.java:201)
11-07 16:57:18.476  1819  1819 D SubscriptionController: android.os.Looper.loop(Looper.java:288)
11-07 16:57:18.476  1819  1819 D SubscriptionController: android.app.ActivityThread.main(ActivityThread.java:7937)
11-07 16:57:18.476  1819  1819 D SubscriptionController: java.lang.reflect.Method.invoke(Native Method)
11-07 16:57:18.476  1819  1819 D SubscriptionController: com.android.internal.os.RuntimeInit$MethodAndArgsCaller.run(RuntimeInit.java:569)
11-07 16:57:18.476  1819  1819 D SubscriptionController: com.android.internal.os.ZygoteInit.main(ZygoteInit.java:1015)
11-07 16:57:18.476  1819  1819 D SubscriptionController: [getSubId]- sSlotIndexToSubIds.size == 0, return null slotIndex=0
11-07 16:57:18.477  1819  1819 D NRM-C-0 : Trying to bind com.android.phone for transport WWAN
11-07 16:57:18.661  1819  1819 D MTKSST  : [GsmSST0] pollStateDone: hasRegistered = false hasDeregistered = false hasDataAttached = {1=false, 2=false} hasDataDetached = {1=false, 2=false} hasDataRegStateChanged = {1=false, 2=false} hasRilVoiceRadioTechnologyChanged = false hasRilDataRadioTechnologyChanged = {1=false, 2=false} hasDataTransportPreferenceChanged = false hasChanged = false hasVoiceRoamingOn = false hasVoiceRoamingOff = false hasDataRoamingOn =false hasDataRoamingOff = false hasLocationChanged = false has4gHandoff = false hasMultiApnSupport = false hasLostMultiApnSupport = false hasCssIndicatorChanged = false hasNrFrequencyRangeChanged = false hasNrStateChanged = false hasDataRoamingTypeChange = false hasBandwidthChanged = true hasAirplaneModeOnlChanged = false
11-07 16:57:18.661  1819  1819 D SubscriptionController: StackTrace - [getSubId]+ slotIndex=0
11-07 16:57:18.662  1819  1819 D SubscriptionController: com.android.internal.telephony.SubscriptionController.getSubId(SubscriptionController.java:2664)
11-07 16:57:18.662  1819  1819 D SubscriptionController: com.android.internal.telephony.SubscriptionController.getSubIdUsingPhoneId(SubscriptionController.java:3079)
11-07 16:57:18.662  1819  1819 D SubscriptionController: com.android.internal.telephony.Phone.getSubId(Phone.java:4167)
11-07 16:57:18.662  1819  1819 D SubscriptionController: com.android.internal.telephony.DefaultPhoneNotifier.notifySignalStrength(DefaultPhoneNotifier.java:94)
11-07 16:57:18.662  1819  1819 D SubscriptionController: com.mediatek.internal.telephony.MtkPhoneNotifier.notifySignalStrength(MtkPhoneNotifier.java:93)
11-07 16:57:18.662  1819  1819 D SubscriptionController: com.android.internal.telephony.Phone.notifySignalStrength(Phone.java:2931)
11-07 16:57:18.662  1819  1819 D SubscriptionController: com.android.internal.telephony.SignalStrengthController.notifySignalStrength(SignalStrengthController.java:608)
11-07 16:57:18.663  1819  1819 D SubscriptionController: android.os.Looper.loop(Looper.java:288)
11-07 16:57:18.663  1819  1819 D SubscriptionController: com.android.internal.os.ZygoteInit.main(ZygoteInit.java:1015)
11-07 16:57:18.663  1819  1819 D SubscriptionController: [getSubId]- sSlotIndexToSubIds.size == 0, return null slotIndex=0
11-07 16:57:18.731  1254  2291 D TelephonyRegistry: notifySignalStrengthForPhoneId: invalid phoneId=0
11-07 16:57:18.759  1819  1819 D SubscriptionController: StackTrace - [getSubId]+ slotIndex=0
11-07 16:57:18.759  1819  1819 D SubscriptionController: com.android.internal.telephony.SubscriptionController.getSubId(SubscriptionController.java:2664)
11-07 16:57:18.759  1819  1819 D SubscriptionController: com.android.internal.telephony.SubscriptionController.getSubIdUsingPhoneId(SubscriptionController.java:3079)
11-07 16:57:18.759  1819  1819 D SubscriptionController: com.android.internal.telephony.Phone.getSubId(Phone.java:4167)
11-07 16:57:18.760  1819  1819 D SubscriptionController: com.mediatek.internal.telephony.MtkPhoneNotifier.notifySignalStrength(MtkPhoneNotifier.java:94)
11-07 16:57:18.760  1819  1819 D SubscriptionController: com.android.internal.telephony.Phone.notifySignalStrength(Phone.java:2931)
11-07 16:57:18.760  1819  1819 D SubscriptionController: com.android.internal.telephony.SignalStrengthController.notifySignalStrength(SignalStrengthController.java:608)
11-07 16:57:18.765  1819  1819 D SubscriptionController: com.mediatek.internal.telephony.MtkServiceStateTracker.pollStateDone(MtkServiceStateTracker.java:2670)
11-07 16:57:18.765  1819  1819 D SubscriptionController: com.mediatek.internal.telephony.MtkServiceStateTracker.pollStateInternal(MtkServiceStateTracker.java:1987)
11-07 16:57:18.765  1819  1819 D SubscriptionController: com.mediatek.internal.telephony.MtkServiceStateTracker.handleMessage(MtkServiceStateTracker.java:981)
11-07 16:57:18.765  1819  1819 D SubscriptionController: android.os.Handler.dispatchMessage(Handler.java:106)
11-07 16:57:18.765  1819  1819 D SubscriptionController: android.os.Looper.loopOnce(Looper.java:201)
11-07 16:57:18.766  1819  1819 D SubscriptionController: android.os.Looper.loop(Looper.java:288)
11-07 16:57:18.766  1819  1819 D SubscriptionController: android.app.ActivityThread.main(ActivityThread.java:7937)
11-07 16:57:18.766  1819  1819 D SubscriptionController: java.lang.reflect.Method.invoke(Native Method)
11-07 16:57:18.766  1819  1819 D SubscriptionController: com.android.internal.os.RuntimeInit$MethodAndArgsCaller.run(RuntimeInit.java:569)
11-07 16:57:18.766  1819  1819 D SubscriptionController: com.android.internal.os.ZygoteInit.main(ZygoteInit.java:1015)
11-07 16:57:18.766  1819  1819 D SubscriptionController: [getSubId]- sSlotIndexToSubIds.size == 0, return null slotIndex=0
11-07 16:57:18.766  1819  1819 D SubscriptionController: StackTrace - [getSubId]+ slotIndex=0
11-07 16:57:18.766  1819  1819 D SubscriptionController: com.android.internal.telephony.SubscriptionController.getSubId(SubscriptionController.java:2664)
11-07 16:57:18.766  1819  1819 D SubscriptionController: com.android.internal.telephony.SubscriptionController.getSubIdUsingPhoneId(SubscriptionController.java:3079)
11-07 16:57:18.766  1819  1819 D SubscriptionController: com.android.internal.telephony.Phone.getSubId(Phone.java:4167)
11-07 16:57:18.766  1819  1819 D SubscriptionController: com.mediatek.internal.telephony.MtkPhoneNotifier.notifyMtkSignalStrength(MtkPhoneNotifier.java:128)
11-07 16:57:18.766  1819  1819 D SubscriptionController: com.mediatek.internal.telephony.MtkPhoneNotifier.notifySignalStrength(MtkPhoneNotifier.java:95)
11-07 16:57:18.766  1819  1819 D SubscriptionController: com.android.internal.telephony.Phone.notifySignalStrength(Phone.java:2931)
11-07 16:57:18.766  1819  1819 D SubscriptionController: com.android.internal.telephony.SignalStrengthController.notifySignalStrength(SignalStrengthController.java:608)
11-07 16:57:18.766  1819  1819 D SubscriptionController: com.mediatek.internal.telephony.MtkServiceStateTracker.pollStateDone(MtkServiceStateTracker.java:2670)
11-07 16:57:18.766  1819  1819 D SubscriptionController: com.mediatek.internal.telephony.MtkServiceStateTracker.pollStateInternal(MtkServiceStateTracker.java:1987)
11-07 16:57:18.766  1819  1819 D SubscriptionController: com.mediatek.internal.telephony.MtkServiceStateTracker.handleMessage(MtkServiceStateTracker.java:981)
11-07 16:57:18.766  1819  1819 D SubscriptionController: android.os.Handler.dispatchMessage(Handler.java:106)
11-07 16:57:18.766  1819  1819 D SubscriptionController: android.os.Looper.loopOnce(Looper.java:201)
11-07 16:57:18.766  1819  1819 D SubscriptionController: android.os.Looper.loop(Looper.java:288)
11-07 16:57:18.766  1819  1819 D SubscriptionController: android.app.ActivityThread.main(ActivityThread.java:7937)
11-07 16:57:18.766  1819  1819 D SubscriptionController: java.lang.reflect.Method.invoke(Native Method)
11-07 16:57:18.766  1819  1819 D SubscriptionController: com.android.internal.os.RuntimeInit$MethodAndArgsCaller.run(RuntimeInit.java:569)
11-07 16:57:18.766  1819  1819 D SubscriptionController: com.android.internal.os.ZygoteInit.main(ZygoteInit.java:1015)
11-07 16:57:18.766  1819  1819 D SubscriptionController: [getSubId]- sSlotIndexToSubIds.size == 0, return null slotIndex=0
11-07 16:57:18.798  1819  1819 D MtkPhoneNotifr: MtkPhoneNotifier notifyMtkSignalStrength phoneId:0 subId: 2147483646 signal: SignalStrength:{mCdma=CellSignalStrengthCdma: cdmaDbm=2147483647 cdmaEcio=2147483647 evdoDbm=2147483647 evdoEcio=2147483647 evdoSnr=2147483647 level=0,mGsm=CellSignalStrengthGsm: rssi=2147483647 ber=2147483647 mTa=2147483647 mLevel=0,mWcdma=CellSignalStrengthWcdma: ss=2147483647 ber=2147483647 rscp=2147483647 ecno=2147483647 level=0,mTdscdma=CellSignalStrengthTdscdma: rssi=2147483647 ber=2147483647 rscp=2147483647 level=0,mLte=CellSignalStrengthLte: rssi=2147483647 rsrp=2147483647 rsrq=2147483647 rssnr=2147483647 cqiTableIndex=2147483647 cqi=2147483647 ta=2147483647 level=0 parametersUseForLevel=1,mNr=CellSignalStrengthNr:{ csiRsrp = 2147483647 csiRsrq = 2147483647 csiCqiTableIndex = 2147483647 csiCqiReport = [] ssRsrp = 2147483647 ssRsrq = 2147483647 ssSinr = 2147483647 level = 0 parametersUseForLevel = 1 },primary=CellSignalStrengthLte}, phoneId=0, mMtkLevel=0, mMtkRsrpOnly=false, mMtkLteRsrpThreshold=null, mMtkLteRssnrThreshold=null
11-07 16:57:18.800  1254  2147 D TelephonyRegistry: notifySignalStrengthForPhoneId: invalid phoneId=0
11-07 16:57:18.803  1819  1819 V MTKSST  : [GsmSST0] received event 50
11-07 16:57:18.803  1819  1819 D MTKSST  : [GsmSST0] handle EVENT_RADIO_STATE_CHANGED
11-07 16:57:18.803  1819  1819 D RadioManager: [RadioManager] setRadioPower, power=true  phoneId=0
11-07 16:57:18.804  1819  1819 D RatConfig: getActiveRatConfig: 
11-07 16:57:18.804  1819  1819 D RadioManager: [RadioManager] wifi-only device, so return
11-07 16:57:18.808  1819  1819 D MTKSST  : [GsmSST0] pollState: modemTriggered=true, mPollingContext=0, RadioState=2, connected=false, support_ap_iwlan=1
11-07 16:57:18.808  1819  1819 D MTKSST  : [GsmSST0] pollState: modemTriggered=true, radioState=2
11-07 16:57:18.808  1819  1819 D NitzStateMachineImpl: handleNetworkUnavailable: mLatestNitzSignal was already null. Nothing to do.
11-07 16:57:18.808  1819  1819 D MTKSST  : [GsmSST0] useDataRegStateForDataOnlyDevice: VoiceRegState=1 DataRegState=1
11-07 16:57:18.809  1819  1819 D MTKSST  : [GsmSST0] Could not set ServiceState channel number. CellIdentity null
11-07 16:57:18.809  1819  1819 D MTKSST  : [GsmSST0] Poll ServiceState done: oldSS=[{mVoiceRegState=1(OUT_OF_SERVICE), mDataRegState=1(OUT_OF_SERVICE), mChannelNumber=-1, duplexMode()=0, mCellBandwidths=[], mOperatorAlphaLong=null, mOperatorAlphaShort=null, isManualNetworkSelection=false(automatic), getRilVoiceRadioTechnology=0(Unknown), getRilDataRadioTechnology=0(Unknown), mCssIndicator=unsupported, mNetworkId=-1, mSystemId=-1, mCdmaRoamingIndicator=-1, mCdmaDefaultRoamingIndicator=-1, mIsEmergencyOnly=false, isUsingCarrierAggregation=false, mArfcnRsrpBoost=0, mNetworkRegistrationInfos=[NetworkRegistrationInfo{ domain=CS transportType=WWAN registrationState=UNKNOWN roamingType=NOT_ROAMING accessNetworkTechnology=UNKNOWN rejectCause=0 emergencyEnabled=false availableServices=[] cellIdentity=null voiceSpecificInfo=null dataSpecificInfo=null nrState=NONE rRplmn= isUsingCarrierAggregation=false}, NetworkRegistrationInfo{ domain=PS transportType=WWAN registrationState=UNKNOWN roamingType=NOT_ROAMING accessNetworkTechnology=UNKNOWN rejectCause=0 emergencyEnabled=false availableServices=[] cellIdentity=null voiceSpecificInfo=null dataSpecificInfo=null nrState=NONE rRplmn= isUsingCarrierAggregation=false}, NetworkRegistrationInfo{ domain=PS transportType=WLAN registrationState=UNKNOWN roamingType=NOT_ROAMING accessNetworkTechnology=UNKNOWN rejectCause=0 emergencyEnabled=false availableServices=[] cellIdentity=null voiceSpecificInfo=null dataSpecificInfo=null nrState=NONE rRplmn= isUsingCarrierAggregation=false}], mNrFrequencyRange=0, mOperatorAlphaLongRaw=null, mOperatorAlphaShortRaw=null, mIsDataRoamingFromRegistration=false, mIsIwlanPreferred=false}]
11-07 16:57:18.809  1819  1819 D MTKSST  : [GsmSST0] Poll ServiceState done: newSS=[{mVoiceRegState=1(OUT_OF_SERVICE), mDataRegState=1(OUT_OF_SERVICE), mChannelNumber=-1, duplexMode()=0, mCellBandwidths=[], mOperatorAlphaLong=null, mOperatorAlphaShort=null, isManualNetworkSelection=false(automatic), getRilVoiceRadioTechnology=0(Unknown), getRilDataRadioTechnology=0(Unknown), mCssIndicator=unsupported, mNetworkId=-1, mSystemId=-1, mCdmaRoamingIndicator=-1, mCdmaDefaultRoamingIndicator=-1, mIsEmergencyOnly=false, isUsingCarrierAggregation=false, mArfcnRsrpBoost=0, mNetworkRegistrationInfos=[NetworkRegistrationInfo{ domain=CS transportType=WWAN registrationState=UNKNOWN roamingType=NOT_ROAMING accessNetworkTechnology=UNKNOWN rejectCause=0 emergencyEnabled=false availableServices=[] cellIdentity=null voiceSpecificInfo=null dataSpecificInfo=null nrState=NONE rRplmn= isUsingCarrierAggregation=false}, NetworkRegistrationInfo{ domain=PS transportType=WWAN registrationState=UNKNOWN roamingType=NOT_ROAMING accessNetworkTechnology=UNKNOWN rejectCause=0 emergencyEnabled=false availableServices=[] cellIdentity=null voiceSpecificInfo=null dataSpecificInfo=null nrState=NONE rRplmn= isUsingCarrierAggregation=false}, NetworkRegistrationInfo{ domain=PS transportType=WLAN registrationState=UNKNOWN roamingType=NOT_ROAMING accessNetworkTechnology=UNKNOWN rejectCause=0 emergencyEnabled=false availableServices=[] cellIdentity=null voiceSpecificInfo=null dataSpecificInfo=null nrState=NONE rRplmn= isUsingCarrierAggregation=false}], mNrFrequencyRange=0, mOperatorAlphaLongRaw=null, mOperatorAlphaShortRaw=null, mIsDataRoamingFromRegistration=false, mIsIwlanPreferred=false}] oldMaxDataCalls=1 mNewMaxDataCalls=1 oldReasonDataDenied=-1 mNewReasonDataDenied=-1
11-07 16:57:18.809  1819  1819 D MTKSST  : [GsmSST0] pollStateDone: hasRegistered = false hasDeregistered = false hasDataAttached = {1=false, 2=false} hasDataDetached = {1=false, 2=false} hasDataRegStateChanged = {1=false, 2=false} hasRilVoiceRadioTechnologyChanged = false hasRilDataRadioTechnologyChanged = {1=false, 2=false} hasDataTransportPreferenceChanged = false hasChanged = false hasVoiceRoamingOn = false hasVoiceRoamingOff = false hasDataRoamingOn =false hasDataRoamingOff = false hasLocationChanged = false has4gHandoff = false hasMultiApnSupport = false hasLostMultiApnSupport = false hasCssIndicatorChanged = false hasNrFrequencyRangeChanged = false hasNrStateChanged = false hasDataRoamingTypeChange = false hasBandwidthChanged = true hasAirplaneModeOnlChanged = false
11-07 16:57:18.810  1819  1819 D SubscriptionController: StackTrace - [getSubId]+ slotIndex=0
11-07 16:57:18.810  1819  1819 D SubscriptionController: com.android.internal.telephony.SubscriptionController.getSubId(SubscriptionController.java:2664)
11-07 16:57:18.810  1819  1819 D SubscriptionController: com.android.internal.telephony.SubscriptionController.getSubIdUsingPhoneId(SubscriptionController.java:3079)
11-07 16:57:18.810  1819  1819 D SubscriptionController: com.android.internal.telephony.Phone.getSubId(Phone.java:4167)
11-07 16:57:18.810  1819  1819 D SubscriptionController: com.android.internal.telephony.Phone.getAllowedNetworkTypes(Phone.java:2433)
11-07 16:57:18.810  1819  1819 D SubscriptionController: com.android.internal.telephony.PhoneFactory.calculatePreferredNetworkType(PhoneFactory.java:457)
11-07 16:57:18.810  1819  1819 D SubscriptionController: com.android.internal.telephony.CarrierServiceStateTracker.isGlobalMode(CarrierServiceStateTracker.java:227)
11-07 16:57:18.810  1819  1819 D SubscriptionController: com.android.internal.telephony.CarrierServiceStateTracker.-$$Nest$misGlobalMode(Unknown Source:0)
11-07 16:57:18.810  1819  1819 D SubscriptionController: com.android.internal.telephony.CarrierServiceStateTracker$PrefNetworkNotification.sendMessage(CarrierServiceStateTracker.java:492)
11-07 16:57:18.810  1819  1819 D SubscriptionController: com.android.internal.telephony.CarrierServiceStateTracker.evaluateSendingMessage(CarrierServiceStateTracker.java:324)
11-07 16:57:18.810  1819  1819 D SubscriptionController: com.android.internal.telephony.CarrierServiceStateTracker.evaluateSendingMessageOrCancelNotification(CarrierServiceStateTracker.java:309)
11-07 16:57:18.810  1819  1819 D SubscriptionController: com.android.internal.telephony.CarrierServiceStateTracker.handleConfigChanges(CarrierServiceStateTracker.java:289)
11-07 16:57:18.812  1819  1819 D SubscriptionController: com.android.internal.telephony.CarrierServiceStateTracker.handleMessage(CarrierServiceStateTracker.java:175)
11-07 16:57:18.812  1819  1819 D SubscriptionController: android.os.Handler.dispatchMessage(Handler.java:106)
11-07 16:57:18.812  1819  1819 D SubscriptionController: android.os.Looper.loopOnce(Looper.java:201)
11-07 16:57:18.812  1819  1819 D SubscriptionController: android.os.Looper.loop(Looper.java:288)
11-07 16:57:18.812  1819  1819 D SubscriptionController: android.app.ActivityThread.main(ActivityThread.java:7937)
11-07 16:57:18.812  1819  1819 D SubscriptionController: java.lang.reflect.Method.invoke(Native Method)
11-07 16:57:18.812  1819  1819 D SubscriptionController: com.android.internal.os.RuntimeInit$MethodAndArgsCaller.run(RuntimeInit.java:569)
11-07 16:57:18.812  1819  1819 D SubscriptionController: com.android.internal.os.ZygoteInit.main(ZygoteInit.java:1015)
11-07 16:57:18.812  1819  1819 D SubscriptionController: [getSubId]- sSlotIndexToSubIds.size == 0, return null slotIndex=0
11-07 16:57:18.812  1819  1819 D Phone   : [0] SubId-1,get allowed network types user: value = GPRS|EDGE|UMTS|HSDPA|HSUPA|HSPA|HSPA+|GSM
11-07 16:57:18.840  1819  1819 D PhoneFactory: calculatePreferredNetworkType: phoneId = 0 networkType = 50055
11-07 16:57:18.840  1819  1819 D SubscriptionController: StackTrace - [getSubId]+ slotIndex=0
11-07 16:57:18.840  1819  1819 D SubscriptionController: com.android.internal.telephony.SubscriptionController.getSubId(SubscriptionController.java:2664)
11-07 16:57:18.840  1819  1819 D SubscriptionController: com.android.internal.telephony.SubscriptionController.getSubIdUsingPhoneId(SubscriptionController.java:3079)
11-07 16:57:18.840  1819  1819 D SubscriptionController: com.android.internal.telephony.Phone.getSubId(Phone.java:4167)
11-07 16:57:18.840  1819  1819 D SubscriptionController: com.android.internal.telephony.CarrierServiceStateTracker.isNrSupported(CarrierServiceStateTracker.java:247)
11-07 16:57:18.840  1819  1819 D SubscriptionController: com.android.internal.telephony.CarrierServiceStateTracker.isGlobalMode(CarrierServiceStateTracker.java:234)
11-07 16:57:18.840  1819  1819 D SubscriptionController: com.android.internal.telephony.CarrierServiceStateTracker.-$$Nest$misGlobalMode(Unknown Source:0)
11-07 16:57:18.840  1819  1819 D SubscriptionController: com.android.internal.telephony.CarrierServiceStateTracker$PrefNetworkNotification.sendMessage(CarrierServiceStateTracker.java:492)
11-07 16:57:18.840  1819  1819 D SubscriptionController: com.android.internal.telephony.CarrierServiceStateTracker.evaluateSendingMessage(CarrierServiceStateTracker.java:324)
11-07 16:57:18.840  1819  1819 D SubscriptionController: com.android.internal.telephony.CarrierServiceStateTracker.evaluateSendingMessageOrCancelNotification(CarrierServiceStateTracker.java:309)
11-07 16:57:18.840  1819  1819 D SubscriptionController: com.android.internal.telephony.CarrierServiceStateTracker.handleConfigChanges(CarrierServiceStateTracker.java:289)
11-07 16:57:18.840  1819  1819 D SubscriptionController: com.android.internal.telephony.CarrierServiceStateTracker.handleMessage(CarrierServiceStateTracker.java:175)
11-07 16:57:18.840  1819  1819 D SubscriptionController: android.os.Handler.dispatchMessage(Handler.java:106)
11-07 16:57:18.840  1819  1819 D SubscriptionController: android.os.Looper.loopOnce(Looper.java:201)
11-07 16:57:18.840  1819  1819 D SubscriptionController: android.os.Looper.loop(Looper.java:288)
11-07 16:57:18.840  1819  1819 D SubscriptionController: android.app.ActivityThread.main(ActivityThread.java:7937)
11-07 16:57:18.840  1819  1819 D SubscriptionController: java.lang.reflect.Method.invoke(Native Method)
11-07 16:57:18.840  1819  1819 D SubscriptionController: com.android.internal.os.RuntimeInit$MethodAndArgsCaller.run(RuntimeInit.java:569)
11-07 16:57:18.840  1819  1819 D SubscriptionController: com.android.internal.os.ZygoteInit.main(ZygoteInit.java:1015)
11-07 16:57:18.841  1819  1819 D SubscriptionController: [getSubId]- sSlotIndexToSubIds.size == 0, return null slotIndex=0
11-07 16:57:18.841  1819  1819 D SubscriptionController: StackTrace - [getSubId]+ slotIndex=0
11-07 16:57:18.841  1819  1819 D SubscriptionController: com.android.internal.telephony.SubscriptionController.getSubId(SubscriptionController.java:2664)
11-07 16:57:18.841  1819  1819 D SubscriptionController: com.android.internal.telephony.SubscriptionController.getSubIdUsingPhoneId(SubscriptionController.java:3079)
11-07 16:57:18.841  1819  1819 D SubscriptionController: com.android.internal.telephony.Phone.getSubId(Phone.java:4167)
11-07 16:57:18.841  1819  1819 D SubscriptionController: com.android.internal.telephony.CarrierServiceStateTracker.isCarrierConfigEnableNr(CarrierServiceStateTracker.java:271)
11-07 16:57:18.841  1819  1819 D SubscriptionController: com.android.internal.telephony.CarrierServiceStateTracker.isNrSupported(CarrierServiceStateTracker.java:249)
11-07 16:57:18.841  1819  1819 D SubscriptionController: com.android.internal.telephony.CarrierServiceStateTracker.isGlobalMode(CarrierServiceStateTracker.java:234)
11-07 16:57:18.841  1819  1819 D SubscriptionController: com.android.internal.telephony.CarrierServiceStateTracker.-$$Nest$misGlobalMode(Unknown Source:0)
11-07 16:57:18.841  1819  1819 D SubscriptionController: com.android.internal.telephony.CarrierServiceStateTracker$PrefNetworkNotification.sendMessage(CarrierServiceStateTracker.java:492)
11-07 16:57:18.841  1819  1819 D SubscriptionController: com.android.internal.telephony.CarrierServiceStateTracker.evaluateSendingMessage(CarrierServiceStateTracker.java:324)
11-07 16:57:18.841  1819  1819 D SubscriptionController: com.android.internal.telephony.CarrierServiceStateTracker.evaluateSendingMessageOrCancelNotification(CarrierServiceStateTracker.java:309)
11-07 16:57:18.841  1819  1819 D SubscriptionController: com.android.internal.telephony.CarrierServiceStateTracker.handleConfigChanges(CarrierServiceStateTracker.java:289)
11-07 16:57:18.841  1819  1819 D SubscriptionController: com.android.internal.telephony.CarrierServiceStateTracker.handleMessage(CarrierServiceStateTracker.java:175)
11-07 16:57:18.841  1819  1819 D SubscriptionController: android.os.Handler.dispatchMessage(Handler.java:106)
11-07 16:57:18.841  1819  1819 D SubscriptionController: android.os.Looper.loopOnce(Looper.java:201)
11-07 16:57:18.841  1819  1819 D SubscriptionController: android.os.Looper.loop(Looper.java:288)
11-07 16:57:18.841  1819  1819 D SubscriptionController: android.app.ActivityThread.main(ActivityThread.java:7937)
11-07 16:57:18.841  1819  1819 D SubscriptionController: java.lang.reflect.Method.invoke(Native Method)
11-07 16:57:18.841  1819  1819 D SubscriptionController: com.android.internal.os.RuntimeInit$MethodAndArgsCaller.run(RuntimeInit.java:569)
11-07 16:57:18.841  1819  1819 D SubscriptionController: com.android.internal.os.ZygoteInit.main(ZygoteInit.java:1015)
11-07 16:57:18.841  1819  1819 D SubscriptionController: [getSubId]- sSlotIndexToSubIds.size == 0, return null slotIndex=0
11-07 16:57:18.902  1819  1819 D SubscriptionController: StackTrace - [getSlotIndex] subId=-1
11-07 16:57:18.922  1819  1819 D SubscriptionController: com.android.internal.telephony.SubscriptionController.getSlotIndex(SubscriptionController.java:2625)
11-07 16:57:18.922  1819  1819 D SubscriptionController: android.telephony.SubscriptionManager$$ExternalSyntheticLambda7.applyOrThrow(Unknown Source:8)
11-07 16:57:18.922  1819  1819 D SubscriptionController: android.telephony.SubscriptionManager$IntegerPropertyInvalidatedCache.recompute(SubscriptionManager.java:241)
11-07 16:57:18.922  1819  1819 D SubscriptionController: android.telephony.SubscriptionManager$IntegerPropertyInvalidatedCache.recompute(SubscriptionManager.java:218)
11-07 16:57:18.922  1819  1819 D SubscriptionController: android.app.PropertyInvalidatedCache.query(PropertyInvalidatedCache.java:931)
11-07 16:57:18.922  1819  1819 D SubscriptionController: android.telephony.SubscriptionManager.getSlotIndex(SubscriptionManager.java:2140)
11-07 16:57:18.922  1819  1819 D SubscriptionController: android.telephony.TelephonyManager.getSlotIndex(TelephonyManager.java:7941)
11-07 16:57:18.922  1819  1819 D SubscriptionController: android.telephony.TelephonyManager.getSupportedRadioAccessFamily(TelephonyManager.java:13828)
11-07 16:57:18.922  1819  1819 D SubscriptionController: com.android.internal.telephony.CarrierServiceStateTracker.isNrSupported(CarrierServiceStateTracker.java:251)
11-07 16:57:18.922  1819  1819 D SubscriptionController: com.android.internal.telephony.CarrierServiceStateTracker.isGlobalMode(CarrierServiceStateTracker.java:234)
11-07 16:57:18.922  1819  1819 D SubscriptionController: com.android.internal.telephony.CarrierServiceStateTracker.-$$Nest$misGlobalMode(Unknown Source:0)
11-07 16:57:18.922  1819  1819 D SubscriptionController: com.android.internal.telephony.CarrierServiceStateTracker$PrefNetworkNotification.sendMessage(CarrierServiceStateTracker.java:492)
11-07 16:57:18.922  1819  1819 D SubscriptionController: com.android.internal.telephony.CarrierServiceStateTracker.evaluateSendingMessage(CarrierServiceStateTracker.java:324)
11-07 16:57:18.922  1819  1819 D SubscriptionController: com.android.internal.telephony.CarrierServiceStateTracker.evaluateSendingMessageOrCancelNotification(CarrierServiceStateTracker.java:309)
11-07 16:57:18.922  1819  1819 D SubscriptionController: com.android.internal.telephony.CarrierServiceStateTracker.handleConfigChanges(CarrierServiceStateTracker.java:289)
11-07 16:57:18.922  1819  1819 D SubscriptionController: com.android.internal.telephony.CarrierServiceStateTracker.handleMessage(CarrierServiceStateTracker.java:175)
11-07 16:57:18.922  1819  1819 D SubscriptionController: android.os.Handler.dispatchMessage(Handler.java:106)
11-07 16:57:18.922  1819  1819 D SubscriptionController: android.os.Looper.loopOnce(Looper.java:201)
11-07 16:57:18.922  1819  1819 D SubscriptionController: android.os.Looper.loop(Looper.java:288)
11-07 16:57:18.922  1819  1819 D SubscriptionController: android.app.ActivityThread.main(ActivityThread.java:7937)
11-07 16:57:18.922  1819  1819 D SubscriptionController: java.lang.reflect.Method.invoke(Native Method)
11-07 16:57:18.922  1819  1819 D SubscriptionController: com.android.internal.os.RuntimeInit$MethodAndArgsCaller.run(RuntimeInit.java:569)
11-07 16:57:18.922  1819  1819 D SubscriptionController: com.android.internal.os.ZygoteInit.main(ZygoteInit.java:1015)
11-07 16:57:18.922  1819  1819 D SubscriptionController: [getSlotIndex]- subId invalid
11-07 16:57:18.923  1819  1819 D SubscriptionController: StackTrace - [getSubId]+ slotIndex=0
11-07 16:57:18.923  1819  1819 D SubscriptionController: com.android.internal.telephony.SubscriptionController.getSubId(SubscriptionController.java:2664)
11-07 16:57:18.923  1819  1819 D SubscriptionController: com.android.internal.telephony.SubscriptionController.getSubIdUsingPhoneId(SubscriptionController.java:3079)
11-07 16:57:18.923  1819  1819 D SubscriptionController: com.android.internal.telephony.Phone.getSubId(Phone.java:4167)
11-07 16:57:18.923  1819  1819 D SubscriptionController: com.android.phone.PhoneInterfaceManager.getRadioAccessFamily(PhoneInterfaceManager.java:7262)
11-07 16:57:18.923  1819  1819 D SubscriptionController: android.telephony.TelephonyManager.getSupportedRadioAccessFamily(TelephonyManager.java:13828)
11-07 16:57:18.923  1819  1819 D SubscriptionController: com.android.internal.telephony.CarrierServiceStateTracker.isNrSupported(CarrierServiceStateTracker.java:251)
