

 --------- beginning of radio

11-07 17:03:32.716   915   915 I mipc_lib: SEND MSGID=0061 [SYS_SET_THERMAL_RUNTIME_REQ], TXID=0000 [thermal_core], DUMP=841954240000000001006100000008000101010001000000
11-07 17:03:32.716   915   915 D mipc_lib: write_bytes=-1
11-07 17:03:32.716   915   915 E mipc_lib: write error
11-07 17:03:40.726  1251  1251 D TelephonyRegistry: listen oscl: mHasNotifySubscriptionInfoChangedOccurred==false no callback
11-07 17:03:41.195  1251  1251 D TelephonyRegistry: listen oscl: mHasNotifySubscriptionInfoChangedOccurred==false no callback
11-07 17:03:41.617  1251  1383 D TelephonyRegistry: listen oscl: mHasNotifySubscriptionInfoChangedOccurred==false no callback
11-07 17:03:41.979  1251  1251 D TelephonyRegistry: listen oscl: mHasNotifySubscriptionInfoChangedOccurred==false no callback
11-07 17:03:42.005  1251  1384 D TelephonyRegistry: listen oscl: mHasNotifySubscriptionInfoChangedOccurred==false no callback
11-07 17:03:42.071  1251  1251 D TelephonyRegistry: listen oscl: mHasNotifySubscriptionInfoChangedOccurred==false no callback
11-07 17:03:42.092  1251  1274 W CarrierConfigManager: Error getting config for subId -1 ICarrierConfigLoader is null
11-07 17:03:42.154  1251  1251 D TelephonyRegistry: systemRunning register for intents
11-07 17:03:42.272  1251  1284 D TelephonyRegistry: listen oscl: mHasNotifySubscriptionInfoChangedOccurred==false no callback
11-07 17:03:42.564  1251  1498 D TelephonyRegistry: listen oscl: mHasNotifySubscriptionInfoChangedOccurred==false no callback
11-07 17:03:43.515  1457  1457 W CarrierConfigManager: Error getting config for subId -1 ICarrierConfigLoader is null
11-07 17:03:43.556  1705  1705 D IccProvider: class = class com.mediatek.internal.telephony.phb.MtkIccProvider
11-07 17:03:43.561  1705  1705 D IccProvider: constructor function = public com.mediatek.internal.telephony.phb.MtkIccProvider(android.content.UriMatcher,android.content.Context)
11-07 17:03:43.583  1705  1705 I MtkIccProvider: MtkIccProvider URL_MATCHER android.content.UriMatcher@876fed4
11-07 17:03:43.597  1251  1322 D TelephonyRegistry: listen oscl: mHasNotifySubscriptionInfoChangedOccurred==false no callback
11-07 17:03:44.677  1251  1269 D TelephonyRegistry: listen oscl: mHasNotifySubscriptionInfoChangedOccurred==false no callback
11-07 17:03:44.787  1555  1555 W CarrierConfigManager: Error getting config for subId -1 ICarrierConfigLoader is null
11-07 17:03:45.429  1705  1705 W TelephonyComponentFactory: getValidatedPaths: com.mediatek.internal.telephony.MtkTelephonyComponentFactory ,/system/framework/mediatek-telephony-common.jar
11-07 17:03:45.429  1705  1705 W TelephonyComponentFactory: StructStatVfs: 4101 ,1
11-07 17:03:45.430  1705  1705 D TelephonyComponentFactory: validated paths: /system/framework/mediatek-telephony-common.jar
11-07 17:03:45.643  1705  1705 W TelephonyComponentFactory: getValidatedPaths: com.mediatek.internal.telephony.MtkTelephonyComponentFactory ,/system/framework/mediatek-telephony-common.jar
11-07 17:03:45.643  1705  1705 W TelephonyComponentFactory: StructStatVfs: 4101 ,1
11-07 17:03:45.643  1705  1705 D TelephonyComponentFactory: Total components injected: 23
11-07 17:03:45.643  1705  1705 D TDC     : class = class com.mediatek.internal.telephony.MtkTelephonyDevController
11-07 17:03:45.643  1705  1705 D TDC     : constructor function = public com.mediatek.internal.telephony.MtkTelephonyDevController()
11-07 17:03:45.643  1705  1705 D TDC     : updateOrInsert: inserting: Modem { uuid=modem, state=0, rilModel=0, rat={}, maxActiveVoiceCall=1, maxActiveDataCall=1, maxStandby=1 }
11-07 17:03:45.645  1705  1705 D TDC     : updateOrInsert: inserting: Sim { uuid=sim, modemUuid=modem, state=0 }
11-07 17:03:45.645  1705  1705 D TDC     : MtkTelephonyDevController constructor
11-07 17:03:45.652  1705  1705 D PersistAtomsStorage: PersistAtoms file not found
11-07 17:03:45.657  1705  1705 D PersistAtomsStorage: created new PersistAtoms
11-07 17:03:45.686  1705  1705 D MetricsCollector: registered
11-07 17:03:45.793  1705  1705 D MtkTelephonyComponentFactory: makeDefaultPhoneNotifier mtk
11-07 17:03:45.793  1705  1705 D MtkPhoneNotifr: constructor
11-07 17:03:45.795  1705  1705 D MtkTelephonyRegistryEx: publish: com.mediatek.internal.telephony.MtkTelephonyRegistryEx@8319f94
11-07 17:03:46.231  1705  1705 I MtkRILJ : getRadioServiceProxy wait for MtkRIL [PHONE0]
11-07 17:03:46.231  1705  1705 I MtkRILJ : getRadioProxy wait for MtkRIL
11-07 17:03:46.231  1705  1705 I MtkRILJ : getRadioServiceProxy wait for MtkRIL [PHONE0]
11-07 17:03:46.231  1705  1705 I MtkRILJ : getRadioServiceProxy wait for MtkRIL [PHONE0]
11-07 17:03:46.231  1705  1705 I MtkRILJ : getRadioServiceProxy wait for MtkRIL [PHONE0]
11-07 17:03:46.231  1705  1705 I MtkRILJ : getRadioServiceProxy wait for MtkRIL [PHONE0]
11-07 17:03:46.231  1705  1705 I MtkRILJ : getRadioServiceProxy wait for MtkRIL [PHONE0]
11-07 17:03:46.231  1705  1705 I MtkRILJ : getRadioServiceProxy wait for MtkRIL [PHONE0]
11-07 17:03:46.231  1705  1705 D RILJ    : Radio HAL version: -1.-1 [PHONE0]
11-07 17:03:46.232  1705  1705 D MtkRILJ : constructor: sub = 0
11-07 17:03:46.278  1705  1705 D MtkRILJ : getMtkRadioExProxy:Not calling getService(): wifi-only [PHONE0]
11-07 17:03:46.278  1705  1705 E MtkRILJ : getMtkRadioExServiceProxy: Not calling getService(): wifi-only
11-07 17:03:46.278  1705  1705 E MtkRILJ : getMtkRadioExServiceProxy: Not calling getService(): wifi-only
11-07 17:03:46.278  1705  1705 E MtkRILJ : getMtkRadioExServiceProxy: Not calling getService(): wifi-only
11-07 17:03:46.278  1705  1705 E MtkRILJ : getMtkRadioExServiceProxy: Not calling getService(): wifi-only
11-07 17:03:46.278  1705  1705 E MtkRILJ : getMtkRadioExServiceProxy: Not calling getService(): wifi-only
11-07 17:03:46.278  1705  1705 E MtkRILJ : getMtkRadioExServiceProxy: Not calling getService(): wifi-only
11-07 17:03:46.278  1705  1705 D MtkRILJ : getRilOp
11-07 17:03:46.278  1705  1705 D MtkRILJ : mMtkRilOp init fail, because OM load
11-07 17:03:46.292  1705  1705 D ImsManager: constructor function = private com.mediatek.ims.internal.MtkImsManager(android.content.Context,int)
11-07 17:03:46.553  1705  1705 D MtkImsManager [-1]: createMtkImsService binder is null
11-07 17:03:46.650  1705  1705 W CarrierConfigManager: Error getting config for subId -1 ICarrierConfigLoader is null
11-07 17:03:46.650  1705  1705 D SubscriptionManager: [getSubId]- fail
11-07 17:03:46.697  1705  1705 D SubscriptionManager: [getSubId]- fail
11-07 17:03:46.701  1705  1705 W CarrierConfigManager: Error getting config for subId -1 ICarrierConfigLoader is null
11-07 17:03:46.711  1705  1705 D ImsManagerIM [-1]: getWfcMode - setting=2
11-07 17:03:46.724  1705  1705 D ImsManager: constructor function = private com.mediatek.ims.internal.MtkImsManager(android.content.Context,int)
11-07 17:03:46.725  1705  1705 D MtkImsManager [0]: createMtkImsService binder is null
11-07 17:03:46.725  1705  1705 W FeatureConnector: [InstanceManager, 0] connect: not supported.
11-07 17:03:46.773  1705  2623 I ImsManagerIM [0]: connectionUnavailable, reason: 2
11-07 17:03:46.774  1705  1705 D RadioManager: [RadioManager] Initialize RadioManager under airplane mode:0 wifi only mode:2 wifi mode: falsephoneCount:1
11-07 17:03:46.774  1705  1705 D RadioManager: [RadioManager] Convert phoneCount 1 into bitmap 1
11-07 17:03:46.776  1705  1705 D ImsSwitchController: Initialize ImsSwitchController enter
11-07 17:03:46.777  1705  1705 E MtkRILJ : getMtkRadioExServiceProxy: Not calling getService(): wifi-only
11-07 17:03:46.777  1705  1705 D RadioManager: [RadioManager] Not BSP Package, register intent!!!
11-07 17:03:46.779  1705  1705 D RatConfig: getMaxRat: initial no 0
11-07 17:03:46.780  1705  1705 D RatConfig: getActiveRatConfig: 
11-07 17:03:46.794  1705  2628 I RadioManager: PowerIdleState: enter
11-07 17:03:46.808  1705  1705 D RadioConfig: class = class com.mediatek.internal.telephony.MtkRadioConfig
11-07 17:03:46.808  1705  1705 D RadioConfig: constructor function = public com.mediatek.internal.telephony.MtkRadioConfig(android.content.Context,com.android.internal.telephony.HalVersion)
11-07 17:03:46.815  1705  1705 D MtkTelephonyComponentFactory: makeUiccController mtk
11-07 17:03:46.815  1705  1705 D UiccController: Creating UiccController
11-07 17:03:46.815  1705  1705 D UiccController: config_num_physical_slots = 1
11-07 17:03:46.827  1705  1705 D PinStorage: KeyStore: alias PinStorage_longTerm_always_key exists
11-07 17:03:46.827  1705  1705 D PinStorage: onDeviceReady
11-07 17:03:46.828  1705  1705 D PinStorage: KeyStore: alias PinStorage_shortTerm_key does not exist - Nothing to do
11-07 17:03:46.861  1705  1705 D MtkUiccCtrl: Creating MtkUiccController
11-07 17:03:46.890  1705  1705 I RsuSml  : [RSU-SIMLOCK] initialize RsuSml: [Lcom.android.internal.telephony.RIL;@b3aebe2
11-07 17:03:46.973  1705  1705 D MtkUiccCtrl: [RSU-SIMLOCK] Create RsuSml, mCis=[Lcom.android.internal.telephony.RIL;@b3aebe2
11-07 17:03:46.973  1705  1705 I PhoneFactory: Creating SubscriptionController
11-07 17:03:46.982  1705  1705 D SubscriptionController: [getDefaultDataSubId] subId=-1
11-07 17:03:46.982  1705  1705 D MtkSubCtrl: [getDefaultSubId] NOT VoiceCapable subId=-1
11-07 17:03:46.982  1705  1705 D MtkSubCtrl: [isActiveSubId]- false
11-07 17:03:46.982  1705  1705 D MtkSubCtrl: [getDefaultSubId] NOT active use fall back subId=-1
11-07 17:03:46.982  1705  1705 V SubscriptionController: [getDefaultSubId]- value = -1
11-07 17:03:47.053  1705  1705 D MtkSubCtrl: [SubscriptionController] init by Context
11-07 17:03:47.055  1705  1705 D SubscriptionController: [getDefaultVoiceSubId] subId=-1
11-07 17:03:47.055  1705  1705 D SubscriptionController: [getDefaultVoiceSubId] subId=-1
11-07 17:03:47.055  1705  1705 D SubscriptionController: [getDefaultVoiceSubId] subId=-1
11-07 17:03:47.055  1705  1705 D SubscriptionController: [getDefaultVoiceSubId] subId=-1
11-07 17:03:47.055  1705  1705 D SubscriptionController: [getDefaultVoiceSubId] subId=-1
11-07 17:03:47.055  1705  1705 D SubscriptionController: [getDefaultVoiceSubId] subId=-1
11-07 17:03:47.057  1705  1705 D MtkSubCtrl: mtkInit, sInstance = com.mediatek.internal.telephony.MtkSubscriptionController@39fe42e
11-07 17:03:47.058  1705  1705 D MtkSubscriptionControllerEx: [MtkSubscriptionControllerEx] init by Context, this = com.mediatek.internal.telephony.MtkSubscriptionControllerEx@c2e5bcf
11-07 17:03:47.058  1705  1705 D MtkSubscriptionControllerEx: [MtkSubscriptionControllerEx] init by Context
11-07 17:03:47.058  1705  1705 D MtkSubscriptionControllerEx: [MtkSubscriptionControllerEx] sInstance = com.mediatek.internal.telephony.MtkSubscriptionControllerEx@c2e5bcf
11-07 17:03:47.058  1705  1705 D MtkTelephonyComponentFactory: makeMultiSimSettingController mtk
11-07 17:03:47.085  1705  1705 D DSSelector: DataSubSelector is created
11-07 17:03:47.113  1705  1705 D MtkTelephonyManagerEx: simSwitchMode result = 3
11-07 17:03:47.113  1705  1705 I PhoneFactory: Creating Phone with type = 1 phoneId = 0
11-07 17:03:47.117  1705  1705 D TelephonyTester: register for intent action=com.mediatek.internal.telephony.action_detached
11-07 17:03:47.117  1705  1705 D TelephonyTester: register for intent action=com.mediatek.internal.telephony.action_attached
11-07 17:03:47.117  1705  1705 D TelephonyTester: register for intent action=com.android.internal.telephony.TestServiceState
11-07 17:03:47.117  1705  1705 D TelephonyTester: register for intent action=com.android.internal.telephony.TestChangeNumber
11-07 17:03:47.118  1705  1705 D Phone   : mDoesRilSendMultipleCallRing=true
11-07 17:03:47.119  1705  1705 D Phone   : mCallRingDelay=3000
11-07 17:03:47.192  1705  1705 D GsmCdmaCallTkr: Reset mWaitForHoldToRedialRequest variables
11-07 17:03:47.192  1705  1705 D GsmCdmaCallTkr: Reset mWaitForHoldToHangupRequest variables
11-07 17:03:47.192  1705  1705 D MtkTelephonyComponentFactory: makeIccPhoneBookInterfaceManager mtk
11-07 17:03:47.193  1705  1705 D SmsDispatchersController: SmsDispatchersController created
11-07 17:03:47.195  1705  1705 D SMSDispatcher: SMSDispatcher: ctor mSmsCapable=false format=unknown mSmsSendDisabled=true
11-07 17:03:47.209  1705  1705 D MtkImsSmsDispacher: Created!
11-07 17:03:47.218  1705  1705 D SMSDispatcher: SMSDispatcher: ctor mSmsCapable=false format=3gpp2 mSmsSendDisabled=true
11-07 17:03:47.218  1705  1705 D CdmaSMSDispatcher: CdmaSMSDispatcher created
11-07 17:03:47.218  1705  1705 D MtkCdmaSMSDispatcher: MtkCdmaSMSDispatcher created
11-07 17:03:47.291  1705  1705 E WAP PUSH: bindService() for wappush manager failed
11-07 17:03:47.294  1705  1705 D m.android.phone: created InboundSmsHandler
11-07 17:03:47.306  1705  1705 D MtkGsmInboundSmsHandler-0: created InboundSmsHandler from MtkGsmInboundSmsHandler
11-07 17:03:47.307  1705  2749 D MtkGsmInboundSmsHandler-0: StartupState.enter: entering StartupState
11-07 17:03:47.312  1705  1705 E WAP PUSH: bindService() for wappush manager failed
11-07 17:03:47.313  1705  1705 D m.android.phone: created InboundSmsHandler
11-07 17:03:47.324  1705  1705 D SMSDispatcher: SMSDispatcher: ctor mSmsCapable=false format=3gpp mSmsSendDisabled=true
11-07 17:03:47.324  1705  1705 D GsmSMSDispatcher: GsmSMSDispatcher created
11-07 17:03:47.324  1705  1705 D MtkGsmSMSDispatcher: MtkGsmSMSDispatcher created
11-07 17:03:47.324  1705  1705 D MtkSmsBroadcastUndelivered:  call initialize
11-07 17:03:47.326  1705  1705 D MtkSmsDispatchersController: MtkSmsDispatchersController created
11-07 17:03:47.327  1705  2765 D MtkCdmaInboundSmsHandler-0: StartupState.enter: entering StartupState
11-07 17:03:47.327  1705  2765 D MtkCdmaInboundSmsHandler-0: StartupState.processMessage: processing EVENT_START_ACCEPTING_SMS
11-07 17:03:47.327  1705  2765 D MtkCdmaInboundSmsHandler-0: IdleState.enter: entering IdleState
11-07 17:03:47.327  1705  2765 D MtkCdmaInboundSmsHandler-0: IdleState.processMessage: processing EVENT_RELEASE_WAKELOCK
11-07 17:03:47.328  1705  2765 D MtkCdmaInboundSmsHandler-0: IdleState.processMessage: EVENT_RELEASE_WAKELOCK: mWakeLock released
11-07 17:03:47.328  1705  1705 D CdmaSSM : subscriptionSource from settings: 0
11-07 17:03:47.328  1705  1705 D CdmaSSM : cdmaSSM constructor: 0
11-07 17:03:47.330  1705  1705 D SubscriptionController: StackTrace - [getSubId]+ slotIndex=0
11-07 17:03:47.332  1705  1705 D SubscriptionController: com.android.internal.telephony.SubscriptionController.getSubId(SubscriptionController.java:2664)
11-07 17:03:47.332  1705  1705 D SubscriptionController: com.android.internal.telephony.SubscriptionController.getSubIdUsingPhoneId(SubscriptionController.java:3079)
11-07 17:03:47.332  1705  1705 D SubscriptionController: com.android.internal.telephony.Phone.getSubId(Phone.java:4167)
11-07 17:03:47.332  1705  1705 D SubscriptionController: com.android.internal.telephony.CarrierKeyDownloadManager.<init>(CarrierKeyDownloadManager.java:131)
11-07 17:03:47.332  1705  1705 D SubscriptionController: com.android.internal.telephony.GsmCdmaPhone.initOnce(GsmCdmaPhone.java:493)
11-07 17:03:47.332  1705  1705 D SubscriptionController: com.mediatek.internal.telephony.MtkGsmCdmaPhone.initOnce(MtkGsmCdmaPhone.java:456)
11-07 17:03:47.332  1705  1705 D SubscriptionController: com.android.internal.telephony.GsmCdmaPhone.<init>(GsmCdmaPhone.java:316)
11-07 17:03:47.332  1705  1705 D SubscriptionController: com.android.internal.telephony.GsmCdmaPhone.<init>(GsmCdmaPhone.java:299)
11-07 17:03:47.332  1705  1705 D SubscriptionController: com.mediatek.internal.telephony.MtkGsmCdmaPhone.<init>(MtkGsmCdmaPhone.java:386)
11-07 17:03:47.332  1705  1705 D SubscriptionController: com.mediatek.internal.telephony.MtkGsmCdmaPhone.<init>(MtkGsmCdmaPhone.java:424)
11-07 17:03:47.332  1705  1705 D SubscriptionController: com.mediatek.internal.telephony.MtkTelephonyComponentFactory.makePhone(MtkTelephonyComponentFactory.java:196)
11-07 17:03:47.332  1705  1705 D SubscriptionController: com.mediatek.internal.telephony.MtkTelephonyComponentFactory.makePhone(MtkTelephonyComponentFactory.java:181)
11-07 17:03:47.332  1705  1705 D SubscriptionController: com.android.internal.telephony.PhoneFactory.createPhone(PhoneFactory.java:356)
11-07 17:03:47.332  1705  1705 D SubscriptionController: com.android.internal.telephony.PhoneFactory.makeDefaultPhone(PhoneFactory.java:215)
11-07 17:03:47.332  1705  1705 D SubscriptionController: com.android.internal.telephony.PhoneFactory.makeDefaultPhones(PhoneFactory.java:108)
11-07 17:03:47.332  1705  1705 D SubscriptionController: com.android.phone.PhoneGlobals.onCreate(PhoneGlobals.java:464)
11-07 17:03:47.332  1705  1705 D SubscriptionController: com.android.phone.PhoneApp.onCreate(PhoneApp.java:40)
11-07 17:03:47.332  1705  1705 D SubscriptionController: android.app.Instrumentation.callApplicationOnCreate(Instrumentation.java:1266)
11-07 17:03:47.332  1705  1705 D SubscriptionController: android.app.ActivityThread.handleBindApplication(ActivityThread.java:6822)
11-07 17:03:47.332  1705  1705 D SubscriptionController: android.app.ActivityThread.-$$Nest$mhandleBindApplication(Unknown Source:0)
11-07 17:03:47.332  1705  1705 D SubscriptionController: android.app.ActivityThread$H.handleMessage(ActivityThread.java:2167)
11-07 17:03:47.332  1705  1705 D SubscriptionController: android.os.Handler.dispatchMessage(Handler.java:106)
11-07 17:03:47.332  1705  1705 D SubscriptionController: android.os.Looper.loopOnce(Looper.java:201)
11-07 17:03:47.332  1705  1705 D SubscriptionController: android.os.Looper.loop(Looper.java:288)
11-07 17:03:47.332  1705  1705 D SubscriptionController: android.app.ActivityThread.main(ActivityThread.java:7937)
11-07 17:03:47.332  1705  1705 D SubscriptionController: java.lang.reflect.Method.invoke(Native Method)
11-07 17:03:47.333  1705  1705 D SubscriptionController: com.android.internal.os.RuntimeInit$MethodAndArgsCaller.run(RuntimeInit.java:569)
11-07 17:03:47.333  1705  1705 D SubscriptionController: com.android.internal.os.ZygoteInit.main(ZygoteInit.java:1015)
11-07 17:03:47.333  1705  1705 D SubscriptionController: [getSubId]- sSlotIndexToSubIds.size == 0, return null slotIndex=0
11-07 17:03:47.333  1705  1705 D GsmCdmaPhone: [0] Precise phone type 1
11-07 17:03:47.333  1705  1705 D RILJ    : setPhoneType=1 old value=0 [PHONE0]
11-07 17:03:47.335  1705  1705 D CarrierActionAgent: [0]Creating CarrierActionAgent
11-07 17:03:47.336  1705  1705 D SubscriptionController: StackTrace - [getSubId]+ slotIndex=0
11-07 17:03:47.336  1705  1705 D SubscriptionController: com.android.internal.telephony.SubscriptionController.getSubId(SubscriptionController.java:2664)
11-07 17:03:47.336  1705  1705 D SubscriptionController: com.android.internal.telephony.SubscriptionController.getSubIdUsingPhoneId(SubscriptionController.java:3079)
11-07 17:03:47.336  1705  1705 D SubscriptionController: com.android.internal.telephony.Phone.getSubId(Phone.java:4167)
11-07 17:03:47.336  1705  1705 D SubscriptionController: com.android.internal.telephony.CarrierSignalAgent.loadCarrierConfig(CarrierSignalAgent.java:215)
11-07 17:03:47.336  1705  1705 D SubscriptionController: com.android.internal.telephony.CarrierSignalAgent.<init>(CarrierSignalAgent.java:146)
11-07 17:03:47.336  1705  1705 D SubscriptionController: com.android.internal.telephony.TelephonyComponentFactory.makeCarrierSignalAgent(TelephonyComponentFactory.java:372)
11-07 17:03:47.336  1705  1705 D SubscriptionController: com.android.internal.telephony.GsmCdmaPhone.<init>(GsmCdmaPhone.java:323)
11-07 17:03:47.336  1705  1705 D SubscriptionController: com.android.internal.telephony.GsmCdmaPhone.<init>(GsmCdmaPhone.java:299)
11-07 17:03:47.336  1705  1705 D SubscriptionController: com.mediatek.internal.telephony.MtkGsmCdmaPhone.<init>(MtkGsmCdmaPhone.java:386)
11-07 17:03:47.336  1705  1705 D SubscriptionController: com.mediatek.internal.telephony.MtkGsmCdmaPhone.<init>(MtkGsmCdmaPhone.java:424)
11-07 17:03:47.336  1705  1705 D SubscriptionController: com.mediatek.internal.telephony.MtkTelephonyComponentFactory.makePhone(MtkTelephonyComponentFactory.java:196)
11-07 17:03:47.336  1705  1705 D SubscriptionController: com.mediatek.internal.telephony.MtkTelephonyComponentFactory.makePhone(MtkTelephonyComponentFactory.java:181)
11-07 17:03:47.337  1705  1705 D SubscriptionController: com.android.internal.telephony.PhoneFactory.createPhone(PhoneFactory.java:356)
11-07 17:03:47.337  1705  1705 D SubscriptionController: com.android.internal.telephony.PhoneFactory.makeDefaultPhone(PhoneFactory.java:215)
11-07 17:03:47.337  1705  1705 D SubscriptionController: com.android.internal.telephony.PhoneFactory.makeDefaultPhones(PhoneFactory.java:108)
11-07 17:03:47.337  1705  1705 D SubscriptionController: com.android.phone.PhoneGlobals.onCreate(PhoneGlobals.java:464)
11-07 17:03:47.337  1705  1705 D SubscriptionController: com.android.phone.PhoneApp.onCreate(PhoneApp.java:40)
11-07 17:03:47.337  1705  1705 D SubscriptionController: android.app.Instrumentation.callApplicationOnCreate(Instrumentation.java:1266)
11-07 17:03:47.337  1705  1705 D SubscriptionController: android.app.ActivityThread.handleBindApplication(ActivityThread.java:6822)
11-07 17:03:47.337  1705  1705 D SubscriptionController: android.app.ActivityThread.-$$Nest$mhandleBindApplication(Unknown Source:0)
11-07 17:03:47.337  1705  1705 D SubscriptionController: android.app.ActivityThread$H.handleMessage(ActivityThread.java:2167)
11-07 17:03:47.337  1705  1705 D SubscriptionController: android.os.Handler.dispatchMessage(Handler.java:106)
11-07 17:03:47.337  1705  1705 D SubscriptionController: android.os.Looper.loopOnce(Looper.java:201)
11-07 17:03:47.337  1705  1705 D SubscriptionController: android.os.Looper.loop(Looper.java:288)
11-07 17:03:47.337  1705  1705 D SubscriptionController: android.app.ActivityThread.main(ActivityThread.java:7937)
11-07 17:03:47.337  1705  1705 D SubscriptionController: java.lang.reflect.Method.invoke(Native Method)
11-07 17:03:47.337  1705  1705 D SubscriptionController: com.android.internal.os.RuntimeInit$MethodAndArgsCaller.run(RuntimeInit.java:569)
11-07 17:03:47.337  1705  1705 D SubscriptionController: com.android.internal.os.ZygoteInit.main(ZygoteInit.java:1015)
11-07 17:03:47.337  1705  1705 D SubscriptionController: [getSubId]- sSlotIndexToSubIds.size == 0, return null slotIndex=0
11-07 17:03:47.338  1705  1705 W CarrierConfigManager: Error getting config for subId -1 ICarrierConfigLoader is null
11-07 17:03:47.341  1705  1705 D ANM-0   : operates in AP-assisted mode.
11-07 17:03:47.344  1705  2749 D MtkGsmInboundSmsHandler-0: StartupState.processMessage: processing EVENT_START_ACCEPTING_SMS
11-07 17:03:47.344  1705  2749 D MtkGsmInboundSmsHandler-0: IdleState.enter: entering IdleState
11-07 17:03:47.344  1705  2749 D MtkGsmInboundSmsHandler-0: IdleState.processMessage: processing EVENT_RELEASE_WAKELOCK
11-07 17:03:47.345  1705  2749 D MtkGsmInboundSmsHandler-0: IdleState.processMessage: EVENT_RELEASE_WAKELOCK: mWakeLock released
11-07 17:03:47.347  1705  2767 D SubscriptionController: [getDefaultSmsSubId] subId=-1
11-07 17:03:47.347  1705  2767 W CarrierConfigManager: Error getting config for subId -1 ICarrierConfigLoader is null
11-07 17:03:47.348  1705  2767 D MtkSmsBroadcastUndelivered: scanning raw table for undelivered messages
11-07 17:03:47.402  1705  1705 D SubscriptionController: StackTrace - [getSubId]+ slotIndex=0
11-07 17:03:47.402  1705  1705 D SubscriptionController: com.android.internal.telephony.SubscriptionController.getSubId(SubscriptionController.java:2664)
11-07 17:03:47.403  1705  1705 D SubscriptionController: com.android.internal.telephony.SubscriptionController.getSubIdUsingPhoneId(SubscriptionController.java:3079)
11-07 17:03:47.403  1705  1705 D SubscriptionController: com.android.internal.telephony.Phone.getSubId(Phone.java:4167)
11-07 17:03:47.403  1705  1705 D SubscriptionController: com.android.internal.telephony.SignalStrengthController.getCarrierConfig(SignalStrengthController.java:802)
11-07 17:03:47.403  1705  1705 D SubscriptionController: com.android.internal.telephony.SignalStrengthController.<init>(SignalStrengthController.java:172)
11-07 17:03:47.403  1705  1705 D SubscriptionController: com.mediatek.internal.telephony.MtkSignalStrengthController.<init>(MtkSignalStrengthController.java:56)
11-07 17:03:47.403  1705  1705 D SubscriptionController: com.mediatek.internal.telephony.MtkTelephonyComponentFactory.makeSignalStrengthController(MtkTelephonyComponentFactory.java:609)
11-07 17:03:47.403  1705  1705 D SubscriptionController: com.android.internal.telephony.GsmCdmaPhone.<init>(GsmCdmaPhone.java:333)
11-07 17:03:47.403  1705  1705 D SubscriptionController: com.android.internal.telephony.GsmCdmaPhone.<init>(GsmCdmaPhone.java:299)
11-07 17:03:47.403  1705  1705 D SubscriptionController: com.mediatek.internal.telephony.MtkGsmCdmaPhone.<init>(MtkGsmCdmaPhone.java:386)
11-07 17:03:47.403  1705  1705 D SubscriptionController: com.mediatek.internal.telephony.MtkGsmCdmaPhone.<init>(MtkGsmCdmaPhone.java:424)
11-07 17:03:47.403  1705  1705 D SubscriptionController: com.mediatek.internal.telephony.MtkTelephonyComponentFactory.makePhone(MtkTelephonyComponentFactory.java:196)
11-07 17:03:47.403  1705  1705 D SubscriptionController: com.mediatek.internal.telephony.MtkTelephonyComponentFactory.makePhone(MtkTelephonyComponentFactory.java:181)
11-07 17:03:47.403  1705  1705 D SubscriptionController: com.android.internal.telephony.PhoneFactory.createPhone(PhoneFactory.java:356)
11-07 17:03:47.403  1705  1705 D SubscriptionController: com.android.internal.telephony.PhoneFactory.makeDefaultPhone(PhoneFactory.java:215)
11-07 17:03:47.403  1705  1705 D SubscriptionController: com.android.internal.telephony.PhoneFactory.makeDefaultPhones(PhoneFactory.java:108)
11-07 17:03:47.403  1705  1705 D SubscriptionController: com.android.phone.PhoneGlobals.onCreate(PhoneGlobals.java:464)
11-07 17:03:47.403  1705  1705 D SubscriptionController: com.android.phone.PhoneApp.onCreate(PhoneApp.java:40)
11-07 17:03:47.403  1705  1705 D SubscriptionController: android.app.Instrumentation.callApplicationOnCreate(Instrumentation.java:1266)
11-07 17:03:47.403  1705  1705 D SubscriptionController: android.app.ActivityThread.handleBindApplication(ActivityThread.java:6822)
11-07 17:03:47.403  1705  1705 D SubscriptionController: android.app.ActivityThread.-$$Nest$mhandleBindApplication(Unknown Source:0)
11-07 17:03:47.403  1705  1705 D SubscriptionController: android.app.ActivityThread$H.handleMessage(ActivityThread.java:2167)
11-07 17:03:47.403  1705  1705 D SubscriptionController: android.os.Handler.dispatchMessage(Handler.java:106)
11-07 17:03:47.403  1705  1705 D SubscriptionController: android.os.Looper.loopOnce(Looper.java:201)
11-07 17:03:47.403  1705  1705 D SubscriptionController: android.os.Looper.loop(Looper.java:288)
11-07 17:03:47.403  1705  1705 D SubscriptionController: android.app.ActivityThread.main(ActivityThread.java:7937)
11-07 17:03:47.403  1705  1705 D SubscriptionController: java.lang.reflect.Method.invoke(Native Method)
11-07 17:03:47.403  1705  1705 D SubscriptionController: com.android.internal.os.RuntimeInit$MethodAndArgsCaller.run(RuntimeInit.java:569)
11-07 17:03:47.403  1705  1705 D SubscriptionController: com.android.internal.os.ZygoteInit.main(ZygoteInit.java:1015)
11-07 17:03:47.403  1705  1705 D SubscriptionController: [getSubId]- sSlotIndexToSubIds.size == 0, return null slotIndex=0
11-07 17:03:47.404  1705  1705 W CarrierConfigManager: Error getting config for subId -1 ICarrierConfigLoader is null
11-07 17:03:47.410  1705  1705 D SubscriptionController: StackTrace - [getSubId]+ slotIndex=0
11-07 17:03:47.410  1705  1705 D SubscriptionController: com.android.internal.telephony.SubscriptionController.getSubId(SubscriptionController.java:2664)
11-07 17:03:47.410  1705  1705 D SubscriptionController: com.android.internal.telephony.SubscriptionController.getSubIdUsingPhoneId(SubscriptionController.java:3079)
11-07 17:03:47.410  1705  1705 D SubscriptionController: com.android.internal.telephony.Phone.getSubId(Phone.java:4167)
11-07 17:03:47.410  1705  1705 D SubscriptionController: com.android.internal.telephony.RatRatcheter.resetRatFamilyMap(RatRatcheter.java:203)
11-07 17:03:47.410  1705  1705 D SubscriptionController: com.android.internal.telephony.RatRatcheter.<init>(RatRatcheter.java:94)
11-07 17:03:47.410  1705  1705 D SubscriptionController: com.android.internal.telephony.ServiceStateTracker.<init>(ServiceStateTracker.java:709)
11-07 17:03:47.410  1705  1705 D SubscriptionController: com.mediatek.internal.telephony.MtkServiceStateTracker.<init>(MtkServiceStateTracker.java:648)
11-07 17:03:47.410  1705  1705 D SubscriptionController: com.mediatek.internal.telephony.MtkTelephonyComponentFactory.makeServiceStateTracker(MtkTelephonyComponentFactory.java:208)
11-07 17:03:47.410  1705  1705 D SubscriptionController: com.android.internal.telephony.GsmCdmaPhone.<init>(GsmCdmaPhone.java:335)
11-07 17:03:47.410  1705  1705 D SubscriptionController: com.android.internal.telephony.GsmCdmaPhone.<init>(GsmCdmaPhone.java:299)
11-07 17:03:47.410  1705  1705 D SubscriptionController: com.mediatek.internal.telephony.MtkGsmCdmaPhone.<init>(MtkGsmCdmaPhone.java:386)
11-07 17:03:47.410  1705  1705 D SubscriptionController: com.mediatek.internal.telephony.MtkGsmCdmaPhone.<init>(MtkGsmCdmaPhone.java:424)
11-07 17:03:47.410  1705  1705 D SubscriptionController: com.mediatek.internal.telephony.MtkTelephonyComponentFactory.makePhone(MtkTelephonyComponentFactory.java:196)
11-07 17:03:47.410  1705  1705 D SubscriptionController: com.mediatek.internal.telephony.MtkTelephonyComponentFactory.makePhone(MtkTelephonyComponentFactory.java:181)
11-07 17:03:47.410  1705  1705 D SubscriptionController: com.android.internal.telephony.PhoneFactory.createPhone(PhoneFactory.java:356)
11-07 17:03:47.410  1705  1705 D SubscriptionController: com.android.internal.telephony.PhoneFactory.makeDefaultPhone(PhoneFactory.java:215)
11-07 17:03:47.410  1705  1705 D SubscriptionController: com.android.internal.telephony.PhoneFactory.makeDefaultPhones(PhoneFactory.java:108)
11-07 17:03:47.410  1705  1705 D SubscriptionController: com.android.phone.PhoneGlobals.onCreate(PhoneGlobals.java:464)
11-07 17:03:47.410  1705  1705 D SubscriptionController: com.android.phone.PhoneApp.onCreate(PhoneApp.java:40)
11-07 17:03:47.410  1705  1705 D SubscriptionController: android.app.Instrumentation.callApplicationOnCreate(Instrumentation.java:1266)
11-07 17:03:47.410  1705  1705 D SubscriptionController: android.app.ActivityThread.handleBindApplication(ActivityThread.java:6822)
11-07 17:03:47.410  1705  1705 D SubscriptionController: android.app.ActivityThread.-$$Nest$mhandleBindApplication(Unknown Source:0)
11-07 17:03:47.410  1705  1705 D SubscriptionController: android.app.ActivityThread$H.handleMessage(ActivityThread.java:2167)
11-07 17:03:47.410  1705  1705 D SubscriptionController: android.os.Handler.dispatchMessage(Handler.java:106)
11-07 17:03:47.410  1705  1705 D SubscriptionController: android.os.Looper.loopOnce(Looper.java:201)
11-07 17:03:47.410  1705  1705 D SubscriptionController: android.os.Looper.loop(Looper.java:288)
11-07 17:03:47.410  1705  1705 D SubscriptionController: android.app.ActivityThread.main(ActivityThread.java:7937)
11-07 17:03:47.410  1705  1705 D SubscriptionController: java.lang.reflect.Method.invoke(Native Method)
11-07 17:03:47.410  1705  1705 D SubscriptionController: com.android.internal.os.RuntimeInit$MethodAndArgsCaller.run(RuntimeInit.java:569)
11-07 17:03:47.410  1705  1705 D SubscriptionController: com.android.internal.os.ZygoteInit.main(ZygoteInit.java:1015)
11-07 17:03:47.410  1705  1705 D SubscriptionController: [getSubId]- sSlotIndexToSubIds.size == 0, return null slotIndex=0
11-07 17:03:47.411  1705  1705 W CarrierConfigManager: Error getting config for subId -1 ICarrierConfigLoader is null
11-07 17:03:47.412  1251  2256 D TelephonyRegistry: listen oscl: mHasNotifySubscriptionInfoChangedOccurred==false no callback
11-07 17:03:47.413  1705  1705 D NRM-C-0 : registerForNetworkRegistrationInfoChanged
11-07 17:03:47.414  1705  1705 D NRM-I-0 : registerForNetworkRegistrationInfoChanged
11-07 17:03:47.417  1705  1705 D NitzStateMachineImpl: handleNetworkUnavailable: mLatestNitzSignal was already null. Nothing to do.
11-07 17:03:47.422  1705  1705 D MTKSST  : [GsmSST0] notifyVoiceRegStateRilRadioTechnologyChanged: vrs=1 rat=0
11-07 17:03:47.422  1705  1705 D SubscriptionController: StackTrace - [getSubId]+ slotIndex=0
11-07 17:03:47.422  1705  1705 D SubscriptionController: com.android.internal.telephony.SubscriptionController.getSubId(SubscriptionController.java:2664)
11-07 17:03:47.422  1705  1705 D SubscriptionController: com.android.internal.telephony.SubscriptionController.getSubIdUsingPhoneId(SubscriptionController.java:3079)
11-07 17:03:47.422  1705  1705 D SubscriptionController: com.android.internal.telephony.Phone.getSubId(Phone.java:4167)
11-07 17:03:47.422  1705  1705 D SubscriptionController: com.android.internal.telephony.CarrierServiceStateTracker.<init>(CarrierServiceStateTracker.java:104)
11-07 17:03:47.422  1705  1705 D SubscriptionController: com.android.internal.telephony.ServiceStateTracker.<init>(ServiceStateTracker.java:772)
11-07 17:03:47.422  1705  1705 D SubscriptionController: com.mediatek.internal.telephony.MtkServiceStateTracker.<init>(MtkServiceStateTracker.java:648)
11-07 17:03:47.422  1705  1705 D SubscriptionController: com.mediatek.internal.telephony.MtkTelephonyComponentFactory.makeServiceStateTracker(MtkTelephonyComponentFactory.java:208)
11-07 17:03:47.422  1705  1705 D SubscriptionController: com.android.internal.telephony.GsmCdmaPhone.<init>(GsmCdmaPhone.java:335)
11-07 17:03:47.422  1705  1705 D SubscriptionController: com.android.internal.telephony.GsmCdmaPhone.<init>(GsmCdmaPhone.java:299)
11-07 17:03:47.422  1705  1705 D SubscriptionController: com.mediatek.internal.telephony.MtkGsmCdmaPhone.<init>(MtkGsmCdmaPhone.java:386)
11-07 17:03:47.423  1705  1705 D SubscriptionController: com.mediatek.internal.telephony.MtkGsmCdmaPhone.<init>(MtkGsmCdmaPhone.java:424)
11-07 17:03:47.423  1705  1705 D SubscriptionController: com.mediatek.internal.telephony.MtkTelephonyComponentFactory.makePhone(MtkTelephonyComponentFactory.java:196)
11-07 17:03:47.423  1705  1705 D SubscriptionController: com.mediatek.internal.telephony.MtkTelephonyComponentFactory.makePhone(MtkTelephonyComponentFactory.java:181)
11-07 17:03:47.423  1705  1705 D SubscriptionController: com.android.internal.telephony.PhoneFactory.createPhone(PhoneFactory.java:356)
11-07 17:03:47.423  1705  1705 D SubscriptionController: com.android.internal.telephony.PhoneFactory.makeDefaultPhone(PhoneFactory.java:215)
11-07 17:03:47.423  1705  1705 D SubscriptionController: com.android.internal.telephony.PhoneFactory.makeDefaultPhones(PhoneFactory.java:108)
11-07 17:03:47.423  1705  1705 D SubscriptionController: com.android.phone.PhoneGlobals.onCreate(PhoneGlobals.java:464)
11-07 17:03:47.423  1705  1705 D SubscriptionController: com.android.phone.PhoneApp.onCreate(PhoneApp.java:40)
11-07 17:03:47.423  1705  1705 D SubscriptionController: android.app.Instrumentation.callApplicationOnCreate(Instrumentation.java:1266)
11-07 17:03:47.423  1705  1705 D SubscriptionController: android.app.ActivityThread.handleBindApplication(ActivityThread.java:6822)
11-07 17:03:47.423  1705  1705 D SubscriptionController: android.app.ActivityThread.-$$Nest$mhandleBindApplication(Unknown Source:0)
11-07 17:03:47.423  1705  1705 D SubscriptionController: android.app.ActivityThread$H.handleMessage(ActivityThread.java:2167)
11-07 17:03:47.423  1705  1705 D SubscriptionController: android.os.Handler.dispatchMessage(Handler.java:106)
11-07 17:03:47.423  1705  1705 D SubscriptionController: android.os.Looper.loopOnce(Looper.java:201)
11-07 17:03:47.423  1705  1705 D SubscriptionController: android.os.Looper.loop(Looper.java:288)
11-07 17:03:47.423  1705  1705 D SubscriptionController: android.app.ActivityThread.main(ActivityThread.java:7937)
11-07 17:03:47.423  1705  1705 D SubscriptionController: java.lang.reflect.Method.invoke(Native Method)
11-07 17:03:47.423  1705  1705 D SubscriptionController: com.android.internal.os.RuntimeInit$MethodAndArgsCaller.run(RuntimeInit.java:569)
11-07 17:03:47.423  1705  1705 D SubscriptionController: com.android.internal.os.ZygoteInit.main(ZygoteInit.java:1015)
11-07 17:03:47.423  1705  1705 D SubscriptionController: [getSubId]- sSlotIndexToSubIds.size == 0, return null slotIndex=0
11-07 17:03:47.425  1251  2256 D TelephonyRegistry: listen oscl: mHasNotifySubscriptionInfoChangedOccurred==false no callback
11-07 17:03:47.425  1705  1705 D SubscriptionController: StackTrace - [getSubId]+ slotIndex=0
11-07 17:03:47.426  1705  1705 D SubscriptionController: com.android.internal.telephony.SubscriptionController.getSubId(SubscriptionController.java:2664)
11-07 17:03:47.426  1705  1705 D SubscriptionController: com.android.internal.telephony.SubscriptionController.getSubIdUsingPhoneId(SubscriptionController.java:3079)
11-07 17:03:47.426  1705  1705 D SubscriptionController: com.android.internal.telephony.Phone.getSubId(Phone.java:4167)
11-07 17:03:47.426  1705  1705 D SubscriptionController: com.android.internal.telephony.Phone.getAllowedNetworkTypes(Phone.java:2433)
11-07 17:03:47.426  1705  1705 D SubscriptionController: com.android.internal.telephony.CarrierServiceStateTracker.<init>(CarrierServiceStateTracker.java:124)
11-07 17:03:47.426  1705  1705 D SubscriptionController: com.android.internal.telephony.ServiceStateTracker.<init>(ServiceStateTracker.java:772)
11-07 17:03:47.426  1705  1705 D SubscriptionController: com.mediatek.internal.telephony.MtkServiceStateTracker.<init>(MtkServiceStateTracker.java:648)
11-07 17:03:47.426  1705  1705 D SubscriptionController: com.mediatek.internal.telephony.MtkTelephonyComponentFactory.makeServiceStateTracker(MtkTelephonyComponentFactory.java:208)
11-07 17:03:47.426  1705  1705 D SubscriptionController: com.android.internal.telephony.GsmCdmaPhone.<init>(GsmCdmaPhone.java:335)
11-07 17:03:47.426  1705  1705 D SubscriptionController: com.android.internal.telephony.GsmCdmaPhone.<init>(GsmCdmaPhone.java:299)
11-07 17:03:47.426  1705  1705 D SubscriptionController: com.mediatek.internal.telephony.MtkGsmCdmaPhone.<init>(MtkGsmCdmaPhone.java:386)
11-07 17:03:47.426  1705  1705 D SubscriptionController: com.mediatek.internal.telephony.MtkGsmCdmaPhone.<init>(MtkGsmCdmaPhone.java:424)
11-07 17:03:47.426  1705  1705 D SubscriptionController: com.mediatek.internal.telephony.MtkTelephonyComponentFactory.makePhone(MtkTelephonyComponentFactory.java:196)
11-07 17:03:47.426  1705  1705 D SubscriptionController: com.mediatek.internal.telephony.MtkTelephonyComponentFactory.makePhone(MtkTelephonyComponentFactory.java:181)
11-07 17:03:47.426  1705  1705 D SubscriptionController: com.android.internal.telephony.PhoneFactory.createPhone(PhoneFactory.java:356)
11-07 17:03:47.426  1705  1705 D SubscriptionController: com.android.internal.telephony.PhoneFactory.makeDefaultPhone(PhoneFactory.java:215)
11-07 17:03:47.426  1705  1705 D SubscriptionController: com.android.internal.telephony.PhoneFactory.makeDefaultPhones(PhoneFactory.java:108)
11-07 17:03:47.426  1705  1705 D SubscriptionController: com.android.phone.PhoneGlobals.onCreate(PhoneGlobals.java:464)
11-07 17:03:47.426  1705  1705 D SubscriptionController: com.android.phone.PhoneApp.onCreate(PhoneApp.java:40)
11-07 17:03:47.426  1705  1705 D SubscriptionController: android.app.Instrumentation.callApplicationOnCreate(Instrumentation.java:1266)
11-07 17:03:47.426  1705  1705 D SubscriptionController: android.app.ActivityThread.handleBindApplication(ActivityThread.java:6822)
11-07 17:03:47.426  1705  1705 D SubscriptionController: android.app.ActivityThread.-$$Nest$mhandleBindApplication(Unknown Source:0)
11-07 17:03:47.426  1705  1705 D SubscriptionController: android.app.ActivityThread$H.handleMessage(ActivityThread.java:2167)
11-07 17:03:47.427  1705  1705 D SubscriptionController: android.os.Handler.dispatchMessage(Handler.java:106)
11-07 17:03:47.427  1705  1705 D SubscriptionController: android.os.Looper.loopOnce(Looper.java:201)
11-07 17:03:47.427  1705  1705 D SubscriptionController: android.os.Looper.loop(Looper.java:288)
11-07 17:03:47.427  1705  1705 D SubscriptionController: android.app.ActivityThread.main(ActivityThread.java:7937)
11-07 17:03:47.427  1705  1705 D SubscriptionController: java.lang.reflect.Method.invoke(Native Method)
11-07 17:03:47.427  1705  1705 D SubscriptionController: com.android.internal.os.RuntimeInit$MethodAndArgsCaller.run(RuntimeInit.java:569)
11-07 17:03:47.427  1705  1705 D SubscriptionController: com.android.internal.os.ZygoteInit.main(ZygoteInit.java:1015)
11-07 17:03:47.427  1705  1705 D SubscriptionController: [getSubId]- sSlotIndexToSubIds.size == 0, return null slotIndex=0
11-07 17:03:47.428  1705  1705 D Phone   : [0] SubId-1,get allowed network types user: value = GPRS|EDGE|UMTS|HSDPA|HSUPA|HSPA|HSPA+|GSM
11-07 17:03:47.428  1705  1705 D SubscriptionController: StackTrace - [getSubId]+ slotIndex=0
11-07 17:03:47.428  1705  1705 D SubscriptionController: com.android.internal.telephony.SubscriptionController.getSubId(SubscriptionController.java:2664)
11-07 17:03:47.429  1705  1705 D SubscriptionController: com.android.internal.telephony.SubscriptionController.getSubIdUsingPhoneId(SubscriptionController.java:3079)
11-07 17:03:47.429  1705  1705 D SubscriptionController: com.android.internal.telephony.Phone.getSubId(Phone.java:4167)
11-07 17:03:47.429  1705  1705 D SubscriptionController: com.android.internal.telephony.CarrierServiceStateTracker.registerAllowedNetworkTypesListener(CarrierServiceStateTracker.java:139)
11-07 17:03:47.429  1705  1705 D SubscriptionController: com.android.internal.telephony.CarrierServiceStateTracker.<init>(CarrierServiceStateTracker.java:127)
11-07 17:03:47.429  1705  1705 D SubscriptionController: com.android.internal.telephony.ServiceStateTracker.<init>(ServiceStateTracker.java:772)
11-07 17:03:47.429  1705  1705 D SubscriptionController: com.mediatek.internal.telephony.MtkServiceStateTracker.<init>(MtkServiceStateTracker.java:648)
11-07 17:03:47.429  1705  1705 D SubscriptionController: com.mediatek.internal.telephony.MtkTelephonyComponentFactory.makeServiceStateTracker(MtkTelephonyComponentFactory.java:208)
11-07 17:03:47.429  1705  1705 D SubscriptionController: com.android.internal.telephony.GsmCdmaPhone.<init>(GsmCdmaPhone.java:335)
11-07 17:03:47.429  1705  1705 D SubscriptionController: com.android.internal.telephony.GsmCdmaPhone.<init>(GsmCdmaPhone.java:299)
11-07 17:03:47.429  1705  1705 D SubscriptionController: com.mediatek.internal.telephony.MtkGsmCdmaPhone.<init>(MtkGsmCdmaPhone.java:386)
11-07 17:03:47.429  1705  1705 D SubscriptionController: com.mediatek.internal.telephony.MtkGsmCdmaPhone.<init>(MtkGsmCdmaPhone.java:424)
11-07 17:03:47.429  1705  1705 D SubscriptionController: com.mediatek.internal.telephony.MtkTelephonyComponentFactory.makePhone(MtkTelephonyComponentFactory.java:196)
11-07 17:03:47.429  1705  1705 D SubscriptionController: com.mediatek.internal.telephony.MtkTelephonyComponentFactory.makePhone(MtkTelephonyComponentFactory.java:181)
11-07 17:03:47.429  1705  1705 D SubscriptionController: com.android.internal.telephony.PhoneFactory.createPhone(PhoneFactory.java:356)
11-07 17:03:47.429  1705  1705 D SubscriptionController: com.android.internal.telephony.PhoneFactory.makeDefaultPhone(PhoneFactory.java:215)
11-07 17:03:47.429  1705  1705 D SubscriptionController: com.android.internal.telephony.PhoneFactory.makeDefaultPhones(PhoneFactory.java:108)
11-07 17:03:47.429  1705  1705 D SubscriptionController: com.android.phone.PhoneGlobals.onCreate(PhoneGlobals.java:464)
11-07 17:03:47.429  1705  1705 D SubscriptionController: com.android.phone.PhoneApp.onCreate(PhoneApp.java:40)
11-07 17:03:47.429  1705  1705 D SubscriptionController: android.app.Instrumentation.callApplicationOnCreate(Instrumentation.java:1266)
11-07 17:03:47.429  1705  1705 D SubscriptionController: android.app.ActivityThread.handleBindApplication(ActivityThread.java:6822)
11-07 17:03:47.429  1705  1705 D SubscriptionController: android.app.ActivityThread.-$$Nest$mhandleBindApplication(Unknown Source:0)
11-07 17:03:47.429  1705  1705 D SubscriptionController: android.app.ActivityThread$H.handleMessage(ActivityThread.java:2167)
11-07 17:03:47.429  1705  1705 D SubscriptionController: android.os.Handler.dispatchMessage(Handler.java:106)
11-07 17:03:47.429  1705  1705 D SubscriptionController: android.os.Looper.loopOnce(Looper.java:201)
11-07 17:03:47.429  1705  1705 D SubscriptionController: android.os.Looper.loop(Looper.java:288)
11-07 17:03:47.429  1705  1705 D SubscriptionController: android.app.ActivityThread.main(ActivityThread.java:7937)
11-07 17:03:47.429  1705  1705 D SubscriptionController: java.lang.reflect.Method.invoke(Native Method)
11-07 17:03:47.429  1705  1705 D SubscriptionController: com.android.internal.os.RuntimeInit$MethodAndArgsCaller.run(RuntimeInit.java:569)
11-07 17:03:47.429  1705  1705 D SubscriptionController: com.android.internal.os.ZygoteInit.main(ZygoteInit.java:1015)
11-07 17:03:47.429  1705  1705 D SubscriptionController: [getSubId]- sSlotIndexToSubIds.size == 0, return null slotIndex=0
11-07 17:03:47.434  1705  1705 D SubscriptionController: [getDefaultDataSubId] subId=-1
11-07 17:03:47.434  1705  1705 D NrMap-0 : SIM not ready, use default carrier config.
11-07 17:03:47.435  1705  1705 D NrMap-0 : gps.nfw_proxy_apps: com.mediatek.gnss.nonframeworklbs
11-07 17:03:47.435  1705  1705 D NrMap-0 : mGnssProxyPackageName from carrierConfig: com.mediatek.gnss.nonframeworklbs
11-07 17:03:47.435  1705  1705 D NrMap-0 : swtichNrMap=false listening=false
11-07 17:03:47.444  1705  1705 D NrMap-0 : loadCityFromXml.onPreExecute: system_ext/etc/nr-city.xml
11-07 17:03:47.444  1705  1705 D NrMap-0 : notify MD about NR city 2
11-07 17:03:47.444  1705  1705 E MtkRILJ : getMtkRadioExServiceProxy: Not calling getService(): wifi-only
11-07 17:03:47.445  1705  2794 D NrMap-0 : [0]Record(/Beijing/cn)
11-07 17:03:47.446  1705  2794 D NrMap-0 : findByCityName Record[0] _id=1, mccmnc=, iso=cn, country_name=beijing
11-07 17:03:47.448  1705  1705 D NrMap-0 : proxyApp = com.mediatek.gnss.nonframeworklbs proxyAppLocationGranted = false
11-07 17:03:47.449  1705  1705 D NrMap-0 : NrMap set=0 permission=false
11-07 17:03:47.449  1705  1705 D SubscriptionController: StackTrace - [getSubId]+ slotIndex=0
11-07 17:03:47.449  1705  1705 D SubscriptionController: com.android.internal.telephony.SubscriptionController.getSubId(SubscriptionController.java:2664)
11-07 17:03:47.449  1705  1705 D SubscriptionController: com.android.internal.telephony.SubscriptionController.getSubIdUsingPhoneId(SubscriptionController.java:3079)
11-07 17:03:47.449  1705  1705 D SubscriptionController: com.android.internal.telephony.Phone.getSubId(Phone.java:4167)
11-07 17:03:47.449  1705  1705 D SubscriptionController: com.android.internal.telephony.emergency.EmergencyNumberTracker.<init>(EmergencyNumberTracker.java:172)
11-07 17:03:47.449  1705  1705 D SubscriptionController: com.android.internal.telephony.TelephonyComponentFactory.makeEmergencyNumberTracker(TelephonyComponentFactory.java:351)
11-07 17:03:47.449  1705  1705 D SubscriptionController: com.android.internal.telephony.GsmCdmaPhone.<init>(GsmCdmaPhone.java:337)
11-07 17:03:47.449  1705  1705 D SubscriptionController: com.android.internal.telephony.GsmCdmaPhone.<init>(GsmCdmaPhone.java:299)
11-07 17:03:47.449  1705  1705 D SubscriptionController: com.mediatek.internal.telephony.MtkGsmCdmaPhone.<init>(MtkGsmCdmaPhone.java:386)
11-07 17:03:47.449  1705  1705 D SubscriptionController: com.mediatek.internal.telephony.MtkGsmCdmaPhone.<init>(MtkGsmCdmaPhone.java:424)
11-07 17:03:47.449  1705  1705 D SubscriptionController: com.mediatek.internal.telephony.MtkTelephonyComponentFactory.makePhone(MtkTelephonyComponentFactory.java:196)
11-07 17:03:47.449  1705  1705 D SubscriptionController: com.mediatek.internal.telephony.MtkTelephonyComponentFactory.makePhone(MtkTelephonyComponentFactory.java:181)
11-07 17:03:47.449  1705  1705 D SubscriptionController: com.android.internal.telephony.PhoneFactory.createPhone(PhoneFactory.java:356)
11-07 17:03:47.449  1705  1705 D SubscriptionController: com.android.internal.telephony.PhoneFactory.makeDefaultPhone(PhoneFactory.java:215)
11-07 17:03:47.449  1705  1705 D SubscriptionController: com.android.internal.telephony.PhoneFactory.makeDefaultPhones(PhoneFactory.java:108)
11-07 17:03:47.449  1705  1705 D SubscriptionController: com.android.phone.PhoneGlobals.onCreate(PhoneGlobals.java:464)
11-07 17:03:47.449  1705  1705 D SubscriptionController: com.android.phone.PhoneApp.onCreate(PhoneApp.java:40)
11-07 17:03:47.449  1705  1705 D SubscriptionController: android.app.Instrumentation.callApplicationOnCreate(Instrumentation.java:1266)
11-07 17:03:47.449  1705  1705 D SubscriptionController: android.app.ActivityThread.handleBindApplication(ActivityThread.java:6822)
11-07 17:03:47.449  1705  1705 D SubscriptionController: android.app.ActivityThread.-$$Nest$mhandleBindApplication(Unknown Source:0)
11-07 17:03:47.449  1705  1705 D SubscriptionController: android.app.ActivityThread$H.handleMessage(ActivityThread.java:2167)
11-07 17:03:47.449  1705  1705 D SubscriptionController: android.os.Handler.dispatchMessage(Handler.java:106)
11-07 17:03:47.449  1705  1705 D SubscriptionController: android.os.Looper.loopOnce(Looper.java:201)
11-07 17:03:47.449  1705  1705 D SubscriptionController: android.os.Looper.loop(Looper.java:288)
11-07 17:03:47.449  1705  1705 D SubscriptionController: android.app.ActivityThread.main(ActivityThread.java:7937)
