

 --------- beginning of radio

11-07 22:26:45.466   953   953 I mipc_lib: SEND MSGID=0061 [SYS_SET_THERMAL_RUNTIME_REQ], TXID=0000 [thermal_core], DUMP=841954240000000001006100000008000101010001000000
11-07 22:26:45.466   953   953 D mipc_lib: write_bytes=-1
11-07 22:26:45.466   953   953 E mipc_lib: write error
11-07 22:26:58.655  1254  1254 D TelephonyRegistry: listen oscl: mHasNotifySubscriptionInfoChangedOccurred==false no callback
11-07 22:26:59.101  1254  1254 D TelephonyRegistry: listen oscl: mHasNotifySubscriptionInfoChangedOccurred==false no callback
11-07 22:26:59.473  1254  1413 D TelephonyRegistry: listen oscl: mHasNotifySubscriptionInfoChangedOccurred==false no callback
11-07 22:26:59.888  1254  1254 D TelephonyRegistry: listen oscl: mHasNotifySubscriptionInfoChangedOccurred==false no callback
11-07 22:26:59.936  1254  1414 D TelephonyRegistry: listen oscl: mHasNotifySubscriptionInfoChangedOccurred==false no callback
11-07 22:26:59.980  1254  1254 D TelephonyRegistry: listen oscl: mHasNotifySubscriptionInfoChangedOccurred==false no callback
11-07 22:27:00.004  1254  1278 W CarrierConfigManager: Error getting config for subId -1 ICarrierConfigLoader is null
11-07 22:27:00.087  1254  1254 D TelephonyRegistry: systemRunning register for intents
11-07 22:27:00.212  1254  1288 D TelephonyRegistry: listen oscl: mHasNotifySubscriptionInfoChangedOccurred==false no callback
11-07 22:27:00.455  1254  1274 D TelephonyRegistry: listen oscl: mHasNotifySubscriptionInfoChangedOccurred==false no callback
11-07 22:27:01.683  1613  1613 W CarrierConfigManager: Error getting config for subId -1 ICarrierConfigLoader is null
11-07 22:27:01.744  1819  1819 D IccProvider: class = class com.mediatek.internal.telephony.phb.MtkIccProvider
11-07 22:27:01.748  1819  1819 D IccProvider: constructor function = public com.mediatek.internal.telephony.phb.MtkIccProvider(android.content.UriMatcher,android.content.Context)
11-07 22:27:01.758  1819  1819 I MtkIccProvider: MtkIccProvider URL_MATCHER android.content.UriMatcher@6a7e194
11-07 22:27:01.829  1481  1481 W CarrierConfigManager: Error getting config for subId -1 ICarrierConfigLoader is null
11-07 22:27:01.883  1254  1910 D TelephonyRegistry: listen oscl: mHasNotifySubscriptionInfoChangedOccurred==false no callback
11-07 22:27:02.078  1254  1652 D TelephonyRegistry: listen oscl: mHasNotifySubscriptionInfoChangedOccurred==false no callback
11-07 22:27:02.736  1819  1819 W TelephonyComponentFactory: getValidatedPaths: com.mediatek.internal.telephony.MtkTelephonyComponentFactory ,/system/framework/mediatek-telephony-common.jar
11-07 22:27:02.736  1819  1819 W TelephonyComponentFactory: StructStatVfs: 4101 ,1
11-07 22:27:02.737  1819  1819 D TelephonyComponentFactory: validated paths: /system/framework/mediatek-telephony-common.jar
11-07 22:27:02.903  1819  1819 D PersistAtomsStorage: created new PersistAtoms
11-07 22:27:03.019  1819  1819 D MtkTelephonyComponentFactory: makeDefaultPhoneNotifier mtk
11-07 22:27:03.019  1819  1819 D MtkPhoneNotifr: constructor
11-07 22:27:03.019  1819  1819 D MtkTelephonyRegistryEx: publish: com.mediatek.internal.telephony.MtkTelephonyRegistryEx@3634254
11-07 22:27:03.048  1819  1819 D CdmaSSM : subscriptionSource from settings: 0
11-07 22:27:03.049  1819  1819 I PhoneFactory: Cdma Subscription set to 0
11-07 22:27:03.049  1819  1819 I PhoneFactory: Network Mode set to 0
11-07 22:27:03.080  1819  1819 D RILJ    : RIL: init allowedNetworkTypes=0 cdmaSubscription=0) [PHONEnull]
11-07 22:27:03.214  1819  1819 I MtkRILJ : getRadioServiceProxy wait for MtkRIL [PHONE0]
11-07 22:27:03.214  1819  1819 I MtkRILJ : getRadioProxy wait for MtkRIL
11-07 22:27:03.214  1819  1819 I MtkRILJ : getRadioServiceProxy wait for MtkRIL [PHONE0]
11-07 22:27:03.214  1819  1819 I MtkRILJ : getRadioServiceProxy wait for MtkRIL [PHONE0]
11-07 22:27:03.214  1819  1819 I MtkRILJ : getRadioServiceProxy wait for MtkRIL [PHONE0]
11-07 22:27:03.214  1819  1819 I MtkRILJ : getRadioServiceProxy wait for MtkRIL [PHONE0]
11-07 22:27:03.214  1819  1819 I MtkRILJ : getRadioServiceProxy wait for MtkRIL [PHONE0]
11-07 22:27:03.214  1819  1819 I MtkRILJ : getRadioServiceProxy wait for MtkRIL [PHONE0]
11-07 22:27:03.214  1819  1819 D RILJ    : Radio HAL version: -1.-1 [PHONE0]
11-07 22:27:03.216  1819  1819 D MtkRILJ : constructor: sub = 0
11-07 22:27:03.298  1819  1819 D MtkRILJ : getMtkRadioExProxy:Not calling getService(): wifi-only [PHONE0]
11-07 22:27:03.308  1819  1819 E MtkRILJ : getMtkRadioExServiceProxy: Not calling getService(): wifi-only
11-07 22:27:03.308  1819  1819 E MtkRILJ : getMtkRadioExServiceProxy: Not calling getService(): wifi-only
11-07 22:27:03.308  1819  1819 E MtkRILJ : getMtkRadioExServiceProxy: Not calling getService(): wifi-only
11-07 22:27:03.308  1819  1819 E MtkRILJ : getMtkRadioExServiceProxy: Not calling getService(): wifi-only
11-07 22:27:03.308  1819  1819 E MtkRILJ : getMtkRadioExServiceProxy: Not calling getService(): wifi-only
11-07 22:27:03.308  1819  1819 E MtkRILJ : getMtkRadioExServiceProxy: Not calling getService(): wifi-only
11-07 22:27:03.308  1819  1819 D MtkRILJ : getRilOp
11-07 22:27:03.308  1819  1819 D MtkRILJ : mMtkRilOp init fail, because OM load
11-07 22:27:03.599  1819  1819 D ImsManager: constructor function = private com.mediatek.ims.internal.MtkImsManager(android.content.Context,int)
11-07 22:27:03.851  1819  1819 D MtkImsManager [-1]: createMtkImsService binder is null
11-07 22:27:03.885  1819  1819 W FeatureConnector: [InstanceManager, -1] connect: not supported.
11-07 22:27:03.895  1819  2505 I ImsManagerIM [-1]: connectionUnavailable, reason: 2
11-07 22:27:03.902  1819  1819 D SubscriptionManager: [getSubId]- fail
11-07 22:27:03.903  1819  1819 W CarrierConfigManager: Error getting config for subId -1 ICarrierConfigLoader is null
11-07 22:27:03.903  1819  1819 D SubscriptionManager: [getSubId]- fail
11-07 22:27:03.904  1819  1819 D SubscriptionManager: [getSubId]- fail
11-07 22:27:03.904  1819  1819 W CarrierConfigManager: Error getting config for subId -1 ICarrierConfigLoader is null
11-07 22:27:03.904  1819  1819 D ImsManagerIM [-1]: getWfcMode - setting=2
11-07 22:27:03.905  1819  1819 D ImsManager: constructor function = private com.mediatek.ims.internal.MtkImsManager(android.content.Context,int)
11-07 22:27:03.905  1819  1819 D MtkImsManager [0]: createMtkImsService binder is null
11-07 22:27:03.907  1819  1819 W FeatureConnector: [InstanceManager, 0] connect: not supported.
11-07 22:27:03.958  1819  1819 D ImsManagerIM [0]: ImsService not up yet - timeout waiting for connection.
11-07 22:27:03.958  1819  1819 D RadioManager: [RadioManager] Initialize RadioManager under airplane mode:0 wifi only mode:2 wifi mode: falsephoneCount:1
11-07 22:27:03.958  1819  1819 D RadioManager: [RadioManager] Convert phoneCount 1 into bitmap 1
11-07 22:27:03.963  1819  1819 D ImsSwitchController: Initialize ImsSwitchController enter
11-07 22:27:03.964  1819  1819 E MtkRILJ : getMtkRadioExServiceProxy: Not calling getService(): wifi-only
11-07 22:27:03.964  1819  1819 D RadioManager: [RadioManager] Not BSP Package, register intent!!!
11-07 22:27:04.039  1819  1819 D RatConfig: getMaxRat: initial no 0
11-07 22:27:04.041  1819  1819 D RatConfig: getActiveRatConfig: 
11-07 22:27:04.046  1819  2531 I RadioManager: PowerIdleState: enter
11-07 22:27:04.159  1819  1819 D MtkTelephonyComponentFactory: makeUiccController mtk
11-07 22:27:04.170  1819  1819 D UiccController: Creating UiccController
11-07 22:27:04.170  1819  1819 D UiccController: config_num_physical_slots = 1
11-07 22:27:04.341  1819  1819 D PinStorage: KeyStore: alias PinStorage_longTerm_always_key exists
11-07 22:27:04.341  1819  1819 D PinStorage: onDeviceReady
11-07 22:27:04.347  1819  1819 D PinStorage: KeyStore: alias PinStorage_shortTerm_key does not exist - Nothing to do
11-07 22:27:04.358  1819  1819 D MtkUiccCtrl: Creating MtkUiccController
11-07 22:27:04.509  1819  1819 D SubscriptionController: [getDefaultDataSubId] subId=-1
11-07 22:27:04.509  1819  1819 D MtkSubCtrl: [getDefaultSubId] NOT VoiceCapable subId=-1
11-07 22:27:04.509  1819  1819 D MtkSubCtrl: [isActiveSubId]- false
11-07 22:27:04.509  1819  1819 D MtkSubCtrl: [getDefaultSubId] NOT active use fall back subId=-1
11-07 22:27:04.509  1819  1819 V SubscriptionController: [getDefaultSubId]- value = -1
11-07 16:57:13.182  1819  1819 D MtkSubCtrl: [SubscriptionController] init by Context
11-07 16:57:13.183  1819  1819 D SubscriptionController: [getDefaultVoiceSubId] subId=-1
11-07 16:57:13.183  1819  1819 D SubscriptionController: [getDefaultVoiceSubId] subId=-1
11-07 16:57:13.183  1819  1819 D SubscriptionController: [getDefaultVoiceSubId] subId=-1
11-07 16:57:13.183  1819  1819 D SubscriptionController: [getDefaultVoiceSubId] subId=-1
11-07 16:57:13.183  1819  1819 D SubscriptionController: [getDefaultVoiceSubId] subId=-1
11-07 16:57:13.183  1819  1819 D SubscriptionController: [getDefaultVoiceSubId] subId=-1
11-07 16:57:13.183  1819  1819 D MtkSubCtrl: mtkInit, sInstance = com.mediatek.internal.telephony.MtkSubscriptionController@25320ee
11-07 16:57:13.293  1819  1819 D MtkSubscriptionControllerEx: [MtkSubscriptionControllerEx] init by Context, this = com.mediatek.internal.telephony.MtkSubscriptionControllerEx@781b98f
11-07 16:57:13.293  1819  1819 D MtkSubscriptionControllerEx: [MtkSubscriptionControllerEx] init by Context
11-07 16:57:13.293  1819  1819 D MtkSubscriptionControllerEx: [MtkSubscriptionControllerEx] sInstance = com.mediatek.internal.telephony.MtkSubscriptionControllerEx@781b98f
11-07 16:57:13.293  1819  1819 D MtkTelephonyComponentFactory: makeMultiSimSettingController mtk
11-07 16:57:13.451  1819  2290 D SubscriptionController: [getDefaultDataSubId] subId=-1
11-07 16:57:13.451  1819  2290 D MtkSubCtrl: [getDefaultSubId] NOT VoiceCapable subId=-1
11-07 16:57:13.453  1819  2290 D MtkSubCtrl: [isActiveSubId]- false
11-07 16:57:13.453  1819  2290 D MtkSubCtrl: [getDefaultSubId] NOT active use fall back subId=-1
11-07 16:57:13.453  1819  2290 V SubscriptionController: [getDefaultSubId]- value = -1
11-07 16:57:13.517  1819  1819 D DSSelector: DataSubSelector is created
11-07 16:57:13.546  1819  2290 D SubscriptionController: [getDefaultDataSubId] subId=-1
11-07 16:57:13.549  1613  1953 W CarrierConfigManager: Error getting config for subId -1 ICarrierConfigLoader is null
11-07 16:57:13.573  1819  1819 D MtkTelephonyManagerEx: simSwitchMode result = 3
11-07 16:57:13.577  1819  1819 I PhoneFactory: Creating Phone with type = 1 phoneId = 0
11-07 16:57:13.579  1819  1819 D TelephonyTester: register for intent action=com.mediatek.internal.telephony.action_detached
11-07 16:57:13.579  1819  1819 D TelephonyTester: register for intent action=com.mediatek.internal.telephony.action_attached
11-07 16:57:13.579  1819  1819 D TelephonyTester: register for intent action=com.android.internal.telephony.TestServiceState
11-07 16:57:13.579  1819  1819 D TelephonyTester: register for intent action=com.android.internal.telephony.TestChangeNumber
11-07 16:57:13.580  1819  1819 D Phone   : mDoesRilSendMultipleCallRing=true
11-07 16:57:13.865  1819  1819 D GsmCdmaCallTkr: Reset mWaitForHoldToRedialRequest variables
11-07 16:57:13.974  1819  1819 E WAP PUSH: bindService() for wappush manager failed
11-07 16:57:13.976  1819  1819 D m.android.phone: created InboundSmsHandler
11-07 16:57:14.071  1819  2806 W CarrierConfigManager: Error getting config for subId -1 ICarrierConfigLoader is null
11-07 16:57:14.071  1819  2806 D MtkSmsBroadcastUndelivered: scanning raw table for undelivered messages
11-07 16:57:14.246  1819  1819 D SubscriptionController: StackTrace - [getSubId]+ slotIndex=0
11-07 16:57:14.321  1819  1819 D CarrierActionAgent: [0]Creating CarrierActionAgent
11-07 16:57:14.322  1819  1819 D SubscriptionController: StackTrace - [getSubId]+ slotIndex=0
11-07 16:57:14.331  1819  1819 D SubscriptionController: com.android.internal.telephony.SubscriptionController.getSubId(SubscriptionController.java:2664)
11-07 16:57:14.331  1819  1819 D SubscriptionController: com.android.internal.telephony.SubscriptionController.getSubIdUsingPhoneId(SubscriptionController.java:3079)
11-07 16:57:14.331  1819  1819 D SubscriptionController: com.android.internal.telephony.Phone.getSubId(Phone.java:4167)
11-07 16:57:14.331  1819  1819 D SubscriptionController: com.android.internal.telephony.CarrierSignalAgent.loadCarrierConfig(CarrierSignalAgent.java:215)
11-07 16:57:14.331  1819  1819 D SubscriptionController: com.android.internal.telephony.CarrierSignalAgent.<init>(CarrierSignalAgent.java:146)
11-07 16:57:14.331  1819  1819 D SubscriptionController: com.android.internal.telephony.TelephonyComponentFactory.makeCarrierSignalAgent(TelephonyComponentFactory.java:372)
11-07 16:57:14.331  1819  1819 D SubscriptionController: com.android.internal.telephony.GsmCdmaPhone.<init>(GsmCdmaPhone.java:323)
11-07 16:57:14.331  1819  1819 D SubscriptionController: com.android.internal.telephony.GsmCdmaPhone.<init>(GsmCdmaPhone.java:299)
11-07 16:57:14.331  1819  1819 D SubscriptionController: com.mediatek.internal.telephony.MtkGsmCdmaPhone.<init>(MtkGsmCdmaPhone.java:386)
11-07 16:57:14.331  1819  1819 D SubscriptionController: com.mediatek.internal.telephony.MtkGsmCdmaPhone.<init>(MtkGsmCdmaPhone.java:424)
11-07 16:57:14.331  1819  1819 D SubscriptionController: com.mediatek.internal.telephony.MtkTelephonyComponentFactory.makePhone(MtkTelephonyComponentFactory.java:196)
11-07 16:57:14.331  1819  1819 D SubscriptionController: com.mediatek.internal.telephony.MtkTelephonyComponentFactory.makePhone(MtkTelephonyComponentFactory.java:181)
11-07 16:57:14.331  1819  1819 D SubscriptionController: com.android.internal.telephony.PhoneFactory.createPhone(PhoneFactory.java:356)
11-07 16:57:14.331  1819  1819 D SubscriptionController: com.android.internal.telephony.PhoneFactory.makeDefaultPhone(PhoneFactory.java:215)
11-07 16:57:14.331  1819  1819 D SubscriptionController: com.android.internal.telephony.PhoneFactory.makeDefaultPhones(PhoneFactory.java:108)
11-07 16:57:14.331  1819  1819 D SubscriptionController: com.android.phone.PhoneGlobals.onCreate(PhoneGlobals.java:464)
11-07 16:57:14.331  1819  1819 D SubscriptionController: com.android.phone.PhoneApp.onCreate(PhoneApp.java:40)
11-07 16:57:14.331  1819  1819 D SubscriptionController: android.app.Instrumentation.callApplicationOnCreate(Instrumentation.java:1266)
11-07 16:57:14.331  1819  1819 D SubscriptionController: android.app.ActivityThread.handleBindApplication(ActivityThread.java:6822)
11-07 16:57:14.331  1819  1819 D SubscriptionController: android.app.ActivityThread.-$$Nest$mhandleBindApplication(Unknown Source:0)
11-07 16:57:14.331  1819  1819 D SubscriptionController: android.app.ActivityThread$H.handleMessage(ActivityThread.java:2167)
11-07 16:57:14.331  1819  1819 D SubscriptionController: android.os.Handler.dispatchMessage(Handler.java:106)
11-07 16:57:14.331  1819  1819 D SubscriptionController: android.os.Looper.loopOnce(Looper.java:201)
11-07 16:57:14.331  1819  1819 D SubscriptionController: android.os.Looper.loop(Looper.java:288)
11-07 16:57:14.331  1819  1819 D SubscriptionController: android.app.ActivityThread.main(ActivityThread.java:7937)
11-07 16:57:14.331  1819  1819 D SubscriptionController: java.lang.reflect.Method.invoke(Native Method)
11-07 16:57:14.331  1819  1819 D SubscriptionController: com.android.internal.os.RuntimeInit$MethodAndArgsCaller.run(RuntimeInit.java:569)
11-07 16:57:14.331  1819  1819 D SubscriptionController: com.android.internal.os.ZygoteInit.main(ZygoteInit.java:1015)
11-07 16:57:14.331  1819  1819 D SubscriptionController: [getSubId]- sSlotIndexToSubIds.size == 0, return null slotIndex=0
11-07 16:57:14.341  1819  1819 D ANM-0   : operates in AP-assisted mode.
11-07 16:57:14.403  1819  1819 D SubscriptionController: StackTrace - [getSubId]+ slotIndex=0
11-07 16:57:14.404  1819  1819 D SubscriptionController: com.android.internal.telephony.SubscriptionController.getSubId(SubscriptionController.java:2664)
11-07 16:57:14.404  1819  1819 D SubscriptionController: com.android.internal.telephony.SubscriptionController.getSubIdUsingPhoneId(SubscriptionController.java:3079)
11-07 16:57:14.404  1819  1819 D SubscriptionController: com.android.internal.telephony.Phone.getSubId(Phone.java:4167)
11-07 16:57:14.404  1819  1819 D SubscriptionController: com.android.internal.telephony.RatRatcheter.resetRatFamilyMap(RatRatcheter.java:203)
11-07 16:57:14.404  1819  1819 D SubscriptionController: com.android.internal.telephony.RatRatcheter.<init>(RatRatcheter.java:94)
11-07 16:57:14.404  1819  1819 D SubscriptionController: com.android.internal.telephony.ServiceStateTracker.<init>(ServiceStateTracker.java:709)
11-07 16:57:14.404  1819  1819 D SubscriptionController: com.mediatek.internal.telephony.MtkServiceStateTracker.<init>(MtkServiceStateTracker.java:648)
11-07 16:57:14.404  1819  1819 D SubscriptionController: com.mediatek.internal.telephony.MtkTelephonyComponentFactory.makeServiceStateTracker(MtkTelephonyComponentFactory.java:208)
11-07 16:57:14.404  1819  1819 D SubscriptionController: com.android.internal.telephony.GsmCdmaPhone.<init>(GsmCdmaPhone.java:335)
11-07 16:57:14.404  1819  1819 D SubscriptionController: com.android.internal.telephony.GsmCdmaPhone.<init>(GsmCdmaPhone.java:299)
11-07 16:57:14.404  1819  1819 D SubscriptionController: com.mediatek.internal.telephony.MtkGsmCdmaPhone.<init>(MtkGsmCdmaPhone.java:386)
11-07 16:57:14.404  1819  1819 D SubscriptionController: com.mediatek.internal.telephony.MtkGsmCdmaPhone.<init>(MtkGsmCdmaPhone.java:424)
11-07 16:57:14.404  1819  1819 D SubscriptionController: com.mediatek.internal.telephony.MtkTelephonyComponentFactory.makePhone(MtkTelephonyComponentFactory.java:196)
11-07 16:57:14.404  1819  1819 D SubscriptionController: com.mediatek.internal.telephony.MtkTelephonyComponentFactory.makePhone(MtkTelephonyComponentFactory.java:181)
11-07 16:57:14.404  1819  1819 D SubscriptionController: com.android.internal.telephony.PhoneFactory.createPhone(PhoneFactory.java:356)
11-07 16:57:14.404  1819  1819 D SubscriptionController: com.android.internal.telephony.PhoneFactory.makeDefaultPhone(PhoneFactory.java:215)
11-07 16:57:14.404  1819  1819 D SubscriptionController: com.android.internal.telephony.PhoneFactory.makeDefaultPhones(PhoneFactory.java:108)
11-07 16:57:14.404  1819  1819 D SubscriptionController: com.android.phone.PhoneGlobals.onCreate(PhoneGlobals.java:464)
11-07 16:57:14.404  1819  1819 D SubscriptionController: com.android.phone.PhoneApp.onCreate(PhoneApp.java:40)
11-07 16:57:14.404  1819  1819 D SubscriptionController: android.app.Instrumentation.callApplicationOnCreate(Instrumentation.java:1266)
11-07 16:57:14.404  1819  1819 D SubscriptionController: android.app.ActivityThread.handleBindApplication(ActivityThread.java:6822)
11-07 16:57:14.404  1819  1819 D SubscriptionController: android.app.ActivityThread.-$$Nest$mhandleBindApplication(Unknown Source:0)
11-07 16:57:14.404  1819  1819 D SubscriptionController: android.app.ActivityThread$H.handleMessage(ActivityThread.java:2167)
11-07 16:57:14.405  1819  1819 D SubscriptionController: android.os.Handler.dispatchMessage(Handler.java:106)
11-07 16:57:14.405  1819  1819 D SubscriptionController: android.os.Looper.loopOnce(Looper.java:201)
11-07 16:57:14.424  1254  1651 D TelephonyRegistry: listen oscl: mHasNotifySubscriptionInfoChangedOccurred==false no callback
11-07 16:57:14.425  1819  1819 D NRM-C-0 : registerForNetworkRegistrationInfoChanged
11-07 16:57:14.427  1819  1819 D NRM-I-0 : registerForNetworkRegistrationInfoChanged
11-07 16:57:49.200  1819  1819 D MTKSST  : [GsmSST0] notifyVoiceRegStateRilRadioTechnologyChanged: vrs=1 rat=0
11-07 16:57:49.200  1819  1819 D SubscriptionController: StackTrace - [getSubId]+ slotIndex=0
11-07 16:57:49.200  1819  1819 D SubscriptionController: com.android.internal.telephony.SubscriptionController.getSubId(SubscriptionController.java:2664)
11-07 16:57:49.201  1819  1819 D SubscriptionController: com.android.internal.telephony.SubscriptionController.getSubIdUsingPhoneId(SubscriptionController.java:3079)
11-07 16:57:49.201  1819  1819 D SubscriptionController: com.android.internal.telephony.Phone.getSubId(Phone.java:4167)
11-07 16:57:49.201  1819  1819 D SubscriptionController: com.android.internal.telephony.CarrierServiceStateTracker.<init>(CarrierServiceStateTracker.java:104)
11-07 16:57:49.201  1819  1819 D SubscriptionController: com.android.internal.telephony.ServiceStateTracker.<init>(ServiceStateTracker.java:772)
11-07 16:57:49.201  1819  1819 D SubscriptionController: com.mediatek.internal.telephony.MtkServiceStateTracker.<init>(MtkServiceStateTracker.java:648)
11-07 16:57:49.201  1819  1819 D SubscriptionController: com.mediatek.internal.telephony.MtkTelephonyComponentFactory.makeServiceStateTracker(MtkTelephonyComponentFactory.java:208)
11-07 16:57:49.201  1819  1819 D SubscriptionController: com.android.internal.telephony.GsmCdmaPhone.<init>(GsmCdmaPhone.java:335)
11-07 16:57:49.201  1819  1819 D SubscriptionController: com.android.internal.telephony.GsmCdmaPhone.<init>(GsmCdmaPhone.java:299)
11-07 16:57:49.201  1819  1819 D SubscriptionController: com.mediatek.internal.telephony.MtkGsmCdmaPhone.<init>(MtkGsmCdmaPhone.java:386)
11-07 16:57:49.201  1819  1819 D SubscriptionController: com.mediatek.internal.telephony.MtkGsmCdmaPhone.<init>(MtkGsmCdmaPhone.java:424)
11-07 16:57:49.201  1819  1819 D SubscriptionController: com.mediatek.internal.telephony.MtkTelephonyComponentFactory.makePhone(MtkTelephonyComponentFactory.java:196)
11-07 16:57:49.201  1819  1819 D SubscriptionController: com.mediatek.internal.telephony.MtkTelephonyComponentFactory.makePhone(MtkTelephonyComponentFactory.java:181)
11-07 16:57:49.201  1819  1819 D SubscriptionController: com.android.internal.telephony.PhoneFactory.createPhone(PhoneFactory.java:356)
11-07 16:57:49.201  1819  1819 D SubscriptionController: com.android.internal.telephony.PhoneFactory.makeDefaultPhone(PhoneFactory.java:215)
11-07 16:57:49.201  1819  1819 D SubscriptionController: com.android.internal.telephony.PhoneFactory.makeDefaultPhones(PhoneFactory.java:108)
11-07 16:57:49.201  1819  1819 D SubscriptionController: com.android.phone.PhoneGlobals.onCreate(PhoneGlobals.java:464)
11-07 16:57:49.201  1819  1819 D SubscriptionController: com.android.phone.PhoneApp.onCreate(PhoneApp.java:40)
11-07 16:57:49.201  1819  1819 D SubscriptionController: android.app.Instrumentation.callApplicationOnCreate(Instrumentation.java:1266)
11-07 16:57:49.201  1819  1819 D SubscriptionController: android.app.ActivityThread.handleBindApplication(ActivityThread.java:6822)
11-07 16:57:49.201  1819  1819 D SubscriptionController: android.app.ActivityThread.-$$Nest$mhandleBindApplication(Unknown Source:0)
11-07 16:57:49.201  1819  1819 D SubscriptionController: android.app.ActivityThread$H.handleMessage(ActivityThread.java:2167)
11-07 16:57:49.201  1819  1819 D SubscriptionController: android.os.Handler.dispatchMessage(Handler.java:106)
11-07 16:57:49.201  1819  1819 D SubscriptionController: android.os.Looper.loopOnce(Looper.java:201)
11-07 16:57:49.201  1819  1819 D SubscriptionController: android.os.Looper.loop(Looper.java:288)
11-07 16:57:49.201  1819  1819 D SubscriptionController: android.app.ActivityThread.main(ActivityThread.java:7937)
11-07 16:57:49.201  1819  1819 D SubscriptionController: java.lang.reflect.Method.invoke(Native Method)
11-07 16:57:49.201  1819  1819 D SubscriptionController: com.android.internal.os.RuntimeInit$MethodAndArgsCaller.run(RuntimeInit.java:569)
11-07 16:57:49.201  1819  1819 D SubscriptionController: com.android.internal.os.ZygoteInit.main(ZygoteInit.java:1015)
11-07 16:57:49.201  1819  1819 D SubscriptionController: [getSubId]- sSlotIndexToSubIds.size == 0, return null slotIndex=0
11-07 16:57:49.563  1819  1819 D SubscriptionController: com.android.internal.telephony.SubscriptionController.getSubId(SubscriptionController.java:2664)
11-07 16:57:49.565  1819  1819 D SubscriptionController: com.android.internal.telephony.SubscriptionController.getSubIdUsingPhoneId(SubscriptionController.java:3079)
11-07 16:57:49.566  1819  1819 D SubscriptionController: com.android.internal.telephony.Phone.getSubId(Phone.java:4167)
11-07 16:57:49.566  1819  1819 D SubscriptionController: com.android.internal.telephony.emergency.EmergencyNumberTracker.<init>(EmergencyNumberTracker.java:172)
11-07 16:57:49.566  1819  1819 D SubscriptionController: com.android.internal.telephony.TelephonyComponentFactory.makeEmergencyNumberTracker(TelephonyComponentFactory.java:351)
11-07 16:57:49.566  1819  1819 D SubscriptionController: com.android.internal.telephony.GsmCdmaPhone.<init>(GsmCdmaPhone.java:337)
11-07 16:57:49.567  1819  1819 D SubscriptionController: com.mediatek.internal.telephony.MtkTelephonyComponentFactory.makePhone(MtkTelephonyComponentFactory.java:196)
11-07 16:57:49.568  1819  1819 D SubscriptionController: com.mediatek.internal.telephony.MtkTelephonyComponentFactory.makePhone(MtkTelephonyComponentFactory.java:181)
11-07 16:57:49.568  1819  1819 D SubscriptionController: com.android.internal.telephony.PhoneFactory.createPhone(PhoneFactory.java:356)
11-07 16:57:49.568  1819  1819 D SubscriptionController: com.android.internal.telephony.PhoneFactory.makeDefaultPhone(PhoneFactory.java:215)
11-07 16:57:49.568  1819  1819 D SubscriptionController: com.android.internal.telephony.PhoneFactory.makeDefaultPhones(PhoneFactory.java:108)
11-07 16:57:49.568  1819  1819 D SubscriptionController: com.android.phone.PhoneGlobals.onCreate(PhoneGlobals.java:464)
11-07 16:57:49.568  1819  1819 D SubscriptionController: android.app.ActivityThread.-$$Nest$mhandleBindApplication(Unknown Source:0)
11-07 16:57:49.569  1819  1819 D SubscriptionController: android.app.ActivityThread$H.handleMessage(ActivityThread.java:2167)
11-07 16:57:49.569  1819  1819 D SubscriptionController: android.os.Handler.dispatchMessage(Handler.java:106)
11-07 16:57:49.569  1819  1819 D SubscriptionController: com.android.internal.os.ZygoteInit.main(ZygoteInit.java:1015)
11-07 16:57:49.595  1819  1819 D SubscriptionController: [getSubId]- sSlotIndexToSubIds.size == 0, return null slotIndex=0
11-07 16:57:49.595  1819  1819 W CarrierConfigManager: Error getting config for subId -1 ICarrierConfigLoader is null
11-07 16:57:49.842  1819  1819 D SubscriptionController: StackTrace - [getSubId]+ slotIndex=0
11-07 16:57:49.847  1819  1819 D SubscriptionController: com.android.internal.telephony.SubscriptionController.getSubId(SubscriptionController.java:2664)
11-07 16:57:49.847  1819  1819 D SubscriptionController: com.android.internal.telephony.SubscriptionController.getSubIdUsingPhoneId(SubscriptionController.java:3079)
11-07 16:57:49.847  1819  1819 D SubscriptionController: com.android.internal.telephony.Phone.getSubId(Phone.java:4167)
11-07 16:57:49.847  1819  1819 D SubscriptionController: com.android.internal.telephony.data.DataServiceManager.getDataServicePackageName(DataServiceManager.java:590)
11-07 16:57:49.847  1819  1819 D SubscriptionController: com.android.internal.telephony.data.DataServiceManager.getDataServicePackageName(DataServiceManager.java:553)
11-07 16:57:49.847  1819  1819 D SubscriptionController: com.android.internal.telephony.data.DataServiceManager.rebindDataService(DataServiceManager.java:518)
11-07 16:57:49.871  1819  1819 D SubscriptionController: com.android.internal.telephony.data.DataServiceManager.<init>(DataServiceManager.java:425)
11-07 16:57:49.871  1819  1819 D SubscriptionController: com.android.internal.telephony.data.DataNetworkController.<init>(DataNetworkController.java:781)
11-07 16:57:49.871  1819  1819 D SubscriptionController: com.mediatek.internal.telephony.data.MtkDataNetworkController.<init>(MtkDataNetworkController.java:111)
11-07 16:57:49.871  1819  1819 D SubscriptionController: com.mediatek.internal.telephony.MtkTelephonyComponentFactory.makeDataNetworkController(MtkTelephonyComponentFactory.java:504)
11-07 16:57:49.871  1819  1819 D SubscriptionController: com.android.internal.telephony.GsmCdmaPhone.<init>(GsmCdmaPhone.java:354)
11-07 16:57:49.871  1819  1819 D SubscriptionController: com.android.internal.telephony.GsmCdmaPhone.<init>(GsmCdmaPhone.java:299)
11-07 16:57:49.871  1819  1819 D SubscriptionController: com.mediatek.internal.telephony.MtkGsmCdmaPhone.<init>(MtkGsmCdmaPhone.java:386)
11-07 16:57:49.871  1819  1819 D SubscriptionController: com.mediatek.internal.telephony.MtkGsmCdmaPhone.<init>(MtkGsmCdmaPhone.java:424)
11-07 16:57:49.871  1819  1819 D SubscriptionController: com.mediatek.internal.telephony.MtkTelephonyComponentFactory.makePhone(MtkTelephonyComponentFactory.java:196)
11-07 16:57:49.871  1819  1819 D SubscriptionController: com.mediatek.internal.telephony.MtkTelephonyComponentFactory.makePhone(MtkTelephonyComponentFactory.java:181)
11-07 16:57:49.871  1819  1819 D SubscriptionController: com.android.internal.telephony.PhoneFactory.createPhone(PhoneFactory.java:356)
11-07 16:57:49.871  1819  1819 D SubscriptionController: com.android.internal.telephony.PhoneFactory.makeDefaultPhone(PhoneFactory.java:215)
11-07 16:57:49.871  1819  1819 D SubscriptionController: com.android.internal.telephony.PhoneFactory.makeDefaultPhones(PhoneFactory.java:108)
11-07 16:57:49.871  1819  1819 D SubscriptionController: com.android.phone.PhoneGlobals.onCreate(PhoneGlobals.java:464)
11-07 16:57:49.871  1819  1819 D SubscriptionController: com.android.phone.PhoneApp.onCreate(PhoneApp.java:40)
11-07 16:57:49.881  1819  1819 D SubscriptionController: com.android.internal.telephony.SubscriptionController.getSubId(SubscriptionController.java:2664)
11-07 16:57:49.881  1819  1819 D SubscriptionController: com.android.internal.telephony.SubscriptionController.getSubIdUsingPhoneId(SubscriptionController.java:3079)
11-07 16:57:49.886  1819  1819 D SubscriptionController: com.android.internal.telephony.data.DataServiceManager.revokePermissionsFromUnusedDataServices(DataServiceManager.java:195)
11-07 16:57:49.886  1819  1819 D SubscriptionController: com.android.internal.telephony.data.DataServiceManager.unbindDataService(DataServiceManager.java:460)
11-07 16:57:49.887  1819  1819 D SubscriptionController: com.android.phone.PhoneApp.onCreate(PhoneApp.java:40)
11-07 16:57:50.068  1819  1819 D SubscriptionController: com.android.internal.telephony.SubscriptionController.getSubId(SubscriptionController.java:2664)
11-07 16:57:50.068  1819  1819 D SubscriptionController: com.android.internal.telephony.SubscriptionController.getSubIdUsingPhoneId(SubscriptionController.java:3079)
11-07 16:57:50.068  1819  1819 D SubscriptionController: com.android.internal.telephony.Phone.getSubId(Phone.java:4167)
11-07 16:57:50.068  1819  1819 D SubscriptionController: com.android.internal.telephony.data.DataConfigManager.updateCarrierConfig(DataConfigManager.java:391)
11-07 16:57:50.068  1819  1819 D SubscriptionController: com.android.internal.telephony.data.DataConfigManager.<init>(DataConfigManager.java:323)
11-07 16:57:50.068  1819  1819 D SubscriptionController: com.mediatek.internal.telephony.data.MtkDataConfigManager.<init>(MtkDataConfigManager.java:78)
11-07 16:57:50.068  1819  1819 D SubscriptionController: com.mediatek.internal.telephony.MtkTelephonyComponentFactory.makeDataConfigManager(MtkTelephonyComponentFactory.java:522)
11-07 16:57:50.068  1819  1819 D SubscriptionController: com.android.internal.telephony.data.DataNetworkController.<init>(DataNetworkController.java:788)
11-07 16:57:50.068  1819  1819 D SubscriptionController: com.mediatek.internal.telephony.data.MtkDataNetworkController.<init>(MtkDataNetworkController.java:111)
11-07 16:57:50.068  1819  1819 D SubscriptionController: com.mediatek.internal.telephony.MtkTelephonyComponentFactory.makeDataNetworkController(MtkTelephonyComponentFactory.java:504)
11-07 16:57:50.068  1819  1819 D SubscriptionController: com.android.internal.telephony.GsmCdmaPhone.<init>(GsmCdmaPhone.java:354)
11-07 16:57:50.068  1819  1819 D SubscriptionController: com.android.internal.telephony.GsmCdmaPhone.<init>(GsmCdmaPhone.java:299)
11-07 16:57:50.068  1819  1819 D SubscriptionController: com.mediatek.internal.telephony.MtkGsmCdmaPhone.<init>(MtkGsmCdmaPhone.java:386)
11-07 16:57:50.068  1819  1819 D SubscriptionController: com.mediatek.internal.telephony.MtkGsmCdmaPhone.<init>(MtkGsmCdmaPhone.java:424)
11-07 16:57:50.068  1819  1819 D SubscriptionController: com.mediatek.internal.telephony.MtkTelephonyComponentFactory.makePhone(MtkTelephonyComponentFactory.java:196)
11-07 16:57:50.068  1819  1819 D SubscriptionController: com.mediatek.internal.telephony.MtkTelephonyComponentFactory.makePhone(MtkTelephonyComponentFactory.java:181)
11-07 16:57:50.068  1819  1819 D SubscriptionController: com.android.internal.telephony.PhoneFactory.createPhone(PhoneFactory.java:356)
11-07 16:57:50.068  1819  1819 D SubscriptionController: com.android.internal.telephony.PhoneFactory.makeDefaultPhone(PhoneFactory.java:215)
11-07 16:57:50.068  1819  1819 D SubscriptionController: com.android.internal.telephony.PhoneFactory.makeDefaultPhones(PhoneFactory.java:108)
11-07 16:57:50.068  1819  1819 D SubscriptionController: com.android.phone.PhoneGlobals.onCreate(PhoneGlobals.java:464)
11-07 16:57:50.069  1819  1819 D SubscriptionController: com.android.phone.PhoneApp.onCreate(PhoneApp.java:40)
11-07 16:57:50.069  1819  1819 D SubscriptionController: android.app.Instrumentation.callApplicationOnCreate(Instrumentation.java:1266)
11-07 16:57:50.069  1819  1819 D SubscriptionController: android.app.ActivityThread.handleBindApplication(ActivityThread.java:6822)
11-07 16:57:50.069  1819  1819 D SubscriptionController: android.app.ActivityThread.-$$Nest$mhandleBindApplication(Unknown Source:0)
11-07 16:57:50.069  1819  1819 D SubscriptionController: android.app.ActivityThread$H.handleMessage(ActivityThread.java:2167)
11-07 16:57:50.069  1819  1819 D SubscriptionController: android.os.Handler.dispatchMessage(Handler.java:106)
11-07 16:57:50.069  1819  1819 D SubscriptionController: android.os.Looper.loopOnce(Looper.java:201)
11-07 16:57:50.069  1819  1819 D SubscriptionController: android.os.Looper.loop(Looper.java:288)
11-07 16:57:50.069  1819  1819 D SubscriptionController: android.app.ActivityThread.main(ActivityThread.java:7937)
11-07 16:57:50.069  1819  1819 D SubscriptionController: java.lang.reflect.Method.invoke(Native Method)
11-07 16:57:50.069  1819  1819 D SubscriptionController: com.android.internal.os.RuntimeInit$MethodAndArgsCaller.run(RuntimeInit.java:569)
11-07 16:57:50.069  1819  1819 D SubscriptionController: com.android.internal.os.ZygoteInit.main(ZygoteInit.java:1015)
11-07 16:57:50.069  1819  1819 D SubscriptionController: [getSubId]- sSlotIndexToSubIds.size == 0, return null slotIndex=0
11-07 16:57:50.070  1819  1819 E DCM-0   : Invalid config "RCS:80"
11-07 16:57:50.077  1819  1819 D MtkDCM  : DCM-0: updateRoamingConfigs: DomesticRoamingEnabled false, IntlRoamingEnabled false, UniqueSettingForRoaming 0
11-07 16:57:50.077  1819  1819 D MtkDCM  : DCM-0: updateVolteIOTConfig: mVolteIotFirewall false
11-07 16:57:50.077  1819  1819 D DCM-0   : Data config updated. Config is not carrier specific.
11-07 16:57:50.079  1819  1819 D DSMGR-0 : DataSettingsManager created.
11-07 16:57:50.079  1819  1819 D SubscriptionController: StackTrace - [getSubId]+ slotIndex=0
11-07 16:57:50.080  1819  1819 D SubscriptionController: com.android.internal.telephony.SubscriptionController.getSubId(SubscriptionController.java:2664)
11-07 16:57:50.080  1819  1819 D SubscriptionController: com.android.internal.telephony.SubscriptionController.getSubIdUsingPhoneId(SubscriptionController.java:3079)
11-07 16:57:50.080  1819  1819 D SubscriptionController: com.android.internal.telephony.Phone.getSubId(Phone.java:4167)
11-07 16:57:50.080  1819  1819 D SubscriptionController: com.android.internal.telephony.data.DataSettingsManager.<init>(DataSettingsManager.java:189)
11-07 16:57:50.080  1819  1819 D SubscriptionController: com.android.internal.telephony.TelephonyComponentFactory.makeDataSettingsManager(TelephonyComponentFactory.java:691)
11-07 16:57:50.080  1819  1819 D SubscriptionController: com.android.internal.telephony.data.DataNetworkController.<init>(DataNetworkController.java:808)
11-07 16:57:50.080  1819  1819 D SubscriptionController: com.mediatek.internal.telephony.data.MtkDataNetworkController.<init>(MtkDataNetworkController.java:111)
11-07 16:57:50.081  1819  1819 D SubscriptionController: com.mediatek.internal.telephony.MtkTelephonyComponentFactory.makeDataNetworkController(MtkTelephonyComponentFactory.java:504)
11-07 16:57:50.081  1819  1819 D SubscriptionController: com.android.internal.telephony.GsmCdmaPhone.<init>(GsmCdmaPhone.java:354)
11-07 16:57:50.081  1819  1819 D SubscriptionController: com.android.internal.telephony.GsmCdmaPhone.<init>(GsmCdmaPhone.java:299)
11-07 16:57:50.081  1819  1819 D SubscriptionController: com.mediatek.internal.telephony.MtkGsmCdmaPhone.<init>(MtkGsmCdmaPhone.java:386)
11-07 16:57:50.081  1819  1819 D SubscriptionController: com.mediatek.internal.telephony.MtkGsmCdmaPhone.<init>(MtkGsmCdmaPhone.java:424)
11-07 16:57:50.081  1819  1819 D SubscriptionController: com.mediatek.internal.telephony.MtkTelephonyComponentFactory.makePhone(MtkTelephonyComponentFactory.java:196)
11-07 16:57:50.081  1819  1819 D SubscriptionController: com.mediatek.internal.telephony.MtkTelephonyComponentFactory.makePhone(MtkTelephonyComponentFactory.java:181)
11-07 16:57:50.081  1819  1819 D SubscriptionController: com.android.internal.telephony.PhoneFactory.createPhone(PhoneFactory.java:356)
11-07 16:57:50.081  1819  1819 D SubscriptionController: com.android.internal.telephony.PhoneFactory.makeDefaultPhone(PhoneFactory.java:215)
11-07 16:57:50.081  1819  1819 D SubscriptionController: com.android.internal.telephony.PhoneFactory.makeDefaultPhones(PhoneFactory.java:108)
11-07 16:57:50.082  1819  1819 D SubscriptionController: com.android.phone.PhoneGlobals.onCreate(PhoneGlobals.java:464)
11-07 16:57:50.082  1819  1819 D SubscriptionController: com.android.phone.PhoneApp.onCreate(PhoneApp.java:40)
11-07 16:57:50.082  1819  1819 D SubscriptionController: android.app.Instrumentation.callApplicationOnCreate(Instrumentation.java:1266)
11-07 16:57:50.082  1819  1819 D SubscriptionController: android.app.ActivityThread.handleBindApplication(ActivityThread.java:6822)
11-07 16:57:50.082  1819  1819 D SubscriptionController: android.app.ActivityThread.-$$Nest$mhandleBindApplication(Unknown Source:0)
11-07 16:57:50.082  1819  1819 D SubscriptionController: android.app.ActivityThread$H.handleMessage(ActivityThread.java:2167)
11-07 16:57:50.082  1819  1819 D SubscriptionController: android.os.Handler.dispatchMessage(Handler.java:106)
11-07 16:57:50.082  1819  1819 D SubscriptionController: android.os.Looper.loopOnce(Looper.java:201)
11-07 16:57:50.082  1819  1819 D SubscriptionController: android.os.Looper.loop(Looper.java:288)
11-07 16:57:50.082  1819  1819 D SubscriptionController: android.app.ActivityThread.main(ActivityThread.java:7937)
11-07 16:57:50.082  1819  1819 D SubscriptionController: java.lang.reflect.Method.invoke(Native Method)
11-07 16:57:50.082  1819  1819 D SubscriptionController: com.android.internal.os.RuntimeInit$MethodAndArgsCaller.run(RuntimeInit.java:569)
11-07 16:57:50.082  1819  1819 D SubscriptionController: com.android.internal.os.ZygoteInit.main(ZygoteInit.java:1015)
11-07 16:57:50.082  1819  1819 D SubscriptionController: [getSubId]- sSlotIndexToSubIds.size == 0, return null slotIndex=0
11-07 16:57:50.082  1819  1819 D SubscriptionController: [getDefaultDataSubId] subId=-1
11-07 16:57:50.083  1819  1819 D MtkSubCtrl: [getDefaultSubId] NOT VoiceCapable subId=-1
11-07 16:57:50.083  1819  1819 D MtkSubCtrl: [isActiveSubId]- false
11-07 16:57:50.083  1819  1819 D MtkSubCtrl: [getDefaultSubId] NOT active use fall back subId=-1
11-07 16:57:50.083  1819  1819 V SubscriptionController: [getDefaultSubId]- value = -1
11-07 16:57:50.085  1819  1819 D MtkSubCtrl: Valid row not present in db
11-07 16:57:50.094  1254  1651 D TelephonyRegistry: listen oscl: mHasNotifySubscriptionInfoChangedOccurred==false no callback
11-07 16:57:50.096  1819  1819 D SubscriptionController: StackTrace - [getSubId]+ slotIndex=0
11-07 16:57:50.103  1819  1819 D SubscriptionController: com.android.internal.telephony.SubscriptionController.getSubId(SubscriptionController.java:2664)
11-07 16:57:50.103  1819  1819 D SubscriptionController: com.android.internal.telephony.SubscriptionController.getSubIdUsingPhoneId(SubscriptionController.java:3079)
11-07 16:57:50.103  1819  1819 D SubscriptionController: com.android.internal.telephony.Phone.getSubId(Phone.java:4167)
11-07 16:57:50.103  1819  1819 D SubscriptionController: com.mediatek.internal.telephony.data.MtkDataProfileManager.registerFdnContentObserver(MtkDataProfileManager.java:832)
11-07 16:57:50.103  1819  1819 D SubscriptionController: com.mediatek.internal.telephony.data.MtkDataProfileManager.<init>(MtkDataProfileManager.java:210)
11-07 16:57:50.103  1819  1819 D SubscriptionController: com.mediatek.internal.telephony.MtkTelephonyComponentFactory.makeDataProfileManager(MtkTelephonyComponentFactory.java:530)
11-07 16:57:50.103  1819  1819 D SubscriptionController: com.android.internal.telephony.data.DataNetworkController.<init>(DataNetworkController.java:853)
11-07 16:57:50.103  1819  1819 D SubscriptionController: com.mediatek.internal.telephony.data.MtkDataNetworkController.<init>(MtkDataNetworkController.java:111)
11-07 16:57:50.104  1819  1819 D SubscriptionController: com.mediatek.internal.telephony.MtkTelephonyComponentFactory.makeDataNetworkController(MtkTelephonyComponentFactory.java:504)
11-07 16:57:50.104  1819  1819 D SubscriptionController: com.android.internal.telephony.GsmCdmaPhone.<init>(GsmCdmaPhone.java:354)
11-07 16:57:50.104  1819  1819 D SubscriptionController: com.android.internal.telephony.GsmCdmaPhone.<init>(GsmCdmaPhone.java:299)
11-07 16:57:50.104  1819  1819 D SubscriptionController: com.mediatek.internal.telephony.MtkGsmCdmaPhone.<init>(MtkGsmCdmaPhone.java:386)
11-07 16:57:50.104  1819  1819 D SubscriptionController: com.mediatek.internal.telephony.MtkGsmCdmaPhone.<init>(MtkGsmCdmaPhone.java:424)
11-07 16:57:50.104  1819  1819 D SubscriptionController: com.mediatek.internal.telephony.MtkTelephonyComponentFactory.makePhone(MtkTelephonyComponentFactory.java:196)
11-07 16:57:50.104  1819  1819 D SubscriptionController: com.mediatek.internal.telephony.MtkTelephonyComponentFactory.makePhone(MtkTelephonyComponentFactory.java:181)
11-07 16:57:50.104  1819  1819 D SubscriptionController: com.android.internal.telephony.PhoneFactory.createPhone(PhoneFactory.java:356)
11-07 16:57:50.104  1819  1819 D SubscriptionController: com.android.internal.telephony.PhoneFactory.makeDefaultPhone(PhoneFactory.java:215)
11-07 16:57:50.104  1819  1819 D SubscriptionController: com.android.internal.telephony.PhoneFactory.makeDefaultPhones(PhoneFactory.java:108)
11-07 16:57:50.104  1819  1819 D SubscriptionController: com.android.phone.PhoneGlobals.onCreate(PhoneGlobals.java:464)
11-07 16:57:50.104  1819  1819 D SubscriptionController: com.android.phone.PhoneApp.onCreate(PhoneApp.java:40)
11-07 16:57:50.104  1819  1819 D SubscriptionController: android.app.Instrumentation.callApplicationOnCreate(Instrumentation.java:1266)
11-07 16:57:50.104  1819  1819 D SubscriptionController: android.app.ActivityThread.handleBindApplication(ActivityThread.java:6822)
11-07 16:57:50.104  1819  1819 D SubscriptionController: android.app.ActivityThread.-$$Nest$mhandleBindApplication(Unknown Source:0)
11-07 16:57:50.104  1819  1819 D SubscriptionController: android.app.ActivityThread$H.handleMessage(ActivityThread.java:2167)
11-07 16:57:50.104  1819  1819 D SubscriptionController: android.os.Handler.dispatchMessage(Handler.java:106)
11-07 16:57:50.104  1819  1819 D SubscriptionController: android.os.Looper.loopOnce(Looper.java:201)
11-07 16:57:50.104  1819  1819 D SubscriptionController: android.os.Looper.loop(Looper.java:288)
11-07 16:57:50.104  1819  1819 D SubscriptionController: android.app.ActivityThread.main(ActivityThread.java:7937)
11-07 16:57:50.113  1819  1819 D SubscriptionController: java.lang.reflect.Method.invoke(Native Method)
11-07 16:57:50.113  1819  1819 D SubscriptionController: com.android.internal.os.RuntimeInit$MethodAndArgsCaller.run(RuntimeInit.java:569)
11-07 16:57:50.113  1819  1819 D SubscriptionController: com.android.internal.os.ZygoteInit.main(ZygoteInit.java:1015)
11-07 16:57:50.113  1819  1819 D SubscriptionController: [getSubId]- sSlotIndexToSubIds.size == 0, return null slotIndex=0
11-07 16:57:50.125  1819  1819 D DSRM-0  : DataStallRecoveryManager created.
11-07 16:57:17.045  1819  1819 D CarrierResolver: Creating CarrierResolver[0]
11-07 16:57:17.115  1819  1819 D MTKSST  : [GsmSST0] notifyVoiceRegStateRilRadioTechnologyChanged: vrs=1 rat=0
11-07 16:57:17.133  1819  1819 D SubscriptionController: StackTrace - [getSubId]+ slotIndex=0
11-07 16:57:17.133  1819  1819 D SubscriptionController: com.android.internal.telephony.SubscriptionController.getSubId(SubscriptionController.java:2664)
11-07 16:57:17.133  1819  1819 D SubscriptionController: com.android.internal.telephony.SubscriptionController.getSubIdUsingPhoneId(SubscriptionController.java:3079)
11-07 16:57:17.133  1819  1819 D SubscriptionController: com.android.internal.telephony.Phone.getSubId(Phone.java:4167)
11-07 16:57:17.133  1819  1819 D SubscriptionController: com.android.internal.telephony.data.LinkBandwidthEstimator.<init>(LinkBandwidthEstimator.java:302)
11-07 16:57:17.133  1819  1819 D SubscriptionController: com.android.internal.telephony.TelephonyComponentFactory.makeLinkBandwidthEstimator(TelephonyComponentFactory.java:644)
11-07 16:57:17.133  1819  1819 D SubscriptionController: com.android.internal.telephony.GsmCdmaPhone.<init>(GsmCdmaPhone.java:391)
11-07 16:57:17.133  1819  1819 D SubscriptionController: com.android.internal.telephony.GsmCdmaPhone.<init>(GsmCdmaPhone.java:299)
11-07 16:57:17.133  1819  1819 D SubscriptionController: com.mediatek.internal.telephony.MtkGsmCdmaPhone.<init>(MtkGsmCdmaPhone.java:386)
11-07 16:57:17.133  1819  1819 D SubscriptionController: com.mediatek.internal.telephony.MtkGsmCdmaPhone.<init>(MtkGsmCdmaPhone.java:424)
11-07 16:57:17.134  1819  1819 D SubscriptionController: com.mediatek.internal.telephony.MtkTelephonyComponentFactory.makePhone(MtkTelephonyComponentFactory.java:196)
11-07 16:57:17.134  1819  1819 D SubscriptionController: com.mediatek.internal.telephony.MtkTelephonyComponentFactory.makePhone(MtkTelephonyComponentFactory.java:181)
11-07 16:57:17.134  1819  1819 D SubscriptionController: com.android.internal.telephony.PhoneFactory.createPhone(PhoneFactory.java:356)
11-07 16:57:17.134  1819  1819 D SubscriptionController: com.android.internal.telephony.PhoneFactory.makeDefaultPhone(PhoneFactory.java:215)
11-07 16:57:17.134  1819  1819 D SubscriptionController: com.android.internal.telephony.PhoneFactory.makeDefaultPhones(PhoneFactory.java:108)
11-07 16:57:17.134  1819  1819 D SubscriptionController: com.android.phone.PhoneGlobals.onCreate(PhoneGlobals.java:464)
11-07 16:57:17.134  1819  1819 D SubscriptionController: com.android.phone.PhoneApp.onCreate(PhoneApp.java:40)
11-07 16:57:17.134  1819  1819 D SubscriptionController: android.app.Instrumentation.callApplicationOnCreate(Instrumentation.java:1266)
11-07 16:57:17.134  1819  1819 D SubscriptionController: android.app.ActivityThread.handleBindApplication(ActivityThread.java:6822)
11-07 16:57:17.134  1819  1819 D SubscriptionController: android.app.ActivityThread.-$$Nest$mhandleBindApplication(Unknown Source:0)
11-07 16:57:17.134  1819  1819 D SubscriptionController: android.app.ActivityThread$H.handleMessage(ActivityThread.java:2167)
11-07 16:57:17.134  1819  1819 D SubscriptionController: android.os.Handler.dispatchMessage(Handler.java:106)
11-07 16:57:17.134  1819  1819 D SubscriptionController: android.os.Looper.loopOnce(Looper.java:201)
11-07 16:57:17.134  1819  1819 D SubscriptionController: android.os.Looper.loop(Looper.java:288)
11-07 16:57:17.134  1819  1819 D SubscriptionController: android.app.ActivityThread.main(ActivityThread.java:7937)
11-07 16:57:17.134  1819  1819 D SubscriptionController: java.lang.reflect.Method.invoke(Native Method)
11-07 16:57:17.134  1819  1819 D SubscriptionController: com.android.internal.os.RuntimeInit$MethodAndArgsCaller.run(RuntimeInit.java:569)
11-07 16:57:17.134  1819  1819 D SubscriptionController: com.android.internal.os.ZygoteInit.main(ZygoteInit.java:1015)
11-07 16:57:17.134  1819  1819 D SubscriptionController: [getSubId]- sSlotIndexToSubIds.size == 0, return null slotIndex=0
11-07 16:57:17.185  1819  1819 I GsmCdmaPhone: [0] updateTtyMode ttyMode=0
11-07 16:57:17.189  1819  1819 I GsmCdmaPhone: [0] updateUiTtyMode ttyMode=0
11-07 16:57:17.190  1819  1819 D CallManager: registerPhone(GSM Handler (com.mediatek.internal.telephony.MtkGsmCdmaPhone) {2738058})
11-07 16:57:17.267  1819  1819 D MtkSubscriptionInfoUpdater: MtkSubscriptionInfoUpdater created
11-07 16:57:17.367  1819  1819 D MtkSuppServHelper: [0]MtkSuppServHelper init done.
11-07 16:57:17.368  1819  1819 I SuppServConf: [0]MtkSuppServConf constructor.
11-07 16:57:17.368  1819  1819 I SuppServConf: [0]MtkSuppServConf init.
11-07 16:57:17.368  1819  1819 I SuppServConf: [0]initConfig start.
11-07 16:57:17.368  1819  1819 I SuppServConf: [0]initConfig end.
11-07 16:57:17.369  1819  1819 D SmartDataSwitch: SmartDataSwitchAssistant is created
11-07 16:57:17.369  1819  1819 D SmartDataSwitch: registerEvents
11-07 16:57:17.369  1819  1819 D SmartDataSwitch: init done
