11-07 16:56:24.797  1234  1264 I DropBoxManagerService: add tag=system_server_wtf isTagEnabled=true flags=0x2
11-07 16:56:24.798  1234  1355 V NetworkPolicy: 1000 state changed to TOP ,seq=37546,cap=LCMN
11-07 16:56:24.807  1234  2665 D WindowManager: setParent old=ActivityRecord{39abc34 u0 com.x4.settings/.SettingLandingActivity} t30 f}},new=null,this window=Window{2de5f32 u0 com.x4.settings/com.x4.settings.SettingLandingActivity},callers=com.android.server.wm.WindowContainer.removeChild:772 com.android.server.wm.ActivityRecord.removeChild:4263 com.android.server.wm.ActivityRecord.removeChild:377 com.android.server.wm.WindowContainer.removeImmediately:828 com.android.server.wm.WindowState.removeImmediately:2514 com.android.server.wm.WindowState.removeIfPossible:2704 
11-07 16:56:24.813  1234  1302 D WindowManager: setParent old=Task{15ea083 #30 type=standard A=1000:com.x4.settings U=0 visible=true visibleRequested=true mode=fullscreen translucent=false sz=1},new=null,this window=ActivityRecord{39abc34 u0 com.x4.settings/.SettingLandingActivity} t30 f}},callers=com.android.server.wm.WindowContainer.removeChild:772 com.android.server.wm.TaskFragment.removeChild:2514 com.android.server.wm.Task.removeChild:1499 com.android.server.wm.Task.removeChild:1482 com.android.server.wm.WindowContainer.removeImmediately:828 com.android.server.wm.WindowToken.removeImmediately:350 
11-07 16:56:24.813  1234  1264 I DropBoxManagerService: add tag=system_server_wtf isTagEnabled=true flags=0x2
11-07 16:56:24.815  1234  1264 I DropBoxManagerService: add tag=system_server_wtf isTagEnabled=true flags=0x2
11-07 16:56:24.820  1234  1249 W WindowManager: Failed looking up window session=Session{1e38146 3119:1000} callers=com.android.server.wm.WindowManagerService.windowForClientLocked:5983 com.android.server.wm.Session.setOnBackInvokedCallbackInfo:944 android.view.IWindowSession$Stub.onTransact:1209 
11-07 16:56:24.820  1234  1249 E WindowManager: setOnBackInvokedCallback(): No window state for package:com.x4.settings
11-07 16:56:24.821  1234  1263 W UsageStatsService: Unexpected activity event reported! (com.x4.settings/com.x4.settings.SettingLandingActivity event : 23 instanceId : 215720711)
11-07 16:56:24.821  1234  1234 D JobScheduler.Quota: Processing event 1 for <0>com.x4.settings
11-07 16:56:24.821  1234  1234 D JobScheduler.Quota: Processing event 31 for <0>com.x4.settings
11-07 16:56:24.822  1234  1264 I DropBoxManagerService: add tag=system_server_wtf isTagEnabled=true flags=0x2
11-07 16:56:24.831  3119  3119 W ContextImpl: Calling a method in the system process without a qualified user: android.app.ContextImpl.bindService:1950 android.content.ContextWrapper.bindService:853 android.content.ContextWrapper.bindService:853 com.x4.settings.SettingLandingActivity.onCreate:63 android.app.Activity.performCreate:8290 
11-07 16:56:24.831  1234  1249 D Telecom : Logging: START_SESSION
11-07 16:56:24.832  1234  1249 V Telecom : Logging: END_SUBSESSION (dur: 0 mS): TSI.iIC@DR0
11-07 16:56:24.832  1234  1249 D Telecom : Logging: END_SESSION (dur: 0 ms): TSI.iIC@DR0
11-07 16:56:24.833  1234  1249 D Telecom : Logging: START_SESSION
11-07 16:56:24.834  1234  1249 V Telecom : Logging: END_SUBSESSION (dur: 0 mS): TSI.iIC@DR4
11-07 16:56:24.834  1234  1249 D Telecom : Logging: END_SESSION (dur: 0 ms): TSI.iIC@DR4
11-07 16:56:24.851  1564  2537 D CarPropertyService: mSyncGetSetPropertyOpCount: 1
11-07 16:56:24.852  1564  2537 D CAR.ConfigHalClient: Returning status: OK
11-07 16:56:24.853  1564  2537 D CarPropertyService: mSyncGetSetPropertyOpCount: 0
11-07 16:56:24.856  1564  1944 D CAR.ConfigHalClient: Returning status: OK
11-07 16:56:24.890  1234  2302 D CoreBackPreview: Window{c55f72a u0 com.x4.settings/com.x4.settings.SettingLandingActivity}: Setting back callback OnBackInvokedCallbackInfo{mCallback=android.window.IOnBackInvokedCallback$Stub$Proxy@661bab8, mPriority=0}
11-07 16:56:24.930  1234  2302 W WindowManager: Changing focus from null to Window{c55f72a u0 com.x4.settings/com.x4.settings.SettingLandingActivity} displayId=0 Callers=com.android.server.wm.RootWindowContainer.updateFocusedWindowLocked:476 com.android.server.wm.WindowManagerService.updateFocusedWindowLocked:6098 com.android.server.wm.WindowManagerService.relayoutWindow:2504 com.android.server.wm.Session.relayout:267 
11-07 16:56:24.931  1234  2302 I WindowManager: Relayout Window{c55f72a u0 com.x4.settings/com.x4.settings.SettingLandingActivity}: oldVis=4 newVis=0 focusMayChange = true requestedWidth = 1920 requestedHeight = 720 outFrames = ClientWindowFrames{frame=[0,0][1920,720] display=[0,0][1920,720] parentFrame=[0,0][0,0] parentClippedByDisplayCutout=false} outSurfaceControl = Surface(name=com.x4.settings/com.x4.settings.SettingLandingActivity)/@0xb144bf7
11-07 16:56:24.990  1564  1826 I CAR.POWER: Received AP_POWER_STATE_REQ=ON(0) param=0
11-07 16:56:24.992  1564  1826 D CarPowerManagementService: onApPowerStateChange(HAL): pendingStates=1 [ON/DEFAULT_VALUE_ZERO(0), ], current=CpmsState canPostpone=false, carPowerStateListenerState=6, mShutdownType=0, CpmsState=ON(1), mParam=DEFAULT_VALUE_ZERO(0)
11-07 16:56:24.993  1564  1957 I CarPowerManagementService: doHandlePowerStateChange: newState=ON(1)
11-07 16:56:24.994  1564  1957 D CarPowerManagementService: [TRANS] ON(1) -> ON(1) (param=DEFAULT_VALUE_ZERO(0), canPostpone=false, stType=0)
11-07 16:56:24.994  1564  1957 D CarPowerManagementService: Requested state is already in effect: ON(1)
11-07 16:56:24.994  1564  1957 D CarPowerManagementService: TRANS suppressed: pendingStates=0 [], current=CpmsState canPostpone=false, carPowerStateListenerState=6, mShutdownType=0, CpmsState=ON(1), mParam=DEFAULT_VALUE_ZERO(0)
11-07 16:56:25.006  1234  1234 D JobScheduler.Quota: Processing event 23 for <0>com.skylark.launcher
11-07 16:56:25.492  1589  1589 W ContextImpl: Calling a method in the system process without a qualified user: android.app.ContextImpl.stopService:1875 android.content.ContextWrapper.stopService:827 com.skylark.launcher.mysticker.MyStickerManager.stopMyStickerWindow:624 com.skylark.launcher.manager.LauncherManager.setScreenId:44 com.skylark.launcher.App.onAppBackgrounded:56 
11-07 16:56:25.493  1564  1643 D CarPropertyService: mSyncGetSetPropertyOpCount: 1
11-07 16:56:25.495  1564  1643 D CAR.ConfigHalClient: Returning status: OK
11-07 16:56:25.495  1564  1643 D CarPropertyService: mSyncGetSetPropertyOpCount: 0
11-07 16:56:25.682  2516  2516 W ContextImpl: Calling a method in the system process without a qualified user: android.app.ContextImpl.startService:1863 android.content.ContextWrapper.startService:817 com.visteon.skylarkTelematics.GNSSService.sendGNSSSuccessToMainService:353 com.visteon.skylarkTelematics.GNSSService.access$300:40 com.visteon.skylarkTelematics.GNSSService$3.run:324 
11-07 16:56:25.696  1234  1372 I ValidateNoPeople: Validating: 0|com.x4.softwareupdate|1|null|1000 for 0
11-07 16:56:25.696  1234  1372 I ValidateNoPeople: final affinity: 0.0
11-07 16:56:25.696  1234  1372 I ValidateNoPeople: Validating: 0|com.visteon.location|12345678|null|1000 for 0
11-07 16:56:25.696  1234  1372 I ValidateNoPeople: final affinity: 0.0
11-07 16:56:25.696  1234  1372 I ValidateNoPeople: Validating: 0|com.x4.telematics|1|null|1000 for 0
11-07 16:56:25.696  1234  1372 I ValidateNoPeople: final affinity: 0.0
11-07 16:56:25.696  1234  1372 I ValidateNoPeople: skipping global notification
11-07 16:56:25.696  1234  1372 I ValidateNoPeople: Validating: 0|com.visteon.skylarkTelematics|2147483647|ranker_group|1000|ranker_group for 0
11-07 16:56:25.696  1234  1372 I ValidateNoPeople: final affinity: 0.0
11-07 16:56:25.696  1234  1372 I ValidateNoPeople: Validating: 0|com.visteon.skylarkTelematics|2003|null|1000 for 0
11-07 16:56:25.697  1234  1372 I ValidateNoPeople: final affinity: 0.0
11-07 16:56:25.697  1234  1372 I ValidateNoPeople: Validating: 0|com.visteon.skylarkTelematics|2001|null|1000 for 0
11-07 16:56:25.697  1234  1372 I ValidateNoPeople: final affinity: 0.0
11-07 16:56:25.697  1234  1372 I ValidateNoPeople: Validating: 0|com.visteon.serverinteractor|500|null|1000 for 0
11-07 16:56:25.697  1234  1372 I ValidateNoPeople: final affinity: 0.0
11-07 16:56:25.697  1234  1372 I ValidateNoPeople: Validating: 0|com.visteon.updater|100|null|1000 for 0
11-07 16:56:25.697  1234  1372 I ValidateNoPeople: final affinity: 0.0
11-07 16:56:25.697  1234  1372 I ValidateNoPeople: Validating: 0|com.visteon.usbvideo|101|null|1000 for 0
11-07 16:56:25.697  1234  1372 I ValidateNoPeople: final affinity: 0.0
11-07 16:56:25.697  1234  1372 I ValidateNoPeople: Validating: 0|com.visteon.coremedia|512|null|1000 for 0
11-07 16:56:25.698  1234  1372 I ValidateNoPeople: final affinity: 0.0
11-07 16:56:25.698  1234  1372 I ValidateNoPeople: Validating: 0|com.x4.connectnext|1|null|1000 for 0
11-07 16:56:25.698  1234  1372 I ValidateNoPeople: final affinity: 0.0
11-07 16:56:25.698  1234  1372 I ValidateNoPeople: Validating: 0|com.visteon.connectivityui|1|null|1000 for 0
11-07 16:56:25.698  1234  1372 I ValidateNoPeople: final affinity: 0.0
11-07 16:56:25.700  1234  1264 V NotificationService: enqueueNotificationInternal: pkg=com.visteon.skylarkTelematics id=2001 notification=Notification(channel=TG shortcut=null contentView=null vibrate=null sound=null defaults=0x0 flags=0x40 color=0x00000000 vis=PRIVATE)
11-07 16:56:25.712  1234  1234 D NotificationService: EnqueueNotificationRunnable.run for: 0|com.visteon.skylarkTelematics|2001|null|1000
11-07 16:56:25.713  1234  1234 V NotificationAssistants: onNotificationEnqueuedLocked() called with: r = [NotificationRecord(0x0770ad19: pkg=com.visteon.skylarkTelematics user=UserHandle{0} id=2001 tag=null importance=2 key=0|com.visteon.skylarkTelematics|2001|null|1000: Notification(channel=TG shortcut=null contentView=null vibrate=null sound=null defaults=0x0 flags=0x40 color=0x00000000 vis=PRIVATE))]
11-07 16:56:25.713  1234  1234 V NotificationAssistants: calling onNotificationEnqueuedWithChannel com.android.server.notification.NotificationManagerService$StatusBarNotificationHolder@e01e68c
11-07 16:56:25.714  1234  1372 I ValidateNoPeople: Validating: 0|com.x4.softwareupdate|1|null|1000 for 0
11-07 16:56:25.714  1234  1372 I ValidateNoPeople: final affinity: 0.0
11-07 16:56:25.714  1234  1372 I ValidateNoPeople: Validating: 0|com.visteon.location|12345678|null|1000 for 0
11-07 16:56:25.714  1234  1372 I ValidateNoPeople: final affinity: 0.0
11-07 16:56:25.714  1234  1372 I ValidateNoPeople: Validating: 0|com.x4.telematics|1|null|1000 for 0
11-07 16:56:25.714  1234  1372 I ValidateNoPeople: final affinity: 0.0
11-07 16:56:25.714  1234  1372 I ValidateNoPeople: skipping global notification
11-07 16:56:25.714  1234  1372 I ValidateNoPeople: Validating: 0|com.visteon.skylarkTelematics|2147483647|ranker_group|1000|ranker_group for 0
11-07 16:56:25.714  1234  1372 I ValidateNoPeople: final affinity: 0.0
11-07 16:56:25.714  1234  1372 I ValidateNoPeople: Validating: 0|com.visteon.skylarkTelematics|2003|null|1000 for 0
11-07 16:56:25.714  1234  1372 I ValidateNoPeople: final affinity: 0.0
11-07 16:56:25.715  1234  1372 I ValidateNoPeople: Validating: 0|com.visteon.skylarkTelematics|2001|null|1000 for 0
11-07 16:56:25.715  1234  1372 I ValidateNoPeople: final affinity: 0.0
11-07 16:56:25.715  1234  1372 I ValidateNoPeople: Validating: 0|com.visteon.serverinteractor|500|null|1000 for 0
11-07 16:56:25.715  1234  1372 I ValidateNoPeople: final affinity: 0.0
11-07 16:56:25.715  1234  1372 I ValidateNoPeople: Validating: 0|com.visteon.updater|100|null|1000 for 0
11-07 16:56:25.715  1234  1372 I ValidateNoPeople: final affinity: 0.0
11-07 16:56:25.715  1234  1372 I ValidateNoPeople: Validating: 0|com.visteon.usbvideo|101|null|1000 for 0
11-07 16:56:25.715  1234  1372 I ValidateNoPeople: final affinity: 0.0
11-07 16:56:25.715  1234  1372 I ValidateNoPeople: Validating: 0|com.visteon.coremedia|512|null|1000 for 0
11-07 16:56:25.715  1234  1372 I ValidateNoPeople: final affinity: 0.0
11-07 16:56:25.715  1234  1372 I ValidateNoPeople: Validating: 0|com.x4.connectnext|1|null|1000 for 0
11-07 16:56:25.715  1234  1372 I ValidateNoPeople: final affinity: 0.0
11-07 16:56:25.716  1234  1372 I ValidateNoPeople: Validating: 0|com.visteon.connectivityui|1|null|1000 for 0
11-07 16:56:25.716  1234  1372 I ValidateNoPeople: final affinity: 0.0
11-07 16:56:25.722  1564  2537 D CarPropertyService: mSyncGetSetPropertyOpCount: 1
11-07 16:56:25.724  1564  2537 D CAR.ConfigHalClient: Returning status: OK
11-07 16:56:25.724  1564  2537 D CarPropertyService: mSyncGetSetPropertyOpCount: 0
11-07 16:56:25.740  1564  1643 D CarPropertyService: mSyncGetSetPropertyOpCount: 1
11-07 16:56:25.745  1564  1643 D CAR.ConfigHalClient: Returning status: OK
11-07 16:56:25.745  1564  1643 D CarPropertyService: mSyncGetSetPropertyOpCount: 0
11-07 16:56:25.852  2516 13139 W ContextImpl: Calling a method in the system process without a qualified user: android.app.ContextImpl.startService:1863 android.content.ContextWrapper.startService:817 com.visteon.skylarkTelematics.MainService.sendToVTS:136 com.visteon.skylarkTelematics.MainService.access$200:57 com.visteon.skylarkTelematics.MainService$2.messageArrived:695 
11-07 16:56:25.914  1234  1234 D Telecom : Logging: START_SESSION
11-07 16:56:25.915  1234  1234 V Telecom : Logging: END_SUBSESSION (dur: 1 mS): TSI.iIMC@DR8
11-07 16:56:25.915  1234  1234 D Telecom : Logging: END_SESSION (dur: 1 ms): TSI.iIMC@DR8
11-07 16:56:25.915  1234  1234 D Telecom : Logging: START_SESSION
11-07 16:56:25.915  1234  1234 V Telecom : Logging: END_SUBSESSION (dur: 0 mS): TSI.iISMC(a)@DSA
11-07 16:56:25.915  1234  1234 D Telecom : Logging: END_SESSION (dur: 0 ms): TSI.iISMC(a)@DSA
11-07 16:56:25.916  1234  1234 D ResponseStatsTracker: notification:+1h2m25s801ms; event=<updated>, pkg=com.visteon.skylarkTelematics, usr=0
11-07 16:56:25.916  1234  1234 I ValidateNoPeople: Validating: 0|com.visteon.skylarkTelematics|2001|null|1000 for 0
11-07 16:56:25.916  1234  1234 I ValidateNoPeople: final affinity: 0.0
11-07 16:56:25.917  1234  1234 D NotificationService: 0|com.visteon.skylarkTelematics|2001|null|1000: updating permissions
11-07 16:56:25.917  1234  1234 D NotificationService: 0|com.visteon.skylarkTelematics|2001|null|1000: updating permissions
11-07 16:56:25.917  1234  1234 D NotificationService: 0|com.visteon.skylarkTelematics|2001|null|1000: updating permissions
11-07 16:56:25.917  1234  1234 D NotificationService: 0|com.visteon.skylarkTelematics|2001|null|1000: updating permissions
11-07 16:56:25.917  1234  1234 D NotificationService: 0|com.visteon.skylarkTelematics|2001|null|1000: updating permissions
11-07 16:56:25.944  1234  1255 D NotificationService: handleSavePolicyFile
11-07 16:56:25.988  1564  1826 I CAR.POWER: Received AP_POWER_STATE_REQ=ON(0) param=0
11-07 16:56:25.988  1564  1826 D CarPowerManagementService: onApPowerStateChange(HAL): pendingStates=1 [ON/DEFAULT_VALUE_ZERO(0), ], current=CpmsState canPostpone=false, carPowerStateListenerState=6, mShutdownType=0, CpmsState=ON(1), mParam=DEFAULT_VALUE_ZERO(0)
11-07 16:56:25.989  1564  1957 I CarPowerManagementService: doHandlePowerStateChange: newState=ON(1)
11-07 16:56:25.989  1564  1957 D CarPowerManagementService: [TRANS] ON(1) -> ON(1) (param=DEFAULT_VALUE_ZERO(0), canPostpone=false, stType=0)
11-07 16:56:25.989  1564  1957 D CarPowerManagementService: Requested state is already in effect: ON(1)
11-07 16:56:25.989  1564  1957 D CarPowerManagementService: TRANS suppressed: pendingStates=0 [], current=CpmsState canPostpone=false, carPowerStateListenerState=6, mShutdownType=0, CpmsState=ON(1), mParam=DEFAULT_VALUE_ZERO(0)
11-07 16:56:26.283  1234  2232 E TaskPersister: File error accessing recents directory (directory doesn't exist?).
11-07 16:56:26.993  1564  1826 I CAR.POWER: Received AP_POWER_STATE_REQ=ON(0) param=0
11-07 16:56:26.994  1564  1826 D CarPowerManagementService: onApPowerStateChange(HAL): pendingStates=1 [ON/DEFAULT_VALUE_ZERO(0), ], current=CpmsState canPostpone=false, carPowerStateListenerState=6, mShutdownType=0, CpmsState=ON(1), mParam=DEFAULT_VALUE_ZERO(0)
11-07 16:56:26.995  1564  1957 I CarPowerManagementService: doHandlePowerStateChange: newState=ON(1)
11-07 16:56:26.996  1564  1957 D CarPowerManagementService: [TRANS] ON(1) -> ON(1) (param=DEFAULT_VALUE_ZERO(0), canPostpone=false, stType=0)
11-07 16:56:26.996  1564  1957 D CarPowerManagementService: Requested state is already in effect: ON(1)
11-07 16:56:26.996  1564  1957 D CarPowerManagementService: TRANS suppressed: pendingStates=0 [], current=CpmsState canPostpone=false, carPowerStateListenerState=6, mShutdownType=0, CpmsState=ON(1), mParam=DEFAULT_VALUE_ZERO(0)
11-07 16:56:27.415  1234  1302 D CoreBackPreview: Window{c3ded97 u0 com.visteon.popupmanager}: Setting back callback OnBackInvokedCallbackInfo{mCallback=android.window.IOnBackInvokedCallback$Stub$Proxy@1bd5f6d, mPriority=0}
11-07 16:56:27.693  2516  2516 W ContextImpl: Calling a method in the system process without a qualified user: android.app.ContextImpl.startService:1863 android.content.ContextWrapper.startService:817 com.visteon.skylarkTelematics.GNSSService.sendGNSSSuccessToMainService:353 com.visteon.skylarkTelematics.GNSSService.access$300:40 com.visteon.skylarkTelematics.GNSSService$3.run:324 
11-07 16:56:27.701  1234  1372 I ValidateNoPeople: Validating: 0|com.x4.softwareupdate|1|null|1000 for 0
11-07 16:56:27.701  1234  1372 I ValidateNoPeople: final affinity: 0.0
11-07 16:56:27.701  1234  1372 I ValidateNoPeople: Validating: 0|com.visteon.location|12345678|null|1000 for 0
11-07 16:56:27.702  1234  1372 I ValidateNoPeople: final affinity: 0.0
11-07 16:56:27.702  1234  1372 I ValidateNoPeople: Validating: 0|com.x4.telematics|1|null|1000 for 0
11-07 16:56:27.702  1234  1372 I ValidateNoPeople: final affinity: 0.0
11-07 16:56:27.703  1234  1372 I ValidateNoPeople: skipping global notification
11-07 16:56:27.703  1234  1372 I ValidateNoPeople: Validating: 0|com.visteon.skylarkTelematics|2147483647|ranker_group|1000|ranker_group for 0
11-07 16:56:27.703  1234  1372 I ValidateNoPeople: final affinity: 0.0
11-07 16:56:27.703  1234  1372 I ValidateNoPeople: Validating: 0|com.visteon.skylarkTelematics|2003|null|1000 for 0
11-07 16:56:27.704  1234  1372 I ValidateNoPeople: final affinity: 0.0
11-07 16:56:27.704  1234  1372 I ValidateNoPeople: Validating: 0|com.visteon.skylarkTelematics|2001|null|1000 for 0
11-07 16:56:27.704  1234  1372 I ValidateNoPeople: final affinity: 0.0
11-07 16:56:27.704  1234  1372 I ValidateNoPeople: Validating: 0|com.visteon.serverinteractor|500|null|1000 for 0
11-07 16:56:27.705  1234  1372 I ValidateNoPeople: final affinity: 0.0
11-07 16:56:27.705  1234  1372 I ValidateNoPeople: Validating: 0|com.visteon.updater|100|null|1000 for 0
11-07 16:56:27.705  1234  1372 I ValidateNoPeople: final affinity: 0.0
11-07 16:56:27.705  1234  1372 I ValidateNoPeople: Validating: 0|com.visteon.usbvideo|101|null|1000 for 0
11-07 16:56:27.705  1234  1372 I ValidateNoPeople: final affinity: 0.0
11-07 16:56:27.706  1234  1372 I ValidateNoPeople: Validating: 0|com.visteon.coremedia|512|null|1000 for 0
11-07 16:56:27.706  1234  1372 I ValidateNoPeople: final affinity: 0.0
11-07 16:56:27.706  1234  1372 I ValidateNoPeople: Validating: 0|com.x4.connectnext|1|null|1000 for 0
11-07 16:56:27.706  1234  1372 I ValidateNoPeople: final affinity: 0.0
11-07 16:56:27.706  1234  1372 I ValidateNoPeople: Validating: 0|com.visteon.connectivityui|1|null|1000 for 0
11-07 16:56:27.706  1234  1372 I ValidateNoPeople: final affinity: 0.0
11-07 16:56:27.713  1234  1264 V NotificationService: enqueueNotificationInternal: pkg=com.visteon.skylarkTelematics id=2001 notification=Notification(channel=TG shortcut=null contentView=null vibrate=null sound=null defaults=0x0 flags=0x40 color=0x00000000 vis=PRIVATE)
11-07 16:56:27.716  1234  1372 I ValidateNoPeople: Validating: 0|com.x4.softwareupdate|1|null|1000 for 0
11-07 16:56:27.716  1234  1372 I ValidateNoPeople: final affinity: 0.0
11-07 16:56:27.716  1234  1372 I ValidateNoPeople: Validating: 0|com.visteon.location|12345678|null|1000 for 0
11-07 16:56:27.716  1234  1372 I ValidateNoPeople: final affinity: 0.0
11-07 16:56:27.718  1234  1372 I ValidateNoPeople: Validating: 0|com.x4.telematics|1|null|1000 for 0
11-07 16:56:27.718  1234  1372 I ValidateNoPeople: final affinity: 0.0
11-07 16:56:27.718  1234  1372 I ValidateNoPeople: skipping global notification
11-07 16:56:27.719  1234  1372 I ValidateNoPeople: Validating: 0|com.visteon.skylarkTelematics|2147483647|ranker_group|1000|ranker_group for 0
11-07 16:56:27.719  1234  1372 I ValidateNoPeople: final affinity: 0.0
11-07 16:56:27.719  1234  1372 I ValidateNoPeople: Validating: 0|com.visteon.skylarkTelematics|2003|null|1000 for 0
11-07 16:56:27.720  1234  1372 I ValidateNoPeople: final affinity: 0.0
11-07 16:56:27.720  1234  1372 I ValidateNoPeople: Validating: 0|com.visteon.skylarkTelematics|2001|null|1000 for 0
11-07 16:56:27.720  1234  1372 I ValidateNoPeople: final affinity: 0.0
11-07 16:56:27.720  1234  1372 I ValidateNoPeople: Validating: 0|com.visteon.serverinteractor|500|null|1000 for 0
11-07 16:56:27.720  1234  1372 I ValidateNoPeople: final affinity: 0.0
11-07 16:56:27.720  1234  1372 I ValidateNoPeople: Validating: 0|com.visteon.updater|100|null|1000 for 0
11-07 16:56:27.721  1234  1372 I ValidateNoPeople: final affinity: 0.0
11-07 16:56:27.721  1234  1372 I ValidateNoPeople: Validating: 0|com.visteon.usbvideo|101|null|1000 for 0
11-07 16:56:27.721  1234  1372 I ValidateNoPeople: final affinity: 0.0
11-07 16:56:27.721  1234  1372 I ValidateNoPeople: Validating: 0|com.visteon.coremedia|512|null|1000 for 0
11-07 16:56:27.721  1234  1372 I ValidateNoPeople: final affinity: 0.0
11-07 16:56:27.721  1234  1372 I ValidateNoPeople: Validating: 0|com.x4.connectnext|1|null|1000 for 0
11-07 16:56:27.721  1234  1372 I ValidateNoPeople: final affinity: 0.0
11-07 16:56:27.721  1234  1372 I ValidateNoPeople: Validating: 0|com.visteon.connectivityui|1|null|1000 for 0
11-07 16:56:27.721  1234  1372 I ValidateNoPeople: final affinity: 0.0
11-07 16:56:27.722  1234  1234 D NotificationService: EnqueueNotificationRunnable.run for: 0|com.visteon.skylarkTelematics|2001|null|1000
11-07 16:56:27.722  1234  1234 V NotificationAssistants: onNotificationEnqueuedLocked() called with: r = [NotificationRecord(0x0c0307a2: pkg=com.visteon.skylarkTelematics user=UserHandle{0} id=2001 tag=null importance=2 key=0|com.visteon.skylarkTelematics|2001|null|1000: Notification(channel=TG shortcut=null contentView=null vibrate=null sound=null defaults=0x0 flags=0x40 color=0x00000000 vis=PRIVATE))]
11-07 16:56:27.722  1234  1234 V NotificationAssistants: calling onNotificationEnqueuedWithChannel com.android.server.notification.NotificationManagerService$StatusBarNotificationHolder@2e9cc33
11-07 16:56:27.855  2516 13139 W ContextImpl: Calling a method in the system process without a qualified user: android.app.ContextImpl.startService:1863 android.content.ContextWrapper.startService:817 com.visteon.skylarkTelematics.MainService.sendToVTS:136 com.visteon.skylarkTelematics.MainService.access$200:57 com.visteon.skylarkTelematics.MainService$2.messageArrived:695 
11-07 16:56:27.926  1234  1234 D Telecom : Logging: START_SESSION
11-07 16:56:27.927  1234  1234 V Telecom : Logging: END_SUBSESSION (dur: 1 mS): TSI.iIMC@DSE
11-07 16:56:27.927  1234  1234 D Telecom : Logging: END_SESSION (dur: 1 ms): TSI.iIMC@DSE
11-07 16:56:27.928  1234  1234 D Telecom : Logging: START_SESSION
11-07 16:56:27.929  1234  1234 V Telecom : Logging: END_SUBSESSION (dur: 0 mS): TSI.iISMC(a)@DSI
11-07 16:56:27.929  1234  1234 D Telecom : Logging: END_SESSION (dur: 0 ms): TSI.iISMC(a)@DSI
11-07 16:56:27.929  1234  1234 D ResponseStatsTracker: notification:+1h2m27s804ms; event=<updated>, pkg=com.visteon.skylarkTelematics, usr=0
11-07 16:56:27.929  1234  1234 I ValidateNoPeople: Validating: 0|com.visteon.skylarkTelematics|2001|null|1000 for 0
11-07 16:56:27.929  1234  1234 I ValidateNoPeople: final affinity: 0.0
11-07 16:56:27.931  1234  1234 D NotificationService: 0|com.visteon.skylarkTelematics|2001|null|1000: updating permissions
11-07 16:56:27.931  1234  1234 D NotificationService: 0|com.visteon.skylarkTelematics|2001|null|1000: updating permissions
11-07 16:56:27.931  1234  1234 D NotificationService: 0|com.visteon.skylarkTelematics|2001|null|1000: updating permissions
11-07 16:56:27.932  1234  1234 D NotificationService: 0|com.visteon.skylarkTelematics|2001|null|1000: updating permissions
11-07 16:56:27.932  1234  1234 D NotificationService: 0|com.visteon.skylarkTelematics|2001|null|1000: updating permissions
11-07 16:56:27.961  1234  1255 D NotificationService: handleSavePolicyFile
11-07 16:56:28.001  1564  1826 I CAR.POWER: Received AP_POWER_STATE_REQ=ON(0) param=0
11-07 16:56:28.002  1564  1826 D CarPowerManagementService: onApPowerStateChange(HAL): pendingStates=1 [ON/DEFAULT_VALUE_ZERO(0), ], current=CpmsState canPostpone=false, carPowerStateListenerState=6, mShutdownType=0, CpmsState=ON(1), mParam=DEFAULT_VALUE_ZERO(0)
11-07 16:56:28.006  1564  1957 I CarPowerManagementService: doHandlePowerStateChange: newState=ON(1)
11-07 16:56:28.017  1564  1957 D CarPowerManagementService: [TRANS] ON(1) -> ON(1) (param=DEFAULT_VALUE_ZERO(0), canPostpone=false, stType=0)
11-07 16:56:28.017  1564  1957 D CarPowerManagementService: Requested state is already in effect: ON(1)
11-07 16:56:28.017  1564  1957 D CarPowerManagementService: TRANS suppressed: pendingStates=0 [], current=CpmsState canPostpone=false, carPowerStateListenerState=6, mShutdownType=0, CpmsState=ON(1), mParam=DEFAULT_VALUE_ZERO(0)
11-07 16:56:28.121  1564  2537 D CarPropertyService: mSyncGetSetPropertyOpCount: 1
11-07 16:56:28.124  1564  2537 D CAR.HalClient: Returning status: OK
11-07 16:56:28.124  1564  2537 D CarPropertyService: mSyncGetSetPropertyOpCount: 0
11-07 16:56:28.125  1234  1249 D CoreBackPreview: Window{c3ded97 u0 com.visteon.popupmanager}: Setting back callback null
11-07 16:56:28.128  1234  1249 D WindowManager: setParent old=WindowToken{e1f0016 type=2024 android.os.BinderProxy@7ace131},new=null,this window=Window{c3ded97 u0 com.visteon.popupmanager},callers=com.android.server.wm.WindowContainer.removeChild:772 com.android.server.wm.WindowContainer.removeImmediately:828 com.android.server.wm.WindowState.removeImmediately:2514 com.android.server.wm.WindowState.removeIfPossible:2704 com.android.server.wm.WindowState.removeIfPossible:2562 com.android.server.wm.WindowManagerService.removeWindow:2069 
11-07 16:56:28.129  1234  1249 D WindowManager: setParent old=Leaf:24:25@226770766,new=null,this window=WindowToken{e1f0016 type=2024 android.os.BinderProxy@7ace131},callers=com.android.server.wm.WindowContainer.removeChild:772 com.android.server.wm.WindowContainer.removeImmediately:828 com.android.server.wm.WindowToken.setExiting:235 com.android.server.wm.DisplayContent.removeWindowToken:1248 com.android.server.wm.WindowToken.removeImmediately:346 com.android.server.wm.WindowManagerService.postWindowRemoveCleanupLocked:2112 
11-07 16:56:29.005  1564  1826 I CAR.POWER: Received AP_POWER_STATE_REQ=SHUTDOWN_PREPARE(1) param=1
11-07 16:56:29.011  1564  1826 D CarPowerManagementService: onApPowerStateChange(HAL): pendingStates=1 [SHUTDOWN_PREPARE/DEFAULT_VALUE_ZERO(1), ], current=CpmsState canPostpone=false, carPowerStateListenerState=6, mShutdownType=0, CpmsState=ON(1), mParam=DEFAULT_VALUE_ZERO(0)
11-07 16:56:29.012  1564  1957 I CarPowerManagementService: doHandlePowerStateChange: newState=SHUTDOWN_PREPARE(2)
11-07 16:56:29.013  1564  1957 D CarPowerManagementService: [TRANS] ON(1) -> SHUTDOWN_PREPARE(2) (param=DEFAULT_VALUE_ZERO(1), canPostpone=false, stType=1)
11-07 16:56:29.014  1564  1957 D CarPowerManagementService: [ALLOW] ON(1) --> SHUTDOWN_PREPARE(2)
11-07 16:56:29.015  1564  1957 I CarPowerManagementService: setCurrentState CpmsState canPostpone=false, carPowerStateListenerState=11, mShutdownType=1, CpmsState=SHUTDOWN_PREPARE(2), mParam=DEFAULT_VALUE_ZERO(1)
11-07 16:56:29.019  1564  1957 D CAR.HalClient: Returning status: OK
11-07 16:56:29.022  1564  1957 D CarPowerManagementService: [SDP] entry: prev=CpmsState canPostpone=false, carPowerStateListenerState=6, mShutdownType=0, CpmsState=ON(1), mParam=DEFAULT_VALUE_ZERO(0), curr=CpmsState canPostpone=false, carPowerStateListenerState=11, mShutdownType=1, CpmsState=SHUTDOWN_PREPARE(2), mParam=DEFAULT_VALUE_ZERO(1) (listener=STATE_PRE_SHUTDOWN_PREPARE, canPostpone=false, stType=1)
11-07 16:56:29.022  1564  1957 D CarPowerManagementService: [SDP] status: action=FINISH->SHUTDOWN, exitImmediately=true, poll=2000ms, prepareTimeout=900000ms
11-07 16:56:29.022  1564  1957 I CarPowerManagementService: starting shutdown prepare with Garage Mode
11-07 16:56:29.023  1564  1957 D CarPowerManagementService: [SDP] PRE: timeout=5000ms, poll=2000ms
11-07 16:56:29.023  1564  1957 D CarPowerManagementService: [DISPATCH] STATE_PRE_SHUTDOWN_PREPARE timeout=5000
11-07 16:56:29.028  1564  1957 E CarPowerManagementService: sendPowerManagerEvent() Binder listener process name by PID: com.android.carPID: 1564
11-07 16:56:29.034  1564  1957 E CarPowerManagementService: sendPowerManagerEvent() Binder listener process name by PID: com.allgo.ruiPID: 1823
11-07 16:56:29.035  1234 14755 I DropBoxManagerService: add tag=system_app_wtf isTagEnabled=true flags=0x2
11-07 16:56:29.037  1564  1957 D CarPowerManagementService: DISPATCH (after enroll): waitingFor=3, stateForCompletion=11
11-07 16:56:29.037  1564  1957 D CAR.GarageMode_Controller: CPM state changed to PRE_SHUTDOWN_PREPARE
11-07 16:56:29.039  1234 14756 I DropBoxManagerService: add tag=system_app_wtf isTagEnabled=true flags=0x2
11-07 16:56:29.041  1564  1957 E CarPowerManagementService: handleListenerCompletion() Binder listener process name by PID: com.android.car
11-07 16:56:29.043  1564  1957 I CarPowerManagementService: Start waiting for listener completion for PRE_SHUTDOWN_PREPARE
11-07 16:56:29.044  1564 14758 D CarPowerManagementService: [WAIT] start timeout=5000ms interval=2000ms
11-07 16:56:29.044  1564 14758 D CarPowerManagementService: WAIT (post acquire): waitingFor=2, stateForCompletion=11
11-07 16:56:29.046  1564  2219 D CarLocationService: onStateChanged: 11
11-07 16:56:29.047  1234 14760 I DropBoxManagerService: add tag=system_app_wtf isTagEnabled=true flags=0x2
11-07 16:56:29.048  1564  2537 E CarPowerManagementService: removeListenerFromWaitingList() Binder listener process name by PID: com.allgo.ruiPID: 1823
11-07 16:56:29.050  1564  2537 E CarPowerManagementService: handleListenerCompletion() Binder listener process name by PID: com.allgo.rui
11-07 16:56:29.052  1564  2219 E CarPowerManagementService: removeListenerFromWaitingList() Binder listener process name by PID: com.android.carPID: 1564
11-07 16:56:29.052  1234 14761 I DropBoxManagerService: add tag=system_app_wtf isTagEnabled=true flags=0x2
11-07 16:56:29.054  1564 14758 D CarPowerManagementService: WAIT (post acquire): waitingFor=0, stateForCompletion=11
11-07 16:56:29.054  1564 14758 I CarPowerManagementService: All listeners completed
11-07 16:56:29.054  1564 14758 I CarPowerManagementService: All listeners completed for PRE_SHUTDOWN_PREPARE
11-07 16:56:29.054  1564 14758 D CarPowerManagementService: [PSR] enqueue: cpms=2 -> listener=STATE_SHUTDOWN_PREPARE
11-07 16:56:29.054  1234 14762 I DropBoxManagerService: add tag=system_app_wtf isTagEnabled=true flags=0x2
11-07 16:56:29.054  1564 14758 D CarPowerManagementService: onApPowerStateChange(direct): pendingStates=1 [SHUTDOWN_PREPARE/DEFAULT_VALUE_ZERO(0), ], current=CpmsState canPostpone=false, carPowerStateListenerState=11, mShutdownType=1, CpmsState=SHUTDOWN_PREPARE(2), mParam=DEFAULT_VALUE_ZERO(1)
11-07 16:56:29.055  1564  1957 I CarPowerManagementService: doHandlePowerStateChange: newState=SHUTDOWN_PREPARE(2)
11-07 16:56:29.055  1564  1957 D CarPowerManagementService: [TRANS] SHUTDOWN_PREPARE(2) -> SHUTDOWN_PREPARE(2) (param=DEFAULT_VALUE_ZERO(0), canPostpone=false, stType=1)
11-07 16:56:29.055  1564  1957 D CarPowerManagementService: [ALLOW] SHUTDOWN_PREPARE(2) --> SHUTDOWN_PREPARE(2)
11-07 16:56:29.055  1564  1957 I CarPowerManagementService: setCurrentState CpmsState canPostpone=false, carPowerStateListenerState=7, mShutdownType=1, CpmsState=SHUTDOWN_PREPARE(2), mParam=DEFAULT_VALUE_ZERO(0)
11-07 16:56:29.056  1564  2219 E CarPowerManagementService: handleListenerCompletion() Binder listener process name by PID: com.android.car
11-07 16:56:29.057  1564  1957 D CAR.HalClient: Returning status: OK
11-07 16:56:29.057  1234 14763 I DropBoxManagerService: add tag=system_app_wtf isTagEnabled=true flags=0x2
11-07 16:56:29.058  1564  1957 D CarPowerManagementService: [SDP] entry: prev=CpmsState canPostpone=false, carPowerStateListenerState=11, mShutdownType=1, CpmsState=SHUTDOWN_PREPARE(2), mParam=DEFAULT_VALUE_ZERO(1), curr=CpmsState canPostpone=false, carPowerStateListenerState=7, mShutdownType=1, CpmsState=SHUTDOWN_PREPARE(2), mParam=DEFAULT_VALUE_ZERO(0) (listener=STATE_SHUTDOWN_PREPARE, canPostpone=false, stType=1)
11-07 16:56:29.058  1564  1957 I CarPowerManagementService: Handling core part of shutdown prepare
11-07 16:56:29.059  1564  1957 W CAR.SilentModeHandler: Failed to update /sys/power/pm_silentmode_kernel_state to 1
11-07 16:56:29.059  1564  1957 W CAR.POWER: DiplayInterface make it off !
11-07 16:56:29.061  1234  1302 D PowerManagerService: releaseWakeLockInternal releasing current wakelock: SCREEN_DIM_WAKE_LOCK           'CAR.POWER' DISABLED (uid=1000 pid=1564) Wake Locks: size=2
11-07 16:56:29.061  1234  1302 D PowerManagerService:   PARTIAL_WAKE_LOCK              'AudioMix' ACQ=-605ms (uid=1041)
11-07 16:56:29.061  1234  1302 D PowerManagerService:   PARTIAL_WAKE_LOCK              'CAR.POWER' ACQ=-2ms (uid=1000 pid=1564)
11-07 16:56:29.062  1564  1957 I CAR.POWER: PowerManager go to sleep invoked and off display.
11-07 16:56:29.062  1234  1302 D PowerManagerService: Inside PMS goToSleep, reason = 0
11-07 16:56:29.062  1234  1302 I PowerGroup: Powering off display group due to application (groupId= 0, uid= 1000)...
11-07 16:56:29.062  1234  1302 D PowerManagerService: AutoScreenOff Inside PMS onWakefulnessChangedLocked, calling updateGlobalWakefulnessLocked
11-07 16:56:29.062  1234  1302 I PowerManagerService: Going to sleep due to application (uid 1000)...
11-07 16:56:29.062  1234  1302 D PowerManagerService: AutoScreenOff Inside DOZING going to sleep notifyscreentimeout
11-07 16:56:29.062  1234  1302 I PowerManagerService: ScreenTimeout detected.
11-07 16:56:29.062  1234  1302 I PowerManagerService: screenOffObserver is NULL
11-07 16:56:29.065  1564  1957 D CAR.PowerComponentHandler: Display power component is off
11-07 16:56:29.065  1564  1957 W CAR.PowerComponentHandler: Bluetooth power is controlled by com.android.car.BluetoothPowerPolicy
11-07 16:56:29.068  1234  1302 I VoiceInteractionManager: setDisabled(): temporarily disabling and hiding current session
11-07 16:56:29.069  1564  1957 D CAR.PowerComponentHandler: Voice Interaction power component is off
11-07 16:56:29.072  1234  1234 D JobScheduler.Quota: Processing event 16 for <0>android
11-07 16:56:29.083  1564  1957 D CAR.BluetoothPowerPolicy: Car power policy turns off bluetooth. Disable bluetooth adapter
11-07 16:56:29.083  1564  1957 D CAR.BluetoothPowerPolicy: Disable bluetooth, do not persist state across reboot
11-07 16:56:29.088  1564  1957 D CAR.AUDIO: Setting isAudioEnabled to false
11-07 16:56:29.089  1564  1957 D CarLocationService: Suspend GNSS requests.
11-07 16:56:29.093  1564  1957 W CarLocationService: Failed - isAutomotiveGnssSuspended is false. GNSS should be suspended.
11-07 16:56:29.093  1564  1957 I CarPowerManagementService: The current power policy is system_power_policy_no_user_interaction
11-07 16:56:29.093  1564  1957 D CarPowerManagementService: [SDP#2] CORE: start=3749148 timeout=900000ms poll=2000ms
11-07 16:56:29.093  1564  1957 D CarPowerManagementService: [DISPATCH] STATE_SHUTDOWN_PREPARE timeout=900000
11-07 16:56:29.094  1564  1957 D CarWatchdogService: Notified car watchdog daemon of power cycle(0)
11-07 16:56:29.094  1564  1957 D CarPowerManagementService: DISPATCH (after enroll): waitingFor=1, stateForCompletion=7
11-07 16:56:29.095  1564  1957 D CAR.GarageMode_Controller: CPM state changed to SHUTDOWN_PREPARE
11-07 16:56:29.095  1564  1957 I CAR.GarageMode_GarageMode: Entering GarageMode
11-07 16:56:29.097  1564  1957 E CarPowerManagementService: handleListenerCompletion() Binder listener process name by PID: com.android.car
11-07 16:56:29.099  1564  1957 I CAR.POWER: send shutdown prepare
11-07 16:56:29.100  1564  2219 D CarLocationService: onStateChanged: 7
11-07 16:56:29.102  1564  2219 D CarLocationService: Storing location
11-07 16:56:29.103  1564  2449 W CarPowerManagementService: The current state(7) doesn't allow listener completion
11-07 16:56:29.111  1564  2219 W CarPowerManagementService: The current state(7) doesn't allow listener completion
11-07 16:56:29.113  1564  1957 D CAR.HalClient: Returning status: OK
11-07 16:56:29.113  1564  1957 I CAR.POWER: setPowerState=SHUTDOWN_PREPARE(7) param=0
11-07 16:56:29.113  1564  1957 D CarPowerManagementService: WAIT SDP listeners (start): waitingFor=0, stateForCompletion=7
11-07 16:56:29.113  1564  1957 I CarPowerManagementService: Start waiting for listener completion for SHUTDOWN_PREPARE
11-07 16:56:29.113  1564  1957 D CarPowerManagementService: finishShutdownPrepare(before): waitingFor=0, stateForCompletion=7
11-07 16:56:29.113  1564  1957 I CarPowerManagementService: Apps are finished, call handleProcessingComplete()
11-07 16:56:29.113  1564  1957 D CarPowerManagementService: [SDP#2] Apps finished -> handleProcessingComplete()
11-07 16:56:29.115  1564  1957 I CarPowerManagementService: All listeners completed for SHUTDOWN_PREPARE
11-07 16:56:29.115  1564  1957 D CarPowerManagementService: [SDP#2] WAIT done (requested 900000ms)
11-07 16:56:29.115  1564  1957 D CarUserService: onSuspend called.
11-07 16:56:29.118  1564  1957 D CarPowerManagementService: [PROC-COMPLETE] action=FINISH->SHUTDOWN lastSleep=1287861 start=3749148
11-07 16:56:29.118  1564  1957 D CarPowerManagementService: [PROC-COMPLETE] next listener state: STATE_SHUTDOWN_ENTER
11-07 16:56:29.118  1564  1957 D CarPowerManagementService: [PSR] enqueue: cpms=3 -> listener=STATE_SHUTDOWN_ENTER
11-07 16:56:29.118  1564  1858 D CAR.UserPreCreator: managePreCreatedUsers(): OEM asked for 0 guests and 0 users
11-07 16:56:29.119  1564  1957 D CarPowerManagementService: onApPowerStateChange(direct): pendingStates=1 [WAIT_FOR_FINISH/DEFAULT_VALUE_ZERO(0), ], current=CpmsState canPostpone=false, carPowerStateListenerState=7, mShutdownType=1, CpmsState=SHUTDOWN_PREPARE(2), mParam=DEFAULT_VALUE_ZERO(0)
11-07 16:56:29.119  1564  1858 D CAR.UserPreCreator: preCreateUsers: total users size is 1
11-07 16:56:29.119  1564  1957 I CarPowerManagementService: doHandlePowerStateChange: newState=WAIT_FOR_FINISH(3)
11-07 16:56:29.119  1564  1957 D CarPowerManagementService: [TRANS] SHUTDOWN_PREPARE(2) -> WAIT_FOR_FINISH(3) (param=DEFAULT_VALUE_ZERO(0), canPostpone=false, stType=1)
11-07 16:56:29.119  1564  1957 D CarPowerManagementService: [ALLOW] SHUTDOWN_PREPARE(2) --> WAIT_FOR_FINISH(3)
11-07 16:56:29.119  1564  1957 I CarPowerManagementService: setCurrentState CpmsState canPostpone=false, carPowerStateListenerState=5, mShutdownType=1, CpmsState=WAIT_FOR_FINISH(3), mParam=DEFAULT_VALUE_ZERO(0)
11-07 16:56:29.121  1564  1858 I CAR.UserPreCreator: managePreCreatedUsers(): system already has 0 pre-created guests,0 pre-created users, and these invalid users: {} and these extra pre-created users: []
11-07 16:56:29.121  1564  1858 I CAR.UserPreCreator: managePreCreatedUsers(): everything in sync
11-07 16:56:29.123  1564  1957 D CAR.HalClient: Returning status: OK
11-07 16:56:29.123  1564  1957 D CarPowerManagementService: [WAIT-FINISH] STATE_SHUTDOWN_ENTER timeout=5000ms
11-07 16:56:29.124  1564  1957 D CarPowerManagementService: [DISPATCH] STATE_SHUTDOWN_ENTER timeout=5000
11-07 16:56:29.133  1564  1957 I CarWatchdogService: Successfully saved 3 user package settings to database
11-07 16:56:29.144  1564  1957 I CarWatchdogService: Successfully saved 2/2 I/O overuse stats to database
11-07 16:56:29.144  1564  1957 D CarWatchdogService: Notified car watchdog daemon of power cycle(1)
11-07 16:56:29.144  1564  1957 D CarPowerManagementService: DISPATCH (after enroll): waitingFor=3, stateForCompletion=5
11-07 16:56:29.145  1564  1957 D CAR.GarageMode_Controller: CPM state changed to SHUTDOWN_ENTER
11-07 16:56:29.145  1564  1957 D CAR.GarageMode_Controller: Sending broadcast with action: com.android.server.jobscheduler.GARAGE_MODE_OFF
11-07 16:56:29.146  1564  1957 I CarPowerManagementService: Start waiting for listener completion for SHUTDOWN_ENTER
11-07 16:56:29.146  1564 14773 D CarPowerManagementService: [WAIT] start timeout=5000ms interval=2000ms
11-07 16:56:29.147  1564 14773 D CarPowerManagementService: WAIT (post acquire): waitingFor=2, stateForCompletion=5
11-07 16:56:29.148  1564  2219 D CarLocationService: onStateChanged: 5
11-07 16:56:29.148  1564 14773 D CarPowerManagementService: WAIT (post acquire): waitingFor=1, stateForCompletion=5
11-07 16:56:29.148  1234  1234 V JobScheduler.CarIdlenessTracker: Received action: com.android.server.jobscheduler.GARAGE_MODE_OFF
11-07 16:56:29.148  1234  1234 V JobScheduler.CarIdlenessTracker: GarageMode is off...
11-07 16:56:29.148  1234  1234 V JobScheduler.CarIdlenessTracker: Device idleness is the same. Current idle=false
11-07 16:56:29.149  1564 14773 D CarPowerManagementService: WAIT (post acquire): waitingFor=0, stateForCompletion=5
11-07 16:56:29.149  1564 14773 I CarPowerManagementService: All listeners completed
11-07 16:56:29.149  1564 14773 I CarPowerManagementService: All listeners completed for SHUTDOWN_ENTER
11-07 16:56:29.149  1564 14773 I CAR.POWER: send shutdown start
11-07 16:56:29.152  1564 14773 D CAR.HalClient: Returning status: OK
11-07 16:56:29.153  1564 14773 I CAR.POWER: setPowerState=SHUTDOWN_START(5) param=0
11-07 16:56:29.157  1564  1564 D CarWatchdogService: Notified car watchdog daemon of garage mode(0)
11-07 16:56:29.162  1564  1826 I CAR.POWER: Received AP_POWER_STATE_REQ=FINISHED(3) param=0
11-07 16:56:29.163  1564  1826 D CarPowerManagementService: onApPowerStateChange(HAL): pendingStates=1 [SUSPEND/DEFAULT_VALUE_ZERO(0), ], current=CpmsState canPostpone=false, carPowerStateListenerState=5, mShutdownType=1, CpmsState=WAIT_FOR_FINISH(3), mParam=DEFAULT_VALUE_ZERO(0)
11-07 16:56:29.164  1564  1957 I CarPowerManagementService: doHandlePowerStateChange: newState=SUSPEND(4)
11-07 16:56:29.164  1564  1957 D CarPowerManagementService: [TRANS] WAIT_FOR_FINISH(3) -> SUSPEND(4) (param=DEFAULT_VALUE_ZERO(0), canPostpone=false, stType=0)
11-07 16:56:29.164  1564  1957 D CarPowerManagementService: [ALLOW] WAIT_FOR_FINISH(3) --> SUSPEND(4)
11-07 16:56:29.164  1564  1957 I CarPowerManagementService: setCurrentState CpmsState canPostpone=false, carPowerStateListenerState=2, mShutdownType=0, CpmsState=SUSPEND(4), mParam=DEFAULT_VALUE_ZERO(0)
11-07 16:56:29.168  2002  2146 I WifiInterfacesLogging: logWifiPowerState: 2Disabling active wifi roles
11-07 16:56:29.168  1564  2551 D CarPropertyService: mSyncGetSetPropertyOpCount: 1
11-07 16:56:29.174  1234  1302 D WifiService: notifyAvailabilityChanged Roles: 1 :STA  available: falseFlags: None
11-07 16:56:29.176  2002  2146 I WifiInterfacesLogging: AVAILABILITY: NotifyAvailabilityChanged, role: Roles: 1 :STA  available: false flags: Flags: None
11-07 16:56:29.178  1234  1358 D WifiService: notifyAvailabilityChanged: backup STA state: false
11-07 16:56:29.179  2002  2026 I WifiInterfacesLogging: AVAILABILITY: NotifyAvailabilityUpdated, status: true
11-07 16:56:29.179  1564  2537 D CarPropertyService: mSyncGetSetPropertyOpCount: 2
11-07 16:56:29.179  1564  2551 D CAR.HalClient: Returning status: OK
11-07 16:56:29.181  1564  1957 D CAR.HalClient: Returning status: OK
11-07 16:56:29.181  1234  1302 D WifiService: notifyAvailabilityChanged Roles: 2 :AP_TETH  available: falseFlags: None
11-07 16:56:29.181  1564  2551 D CarPropertyService: mSyncGetSetPropertyOpCount: 1
11-07 16:56:29.181  1234  1358 D WifiService: notifyAvailabilityChanged: Disable AP
11-07 16:56:29.182  2002  2146 I WifiInterfacesLogging: AVAILABILITY: NotifyAvailabilityChanged, role: Roles: 2 :AP_TETH  available: false flags: Flags: None
11-07 16:56:29.182  1564  2537 D CAR.HalClient: Returning status: OK
11-07 16:56:29.182  1564  2537 D CarPropertyService: mSyncGetSetPropertyOpCount: 0
11-07 16:56:29.182  2002  2026 I WifiInterfacesLogging: AVAILABILITY: NotifyAvailabilityUpdated, status: true
11-07 16:56:29.182  1564  1957 D CarPowerManagementService: [FINISH] action=FINISH->SHUTDOWN -> listener=STATE_POST_SHUTDOWN_ENTER
11-07 16:56:29.182  1564  1957 D CarPowerManagementService: [DISPATCH] STATE_POST_SHUTDOWN_ENTER timeout=5000
11-07 16:56:29.183  1564  1957 E CAR.WatchdogStorage: Cannot start a new write while the DB state is DB_STATE_CLEAN
11-07 16:56:29.183  1564  1957 D CarWatchdogService: Notified car watchdog daemon of power cycle(1)
11-07 16:56:29.184  1564  2537 D CAR.PropertyHalService: unsubscribeProperty propId=0x2140d00b
11-07 16:56:29.186  1564  1957 E CarPowerManagementService: sendPowerManagerEvent() Binder listener process name by PID: com.android.carPID: 1564
11-07 16:56:29.190  1564  1957 E CarPowerManagementService: sendPowerManagerEvent() Binder listener process name by PID: com.allgo.ruiPID: 1823
11-07 16:56:29.191  1564  1957 D CarPowerManagementService: DISPATCH (after enroll): waitingFor=3, stateForCompletion=13
11-07 16:56:29.192  1564  1957 D CAR.GarageMode_Controller: CPM state changed to POST_SHUTDOWN_ENTER
11-07 16:56:29.192  1234  1358 I WifiInterfacesLogging: AP: WIFI_AP_STATE_CHANGED_ACTION State: Disabling
11-07 16:56:29.194  1564  1957 E CarPowerManagementService: handleListenerCompletion() Binder listener process name by PID: com.android.car
11-07 16:56:29.195  1564  1957 I CarPowerManagementService: Start waiting for listener completion for POST_SHUTDOWN_ENTER
11-07 16:56:29.195  1564  2219 D CarLocationService: onStateChanged: 13
11-07 16:56:29.197  1564 14784 D CarPowerManagementService: [WAIT] start timeout=5000ms interval=-1ms
11-07 16:56:29.197  1234  2094 I WifiInterfacesLogging: AP: getSoftApConfiguration Request
11-07 16:56:29.198  1564  2219 E CarPowerManagementService: removeListenerFromWaitingList() Binder listener process name by PID: com.android.carPID: 1564
11-07 16:56:29.200  1414  1414 I android.hardware.wifi@1.0-service-lazy: Adding interface handle for wlan0
11-07 16:56:29.200  1414  1414 I android.hardware.wifi@1.0-service-lazy: Adding interface handle for ap0
11-07 16:56:29.200  1414  1414 W android.hardware.wifi@1.0-service-lazy: No active wlan interfaces in use! Using default
11-07 16:56:29.208  1564  2537 E CarPowerManagementService: removeListenerFromWaitingList() Binder listener process name by PID: com.allgo.ruiPID: 1823
11-07 16:56:29.211  1564  2537 E CarPowerManagementService: handleListenerCompletion() Binder listener process name by PID: com.allgo.rui
11-07 16:56:29.212  1564 14784 D CarPowerManagementService: WAIT (post acquire): waitingFor=0, stateForCompletion=13
11-07 16:56:29.212  1564 14784 I CarPowerManagementService: All listeners completed
11-07 16:56:29.212  1564 14784 I CarPowerManagementService: All listeners completed for POST_SHUTDOWN_ENTER
11-07 16:56:29.212  1564 14784 D CarPowerManagementService: [FINISH-DO] mustShutdown=true, forceReboot=false, wifiAdj=false, nextWake=0
11-07 16:56:29.214  1564  2219 E CarPowerManagementService: handleListenerCompletion() Binder listener process name by PID: com.android.car
11-07 16:56:29.223  1234  1254 V NetworkPolicy: temp-power-save whitelist for 1000 changed to: true; reason=BLUETOOTH_BROADCAST <broadcast:1002:android.bluetooth.adapter.action.SCAN_MODE_CHANGED,reason:>
11-07 16:56:29.224  1234  1254 D NetworkPolicy: no need to update restrict power rules for uid 1000
11-07 16:56:29.224   979   979 D wificond: Regulatory domain changed with empty country code (world mode?)
11-07 16:56:29.224   979   979 I wificond: Regulatory domain changed to country: 00 on wiphy_index: 1
11-07 16:56:29.224   979   979 D wificond: UpdateBandWiphyIndexMap for wiphy_index 1
11-07 16:56:29.228   979   979 I wificond: 2.4Ghz frequencies: 2412 2417 2422 2427 2432 2437 2442 2447 2452 2457 2462 2467 2472
11-07 16:56:29.228   979   979 I wificond: 5Ghz non-DFS frequencies: 5180 5200 5220 5240 5745 5765 5785 5805 5825
11-07 16:56:29.228   979   979 I wificond: 5Ghz DFS frequencies: 5260 5280 5300 5320
11-07 16:56:29.228   979   979 I wificond: 6Ghz frequencies:
11-07 16:56:29.228   979   979 I wificond: 60Ghz frequencies:
11-07 16:56:29.229 12196 12196 W ContextImpl: Calling a method in the system process without a qualified user: android.app.ContextImpl.sendBroadcast:1204 android.content.ContextWrapper.sendBroadcast:505 com.android.btextendedvendor.BtExtendedVendorService.sendBtStateChangedBroadcast:1691 com.android.btextendedvendor.BtExtendedVendorService.handleBtStateChange:1684 com.android.btextendedvendor.BtExtendedVendorService.-$$Nest$mhandleBtStateChange:0 
11-07 16:56:29.230  1234  1234 D JobScheduler.DeviceIdle: Got temp whitelist [1000]
11-07 16:56:29.234   979   979 I wificond: tearDownApInterface: erasing wiphy_index for iface_name ap0
11-07 16:56:29.234   979   979 D wificond: EraseBandWiphyIndexMap for wiphy_index 1
11-07 16:56:29.234   979   979 I wificond: remove channel type 0 support at wiphy index 1
11-07 16:56:29.234   979   979 I wificond: remove channel type 1 support at wiphy index 1
11-07 16:56:29.246  1234  1305 D JobScheduler.Background: Job status updated: 20/20 checked/total jobs, 14081 us
