11-07 16:56:29.256  1564  2537 D CAR.PropertyHalService: unsubscribeProperty propId=0x214083a0
11-07 16:56:29.260  1564  2537 D CAR.PropertyHalService: unsubscribeProperty propId=0x21408395
11-07 16:56:29.262   639  1139 D NetlinkEvent: Unknown ifindex 22 in RTM_DELADDR
11-07 16:56:29.263  1564  2537 D CAR.PropertyHalService: unsubscribeProperty propId=0x2140838f
11-07 16:56:29.262   781   855 E NetlinkEvent: NetlinkEvent::FindParam(): Parameter 'DEVTYPE' not found
11-07 16:56:29.263   781   855 E NetlinkEvent: NetlinkEvent::FindParam(): Parameter 'DEVTYPE' not found
11-07 16:56:29.263   781   855 E NetlinkEvent: NetlinkEvent::FindParam(): Parameter 'DEVTYPE' not found
11-07 16:56:29.265  1564  2551 D CAR.PropertyHalService: unsubscribeProperty propId=0x2140839c
11-07 16:56:29.271  1564  2551 D CAR.PropertyHalService: unsubscribeProperty propId=0x2140801d
11-07 16:56:29.272  1564  2551 D CAR.PropertyHalService: unsubscribeProperty propId=0x2140801e
11-07 16:56:29.246  1234  1305 E JobScheduler.Quota: maybeScheduleStartAlarmLocked called for <0>android even though it already has 600000ms in its quota.
11-07 16:56:29.273  1564  2551 D CAR.PropertyHalService: unsubscribeProperty propId=0x21408016
11-07 16:56:29.275  1564  2551 D CAR.PropertyHalService: unsubscribeProperty propId=0x21408017
11-07 16:56:29.276  1234  1305 E JobScheduler.Quota: maybeScheduleStartAlarmLocked called for <0>com.android.providers.settings even though it already has 600000ms in its quota.
11-07 16:56:29.276  1234  1234 D JobScheduler.Quota: Checking pkg <0>android
11-07 16:56:29.276  1234  1234 D JobScheduler.Quota: Checking pkg <0>com.android.providers.settings
11-07 16:56:29.281  1564  2551 D CAR.PropertyHalService: unsubscribeProperty propId=0x2140801a
11-07 16:56:29.295  1564  2551 D CAR.PropertyHalService: unsubscribeProperty propId=0x21408019
11-07 16:56:29.297  1564  2551 D CAR.PropertyHalService: unsubscribeProperty propId=0x2140801c
11-07 16:56:29.299  1564  2551 D CAR.PropertyHalService: unsubscribeProperty propId=0x21408018
11-07 16:56:29.299  1234  1282 I DisplayPowerController[0]: Blocking screen off
11-07 16:56:29.299  1234  1409 E DisplayDeviceConfig: requesting nits when no mapping exists.
11-07 16:56:29.299  1234  1409 E DisplayDeviceConfig: requesting nits when no mapping exists.
11-07 16:56:29.300  1234  1282 I DisplayPowerController[0]: Unblocked screen off after 1 ms
11-07 16:56:29.301  1564  2551 D CAR.PropertyHalService: unsubscribeProperty propId=0x21408015
11-07 16:56:29.302  1564  2551 D CAR.PropertyHalService: unsubscribeProperty propId=0x2140801b
11-07 16:56:29.303  1564  2551 D CAR.PropertyHalService: unsubscribeProperty propId=0x21408020
11-07 16:56:29.305  1564  2551 D CAR.PropertyHalService: unsubscribeProperty propId=0x2140801f
11-07 16:56:29.306  1564  2551 D CAR.PropertyHalService: unsubscribeProperty propId=0x21408391
11-07 16:56:29.310  1414  1414 D android.hardware.wifi@1.0-service-lazy: Stopping legacy HAL
11-07 16:56:29.311  1414 13427 I android.hardware.wifi@1.0-service-lazy: Legacy HAL stop complete callback received
11-07 16:56:29.312  1414 13427 D android.hardware.wifi@1.0-service-lazy: Legacy HAL event loop terminated
11-07 16:56:29.313  1414  1414 D android.hardware.wifi@1.0-service-lazy: Legacy HAL stop complete
11-07 16:56:29.316  1234  1282 D ActivityTaskManager: Top Process State changed to PROCESS_STATE_TOP_SLEEPING
11-07 16:56:29.328  1234  1282 V DisplayPowerController[0]: Brightness [0.0] reason changing to: 'screen_off', previous reason: 'manual'.
11-07 16:56:29.328  1234  1282 I DisplayPowerController[0]: BrightnessEvent: disp=0, brt=0.0, rcmdBrt=NaN, preBrt=NaN, lux=0.0, preLux=0.0, hbmMax=1.0, hbmMode=off, thrmMax=1.0, flags=, reason=screen_off
11-07 16:56:29.332  1234  1256 I DisplayDeviceRepository: Display device changed state: "Built-in Screen", OFF
11-07 16:56:29.333  1234  1234 D JobScheduler: pending queue: 0 jobs.
11-07 16:56:29.333  1234  1234 D JobScheduler.Concurrency: Pending queue: 
11-07 16:56:29.337  1234  1355 V NetworkPolicy: 10046 state changed to FGS ,seq=37715,cap=-CMN
11-07 16:56:29.342  1234 29837 W WindowManager: Changing focus from Window{c55f72a u0 com.x4.settings/com.x4.settings.SettingLandingActivity} to null displayId=0 Callers=com.android.server.wm.RootWindowContainer.updateFocusedWindowLocked:476 com.android.server.wm.WindowManagerService.updateFocusedWindowLocked:6098 com.android.server.wm.ActivityRecord.commitVisibility:5269 com.android.server.wm.ActivityRecord.commitVisibility:5280 
11-07 16:56:29.349  1234  2302 V ShutdownCheckPoints: Binder shutdown checkpoint recorded with pid=1564
11-07 16:56:29.351  1564  2551 D CAR.PropertyHalService: unsubscribeProperty propId=0x21408393
11-07 16:56:29.353  1564  2551 D CAR.PropertyHalService: unsubscribeProperty propId=0x21408399
11-07 16:56:29.354  1564  2551 D CAR.PropertyHalService: unsubscribeProperty propId=0x2140839a
11-07 16:56:29.355  1564  2551 D CAR.PropertyHalService: unsubscribeProperty propId=0x21408392
11-07 16:56:29.356   639  1139 D NetlinkEvent: Unknown ifindex 24 in RTM_DELADDR
11-07 16:56:29.360   781   855 E NetlinkEvent: NetlinkEvent::FindParam(): Parameter 'DEVTYPE' not found
11-07 16:56:29.360   781   855 E NetlinkEvent: NetlinkEvent::FindParam(): Parameter 'DEVTYPE' not found
11-07 16:56:29.361   781   855 E NetlinkEvent: NetlinkEvent::FindParam(): Parameter 'DEVTYPE' not found
11-07 16:56:29.361   781   855 E NetlinkEvent: NetlinkEvent::FindParam(): Parameter 'DEVTYPE' not found
11-07 16:56:29.361   781   855 E NetlinkEvent: NetlinkEvent::FindParam(): Parameter 'DEVTYPE' not found
11-07 16:56:29.361   781   855 E NetlinkEvent: NetlinkEvent::FindParam(): Parameter 'DEVTYPE' not found
11-07 16:56:29.361   781   855 E NetlinkEvent: NetlinkEvent::FindParam(): Parameter 'DEVTYPE' not found
11-07 16:56:29.361  1564  2551 D CAR.PropertyHalService: unsubscribeProperty propId=0x21408390
11-07 16:56:29.361   781   855 E NetlinkEvent: NetlinkEvent::FindParam(): Parameter 'DEVTYPE' not found
11-07 16:56:29.363  1564  2551 D CAR.PropertyHalService: unsubscribeProperty propId=0x21408398
11-07 16:56:29.364  1564  2551 D CAR.PropertyHalService: unsubscribeProperty propId=0x2140839b
11-07 16:56:29.368   781   855 E NetlinkEvent: NetlinkEvent::FindParam(): Parameter 'DEVTYPE' not found
11-07 16:56:29.368   781   855 E NetlinkEvent: NetlinkEvent::FindParam(): Parameter 'DEVTYPE' not found
11-07 16:56:29.368  1234  1254 V ShutdownCheckPoints: System server shutdown checkpoint recorded
11-07 16:56:29.372  1234  1282 I PowerGroup: Sleeping power group (groupId=0, uid=1000)...
11-07 16:56:29.372  1234  1282 D PowerManagerService: AutoScreenOff Inside PMS onWakefulnessChangedLocked, calling updateGlobalWakefulnessLocked
11-07 16:56:29.372  1234  1282 I PowerManagerService: Sleeping (uid 1000)...
11-07 16:56:29.376   781   855 E NetlinkEvent: NetlinkEvent::FindParam(): Parameter 'DEVTYPE' not found
11-07 16:56:29.384   781   855 E NetlinkEvent: NetlinkEvent::FindParam(): Parameter 'DEVTYPE' not found
11-07 16:56:29.384   781   855 E NetlinkEvent: NetlinkEvent::FindParam(): Parameter 'DEVTYPE' not found
11-07 16:56:29.384   781   855 E NetlinkEvent: NetlinkEvent::FindParam(): Parameter 'DEVTYPE' not found
11-07 16:56:29.384   781   855 E NetlinkEvent: NetlinkEvent::FindParam(): Parameter 'DEVTYPE' not found
11-07 16:56:29.384   781   855 E NetlinkEvent: NetlinkEvent::FindParam(): Parameter 'DEVTYPE' not found
11-07 16:56:29.384   781   855 E NetlinkEvent: NetlinkEvent::FindParam(): Parameter 'DEVTYPE' not found
11-07 16:56:29.384   781   855 E NetlinkEvent: NetlinkEvent::FindParam(): Parameter 'DEVTYPE' not found
11-07 16:56:29.385   781   855 E NetlinkEvent: NetlinkEvent::FindParam(): Parameter 'DEVTYPE' not found
11-07 16:56:29.385   781   855 E NetlinkEvent: NetlinkEvent::FindParam(): Parameter 'DEVTYPE' not found
11-07 16:56:29.386   781   855 E NetlinkEvent: NetlinkEvent::FindParam(): Parameter 'DEVTYPE' not found
11-07 16:56:29.386   781   855 E NetlinkEvent: NetlinkEvent::FindParam(): Parameter 'DEVTYPE' not found
11-07 16:56:29.386   781   855 E NetlinkEvent: NetlinkEvent::FindParam(): Parameter 'DEVTYPE' not found
11-07 16:56:29.391   781   855 E NetlinkEvent: NetlinkEvent::FindParam(): Parameter 'DEVTYPE' not found
11-07 16:56:29.391   781   855 E NetlinkEvent: NetlinkEvent::FindParam(): Parameter 'DEVTYPE' not found
11-07 16:56:29.391   781   855 E NetlinkEvent: NetlinkEvent::FindParam(): Parameter 'DEVTYPE' not found
11-07 16:56:29.391   781   855 E NetlinkEvent: NetlinkEvent::FindParam(): Parameter 'DEVTYPE' not found
11-07 16:56:29.391   781   855 E NetlinkEvent: NetlinkEvent::FindParam(): Parameter 'DEVTYPE' not found
11-07 16:56:29.394   781   855 E NetlinkEvent: NetlinkEvent::FindParam(): Parameter 'DEVTYPE' not found
11-07 16:56:29.394   781   855 E NetlinkEvent: NetlinkEvent::FindParam(): Parameter 'DEVTYPE' not found
11-07 16:56:29.394   781   855 E NetlinkEvent: NetlinkEvent::FindParam(): Parameter 'DEVTYPE' not found
11-07 16:56:29.394   781   855 E NetlinkEvent: NetlinkEvent::FindParam(): Parameter 'DEVTYPE' not found
11-07 16:56:29.394   781   855 E NetlinkEvent: NetlinkEvent::FindParam(): Parameter 'DEVTYPE' not found
11-07 16:56:29.396   781   855 E NetlinkEvent: NetlinkEvent::FindParam(): Parameter 'DEVTYPE' not found
11-07 16:56:29.398   781   855 E NetlinkEvent: NetlinkEvent::FindParam(): Parameter 'DEVTYPE' not found
11-07 16:56:29.398   781   855 E NetlinkEvent: NetlinkEvent::FindParam(): Parameter 'DEVTYPE' not found
11-07 16:56:29.401  1234 14801 I ShutdownThread: Logging pre-reboot information...
11-07 16:56:29.408  1234  1428 D UsbHostManager: Removed device at /dev/bus/usb/001/003: Android
11-07 16:56:29.408  1234  1428 I UsbAlsaManager: USB Audio Device Removed: null
11-07 16:56:29.419  1234  1234 D MR2SystemProvider: Updating system provider info : MediaRouteProviderInfo { uniqueId=null, routes=[MediaRoute2Info{ id=DEVICE_ROUTE, name=Phone, features=[android.media.route.feature.LIVE_AUDIO, android.media.route.feature.LIVE_VIDEO, android.media.route.feature.LOCAL_PLAYBACK], iconUri=null, description=null, connectionState=2, clientPackageName=null, volumeHandling=0, volumeMax=15, volume=15, deduplicationIds=, providerId=null }] }
11-07 16:56:29.420  1234 14801 D PreRebootLogger: Wiping pre-reboot information...
11-07 16:56:29.429  1234  1264 W BroadcastQueue: Background execution not allowed: receiving Intent { act=android.bluetooth.adapter.action.STATE_CHANGED flg=0x4000010 (has extras) } to com.car.visteon.core.connectivity/.BootCompleteReceiver
11-07 16:56:29.435  1234  1264 W BroadcastQueue: Background execution not allowed: receiving Intent { act=android.bluetooth.adapter.action.STATE_CHANGED flg=0x4000010 (has extras) } to com.allgo.btmanager/.ServiceStarter
11-07 16:56:29.437  1234  1254 V NetworkPolicy: temp-power-save whitelist for 1002 changed to: true; reason=BLUETOOTH_BROADCAST <broadcast:1000:android.bluetooth.adapter.action.STATE_CHANGED,reason:>
11-07 16:56:29.438  1234  1254 D NetworkPolicy: no need to update restrict power rules for uid 1002
11-07 16:56:29.438  1234  1254 V NetworkPolicy: temp-power-save whitelist for 10090 changed to: true; reason=BLUETOOTH_BROADCAST <broadcast:1000:android.bluetooth.adapter.action.STATE_CHANGED,reason:>
11-07 16:56:29.438  1234  1254 D NetworkPolicy: no need to update restrict power rules for uid 10090
11-07 16:56:29.439  1234  1305 D JobScheduler.Background: Job status updated: 20/20 checked/total jobs, 35 us
11-07 16:56:29.443  1234  1234 D JobScheduler.DeviceIdle: Got temp whitelist [1000, 1002, 10090]
11-07 16:56:29.443  1234  1234 D JobScheduler.DeviceIdle: Got temp whitelist [1000, 1002, 10090]
11-07 16:56:29.498  1414  1414 I android.hardware.wifi@1.0-service-lazy: Wifi HAL stopped
11-07 16:56:29.501  1234  2422 V ActivityManager: Death received in com.android.server.am.ActivityManagerService$AppDeathRecipient@2555b5e for thread android.os.BinderProxy@8e2bb3f
11-07 16:56:29.501  1234  2422 I ActivityManager: Process com.android.btautoconnect (pid 12194) has died: psvc FGS 
11-07 16:56:29.505   781   855 E NetlinkEvent: NetlinkEvent::FindParam(): Parameter 'DEVTYPE' not found
11-07 16:56:29.505   781   855 E NetlinkEvent: NetlinkEvent::FindParam(): Parameter 'DEVTYPE' not found
11-07 16:56:29.505   781   855 E NetlinkEvent: NetlinkEvent::FindParam(): Parameter 'DEVTYPE' not found
11-07 16:56:29.505   781   855 E NetlinkEvent: NetlinkEvent::FindParam(): Parameter 'DEVTYPE' not found
11-07 16:56:29.505   781   855 E NetlinkEvent: NetlinkEvent::FindParam(): Parameter 'DEVTYPE' not found
11-07 16:56:29.505   781   855 E NetlinkEvent: NetlinkEvent::FindParam(): Parameter 'DEVTYPE' not found
11-07 16:56:29.505   781   855 E NetlinkEvent: NetlinkEvent::FindParam(): Parameter 'DEVTYPE' not found
11-07 16:56:29.506   781   855 E NetlinkEvent: NetlinkEvent::FindParam(): Parameter 'DEVTYPE' not found
11-07 16:56:29.506   781   855 E NetlinkEvent: NetlinkEvent::FindParam(): Parameter 'DEVTYPE' not found
11-07 16:56:29.508  1234  2422 W ActivityManager: Scheduling restart of crashed service com.android.btautoconnect/.BtAutoConnectService in 1000ms for connection
11-07 16:56:29.516  1234  1358 I WifiInterfacesLogging: AP: WIFI_AP_STATE_CHANGED_ACTION State: Disabled
11-07 16:56:29.518  1234  2094 I WifiInterfacesLogging: AP: getSoftApConfiguration Response: SSID: Tata Motors 4511 Channel: 149 Security: 2 PSK: M3P******
11-07 16:56:29.532  1234  1250 I WifiInterfacesLogging: AP: getWifiApState: Disabled
11-07 16:56:29.533  1234  1250 I WifiInterfacesLogging: AP: getWifiApState: Disabled
11-07 16:56:29.534  1234  1234 V JobScheduler.CarIdlenessTracker: Received action: android.intent.action.SCREEN_OFF
11-07 16:56:29.534  1234  1234 V JobScheduler.CarIdlenessTracker: Screen is off...
11-07 16:56:29.534  1234  1250 I WifiInterfacesLogging: AP: getWifiApState: Disabled
11-07 16:56:29.536  1234  1250 I WifiInterfacesLogging: AP: getWifiApState: Disabled
11-07 16:56:29.540  1234  2094 I WifiInterfacesLogging: AP: getWifiApState: Disabled
11-07 16:56:29.541  1234  1651 I WifiInterfacesLogging: AP: getWifiApState: Disabled
11-07 16:56:29.542  1234  1651 I WifiInterfacesLogging: AP: getSoftApConfiguration Request
11-07 16:56:29.543  1234  1651 I WifiInterfacesLogging: AP: getSoftApConfiguration Response: SSID: Tata Motors 4511 Channel: 149 Security: 2 PSK: M3P******
11-07 16:56:29.546  1234  1651 I WifiInterfacesLogging: AP: getWifiApState: Disabled
11-07 16:56:29.546  1234  1651 I WifiInterfacesLogging: AP: getSoftApConfiguration Request
11-07 16:56:29.548  1234  1651 I WifiInterfacesLogging: AP: getSoftApConfiguration Response: SSID: Tata Motors 4511 Channel: 149 Security: 2 PSK: M3P******
11-07 16:56:29.551  1234  2422 I WifiInterfacesLogging: AP: getWifiApState: Disabled
11-07 16:56:29.553  1234  2422 I WifiInterfacesLogging: AP: getWifiApState: Disabled
11-07 16:56:29.553  1234  1234 D JobScheduler.Concurrency: Interactive: false
11-07 16:56:29.553  1234  2422 I WifiInterfacesLogging: AP: getWifiApState: Disabled
11-07 16:56:29.554  1234  2422 I WifiInterfacesLogging: AP: getWifiApState: Disabled
11-07 16:56:29.555  1234  2422 I WifiInterfacesLogging: AP: getWifiApState: Disabled
11-07 16:56:29.559  1234  2422 I WifiInterfacesLogging: AP: getSoftApConfiguration Request
11-07 16:56:29.560  1234  2422 I WifiInterfacesLogging: AP: getSoftApConfiguration Response: SSID: Tata Motors 4511 Channel: 149 Security: 2 PSK: M3P******
11-07 16:56:29.562  1234  2422 I WifiInterfacesLogging: AP: getWifiApState: Disabled
11-07 16:56:29.562  1234  2422 I WifiInterfacesLogging: AP: getWifiApState: Disabled
11-07 16:56:29.563  1234  2422 I WifiInterfacesLogging: AP: getWifiApState: Disabled
11-07 16:56:29.563  1234  2422 I WifiInterfacesLogging: AP: getWifiApState: Disabled
11-07 16:56:29.563  1234  2422 I WifiInterfacesLogging: AP: getWifiApState: Disabled
11-07 16:56:29.564  1234  2422 I WifiInterfacesLogging: AP: getWifiApState: Disabled
11-07 16:56:29.564  1234  2422 I WifiInterfacesLogging: AP: getSoftApConfiguration Request
11-07 16:56:29.565  1234  2422 I WifiInterfacesLogging: AP: getSoftApConfiguration Response: SSID: Tata Motors 4511 Channel: 149 Security: 2 PSK: M3P******
11-07 16:56:29.566  1234  2422 I WifiInterfacesLogging: AP: getWifiApState: Disabled
11-07 16:56:29.567  1234  2422 I WifiInterfacesLogging: AP: getSoftApConfiguration Request
11-07 16:56:29.568  1234  2422 I WifiInterfacesLogging: AP: getSoftApConfiguration Response: SSID: Tata Motors 4511 Channel: 149 Security: 2 PSK: M3P******
11-07 16:56:29.570  1234  2422 I WifiInterfacesLogging: AP: getWifiApState: Disabled
11-07 16:56:29.572  1234  2422 I WifiInterfacesLogging: AP: getWifiApState: Disabled
11-07 16:56:29.572  1234  2422 I WifiInterfacesLogging: AP: getWifiApState: Disabled
11-07 16:56:29.701  2516  2516 W ContextImpl: Calling a method in the system process without a qualified user: android.app.ContextImpl.startService:1863 android.content.ContextWrapper.startService:817 com.visteon.skylarkTelematics.GNSSService.sendGNSSSuccessToMainService:353 com.visteon.skylarkTelematics.GNSSService.access$300:40 com.visteon.skylarkTelematics.GNSSService$3.run:324 
11-07 16:56:29.711  1234  1372 I ValidateNoPeople: Validating: 0|com.x4.softwareupdate|1|null|1000 for 0
11-07 16:56:29.711  1234  1372 I ValidateNoPeople: final affinity: 0.0
11-07 16:56:29.711  1234  1372 I ValidateNoPeople: Validating: 0|com.visteon.location|12345678|null|1000 for 0
11-07 16:56:29.711  1234  1372 I ValidateNoPeople: final affinity: 0.0
11-07 16:56:29.711  1234  1372 I ValidateNoPeople: Validating: 0|com.x4.telematics|1|null|1000 for 0
11-07 16:56:29.712  1234  1372 I ValidateNoPeople: final affinity: 0.0
11-07 16:56:29.712  1234  1372 I ValidateNoPeople: skipping global notification
11-07 16:56:29.712  1234  1372 I ValidateNoPeople: Validating: 0|com.visteon.skylarkTelematics|2147483647|ranker_group|1000|ranker_group for 0
11-07 16:56:29.712  1234  1372 I ValidateNoPeople: final affinity: 0.0
11-07 16:56:29.712  1234  1372 I ValidateNoPeople: Validating: 0|com.visteon.skylarkTelematics|2003|null|1000 for 0
11-07 16:56:29.712  1234  1372 I ValidateNoPeople: final affinity: 0.0
11-07 16:56:29.713  1234  1372 I ValidateNoPeople: Validating: 0|com.visteon.skylarkTelematics|2001|null|1000 for 0
11-07 16:56:29.713  1234  1372 I ValidateNoPeople: final affinity: 0.0
11-07 16:56:29.713  1234  1372 I ValidateNoPeople: Validating: 0|com.visteon.serverinteractor|500|null|1000 for 0
11-07 16:56:29.713  1234  1372 I ValidateNoPeople: final affinity: 0.0
11-07 16:56:29.713  1234  1372 I ValidateNoPeople: Validating: 0|com.visteon.updater|100|null|1000 for 0
11-07 16:56:29.713  1234  1372 I ValidateNoPeople: final affinity: 0.0
11-07 16:56:29.714  1234  1372 I ValidateNoPeople: Validating: 0|com.visteon.usbvideo|101|null|1000 for 0
11-07 16:56:29.714  1234  1372 I ValidateNoPeople: final affinity: 0.0
11-07 16:56:29.714  1234  1372 I ValidateNoPeople: Validating: 0|com.visteon.coremedia|512|null|1000 for 0
11-07 16:56:29.714  1234  1372 I ValidateNoPeople: final affinity: 0.0
11-07 16:56:29.715  1234  1372 I ValidateNoPeople: Validating: 0|com.x4.connectnext|1|null|1000 for 0
11-07 16:56:29.715  1234  1372 I ValidateNoPeople: final affinity: 0.0
11-07 16:56:29.715  1234  1372 I ValidateNoPeople: Validating: 0|com.visteon.connectivityui|1|null|1000 for 0
11-07 16:56:29.715  1234  1372 I ValidateNoPeople: final affinity: 0.0
11-07 16:56:29.719  1234  1264 V NotificationService: enqueueNotificationInternal: pkg=com.visteon.skylarkTelematics id=2001 notification=Notification(channel=TG shortcut=null contentView=null vibrate=null sound=null defaults=0x0 flags=0x40 color=0x00000000 vis=PRIVATE)
11-07 16:56:29.719  1234  1372 I ValidateNoPeople: Validating: 0|com.x4.softwareupdate|1|null|1000 for 0
11-07 16:56:29.720  1234  1372 I ValidateNoPeople: final affinity: 0.0
11-07 16:56:29.720  1234  1372 I ValidateNoPeople: Validating: 0|com.visteon.location|12345678|null|1000 for 0
11-07 16:56:29.720  1234  1372 I ValidateNoPeople: final affinity: 0.0
11-07 16:56:29.721  1234  1372 I ValidateNoPeople: Validating: 0|com.x4.telematics|1|null|1000 for 0
11-07 16:56:29.721  1234  1372 I ValidateNoPeople: final affinity: 0.0
11-07 16:56:29.721  1234  1372 I ValidateNoPeople: skipping global notification
11-07 16:56:29.721  1234  1372 I ValidateNoPeople: Validating: 0|com.visteon.skylarkTelematics|2147483647|ranker_group|1000|ranker_group for 0
11-07 16:56:29.721  1234  1372 I ValidateNoPeople: final affinity: 0.0
11-07 16:56:29.721  1234  1372 I ValidateNoPeople: Validating: 0|com.visteon.skylarkTelematics|2003|null|1000 for 0
11-07 16:56:29.721  1234  1372 I ValidateNoPeople: final affinity: 0.0
11-07 16:56:29.721  1234  1372 I ValidateNoPeople: Validating: 0|com.visteon.skylarkTelematics|2001|null|1000 for 0
11-07 16:56:29.722  1234  1372 I ValidateNoPeople: final affinity: 0.0
11-07 16:56:29.722  1234  1372 I ValidateNoPeople: Validating: 0|com.visteon.serverinteractor|500|null|1000 for 0
11-07 16:56:29.722  1234  1372 I ValidateNoPeople: final affinity: 0.0
11-07 16:56:29.722  1234  1372 I ValidateNoPeople: Validating: 0|com.visteon.updater|100|null|1000 for 0
11-07 16:56:29.722  1234  1372 I ValidateNoPeople: final affinity: 0.0
11-07 16:56:29.722  1234  1372 I ValidateNoPeople: Validating: 0|com.visteon.usbvideo|101|null|1000 for 0
11-07 16:56:29.722  1234  1372 I ValidateNoPeople: final affinity: 0.0
11-07 16:56:29.723  1234  1372 I ValidateNoPeople: Validating: 0|com.visteon.coremedia|512|null|1000 for 0
11-07 16:56:29.723  1234  1372 I ValidateNoPeople: final affinity: 0.0
11-07 16:56:29.723  1234  1372 I ValidateNoPeople: Validating: 0|com.x4.connectnext|1|null|1000 for 0
11-07 16:56:29.723  1234  1372 I ValidateNoPeople: final affinity: 0.0
11-07 16:56:29.723  1234  1372 I ValidateNoPeople: Validating: 0|com.visteon.connectivityui|1|null|1000 for 0
11-07 16:56:29.723  1234  1372 I ValidateNoPeople: final affinity: 0.0
11-07 16:56:29.725  1234  1234 D NotificationService: EnqueueNotificationRunnable.run for: 0|com.visteon.skylarkTelematics|2001|null|1000
11-07 16:56:29.725  1234  1234 V NotificationAssistants: onNotificationEnqueuedLocked() called with: r = [NotificationRecord(0x0bcf5436: pkg=com.visteon.skylarkTelematics user=UserHandle{0} id=2001 tag=null importance=2 key=0|com.visteon.skylarkTelematics|2001|null|1000: Notification(channel=TG shortcut=null contentView=null vibrate=null sound=null defaults=0x0 flags=0x40 color=0x00000000 vis=PRIVATE))]
11-07 16:56:29.726  1234  1234 V NotificationAssistants: calling onNotificationEnqueuedWithChannel com.android.server.notification.NotificationManagerService$StatusBarNotificationHolder@ab37f37
11-07 16:56:29.927  1234  1234 D Telecom : Logging: START_SESSION
11-07 16:56:29.927  1234  1234 V Telecom : Logging: END_SUBSESSION (dur: 0 mS): TSI.iIMC@DSM
11-07 16:56:29.928  1234  1234 D Telecom : Logging: END_SESSION (dur: 1 ms): TSI.iIMC@DSM
11-07 16:56:29.929  1234  1234 D Telecom : Logging: START_SESSION
11-07 16:56:29.930  1234  1234 V Telecom : Logging: END_SUBSESSION (dur: 0 mS): TSI.iISMC(a)@DSQ
11-07 16:56:29.930  1234  1234 D Telecom : Logging: END_SESSION (dur: 1 ms): TSI.iISMC(a)@DSQ
11-07 16:56:29.930  1234  1234 D ResponseStatsTracker: notification:+1h2m29s814ms; event=<updated>, pkg=com.visteon.skylarkTelematics, usr=0
11-07 16:56:29.930  1234  1234 I ValidateNoPeople: Validating: 0|com.visteon.skylarkTelematics|2001|null|1000 for 0
11-07 16:56:29.931  1234  1234 I ValidateNoPeople: final affinity: 0.0
11-07 16:56:29.931  1234  1234 D NotificationService: 0|com.visteon.skylarkTelematics|2001|null|1000: updating permissions
11-07 16:56:29.932  1234  1234 D NotificationService: 0|com.visteon.skylarkTelematics|2001|null|1000: updating permissions
11-07 16:56:29.932  1234  1234 D NotificationService: 0|com.visteon.skylarkTelematics|2001|null|1000: updating permissions
11-07 16:56:29.932  1234  1234 D NotificationService: 0|com.visteon.skylarkTelematics|2001|null|1000: updating permissions
11-07 16:56:29.932  1234  1234 D NotificationService: 0|com.visteon.skylarkTelematics|2001|null|1000: updating permissions
11-07 16:56:29.966  1234  1255 D NotificationService: handleSavePolicyFile
11-07 16:56:30.011  1564  1826 I CAR.POWER: Received AP_POWER_STATE_REQ=SHUTDOWN_PREPARE(1) param=1
11-07 16:56:30.011  1564  1826 D CarPowerManagementService: onApPowerStateChange(HAL): pendingStates=1 [SHUTDOWN_PREPARE/DEFAULT_VALUE_ZERO(1), ], current=CpmsState canPostpone=false, carPowerStateListenerState=2, mShutdownType=0, CpmsState=SUSPEND(4), mParam=DEFAULT_VALUE_ZERO(0)
11-07 16:56:30.012  1564  1957 I CarPowerManagementService: doHandlePowerStateChange: newState=SHUTDOWN_PREPARE(2)
11-07 16:56:30.012  1564  1957 D CarPowerManagementService: [TRANS] SUSPEND(4) -> SHUTDOWN_PREPARE(2) (param=DEFAULT_VALUE_ZERO(1), canPostpone=false, stType=1)
11-07 16:56:30.012  1564  1957 E CarPowerManagementService: Requested power transition is not allowed: SUSPEND(4) --> SHUTDOWN_PREPARE(2)
11-07 16:56:30.012  1564  1957 E CarPowerManagementService: [DENY] SUSPEND(4) --X--> SHUTDOWN_PREPARE(2) (param=DEFAULT_VALUE_ZERO(1))
11-07 16:56:30.012  1564  1957 D CarPowerManagementService: TRANS suppressed: pendingStates=0 [], current=CpmsState canPostpone=false, carPowerStateListenerState=2, mShutdownType=0, CpmsState=SUSPEND(4), mParam=DEFAULT_VALUE_ZERO(0)
11-07 16:56:30.513  1234  1264 V StorageManagerService: Resolved mode 2 for com.android.btautoconnect/1000
11-07 16:56:30.513  1234  1264 I ActivityManager: com.android.btautoconnect is exempt from freezer
11-07 16:56:30.514  1234  1264 D CompatibilityChangeReporter: Compat change id reported: 135634846; UID 1000; state: DISABLED
11-07 16:56:30.514  1234  1264 D CompatibilityChangeReporter: Compat change id reported: 177438394; UID 1000; state: DISABLED
11-07 16:56:30.514  1234  1264 D CompatibilityChangeReporter: Compat change id reported: 135772972; UID 1000; state: DISABLED
11-07 16:56:30.515  1234  1264 D CompatibilityChangeReporter: Compat change id reported: 135754954; UID 1000; state: DISABLED
11-07 16:56:30.542  1234  1265 I ActivityManager: Start proc 14858:com.android.btautoconnect/1000 for service {com.android.btautoconnect/com.android.btautoconnect.BtAutoConnectService}
11-07 16:56:30.583  1234  1651 V ActivityManager: New death recipient com.android.server.am.ActivityManagerService$AppDeathRecipient@3358a09 for thread android.os.BinderProxy@9d0b40e
11-07 16:56:30.584  1234  1234 D JobScheduler.Quota: Processing event 2 for <0>com.x4.settings
11-07 16:56:30.584  1234  1234 D JobScheduler.Quota: Crediting <0>com.x4.settings 10000ms for 1 time chunks
11-07 16:56:30.584  1234  1234 D JobScheduler.Quota: debits overflowed by -10000
11-07 16:56:30.585  1234  1234 D JobScheduler.Quota: Processing event 23 for <0>com.x4.settings
11-07 16:56:30.585  1234  1234 D JobScheduler.Quota: Processing event 31 for <0>com.android.btautoconnect
11-07 16:56:30.598  1234  1651 I DexManager: com.android.btautoconnect loads from com.android.btautoconnect-1 : 0 : /system/priv-app/BtAutoConnectService/BtAutoConnectService.apk
11-07 16:56:30.638  1234  1651 V SettingsProvider: packageValueForCallResult, name = null, value : Bundle[{_track_generation=android.util.MemoryIntArray@b5, value=null, _generation_index=2, _generation=5}]
11-07 16:56:30.639  1234  1651 V SettingsProvider: packageValueForCallResult, name = null, value : Bundle[{_track_generation=android.util.MemoryIntArray@b5, value=null, _generation_index=0, _generation=21}]
11-07 16:56:30.785   974  1230 D storaged: getDiskStats is not supported on health HAL.
11-07 16:56:31.013  1564  1826 I CAR.POWER: Received AP_POWER_STATE_REQ=SHUTDOWN_PREPARE(1) param=1
11-07 16:56:31.015  1564  1826 D CarPowerManagementService: onApPowerStateChange(HAL): pendingStates=1 [SHUTDOWN_PREPARE/DEFAULT_VALUE_ZERO(1), ], current=CpmsState canPostpone=false, carPowerStateListenerState=2, mShutdownType=0, CpmsState=SUSPEND(4), mParam=DEFAULT_VALUE_ZERO(0)
11-07 16:56:31.015  1564  1957 I CarPowerManagementService: doHandlePowerStateChange: newState=SHUTDOWN_PREPARE(2)
11-07 16:56:31.016  1564  1957 D CarPowerManagementService: [TRANS] SUSPEND(4) -> SHUTDOWN_PREPARE(2) (param=DEFAULT_VALUE_ZERO(1), canPostpone=false, stType=1)
11-07 16:56:31.016  1564  1957 E CarPowerManagementService: Requested power transition is not allowed: SUSPEND(4) --> SHUTDOWN_PREPARE(2)
11-07 16:56:31.016  1564  1957 E CarPowerManagementService: [DENY] SUSPEND(4) --X--> SHUTDOWN_PREPARE(2) (param=DEFAULT_VALUE_ZERO(1))
11-07 16:56:31.016  1564  1957 D CarPowerManagementService: TRANS suppressed: pendingStates=0 [], current=CpmsState canPostpone=false, carPowerStateListenerState=2, mShutdownType=0, CpmsState=SUSPEND(4), mParam=DEFAULT_VALUE_ZERO(0)
11-07 16:56:31.706  2516  2516 W ContextImpl: Calling a method in the system process without a qualified user: android.app.ContextImpl.startService:1863 android.content.ContextWrapper.startService:817 com.visteon.skylarkTelematics.GNSSService.sendGNSSSuccessToMainService:353 com.visteon.skylarkTelematics.GNSSService.access$300:40 com.visteon.skylarkTelematics.GNSSService$3.run:324 
11-07 16:56:31.712  1234  1372 I ValidateNoPeople: Validating: 0|com.x4.softwareupdate|1|null|1000 for 0
11-07 16:56:31.712  1234  1372 I ValidateNoPeople: final affinity: 0.0
11-07 16:56:31.713  1234  1372 I ValidateNoPeople: Validating: 0|com.visteon.location|12345678|null|1000 for 0
11-07 16:56:31.713  1234  1372 I ValidateNoPeople: final affinity: 0.0
11-07 16:56:31.713  1234  1372 I ValidateNoPeople: Validating: 0|com.x4.telematics|1|null|1000 for 0
11-07 16:56:31.713  1234  1372 I ValidateNoPeople: final affinity: 0.0
11-07 16:56:31.713  1234  1372 I ValidateNoPeople: skipping global notification
11-07 16:56:31.713  1234  1372 I ValidateNoPeople: Validating: 0|com.visteon.skylarkTelematics|2147483647|ranker_group|1000|ranker_group for 0
11-07 16:56:31.713  1234  1372 I ValidateNoPeople: final affinity: 0.0
11-07 16:56:31.713  1234  1372 I ValidateNoPeople: Validating: 0|com.visteon.skylarkTelematics|2003|null|1000 for 0
11-07 16:56:31.713  1234  1372 I ValidateNoPeople: final affinity: 0.0
11-07 16:56:31.713  1234  1372 I ValidateNoPeople: Validating: 0|com.visteon.skylarkTelematics|2001|null|1000 for 0
11-07 16:56:31.713  1234  1372 I ValidateNoPeople: final affinity: 0.0
11-07 16:56:31.713  1234  1372 I ValidateNoPeople: Validating: 0|com.visteon.serverinteractor|500|null|1000 for 0
11-07 16:56:31.713  1234  1372 I ValidateNoPeople: final affinity: 0.0
11-07 16:56:31.713  1234  1372 I ValidateNoPeople: Validating: 0|com.visteon.updater|100|null|1000 for 0
11-07 16:56:31.713  1234  1372 I ValidateNoPeople: final affinity: 0.0
11-07 16:56:31.714  1234  1372 I ValidateNoPeople: Validating: 0|com.visteon.usbvideo|101|null|1000 for 0
11-07 16:56:31.714  1234  1372 I ValidateNoPeople: final affinity: 0.0
11-07 16:56:31.714  1234  1372 I ValidateNoPeople: Validating: 0|com.visteon.coremedia|512|null|1000 for 0
11-07 16:56:31.714  1234  1372 I ValidateNoPeople: final affinity: 0.0
11-07 16:56:31.714  1234  1372 I ValidateNoPeople: Validating: 0|com.x4.connectnext|1|null|1000 for 0
11-07 16:56:31.714  1234  1372 I ValidateNoPeople: final affinity: 0.0
11-07 16:56:31.714  1234  1372 I ValidateNoPeople: Validating: 0|com.visteon.connectivityui|1|null|1000 for 0
11-07 16:56:31.714  1234  1372 I ValidateNoPeople: final affinity: 0.0
11-07 16:56:31.718  1234  1264 V NotificationService: enqueueNotificationInternal: pkg=com.visteon.skylarkTelematics id=2001 notification=Notification(channel=TG shortcut=null contentView=null vibrate=null sound=null defaults=0x0 flags=0x40 color=0x00000000 vis=PRIVATE)
11-07 16:56:31.719  1234  1234 D NotificationService: EnqueueNotificationRunnable.run for: 0|com.visteon.skylarkTelematics|2001|null|1000
11-07 16:56:31.720  1234  1234 V NotificationAssistants: onNotificationEnqueuedLocked() called with: r = [NotificationRecord(0x015766ca: pkg=com.visteon.skylarkTelematics user=UserHandle{0} id=2001 tag=null importance=2 key=0|com.visteon.skylarkTelematics|2001|null|1000: Notification(channel=TG shortcut=null contentView=null vibrate=null sound=null defaults=0x0 flags=0x40 color=0x00000000 vis=PRIVATE))]
11-07 16:56:31.720  1234  1234 V NotificationAssistants: calling onNotificationEnqueuedWithChannel com.android.server.notification.NotificationManagerService$StatusBarNotificationHolder@dc4803b
11-07 16:56:31.721  1234  1372 I ValidateNoPeople: Validating: 0|com.x4.softwareupdate|1|null|1000 for 0
11-07 16:56:31.721  1234  1372 I ValidateNoPeople: final affinity: 0.0
11-07 16:56:31.721  1234  1372 I ValidateNoPeople: Validating: 0|com.visteon.location|12345678|null|1000 for 0
11-07 16:56:31.721  1234  1372 I ValidateNoPeople: final affinity: 0.0
11-07 16:56:31.721  1234  1372 I ValidateNoPeople: Validating: 0|com.x4.telematics|1|null|1000 for 0
11-07 16:56:31.721  1234  1372 I ValidateNoPeople: final affinity: 0.0
11-07 16:56:31.722  1234  1372 I ValidateNoPeople: skipping global notification
11-07 16:56:31.722  1234  1372 I ValidateNoPeople: Validating: 0|com.visteon.skylarkTelematics|2147483647|ranker_group|1000|ranker_group for 0
11-07 16:56:31.722  1234  1372 I ValidateNoPeople: final affinity: 0.0
11-07 16:56:31.722  1234  1372 I ValidateNoPeople: Validating: 0|com.visteon.skylarkTelematics|2003|null|1000 for 0
11-07 16:56:31.722  1234  1372 I ValidateNoPeople: final affinity: 0.0
11-07 16:56:31.722  1234  1372 I ValidateNoPeople: Validating: 0|com.visteon.skylarkTelematics|2001|null|1000 for 0
11-07 16:56:31.722  1234  1372 I ValidateNoPeople: final affinity: 0.0
11-07 16:56:31.722  1234  1372 I ValidateNoPeople: Validating: 0|com.visteon.serverinteractor|500|null|1000 for 0
11-07 16:56:31.722  1234  1372 I ValidateNoPeople: final affinity: 0.0
11-07 16:56:31.722  1234  1372 I ValidateNoPeople: Validating: 0|com.visteon.updater|100|null|1000 for 0
11-07 16:56:31.722  1234  1372 I ValidateNoPeople: final affinity: 0.0
11-07 16:56:31.722  1234  1372 I ValidateNoPeople: Validating: 0|com.visteon.usbvideo|101|null|1000 for 0
11-07 16:56:31.722  1234  1372 I ValidateNoPeople: final affinity: 0.0
11-07 16:56:31.723  1234  1372 I ValidateNoPeople: Validating: 0|com.visteon.coremedia|512|null|1000 for 0
11-07 16:56:31.723  1234  1372 I ValidateNoPeople: final affinity: 0.0
11-07 16:56:31.723  1234  1372 I ValidateNoPeople: Validating: 0|com.x4.connectnext|1|null|1000 for 0
11-07 16:56:31.723  1234  1372 I ValidateNoPeople: final affinity: 0.0
11-07 16:56:31.723  1234  1372 I ValidateNoPeople: Validating: 0|com.visteon.connectivityui|1|null|1000 for 0
11-07 16:56:31.723  1234  1372 I ValidateNoPeople: final affinity: 0.0
11-07 16:56:31.921  1234  1234 D Telecom : Logging: START_SESSION
11-07 16:56:31.922  1234  1234 V Telecom : Logging: END_SUBSESSION (dur: 0 mS): TSI.iIMC@DSU
11-07 16:56:31.922  1234  1234 D Telecom : Logging: END_SESSION (dur: 0 ms): TSI.iIMC@DSU
11-07 16:56:31.922  1234  1234 D Telecom : Logging: START_SESSION
11-07 16:56:31.922  1234  1234 V Telecom : Logging: END_SUBSESSION (dur: 0 mS): TSI.iISMC(a)@DSY
11-07 16:56:31.923  1234  1234 D Telecom : Logging: END_SESSION (dur: 1 ms): TSI.iISMC(a)@DSY
11-07 16:56:31.923  1234  1234 D ResponseStatsTracker: notification:+1h2m31s809ms; event=<updated>, pkg=com.visteon.skylarkTelematics, usr=0
11-07 16:56:31.923  1234  1234 I ValidateNoPeople: Validating: 0|com.visteon.skylarkTelematics|2001|null|1000 for 0
11-07 16:56:31.923  1234  1234 I ValidateNoPeople: final affinity: 0.0
11-07 16:56:31.924  1234  1234 D NotificationService: 0|com.visteon.skylarkTelematics|2001|null|1000: updating permissions
11-07 16:56:31.924  1234  1234 D NotificationService: 0|com.visteon.skylarkTelematics|2001|null|1000: updating permissions
11-07 16:56:31.925  1234  1234 D NotificationService: 0|com.visteon.skylarkTelematics|2001|null|1000: updating permissions
11-07 16:56:31.925  1234  1234 D NotificationService: 0|com.visteon.skylarkTelematics|2001|null|1000: updating permissions
11-07 16:56:31.925  1234  1234 D NotificationService: 0|com.visteon.skylarkTelematics|2001|null|1000: updating permissions
11-07 16:56:31.966  1234  1255 D NotificationService: handleSavePolicyFile
11-07 16:56:32.021  1564  1826 I CAR.POWER: Received AP_POWER_STATE_REQ=SHUTDOWN_PREPARE(1) param=1
11-07 16:56:32.022  1564  1826 D CarPowerManagementService: onApPowerStateChange(HAL): pendingStates=1 [SHUTDOWN_PREPARE/DEFAULT_VALUE_ZERO(1), ], current=CpmsState canPostpone=false, carPowerStateListenerState=2, mShutdownType=0, CpmsState=SUSPEND(4), mParam=DEFAULT_VALUE_ZERO(0)
11-07 16:56:32.023  1564  1957 I CarPowerManagementService: doHandlePowerStateChange: newState=SHUTDOWN_PREPARE(2)
11-07 16:56:32.023  1564  1957 D CarPowerManagementService: [TRANS] SUSPEND(4) -> SHUTDOWN_PREPARE(2) (param=DEFAULT_VALUE_ZERO(1), canPostpone=false, stType=1)
11-07 16:56:32.023  1564  1957 E CarPowerManagementService: Requested power transition is not allowed: SUSPEND(4) --> SHUTDOWN_PREPARE(2)
11-07 16:56:32.023  1564  1957 E CarPowerManagementService: [DENY] SUSPEND(4) --X--> SHUTDOWN_PREPARE(2) (param=DEFAULT_VALUE_ZERO(1))
11-07 16:56:32.023  1564  1957 D CarPowerManagementService: TRANS suppressed: pendingStates=0 [], current=CpmsState canPostpone=false, carPowerStateListenerState=2, mShutdownType=0, CpmsState=SUSPEND(4), mParam=DEFAULT_VALUE_ZERO(0)
11-07 16:56:32.331  1564  1564 D CAR.BluetoothDeviceManager: Bluetooth Adapter state changed: (13) Turning Off
11-07 16:56:32.331  1564  1564 D CAR.BluetoothDeviceManager: Cleaning up any auto-connect process
11-07 16:56:32.332  1564  1564 D CAR.BluetoothDeviceConnectionPolicy: Bluetooth Adapter state changed: (13) Turning Off
11-07 16:56:32.333  1564  1564 I CarUserNoticeService: Display off, stopping UI
11-07 16:56:32.342  1234  1651 D PackageManager: Instant App installer not found with android.intent.action.INSTALL_INSTANT_APP_PACKAGE
11-07 16:56:32.342  1234  1651 D PackageManager: Clear ephemeral installer activity
11-07 16:56:32.362  1234  2665 D PackageManager: Instant App installer not found with android.intent.action.INSTALL_INSTANT_APP_PACKAGE
11-07 16:56:32.362  1234  2665 D PackageManager: Clear ephemeral installer activity
11-07 16:56:32.393  1234  1234 V SyncManagerFile: Writing new /data/system/sync/status
11-07 16:56:32.404  1234  1234 V SyncManager: Writing new /data/system/sync/stats
11-07 16:56:32.418  1234  1355 V NetworkPolicy: 10032 state changed to BFGS,seq=38283,cap=---N
11-07 16:56:32.418  1234  1355 D NetworkPolicy: no need to update restrict data rules for uid 10032
11-07 16:56:32.418  1234  1305 D JobScheduler.Background: Job status updated: 0/0 checked/total jobs, 2 us
11-07 16:56:32.418  1234  1355 D NetworkPolicy: no need to update restrict power rules for uid 10032
11-07 16:56:32.428  1234  2665 D Telecom : Logging: START_SESSION
11-07 16:56:32.428  1234  2665 V Telecom : Logging: END_SUBSESSION (dur: 0 mS): TSI.gDDP@DSc
11-07 16:56:32.428  1234  2665 D Telecom : Logging: END_SESSION (dur: 0 ms): TSI.gDDP@DSc
11-07 16:56:32.429  1234  2421 D Telecom : Logging: START_SESSION
11-07 16:56:32.429  1234  2421 V Telecom : Logging: END_SUBSESSION (dur: 0 mS): TSI.gSDP@DSg
11-07 16:56:32.429  1234  2421 D Telecom : Logging: END_SESSION (dur: 0 ms): TSI.gSDP@DSg
11-07 16:56:32.435  1234  1234 D JobScheduler.DeviceIdle: uid 10032 going active
11-07 16:56:32.435  1234  1234 D JobScheduler: pending queue: 0 jobs.
11-07 16:56:32.436  1234  1234 D JobScheduler.Concurrency: Pending queue: 
11-07 16:56:32.436  1234  1234 D JobScheduler: UID 10032 bias changed from 0 to 30
11-07 16:56:32.437  1234  1234 D JobScheduler: pending queue: 0 jobs.
11-07 16:56:32.437  1234  1234 D JobScheduler.Concurrency: Pending queue: 
11-07 16:56:32.437  1234  1234 D JobScheduler.Quota: Processing event 6 for <0>com.android.providers.contacts
11-07 16:56:32.453  1234  2421 D PackageManager: Instant App installer not found with android.intent.action.INSTALL_INSTANT_APP_PACKAGE
11-07 16:56:32.453  1234  2421 D PackageManager: Clear ephemeral installer activity
11-07 16:56:32.463  1234  1255 I EntropyMixer: Updated seed file
11-07 16:56:32.489  1234  1328 D Telecom : Logging: START_SESSION
11-07 16:56:32.489  1234  1328 I Telecom : BluetoothDeviceManager: Lost BluetoothLeAudio service. Removing all tracked devices.: BMSL.oSD@DSk
11-07 16:56:32.490  1564  2537 D CarBluetoothUserService: onServiceDisconnected profile: (16) HFP Client
11-07 16:56:32.490  1234  1328 V Telecom : Logging: END_SUBSESSION (dur: 1 mS): BMSL.oSD@DSk
11-07 16:56:32.490  1234  1328 D Telecom : Logging: END_SESSION (dur: 1 ms): BMSL.oSD@DSk
11-07 16:56:32.490  1564  1643 D CarBluetoothUserService: onServiceDisconnected profile: (16) HFP Client
11-07 16:56:32.495  1234  1328 D Telecom : Logging: START_SESSION
11-07 16:56:32.495  1234  1328 I Telecom : BluetoothDeviceManager: Lost BluetoothHeadset service. Removing all tracked devices: BMSL.oSD@DSo
11-07 16:56:32.495  1234  1328 V Telecom : Logging: END_SUBSESSION (dur: 0 mS): BMSL.oSD@DSo
11-07 16:56:32.495  1234  1328 D Telecom : Logging: END_SESSION (dur: 0 ms): BMSL.oSD@DSo
11-07 16:56:32.495  1564  1643 W CarBluetoothUserService: Received duplicate service disconnection event for: (16) HFP Client
11-07 16:56:32.496  1564  2551 D CarBluetoothUserService: onServiceDisconnected profile: (11) A2DP Sink
11-07 16:56:32.497  1564  1564 D CarBluetoothUserService: onServiceDisconnected profile: (16) HFP Client
11-07 16:56:32.497  1564  1564 W CarBluetoothUserService: Received duplicate service disconnection event for: (16) HFP Client
11-07 16:56:32.498  1564  2449 D CarBluetoothUserService: onServiceDisconnected profile: (11) A2DP Sink
11-07 16:56:32.498  1564  2449 W CarBluetoothUserService: Received duplicate service disconnection event for: (11) A2DP Sink
11-07 16:56:32.500  1564  1564 D CarBluetoothUserService: onServiceDisconnected profile: (11) A2DP Sink
11-07 16:56:32.500  1564  1564 W CarBluetoothUserService: Received duplicate service disconnection event for: (11) A2DP Sink
11-07 16:56:32.515  1234  1264 W BroadcastQueue: Background execution not allowed: receiving Intent { act=android.bluetooth.adapter.action.STATE_CHANGED flg=0x4000010 (has extras) } to com.car.visteon.core.connectivity/.BootCompleteReceiver
11-07 16:56:32.516  1234  1264 W BroadcastQueue: Background execution not allowed: receiving Intent { act=android.bluetooth.adapter.action.STATE_CHANGED flg=0x4000010 (has extras) } to com.allgo.btmanager/.ServiceStarter
11-07 16:56:32.518 12196 12196 W ContextImpl: Calling a method in the system process without a qualified user: android.app.ContextImpl.sendBroadcast:1204 android.content.ContextWrapper.sendBroadcast:505 com.android.btextendedvendor.BtExtendedVendorService.sendBtStateChangedBroadcast:1691 com.android.btextendedvendor.BtExtendedVendorService.-$$Nest$msendBtStateChangedBroadcast:0 com.android.btextendedvendor.BtExtendedVendorService$BluetoothBroadcastReceiver.onReceive:1384 
11-07 16:56:32.522  1564  1564 D CAR.BluetoothDeviceManager: Bluetooth Adapter state changed: (10) Off
11-07 16:56:32.522  1564  1564 D CAR.BluetoothDeviceManager: Cleaning up any auto-connect process
11-07 16:56:32.523  1564  1564 D CAR.BluetoothDeviceManager: Committed key: android.car.KEY_BLUETOOTH_DEVICES, value: ''
11-07 16:56:32.525  1564  1564 D CAR.BluetoothDeviceConnectionPolicy: Bluetooth Adapter state changed: (10) Off
11-07 16:56:32.525  1234  2421 D Telecom : Logging: START_SESSION
11-07 16:56:32.525  1234  2421 V Telecom : Logging: END_SUBSESSION (dur: 0 mS): TSI.gDDP@DSs
11-07 16:56:32.525  1234  2421 D Telecom : Logging: END_SESSION (dur: 0 ms): TSI.gDDP@DSs
11-07 16:56:32.526  1234  2214 D Telecom : Logging: START_SESSION
11-07 16:56:32.526  1234  2214 V Telecom : Logging: END_SUBSESSION (dur: 0 mS): TSI.gSDP@DSw
11-07 16:56:32.526  1234  2214 D Telecom : Logging: END_SESSION (dur: 0 ms): TSI.gSDP@DSw
11-07 16:56:32.530  1234  1234 D MR2SystemProvider: Updating system provider info : MediaRouteProviderInfo { uniqueId=null, routes=[MediaRoute2Info{ id=DEVICE_ROUTE, name=Phone, features=[android.media.route.feature.LIVE_AUDIO, android.media.route.feature.LIVE_VIDEO, android.media.route.feature.LOCAL_PLAYBACK], iconUri=null, description=null, connectionState=2, clientPackageName=null, volumeHandling=0, volumeMax=15, volume=15, deduplicationIds=, providerId=null }] }
11-07 16:56:32.545  1234  2094 D Telecom : Logging: START_SESSION
11-07 16:56:32.545  1234  2094 V Telecom : Logging: END_SUBSESSION (dur: 0 mS): TSI.gDDP@DS0
11-07 16:56:32.545  1234  2094 D Telecom : Logging: END_SESSION (dur: 0 ms): TSI.gDDP@DS0
11-07 16:56:32.546  1234  2094 D Telecom : Logging: START_SESSION
11-07 16:56:32.558  1234  2094 V Telecom : Logging: END_SUBSESSION (dur: 1 mS): TSI.gSDP@DS4
11-07 16:56:32.558  1234  2094 D Telecom : Logging: END_SESSION (dur: 1 ms): TSI.gSDP@DS4
11-07 16:56:32.560  1234  2214 D CompatibilityChangeReporter: Compat change id reported: 161145287; UID 1000; state: DISABLED
11-07 16:56:32.592  1234  2665 V ActivityManager: Death received in com.android.server.am.ActivityManagerService$AppDeathRecipient@2e1c3e3 for thread android.os.BinderProxy@861c1e0
11-07 16:56:32.592  1234  2665 I ActivityManager: Process com.android.btextendedvendor (pid 12196) has died: psvc FGS 
11-07 16:56:32.593  1234  2665 W ActivityManager: Scheduling restart of crashed service com.android.btextendedvendor/.BtExtendedVendorService in 1000ms for connection
11-07 16:56:32.664  1234  1234 W Looper  : Slow dispatch took 134ms main h=android.app.ActivityThread$H c=android.app.LoadedApk$ReceiverDispatcher$Args$$ExternalSyntheticLambda0@e01ece m=0
11-07 16:56:32.714  1564  1564 D CAR.SysfsLifetimeWriteInfoProvider: /sys/fs/ext4/features/lifetime_write_kbytes not a valid source of lifetime writes
11-07 16:56:32.718  1564  1564 D CAR.SysfsLifetimeWriteInfoProvider: /sys/fs/f2fs/features/lifetime_write_kbytes not a valid source of lifetime writes
11-07 16:56:32.720  1564  1564 D CarStorageMonitoringService: storing lifetime write info for partition mmcblk0p60 of type ext4, 336896 bytes were written
11-07 16:56:32.722  1564  1564 D CarStorageMonitoringService: storing lifetime write info for partition mmcblk0p57 of type ext4, 21218304 bytes were written
11-07 16:56:32.723  1564  1564 D CarStorageMonitoringService: storing lifetime write info for partition mmcblk0p5 of type ext4, 9069568 bytes were written
11-07 16:56:32.724  1564  1564 D CarStorageMonitoringService: storing lifetime write info for partition mmcblk0p55 of type ext4, 349184 bytes were written
11-07 16:56:32.725  1564  1564 D CarStorageMonitoringService: storing lifetime write info for partition mmcblk0p17 of type ext4, 222208 bytes were written
11-07 16:56:32.726  1564  1564 D CarStorageMonitoringService: storing lifetime write info for partition mmcblk0p15 of type ext4, 336896 bytes were written
11-07 16:56:32.727  1564  1564 D CarStorageMonitoringService: storing lifetime write info for partition mmcblk0p58 of type ext4, 111616 bytes were written
11-07 16:56:32.728  1564  1564 D CarStorageMonitoringService: storing lifetime write info for partition mmcblk0p6 of type ext4, 435200 bytes were written
11-07 16:56:32.729  1564  1564 D CarStorageMonitoringService: storing lifetime write info for partition mmcblk0p56 of type ext4, 1717248 bytes were written
11-07 16:56:32.730  1564  1564 D CarStorageMonitoringService: storing lifetime write info for partition mmcblk0p16 of type ext4, 222208 bytes were written
11-07 16:56:32.731  1564  1564 D CarStorageMonitoringService: storing lifetime write info for partition mmcblk0p61 of type f2fs, 0 bytes were written
11-07 16:56:32.732  1564  1564 D CarStorageMonitoringService: storing lifetime write info for partition mmcblk0p13 of type f2fs, 16384 bytes were written
11-07 16:56:32.732  1564  1564 D CarStorageMonitoringService: storing lifetime write info for partition dm-12 of type f2fs, 2166329344 bytes were written
11-07 16:56:32.733  1564  1564 I CarStorageMonitoringService: tearing down CarStorageMonitoringService
11-07 16:56:32.763  1564  1564 W CAR.SERVICE: unable to read historical uptime data
11-07 16:56:32.763  1564  1564 W CAR.SERVICE: android.util.MalformedJsonException: Use JsonReader.setLenient(true) to accept malformed JSON at line 1 column 19
11-07 16:56:32.763  1564  1564 W CAR.SERVICE: 	at android.util.JsonReader.syntaxError(JsonReader.java:1162)
11-07 16:56:32.763  1564  1564 W CAR.SERVICE: 	at android.util.JsonReader.checkLenient(JsonReader.java:840)
11-07 16:56:32.763  1564  1564 W CAR.SERVICE: 	at android.util.JsonReader.readLiteral(JsonReader.java:1062)
11-07 16:56:32.763  1564  1564 W CAR.SERVICE: 	at android.util.JsonReader.nextValue(JsonReader.java:715)
11-07 16:56:32.763  1564  1564 W CAR.SERVICE: 	at android.util.JsonReader.peek(JsonReader.java:336)
11-07 16:56:32.763  1564  1564 W CAR.SERVICE: 	at android.util.JsonReader.expect(JsonReader.java:310)
11-07 16:56:32.763  1564  1564 W CAR.SERVICE: 	at android.util.JsonReader.beginObject(JsonReader.java:295)
11-07 16:56:32.763  1564  1564 W CAR.SERVICE: 	at com.android.car.UptimeTracker.getHistoricalUptimeLocked(UptimeTracker.java:150)
11-07 16:56:32.763  1564  1564 W CAR.SERVICE: 	at com.android.car.UptimeTracker.getTotalUptime(UptimeTracker.java:140)
11-07 16:56:32.763  1564  1564 W CAR.SERVICE: 	at com.android.car.UptimeTracker.flushSnapshot(UptimeTracker.java:173)
11-07 16:56:32.763  1564  1564 W CAR.SERVICE: 	at com.android.car.UptimeTracker.onDestroy(UptimeTracker.java:124)
11-07 16:56:32.763  1564  1564 W CAR.SERVICE: 	at com.android.car.CarStorageMonitoringService.release(CarStorageMonitoringService.java:507)
