11-07 22:27:00.681  1254  1290 W ActivityManager: Slow operation: 607ms so far, now at startProcess: done updating pids map
11-07 22:27:00.681  1254  1290 W ActivityManager: Slow operation: 566ms so far, now at startProcess: asking zygote to start proc
11-07 22:27:00.681  1254  1290 D CompatibilityChangeReporter: Compat change id reported: 143937733; UID 10100; state: ENABLED
11-07 22:27:00.681  1254  1415 V NetworkPolicy: 1037 state changed to PER ,seq=27,cap=LCMN
11-07 22:27:00.681  1254  1415 D NetworkPolicy: no need to update restrict data rules for uid 1037
11-07 22:27:00.681  1254  1415 D NetworkPolicy: no need to update restrict power rules for uid 1037
11-07 22:27:00.682  1254  1534 V ActivityManager: New death recipient com.android.server.am.ActivityManagerService$AppDeathRecipient@1bc761 for thread android.os.BinderProxy@899a286
11-07 22:27:00.682  1254  1254 D JobScheduler.DeviceIdle: uid 1037 going active
11-07 22:27:00.682  1254  1534 D CompatibilityChangeReporter: Compat change id reported: 181136395; UID 1000; state: DISABLED
11-07 22:27:00.683  1254  1254 D JobScheduler: pending queue: 0 jobs.
11-07 22:27:00.683  1254  1534 D CompatibilityChangeReporter: Compat change id reported: 174042936; UID 1000; state: DISABLED
11-07 22:27:00.683  1254  1254 D JobScheduler.Concurrency: Pending queue: 
11-07 22:27:00.683  1254  1254 D JobScheduler: UID 1037 bias changed from 0 to 35
11-07 22:27:00.683  1254  1254 D JobScheduler: pending queue: 0 jobs.
11-07 22:27:00.683  1254  1254 D JobScheduler.Concurrency: Pending queue: 
11-07 22:27:00.696  1254  1290 W ActivityManager: Slow operation: 581ms so far, now at startProcess: returned from zygote!
11-07 22:27:00.697  1254  1290 W ActivityManager: Slow operation: 582ms so far, now at startProcess: done updating battery stats
11-07 22:27:00.697  1254  1290 W ActivityManager: Slow operation: 582ms so far, now at startProcess: building log message
11-07 22:27:00.697  1254  1290 I ActivityManager: Start proc 1624:com.android.permissioncontroller/u0a100 for service {com.android.permissioncontroller/com.android.permissioncontroller.role.service.RoleControllerServiceImpl}
11-07 22:27:00.697  1254  1290 W ActivityManager: Slow operation: 582ms so far, now at startProcess: starting to update pids map
11-07 22:27:00.698  1254  1290 W ActivityManager: Slow operation: 583ms so far, now at startProcess: done updating pids map
11-07 22:27:00.698  1254  1290 W ActivityManager: Slow operation: 557ms so far, now at startProcess: asking zygote to start proc
11-07 22:27:00.698  1254  1290 D CompatibilityChangeReporter: Compat change id reported: 143937733; UID 10036; state: ENABLED
11-07 22:27:00.704  1254  1534 V ActivityManager: New death recipient com.android.server.am.ActivityManagerService$AppDeathRecipient@4b31e55 for thread android.os.BinderProxy@e40006a
11-07 22:27:00.707  1254  1534 D CompatibilityChangeReporter: Compat change id reported: 168419799; UID 1073; state: DISABLED
11-07 22:27:00.710  1254  1415 V NetworkPolicy: 1073 state changed to PER ,seq=28,cap=LCMN
11-07 22:27:00.711  1254  1254 D JobScheduler.DeviceIdle: uid 1073 going active
11-07 22:27:00.711  1254  1254 D JobScheduler: pending queue: 0 jobs.
11-07 22:27:00.711  1254  1254 D JobScheduler.Concurrency: Pending queue: 
11-07 22:27:00.711  1254  1254 D JobScheduler: UID 1073 bias changed from 0 to 35
11-07 22:27:00.711  1254  1254 D JobScheduler: pending queue: 0 jobs.
11-07 22:27:00.711  1254  1254 D JobScheduler.Concurrency: Pending queue: 
11-07 22:27:00.712  1254  1415 D NetworkPolicy: no need to update restrict data rules for uid 1073
11-07 22:27:00.712  1254  1415 D NetworkPolicy: no need to update restrict power rules for uid 1073
11-07 22:27:00.713  1254  1290 W ActivityManager: Slow operation: 572ms so far, now at startProcess: returned from zygote!
11-07 22:27:00.718  1254  1534 D CompatibilityChangeReporter: Compat change id reported: 168419799; UID 1073; state: DISABLED
11-07 22:27:00.721  1254  1290 W ActivityManager: Slow operation: 580ms so far, now at startProcess: done updating battery stats
11-07 22:27:00.722  1254  1290 W ActivityManager: Slow operation: 581ms so far, now at startProcess: building log message
11-07 22:27:00.722  1254  1290 I ActivityManager: Start proc 1635:com.visteon.car.radio/u0a36 for added application com.visteon.car.radio
11-07 22:27:00.722  1254  1290 W ActivityManager: Slow operation: 581ms so far, now at startProcess: starting to update pids map
11-07 22:27:00.725  1254  1290 W ActivityManager: Slow operation: 584ms so far, now at startProcess: done updating pids map
11-07 22:27:00.725  1254  1290 W ActivityManager: Slow operation: 582ms so far, now at startProcess: asking zygote to start proc
11-07 22:27:00.734  1254  1340 V ActivityManager: New death recipient com.android.server.am.ActivityManagerService$AppDeathRecipient@2d99c10 for thread android.os.BinderProxy@8948309
11-07 22:27:00.735  1254  1340 D CompatibilityChangeReporter: Compat change id reported: 168419799; UID 10100; state: DISABLED
11-07 22:27:00.739  1254  1327 W PackageManager: Loading a package that does not exist for the calling user. package=null, user=0
11-07 22:27:00.742  1254  1254 V JobScheduler: com.android.permissioncontroller/0 standby bucket index: 0
11-07 22:27:00.742  1254  1254 D JobScheduler.Quota: quotaFree=true isFG=false tempEx=false topEx=false
11-07 22:27:00.743  1254  1254 V JobScheduler: com.android.permissioncontroller/0 standby bucket index: 0
11-07 22:27:00.743  1254  1254 E JobScheduler.Quota: maybeScheduleStartAlarmLocked called for <0>com.android.permissioncontroller even though it already has 600000ms in its quota.
11-07 22:27:00.743  1254  1254 V JobScheduler: com.android.permissioncontroller/0 standby bucket index: 0
11-07 22:27:00.743  1254  1254 D JobScheduler.Quota: quotaFree=true isFG=false tempEx=false topEx=false
11-07 22:27:00.743  1254  1254 E JobScheduler.Quota: maybeScheduleStartAlarmLocked called for <0>com.android.permissioncontroller even though it already has 600000ms in its quota.
11-07 22:27:00.743  1254  1254 D JobScheduler.DeviceIdle: uid 10100 going active
11-07 22:27:00.743  1254  1254 D JobScheduler: pending queue: 0 jobs.
11-07 22:27:00.743  1254  1254 D JobScheduler.Concurrency: Pending queue: 
11-07 22:27:00.743  1254  1254 D JobScheduler: pending queue: 0 jobs.
11-07 22:27:00.743  1254  1254 D JobScheduler.Concurrency: Pending queue: 
11-07 22:27:00.743  1254  1254 D JobScheduler.Quota: Checking pkg <0>com.android.permissioncontroller
11-07 22:27:00.743  1254  1254 D JobScheduler.Quota: Checking pkg <0>com.android.permissioncontroller
11-07 22:27:00.744  1254  1415 V NetworkPolicy: 10100 state changed to IMPF,seq=29,cap=----
11-07 22:27:00.746  1254  1341 D JobScheduler.Background: Job status updated: 2/2 checked/total jobs, 15 us
11-07 22:27:00.746  1254  1327 W PackageManager: Loading a package that does not exist for the calling user. package=null, user=0
11-07 22:27:00.748  1254  1290 W ActivityManager: Slow operation: 605ms so far, now at startProcess: returned from zygote!
11-07 22:27:00.751  1254  1254 D JobScheduler: MSG_CHECK_CHANGED_JOB_LIST
11-07 22:27:00.751  1254  1254 D JobScheduler: Check changed jobs...
11-07 22:27:00.751  1254  1254 V JobScheduler: isReadyToBeExecutedLocked: 4895ad0 #u0a100/2 com.android.permissioncontroller/.hibernation.HibernationJobService ready=false
11-07 22:27:00.751  1254  1254 V JobScheduler: isReadyToBeExecutedLocked: 87375ce #u0a100/3 com.android.permissioncontroller/.permission.service.v33.PermissionEventCleanupJobService ready=true
11-07 22:27:00.751  1254  1254 V JobScheduler: isReadyToBeExecutedLocked: 87375ce #u0a100/3 com.android.permissioncontroller/.permission.service.v33.PermissionEventCleanupJobService exists=true userStarted=true backingUp=false
11-07 22:27:00.752  1254  1254 V JobScheduler: isReadyToBeExecutedLocked: 87375ce #u0a100/3 com.android.permissioncontroller/.permission.service.v33.PermissionEventCleanupJobService pending=false active=false
11-07 22:27:00.752  1254  1290 W ActivityManager: Slow operation: 609ms so far, now at startProcess: done updating battery stats
11-07 22:27:00.752  1254  1254 D JobScheduler: maybeQueueReadyJobsForExecutionLocked: Running jobs.
11-07 22:27:00.752  1254  1254 D JobScheduler: pending queue: 0 jobs.
11-07 22:27:00.752  1254  1254 D JobScheduler.Concurrency: Pending queue: 
11-07 22:27:00.752  1254  1290 W ActivityManager: Slow operation: 609ms so far, now at startProcess: building log message
11-07 22:27:00.753  1254  1290 I ActivityManager: Start proc 1653:com.visteon.coremedia/1000 for added application com.visteon.coremedia
11-07 22:27:00.753  1254  1290 W ActivityManager: Slow operation: 610ms so far, now at startProcess: starting to update pids map
11-07 22:27:00.753  1254  1290 W ActivityManager: Slow operation: 610ms so far, now at startProcess: done updating pids map
11-07 22:27:00.753  1254  1290 W ActivityManager: Slow operation: 608ms so far, now at startProcess: asking zygote to start proc
11-07 22:27:00.769  1254  1340 V ActivityManager: New death recipient com.android.server.am.ActivityManagerService$AppDeathRecipient@3ecdd28 for thread android.os.BinderProxy@c2c8a41
11-07 22:27:00.770  1254  1340 D CompatibilityChangeReporter: Compat change id reported: 168419799; UID 10036; state: DISABLED
11-07 22:27:00.774  1254  1415 V NetworkPolicy: 10036 state changed to PER ,seq=30,cap=LCMN
11-07 22:27:00.774  1254  1415 D NetworkPolicy: no need to update restrict data rules for uid 10036
11-07 22:27:00.774  1254  1415 D NetworkPolicy: no need to update restrict power rules for uid 10036
11-07 22:27:00.775  1254  1254 D JobScheduler.DeviceIdle: uid 10036 going active
11-07 22:27:00.776  1254  1254 D JobScheduler: pending queue: 0 jobs.
11-07 22:27:00.776  1254  1254 D JobScheduler.Concurrency: Pending queue: 
11-07 22:27:00.776  1254  1254 D JobScheduler: UID 10036 bias changed from 0 to 35
11-07 22:27:00.776  1254  1254 D JobScheduler: pending queue: 0 jobs.
11-07 22:27:00.776  1254  1254 D JobScheduler.Concurrency: Pending queue: 
11-07 22:27:00.776  1254  1290 W ActivityManager: Slow operation: 631ms so far, now at startProcess: returned from zygote!
11-07 22:27:00.777  1254  1290 W ActivityManager: Slow operation: 632ms so far, now at startProcess: done updating battery stats
11-07 22:27:00.778  1254  1290 W ActivityManager: Slow operation: 633ms so far, now at startProcess: building log message
11-07 22:27:00.778  1254  1290 I ActivityManager: Start proc 1675:com.visteon.loggerdiagclient/1000 for added application com.visteon.loggerdiagclient
11-07 22:27:00.778  1254  1290 W ActivityManager: Slow operation: 633ms so far, now at startProcess: starting to update pids map
11-07 22:27:00.778  1254  1290 W ActivityManager: Slow operation: 633ms so far, now at startProcess: done updating pids map
11-07 22:27:00.778  1254  1290 W ActivityManager: Slow operation: 632ms so far, now at startProcess: asking zygote to start proc
11-07 22:27:00.780  1254  1341 D JobScheduler.Background: Job status updated: 0/0 checked/total jobs, 2 us
11-07 22:27:00.795  1254  1290 W ActivityManager: Slow operation: 648ms so far, now at startProcess: returned from zygote!
11-07 22:27:00.797  1254  1290 W ActivityManager: Slow operation: 651ms so far, now at startProcess: done updating battery stats
11-07 22:27:00.797  1254  1290 W ActivityManager: Slow operation: 651ms so far, now at startProcess: building log message
11-07 22:27:00.797  1254  1290 I ActivityManager: Start proc 1687:com.skylark.mediaplayer/1000 for added application com.skylark.mediaplayer
11-07 22:27:00.797  1254  1290 W ActivityManager: Slow operation: 651ms so far, now at startProcess: starting to update pids map
11-07 22:27:00.798  1254  1290 W ActivityManager: Slow operation: 652ms so far, now at startProcess: done updating pids map
11-07 22:27:00.798  1254  1290 W ActivityManager: Slow operation: 649ms so far, now at startProcess: asking zygote to start proc
11-07 22:27:00.803  1254  1327 V ActivityManager: New death recipient com.android.server.am.ActivityManagerService$AppDeathRecipient@6d42940 for thread android.os.BinderProxy@4674079
11-07 22:27:00.805  1254  1327 D CompatibilityChangeReporter: Compat change id reported: 168419799; UID 1000; state: DISABLED
11-07 22:27:00.809  1254  1652 I DexManager: com.android.permissioncontroller loads from null-0 : 0 : /system/system_ext/framework/androidx.window.extensions.jar
11-07 22:27:00.809  1254  1652 I DexManager: Could not find owning package for dex file: /system/system_ext/framework/androidx.window.extensions.jar
11-07 22:27:00.818  1254  1290 W ActivityManager: Slow operation: 669ms so far, now at startProcess: returned from zygote!
11-07 22:27:00.819  1254  1290 W ActivityManager: Slow operation: 670ms so far, now at startProcess: done updating battery stats
11-07 22:27:00.820  1254  1290 W ActivityManager: Slow operation: 671ms so far, now at startProcess: building log message
11-07 22:27:00.820  1254  1290 I ActivityManager: Start proc 1703:com.android.car/1000 for added application com.android.car
11-07 22:27:00.820  1254  1290 W ActivityManager: Slow operation: 671ms so far, now at startProcess: starting to update pids map
11-07 22:27:00.821  1254  1512 E WebViewUpdateServiceImpl: Timed out waiting for relro creation, relros started 2 relros finished 0 package dirty? false
11-07 22:27:00.821  1254  1290 W ActivityManager: Slow operation: 672ms so far, now at startProcess: done updating pids map
11-07 22:27:00.821  1254  1512 W WebViewUpdateServiceImpl: creating relro file timed out
11-07 22:27:00.821  1254  1290 W ActivityManager: Slow operation: 671ms so far, now at startProcess: asking zygote to start proc
11-07 22:27:00.822  1254  1327 V ActivityManager: New death recipient com.android.server.am.ActivityManagerService$AppDeathRecipient@471f13b for thread android.os.BinderProxy@aa5e058
11-07 22:27:00.823  1254  1327 D CompatibilityChangeReporter: Compat change id reported: 168419799; UID 1000; state: DISABLED
11-07 22:27:00.835  1254  1512 D CompatibilityChangeReporter: Compat change id reported: 135634846; UID 10084; state: DISABLED
11-07 22:27:00.836  1254  1512 D CompatibilityChangeReporter: Compat change id reported: 177438394; UID 10084; state: DISABLED
11-07 22:27:00.836  1254  1512 D CompatibilityChangeReporter: Compat change id reported: 135772972; UID 10084; state: DISABLED
11-07 22:27:00.836  1254  1512 D CompatibilityChangeReporter: Compat change id reported: 135754954; UID 10084; state: ENABLED
11-07 22:27:00.836  1254  1512 D CompatibilityChangeReporter: Compat change id reported: 207557677; UID 10084; state: ENABLED
11-07 22:27:00.841  1254  1327 V ActivityManager: New death recipient com.android.server.am.ActivityManagerService$AppDeathRecipient@a046617 for thread android.os.BinderProxy@7c4aa04
11-07 22:27:00.844  1254  1327 D CompatibilityChangeReporter: Compat change id reported: 168419799; UID 1000; state: DISABLED
11-07 22:27:00.852  1254  1290 W ActivityManager: Slow operation: 702ms so far, now at startProcess: returned from zygote!
11-07 22:27:00.852  1254  1290 W ActivityManager: Slow operation: 702ms so far, now at startProcess: done updating battery stats
11-07 22:27:00.852  1254  1290 W ActivityManager: Slow operation: 702ms so far, now at startProcess: building log message
11-07 22:27:00.853  1254  1290 I ActivityManager: Start proc 1738:com.skylark.launcher/1000 for added application com.skylark.launcher
11-07 22:27:00.853  1254  1290 W ActivityManager: Slow operation: 703ms so far, now at startProcess: starting to update pids map
11-07 22:27:00.853  1254  1290 W ActivityManager: Slow operation: 703ms so far, now at startProcess: done updating pids map
11-07 22:27:00.853  1254  1290 W ActivityManager: Slow operation: 702ms so far, now at startProcess: asking zygote to start proc
11-07 22:27:00.853  1254  1530 V ActivityManager: New death recipient com.android.server.am.ActivityManagerService$AppDeathRecipient@fdc39e9 for thread android.os.BinderProxy@d9fd66e
11-07 22:27:00.855  1254  1530 D CompatibilityChangeReporter: Compat change id reported: 168419799; UID 1000; state: DISABLED
11-07 22:27:00.860  1254  1327 I DexManager: com.visteon.car.radio loads from com.visteon.car.radio-1 : 0 : /system/priv-app/CarRadioService/CarRadioService.apk
11-07 22:27:00.874  1254  1280 D NotificationService: handleSavePolicyFile
11-07 22:27:00.899  1254  1290 W ActivityManager: Slow operation: 748ms so far, now at startProcess: returned from zygote!
11-07 22:27:00.899  1254  1290 W ActivityManager: Slow operation: 748ms so far, now at startProcess: done updating battery stats
11-07 22:27:00.900  1254  1290 W ActivityManager: Slow operation: 749ms so far, now at startProcess: building log message
11-07 22:27:00.900  1254  1290 I ActivityManager: Start proc 1763:com.allgo.devicecontrolmanager/1000 for added application com.allgo.devicecontrolmanager
11-07 22:27:00.900  1254  1290 W ActivityManager: Slow operation: 749ms so far, now at startProcess: starting to update pids map
11-07 22:27:00.900  1254  1290 W ActivityManager: Slow operation: 749ms so far, now at startProcess: done updating pids map
11-07 22:27:00.901  1254  1290 W ActivityManager: Slow operation: 748ms so far, now at startProcess: asking zygote to start proc
11-07 22:27:00.901  1254  1652 I DexManager: com.visteon.coremedia loads from com.visteon.coremedia-1 : 0 : /system/priv-app/CoreMedia/CoreMedia.apk
11-07 22:27:00.922  1254  1290 W ActivityManager: Slow operation: 770ms so far, now at startProcess: returned from zygote!
11-07 22:27:00.923  1254  1290 W ActivityManager: Slow operation: 771ms so far, now at startProcess: done updating battery stats
11-07 22:27:00.923  1254  1290 W ActivityManager: Slow operation: 771ms so far, now at startProcess: building log message
11-07 22:27:00.923  1254  1290 I ActivityManager: Start proc 1772:com.android.se/1068 for added application com.android.se
11-07 22:27:00.923  1254  1290 W ActivityManager: Slow operation: 771ms so far, now at startProcess: starting to update pids map
11-07 22:27:00.923  1254  1290 W ActivityManager: Slow operation: 771ms so far, now at startProcess: done updating pids map
11-07 22:27:00.923  1254  1290 W ActivityManager: Slow operation: 770ms so far, now at startProcess: asking zygote to start proc
11-07 22:27:00.923  1254  1652 V ActivityManager: New death recipient com.android.server.am.ActivityManagerService$AppDeathRecipient@2289c34 for thread android.os.BinderProxy@f1a8a5d
11-07 22:27:00.924  1254  1652 D CompatibilityChangeReporter: Compat change id reported: 168419799; UID 1000; state: DISABLED
11-07 22:27:00.932  1254  1290 W ActivityManager: Slow operation: 779ms so far, now at startProcess: returned from zygote!
11-07 22:27:00.933  1254  1415 V NetworkPolicy: 1000 state changed to TOP ,seq=31,cap=LCMN
11-07 22:27:00.933  1254  1415 D NetworkPolicy: no need to update restrict data rules for uid 1000
11-07 22:27:00.933  1254  1415 D NetworkPolicy: no need to update restrict power rules for uid 1000
11-07 22:27:00.983  1254  1530 V ActivityManager: New death recipient com.android.server.am.ActivityManagerService$AppDeathRecipient@4d92093 for thread android.os.BinderProxy@d11d8d0
11-07 22:27:00.984  1254  1530 D CompatibilityChangeReporter: Compat change id reported: 168419799; UID 1000; state: DISABLED
11-07 22:27:00.988  1254  1290 W ActivityManager: Slow operation: 834ms so far, now at startProcess: returned from zygote!
11-07 22:27:00.988  1254  1534 I DexManager: com.android.permissioncontroller loads from null-0 : 0 : /system/system_ext/framework/androidx.window.sidecar.jar
11-07 22:27:00.988  1254  1534 I DexManager: Could not find owning package for dex file: /system/system_ext/framework/androidx.window.sidecar.jar
11-07 22:27:00.996  1254  1290 W ActivityManager: Slow operation: 842ms so far, now at startProcess: done updating battery stats
11-07 22:27:00.997  1254  1290 I Watchdog: Interesting Java process com.android.phone started. Pid 1819
11-07 22:27:00.997  1254  1290 W ActivityManager: Slow operation: 843ms so far, now at startProcess: building log message
11-07 22:27:00.997  1254  1290 I ActivityManager: Start proc 1819:com.android.phone/1001 for added application com.android.phone
11-07 22:27:00.997  1254  1290 W ActivityManager: Slow operation: 843ms so far, now at startProcess: starting to update pids map
11-07 22:27:00.997  1254  1290 W ActivityManager: Slow operation: 843ms so far, now at startProcess: done updating pids map
11-07 22:27:00.997  1254  1290 W ActivityManager: Slow operation: 831ms so far, now at startProcess: asking zygote to start proc
11-07 22:27:00.999  1254  1534 I DexManager: com.visteon.loggerdiagclient loads from com.visteon.loggerdiagclient-1 : 0 : /system/priv-app/LoggerDiagClient/LoggerDiagClient.apk
11-07 22:27:01.004  1254  1534 V ActivityManager: New death recipient com.android.server.am.ActivityManagerService$AppDeathRecipient@c620f0b for thread android.os.BinderProxy@3d7f1e8
11-07 22:27:01.007  1254  1534 D CompatibilityChangeReporter: Compat change id reported: 168419799; UID 1000; state: DISABLED
11-07 22:27:01.011  1254  1530 I DexManager: com.skylark.launcher loads from com.skylark.launcher-1 : 0 : /product/priv-app/SkylarkLauncher/SkylarkLauncher.apk
11-07 22:27:01.013  1254  1290 W ActivityManager: Slow operation: 847ms so far, now at startProcess: returned from zygote!
11-07 22:27:01.016  1254  1290 W ActivityManager: Slow operation: 850ms so far, now at startProcess: done updating battery stats
11-07 22:27:01.017  1254  1290 W ActivityManager: Slow operation: 850ms so far, now at startProcess: building log message
11-07 22:27:01.017  1254  1290 I ActivityManager: Start proc 1827:com.skylark.parkassist/1000 for added application com.skylark.parkassist
11-07 22:27:01.017  1254  1290 W ActivityManager: Slow operation: 851ms so far, now at startProcess: starting to update pids map
11-07 22:27:01.017  1254  1290 W ActivityManager: Slow operation: 851ms so far, now at startProcess: done updating pids map
11-07 22:27:01.017  1254  1290 W ActivityManager: Slow operation: 740ms so far, now at startProcess: asking zygote to start proc
11-07 22:27:01.018  1254  1290 D CompatibilityChangeReporter: Compat change id reported: 143937733; UID 10103; state: ENABLED
11-07 22:27:01.021  1254  1530 V ActivityManager: New death recipient com.android.server.am.ActivityManagerService$AppDeathRecipient@42e4494 for thread android.os.BinderProxy@f107b3d
11-07 22:27:01.022  1254  1530 D CompatibilityChangeReporter: Compat change id reported: 168419799; UID 1068; state: DISABLED
11-07 22:27:01.028  1254  1254 D JobScheduler.DeviceIdle: uid 1068 going active
11-07 22:27:01.028  1254  1254 D JobScheduler: pending queue: 0 jobs.
11-07 22:27:01.028  1254  1254 D JobScheduler.Concurrency: Pending queue: 
11-07 22:27:01.029  1254  1415 V NetworkPolicy: 1068 state changed to PER ,seq=32,cap=LCMN
11-07 22:27:01.029  1254  1415 D NetworkPolicy: no need to update restrict data rules for uid 1068
11-07 22:27:01.029  1254  1415 D NetworkPolicy: no need to update restrict power rules for uid 1068
11-07 22:27:01.029  1254  1254 D JobScheduler: UID 1068 bias changed from 0 to 35
11-07 22:27:01.029  1254  1254 D JobScheduler: pending queue: 0 jobs.
11-07 22:27:01.029  1254  1254 D JobScheduler.Concurrency: Pending queue: 
11-07 22:27:01.031  1254  1290 W ActivityManager: Slow operation: 754ms so far, now at startProcess: returned from zygote!
11-07 22:27:01.043  1254  1290 W ActivityManager: Slow operation: 766ms so far, now at startProcess: done updating battery stats
11-07 22:27:01.044  1254  1290 W ActivityManager: Slow operation: 767ms so far, now at startProcess: building log message
11-07 22:27:01.044  1254  1290 I ActivityManager: Start proc 1838:android.ext.services/u0a103 for service {android.ext.services/android.ext.services.autofill.InlineSuggestionRenderServiceImpl}
11-07 22:27:01.044  1254  1290 W ActivityManager: Slow operation: 767ms so far, now at startProcess: starting to update pids map
11-07 22:27:01.044  1254  1290 W ActivityManager: Slow operation: 767ms so far, now at startProcess: done updating pids map
11-07 22:27:01.044  1254  1290 W ActivityManager: Slow operation: 630ms so far, now at startProcess: asking zygote to start proc
11-07 22:27:01.046  1254  1327 V ActivityManager: New death recipient com.android.server.am.ActivityManagerService$AppDeathRecipient@d0e8e39 for thread android.os.BinderProxy@79e1c7e
11-07 22:27:01.052  1254  1327 D CompatibilityChangeReporter: Compat change id reported: 168419799; UID 1001; state: DISABLED
11-07 22:27:01.055  1254  1275 I DexManager: com.android.car loads from com.android.car-1 : 0 : /system/priv-app/CarService/CarService.apk
11-07 22:27:01.055  1254  1275 I DexManager: com.skylark.mediaplayer loads from com.skylark.mediaplayer-1 : 0 : /product/priv-app/SkylarkMediaPlayer/SkylarkMediaPlayer.apk
11-07 22:27:01.056  1254  1254 D JobScheduler.DeviceIdle: uid 1001 going active
11-07 22:27:01.056  1254  1254 D JobScheduler: pending queue: 0 jobs.
11-07 22:27:01.056  1254  1254 D JobScheduler.Concurrency: Pending queue: 
11-07 22:27:01.057  1254  1254 D JobScheduler: UID 1001 bias changed from 0 to 35
11-07 22:27:01.057  1254  1254 D JobScheduler: pending queue: 0 jobs.
11-07 22:27:01.057  1254  1254 D JobScheduler.Concurrency: Pending queue: 
11-07 22:27:01.061  1254  1415 V NetworkPolicy: 1001 state changed to PER ,seq=33,cap=LCMN
11-07 22:27:01.061  1254  1415 D NetworkPolicy: no need to update restrict data rules for uid 1001
11-07 22:27:01.061  1254  1415 D NetworkPolicy: no need to update restrict power rules for uid 1001
11-07 22:27:01.064  1254  1275 I DexManager: com.android.networkstack loads from com.android.networkstack-1 : 0 : /system/priv-app/NetworkStackNext/NetworkStackNext.apk
11-07 22:27:01.086  1254  1327 V ActivityManager: New death recipient com.android.server.am.ActivityManagerService$AppDeathRecipient@6fb828a for thread android.os.BinderProxy@b98d0fb
11-07 22:27:01.090  1254  1290 W ActivityManager: Slow operation: 676ms so far, now at startProcess: returned from zygote!
11-07 22:27:01.095  1254  1327 D CompatibilityChangeReporter: Compat change id reported: 168419799; UID 10103; state: DISABLED
11-07 22:27:01.098  1254  1254 D JobScheduler.DeviceIdle: uid 10103 going active
11-07 22:27:01.098  1254  1254 D JobScheduler: pending queue: 0 jobs.
11-07 22:27:01.099  1254  1254 D JobScheduler.Concurrency: Pending queue: 
11-07 22:27:01.099  1254  1254 D JobScheduler: UID 10103 bias changed from 0 to 30
11-07 22:27:01.099  1254  1254 D JobScheduler: pending queue: 0 jobs.
11-07 22:27:01.099  1254  1254 D JobScheduler.Concurrency: Pending queue: 
11-07 22:27:01.100  1254  1415 V NetworkPolicy: 10103 state changed to BFGS,seq=34,cap=LCMN
11-07 22:27:01.101  1254  1290 W ActivityManager: Slow operation: 687ms so far, now at startProcess: done updating battery stats
11-07 22:27:01.101  1254  1415 V NetworkPolicy: setMeteredNetworkAllowlist 10103: true
11-07 22:27:01.101  1254  1290 W ActivityManager: Slow operation: 687ms so far, now at startProcess: building log message
11-07 22:27:01.101  1254  1415 D NetworkPolicy: metered-allowlist for 10103 changed to true
11-07 22:27:01.102  1254  1415 D NetworkPolicy: metered-allowlist for 20103 changed to true
11-07 22:27:01.102  1254  1415 D NetworkManagement: oldRule = 0, newRule=0 for uid=10103 on chain 2
11-07 22:27:01.102  1254  1415 D NetworkManagement: !!!!! Skipping change
11-07 22:27:01.102  1254  1415 V NetworkPolicy: Firewall rule changed: 10103-standby-default
11-07 22:27:01.102  1254  1415 D NetworkManagement: oldRule = 0, newRule=0 for uid=20103 on chain 2
11-07 22:27:01.102  1254  1415 D NetworkManagement: !!!!! Skipping change
11-07 22:27:01.102  1254  1415 V NetworkPolicy: Firewall rule changed: 20103-standby-default
11-07 22:27:01.107  1254  1341 D JobScheduler.Background: Job status updated: 0/0 checked/total jobs, 1 us
11-07 22:27:01.109  1254  1290 I ActivityManager: Start proc 1865:com.visteon.popupmanager/1000 for service {com.visteon.popupmanager/com.visteon.popupmanager.service.VisteonNotificationListenerService}
11-07 22:27:01.109  1254  1290 W ActivityManager: Slow operation: 695ms so far, now at startProcess: starting to update pids map
11-07 22:27:01.110  1254  1290 W ActivityManager: Slow operation: 696ms so far, now at startProcess: done updating pids map
11-07 22:27:01.134  1254  1275 I DexManager: android.car.cluster.sample loads from android.car.cluster.sample-1 : 0 : /system/priv-app/ClusterRenderingService/ClusterRenderingService.apk
11-07 22:27:01.143  1254  1340 I DexManager: android.ext.services loads from android.ext.services-1 : 0 : /apex/com.android.extservices/priv-app/ExtServices@R03.23_PUNICG_G3S2I_UF0000U071125A/ExtServices.apk
11-07 22:27:01.143  1254  1340 I DexManager: com.android.permissioncontroller loads from com.android.permissioncontroller-1 : 0 : /apex/com.android.permission/priv-app/PermissionController@R03.23_PUNICG_G3S2I_UF0000U071125A/PermissionController.apk
11-07 22:27:01.155  1254  1652 V ActivityManager: New death recipient com.android.server.am.ActivityManagerService$AppDeathRecipient@479ff30 for thread android.os.BinderProxy@2d277a9
11-07 22:27:01.174  1254  1652 D CompatibilityChangeReporter: Compat change id reported: 168419799; UID 1000; state: DISABLED
11-07 22:27:01.194  1254  1878 V ActivityManager: Death received in com.android.server.am.ActivityManagerService$AppDeathRecipient@1bc761 for thread android.os.BinderProxy@899a286
11-07 22:27:01.205  1254  1878 I ActivityManager: Process WebViewLoader-arm64-v8a (pid 1589) has died: psvc PER 
11-07 22:27:01.211  1254  1415 V NetworkPolicy: 1002 state changed to CEM ,seq=42,cap=----
11-07 22:27:01.211  1254  1254 D JobScheduler: pending queue: 0 jobs.
11-07 22:27:01.211  1254  1254 D JobScheduler.Concurrency: Pending queue: 
11-07 22:27:01.211  1254  1254 D JobScheduler: pending queue: 0 jobs.
11-07 22:27:01.211  1254  1254 D JobScheduler.Concurrency: Pending queue: 
11-07 22:27:01.212  1254  1878 I DexManager: com.allgo.devicecontrolmanager loads from com.allgo.devicecontrolmanager-1 : 0 : /system/app/DeviceControlManager/DeviceControlManager.apk
11-07 22:27:01.219  1254  1275 I DexManager: com.skylark.parkassist loads from null-0 : 0 : /system/system_ext/framework/androidx.window.extensions.jar
11-07 22:27:01.219  1254  1275 I DexManager: Could not find owning package for dex file: /system/system_ext/framework/androidx.window.extensions.jar
11-07 22:27:01.227  1703  1703 D UpdatablePackageContext: Total RROs packages for target package com.android.car.updatable are 1.
11-07 22:27:01.227  1254  1275 I DexManager: com.android.phone loads from null-0 : 0 : /system/framework/org.apache.http.legacy.jar
11-07 22:27:01.227  1254  1275 I DexManager: Could not find owning package for dex file: /system/framework/org.apache.http.legacy.jar
11-07 22:27:01.227  1703  1703 D UpdatablePackageContext: RRO package com.android.car.resources.vendor is not installed.
11-07 22:27:01.227  1703  1703 D UpdatablePackageContext: RRO package com.google.android.car.resources.vendor is not installed.
11-07 22:27:01.228  1703  1703 D UpdatablePackageContext: No eligible RRO package to enable.
11-07 22:27:01.231  1254  1275 I DexManager: com.skylark.parkassist loads from null-0 : 0 : /system/system_ext/framework/androidx.window.sidecar.jar
11-07 22:27:01.231  1254  1275 I DexManager: Could not find owning package for dex file: /system/system_ext/framework/androidx.window.sidecar.jar
11-07 22:27:01.246  1254  1275 V SettingsProvider: packageValueForCallResult, name = null, value : Bundle[{_track_generation=android.util.MemoryIntArray@b5, value=null, _generation_index=0, _generation=4}]
11-07 22:27:01.251  1254  1275 I DexManager: com.android.se loads from com.android.se-1 : 0 : /system/app/SecureElement/SecureElement.apk
11-07 22:27:01.266  1254  1534 D CompatibilityChangeReporter: Compat change id reported: 168419799; UID 10090; state: DISABLED
11-07 22:27:01.283  1254  1651 I DexManager: com.android.phone loads from com.android.phone-1 : 0 : /system/priv-app/MtkTeleService/MtkTeleService.apk
11-07 22:27:01.285  1254  1652 V ActivityManager: New death recipient com.android.server.am.ActivityManagerService$AppDeathRecipient@884e6af for thread android.os.BinderProxy@939babc
11-07 22:27:01.286  1254  1878 I DexManager: com.skylark.parkassist loads from com.skylark.parkassist-1 : 0 : /system/priv-app/SKYLARKParkAssist/SKYLARKParkAssist.apk
11-07 22:27:01.292  1254  1878 V ActivityManager: Death received in com.android.server.am.ActivityManagerService$AppDeathRecipient@6eced4f for thread android.os.BinderProxy@d494cdc
11-07 22:27:01.297  1254  1275 D JobScheduler: Scheduling job: (job:3345678/com.android.networkstack/com.android.server.connectivity.ipmemorystore.RegularMaintenanceJobService)
11-07 22:27:01.304  1254  1275 D CompatibilityChangeReporter: Compat change id reported: 194532703; UID 1073; state: ENABLED
11-07 22:27:01.304  1254  1275 V JobScheduler: com.android.networkstack/0 standby bucket index: 0
11-07 22:27:01.304  1254  1275 D JobScheduler: SCHEDULE: f45c6a8 #1073/3345678 com.android.networkstack/com.android.server.connectivity.ipmemorystore.RegularMaintenanceJobService
11-07 22:27:01.306  1254  1275 D JobStore: Added job status to store: JobStatus{f45c6a8 #1073/3345678 com.android.networkstack/com.android.server.connectivity.ipmemorystore.RegularMaintenanceJobService u=0 s=1073 TIME=0:+1d0h0m0s0ms CHARGING BATNOTLOW IDLE PERIODIC WAIT:DEV_NOT_DOZING satisfied:0x0 unsatisfied:0x80000007}
11-07 22:27:01.307  1254  1275 V JobScheduler.JobStatus: Constraint -2147483648 is satisfied for f45c6a8 #1073/3345678 com.android.networkstack/com.android.server.connectivity.ipmemorystore.RegularMaintenanceJobService
11-07 22:27:01.307  1254  1275 V JobScheduler.SC: wouldBeReadyWithConstraintLocked: f45c6a8 #1073/3345678 com.android.networkstack/com.android.server.connectivity.ipmemorystore.RegularMaintenanceJobService constraint=-2147483648 readyWithConstraint=false
11-07 22:27:01.307  1254  1275 V JobScheduler.SC: wouldBeReadyWithConstraintLocked: f45c6a8 #1073/3345678 com.android.networkstack/com.android.server.connectivity.ipmemorystore.RegularMaintenanceJobService constraint=1073741824 readyWithConstraint=false
11-07 22:27:01.307  1254  1275 V JobScheduler.JobStatus: Constraint 1 is satisfied for f45c6a8 #1073/3345678 com.android.networkstack/com.android.server.connectivity.ipmemorystore.RegularMaintenanceJobService
11-07 22:27:01.307  1254  1275 V JobScheduler.JobStatus: Constraint 2 is satisfied for f45c6a8 #1073/3345678 com.android.networkstack/com.android.server.connectivity.ipmemorystore.RegularMaintenanceJobService
11-07 22:27:01.307  1254  1275 V JobScheduler.JobStatus: Constraint 4194304 is satisfied for f45c6a8 #1073/3345678 com.android.networkstack/com.android.server.connectivity.ipmemorystore.RegularMaintenanceJobService
11-07 22:27:01.307  1254  1275 V JobScheduler.JobStatus: Constraint 33554432 is satisfied for f45c6a8 #1073/3345678 com.android.networkstack/com.android.server.connectivity.ipmemorystore.RegularMaintenanceJobService
11-07 22:27:01.312  1254  1275 V JobScheduler.JobStatus: Constraint 16777216 is satisfied for f45c6a8 #1073/3345678 com.android.networkstack/com.android.server.connectivity.ipmemorystore.RegularMaintenanceJobService
11-07 22:27:01.312  1254  1275 V JobScheduler.JobStatus: Constraint 134217728 is satisfied for f45c6a8 #1073/3345678 com.android.networkstack/com.android.server.connectivity.ipmemorystore.RegularMaintenanceJobService
11-07 22:27:01.319  1254  1652 D CompatibilityChangeReporter: Compat change id reported: 168419799; UID 1000; state: DISABLED
11-07 22:27:01.319  1254  1275 V JobScheduler: isReadyToBeExecutedLocked: f45c6a8 #1073/3345678 com.android.networkstack/com.android.server.connectivity.ipmemorystore.RegularMaintenanceJobService ready=false
11-07 22:27:01.324  1254  1878 I ActivityManager: Process WebViewLoader-armeabi-v7a (pid 1579) has died: psvc PER 
11-07 22:27:01.332  1254  1254 D JobScheduler.DeviceIdle: uid 1037 going inactive
11-07 22:27:01.332  1254  1254 D JobScheduler: pending queue: 0 jobs.
11-07 22:27:01.332  1254  1254 D JobScheduler.Concurrency: Pending queue: 
11-07 22:27:01.332  1254  1254 D JobScheduler: UID 1037 bias changed from 35 to 0
11-07 22:27:01.333  1254  1254 D JobScheduler: pending queue: 0 jobs.
11-07 22:27:01.333  1254  1254 D JobScheduler.Concurrency: Pending queue: 
11-07 22:27:01.333  1254  1415 D NetworkPolicy: no need to update restrict data rules for uid 1037
11-07 22:27:01.348  1254  1275 D CoreBackPreview: Window{a077042 u0 ScreenDecorOverlay}: Setting back callback OnBackInvokedCallbackInfo{mCallback=android.window.IOnBackInvokedCallback$Stub$Proxy@4999bf9, mPriority=0}
11-07 22:27:01.353  1254  1327 I DexManager: com.android.car loads from com.android.car.updatable-1 : 0 : /apex/com.android.car.framework/priv-app/CarServiceUpdatable@R03.23_PUNICG_G3S2I_UF0000U071125A/CarServiceUpdatable.apk
11-07 22:27:01.353  1254  1415 D NetworkPolicy: no need to update restrict power rules for uid 1037
11-07 22:27:01.357  1254  1651 D CompatibilityChangeReporter: Compat change id reported: 168419799; UID 1068; state: DISABLED
11-07 22:27:01.367  1254  1910 D CompatibilityChangeReporter: Compat change id reported: 161145287; UID 1068; state: DISABLED
11-07 22:27:01.378  1254  1254 I ConnectivityModuleConnector: Networking module service connected
11-07 22:27:01.386  1703  1703 I CAR.SERVICE: Starting Cluster Service 
11-07 22:27:01.393  1703  1703 W ContextImpl: Calling a method in the system process without a qualified user: android.app.ContextImpl.startService:1863 android.content.ContextWrapper.startService:817 android.content.ContextWrapper.startService:817 android.content.ContextWrapper.startService:817 com.android.car.CarServiceImpl.onCreate:66 
11-07 22:27:01.393  1254  1912 I DexManager: com.visteon.popupmanager loads from com.visteon.popupmanager-1 : 0 : /product/priv-app/SkylarkPopupManager/SkylarkPopupManager.apk
11-07 22:27:01.396  1254  1530 D CompatibilityChangeReporter: Compat change id reported: 168419799; UID 1000; state: DISABLED
11-07 22:27:01.427  1254  1534 I DexManager: com.android.networkstack loads from com.android.networkstack.tethering-1 : 0 : /apex/com.android.tethering/priv-app/TetheringNext@R03.23_PUNICG_G3S2I_UF0000U071125A/TetheringNext.apk
11-07 22:27:01.438  1703  1703 I CarServiceUtils: Starting HandlerThread:AidlVehicleStub
11-07 22:27:01.440  1738  1921 W ContextImpl: Calling a method in the system process without a qualified user: android.app.ContextImpl.startService:1863 android.content.ContextWrapper.startService:817 com.skylark.launcher.App$onCreate$1$1.invokeSuspend:48 kotlin.coroutines.jvm.internal.BaseContinuationImpl.resumeWith:33 kotlinx.coroutines.DispatchedTask.run:106 
11-07 22:27:01.446  1703  1703 I CAR.SERVICE: Connected to android.hardware.automotive.vehicle.IVehicle
11-07 22:27:01.453  1254  1254 I ExplicitHealthCheckController: Explicit health check service is connected ComponentInfo{android.ext.services/android.ext.services.watchdog.ExplicitHealthCheckServiceImpl}
11-07 22:27:01.454  1254  1254 I ExplicitHealthCheckController: Service initialized, syncing requests
11-07 22:27:01.454  1254  1254 I PackageWatchdog: Syncing health check requests for packages: {}
11-07 22:27:01.454  1254  1254 D ExplicitHealthCheckController: Getting health check supported packages
11-07 22:27:01.470  1254  1910 V StorageManagerService: Resolved mode 2 for com.allgo.rui/1000
11-07 22:27:01.470  1254  1910 I ActivityManager: com.allgo.rui is exempt from freezer
11-07 22:27:01.470  1254  1910 D CompatibilityChangeReporter: Compat change id reported: 135634846; UID 1000; state: DISABLED
11-07 22:27:01.471  1254  1910 D CompatibilityChangeReporter: Compat change id reported: 177438394; UID 1000; state: DISABLED
11-07 22:27:01.471  1254  1910 D CompatibilityChangeReporter: Compat change id reported: 135772972; UID 1000; state: DISABLED
11-07 22:27:01.471  1254  1910 D CompatibilityChangeReporter: Compat change id reported: 135754954; UID 1000; state: ENABLED
11-07 22:27:01.478  1703  1703 I CarOemProxyService: Oem Car Service Config. Connection timeout:5000, Service Ready timeout:5000, component Name:
11-07 22:27:01.478  1703  1703 D CarOemProxyService: ComponentName is null or empty.
11-07 22:27:01.478  1703  1703 I CarOemProxyService: **CarOemService is disabled.**
11-07 22:27:01.482  1703  1703 I CarServiceUtils: Starting HandlerThread:VehicleHal
11-07 22:27:01.485  1254  1530 V SettingsProvider: packageValueForCallResult, name = null, value : Bundle[{_track_generation=android.util.MemoryIntArray@b5, value=null, _generation_index=0, _generation=4}]
11-07 22:27:01.493  1254  1530 D CompatibilityChangeReporter: Compat change id reported: 197654537; UID 1000; state: ENABLED
11-07 22:27:01.496  1254  1290 I ActivityManager: Start proc 1936:com.allgo.rui/1000 for service {com.allgo.rui/com.allgo.rui.RemoteUIService}
11-07 22:27:01.502  1254  1534 D CoreBackPreview: Window{26d937f u0 ScreenDecorOverlayBottom}: Setting back callback OnBackInvokedCallbackInfo{mCallback=android.window.IOnBackInvokedCallback$Stub$Proxy@c8b084d, mPriority=0}
11-07 22:27:01.517  1703  1703 D CAR.PropertyHalService: started PropertyHalService
11-07 22:27:01.518  1703  1703 I CarServiceUtils: Starting HandlerThread:VmsHalService
11-07 22:27:01.534  1703  1703 I CAR.VmsHalService: Metrics collection disabled
11-07 22:27:01.536  1703  1703 I CarServiceUtils: Starting HandlerThread:UserService
11-07 22:27:01.545  1703  1703 D CAR.UserHalService: DBG enabled
11-07 22:27:01.554  1254  1530 V StorageManagerService: Resolved mode 2 for com.car.visteon.core.connectivity/1000
11-07 22:27:01.554  1254  1530 I ActivityManager: com.car.visteon.core.connectivity is exempt from freezer
11-07 22:27:01.559  1703  1703 I CarServiceUtils: Starting HandlerThread:ConfigHal
11-07 22:27:01.562  1254  1530 D CompatibilityChangeReporter: Compat change id reported: 161145287; UID 10103; state: DISABLED
11-07 22:27:01.563  1254  1254 V NotificationAssistants: 0 notification assistant service connected: ComponentInfo{android.ext.services/android.ext.services.notification.Assistant}
11-07 22:27:01.564  1738  1738 W ContextImpl: Calling a method in the system process without a qualified user: android.app.ContextImpl.bindService:1950 android.content.ContextWrapper.bindService:853 com.skylark.launcher.phone.helper.PhoneServiceHelper.bindToPhoneService:81 com.skylark.launcher.view.HomeScreenActivity.onCreate:61 android.app.Activity.performCreate:8290 
11-07 22:27:01.576  1254  1651 V StorageManagerService: Resolved mode 2 for com.visteon.btphone/1000
11-07 22:27:01.576  1254  1651 I ActivityManager: com.visteon.btphone is exempt from freezer
11-07 22:27:01.579  1254  1534 I ExplicitHealthCheckController: Explicit health check supported packages [PackageConfig{com.android.networkstack, 86400000}]
11-07 22:27:01.579  1254  1534 D PackageWatchdog: Received supported packages [PackageConfig{com.android.networkstack, 86400000}]
11-07 22:27:01.581  1254  1290 I ActivityManager: Start proc 1958:com.car.visteon.core.connectivity/1000 for service {com.car.visteon.core.connectivity/com.car.visteon.core.connectivity.service.ConnectivityService}
11-07 22:27:01.581  1254  1530 V ActivityManager: New death recipient com.android.server.am.ActivityManagerService$AppDeathRecipient@7a191fe for thread android.os.BinderProxy@2babd5f
11-07 22:27:01.584  1254  1530 D CompatibilityChangeReporter: Compat change id reported: 181136395; UID 1000; state: DISABLED
11-07 22:27:01.585  1254  1530 D CompatibilityChangeReporter: Compat change id reported: 174042936; UID 1000; state: DISABLED
11-07 22:27:01.586  1254  1530 D CompatibilityChangeReporter: Compat change id reported: 174042980; UID 1000; state: DISABLED
11-07 22:27:01.591  1254  1652 D CompatibilityChangeReporter: Compat change id reported: 161145287; UID 1000; state: DISABLED
11-07 22:27:01.598  1254  1290 I ActivityManager: Start proc 1962:com.visteon.btphone/1000 for service {com.visteon.btphone/com.visteon.btphone.framework.launcherservice.LauncherPhoneService}
11-07 22:27:01.599  1254  1534 D ExplicitHealthCheckController: Getting health check requested packages
11-07 22:27:01.603  1254  1910 I ExplicitHealthCheckController: Explicit health check requested packages []
11-07 22:27:01.603  1254  1910 I ExplicitHealthCheckController: No more health check requests, unbinding...
11-07 22:27:01.607  1254  1651 D CompatibilityChangeReporter: Compat change id reported: 161145287; UID 1073; state: DISABLED
11-07 22:27:01.612  1254  1910 I ExplicitHealthCheckController: Explicit health check service is unbound
11-07 22:27:01.613  1254  1910 W ActivityManager: Unable to start service Intent { cmp=com.visteon.usbvideo/.service.VideoManagerService } U=0: not found
11-07 22:27:01.620  1703  1703 D CAR.PropertyHalService: started PropertyHalService
11-07 22:27:01.620  1703  1703 I CAR.VmsHalService: Metrics collection disabled
11-07 22:27:01.620  1703  1703 D CAR.UserHalService: DBG enabled
11-07 22:27:01.622  1778  1778 W ContextImpl: Calling a method in the system process without a qualified user: android.app.ContextImpl.bindService:1950 android.content.ContextWrapper.bindService:853 android.car.Car.startCarService:2379 android.car.Car.connect:1873 android.car.cluster.sample.SampleClusterServiceImpl.initCarApi:343 
11-07 22:27:01.650  1254  1910 I DexManager: com.allgo.rui loads from com.allgo.rui-1 : 0 : /system/priv-app/RemoteUIService/RemoteUIService.apk
11-07 22:27:01.651  1703  1703 I CarServiceUtils: Starting HandlerThread:AidlConfigStub
11-07 22:27:01.653  1254  1910 V ActivityManager: New death recipient com.android.server.am.ActivityManagerService$AppDeathRecipient@3d33f9d for thread android.os.BinderProxy@ec21c12
11-07 22:27:01.674  1703  1703 D CAR.PropertyHalService: started PropertyHalService
11-07 22:27:01.693  1254  1910 D CompatibilityChangeReporter: Compat change id reported: 168419799; UID 1000; state: DISABLED
11-07 22:27:01.697  1254  1652 V ActivityManager: New death recipient com.android.server.am.ActivityManagerService$AppDeathRecipient@d0218f8 for thread android.os.BinderProxy@55061d1
11-07 22:27:01.699  1254  1652 D CompatibilityChangeReporter: Compat change id reported: 168419799; UID 1000; state: DISABLED
11-07 22:27:01.711  1254  1530 D CompatibilityChangeReporter: Compat change id reported: 182478738; UID 1073; state: ENABLED
11-07 22:27:01.716  1254  1530 D Telecom : Logging: START_SESSION
11-07 22:27:01.717  1254  1530 V Telecom : Logging: END_SUBSESSION (dur: 1 mS): TSI.iIC@AAI
11-07 22:27:01.717  1254  1530 D Telecom : Logging: END_SESSION (dur: 1 ms): TSI.iIC@AAI
11-07 22:27:01.718  1254  1878 D Telecom : Logging: START_SESSION
11-07 22:27:01.718  1254  1878 V Telecom : Logging: END_SUBSESSION (dur: 0 mS): TSI.iIC@AAM
11-07 22:27:01.720  1254  1878 D Telecom : Logging: END_SESSION (dur: 0 ms): TSI.iIC@AAM
11-07 22:27:01.722  1254  1254 D JobServiceContext: handleServiceBound for 87375ce #u0a100/3 com.android.permissioncontroller/.permission.service.v33.PermissionEventCleanupJobService
11-07 22:27:01.722  1254  1254 D JobServiceContext: Scheduling time out for '.permission.service.v33.PermissionEventCleanupJobService' jId: 3, in 8 s
11-07 22:27:01.723  1254  1530 D Telecom : Logging: START_SESSION
11-07 22:27:01.723  1254  1530 V Telecom : Logging: END_SUBSESSION (dur: 0 mS): TSI.iIC@AAQ
11-07 22:27:01.724  1254  1530 D Telecom : Logging: END_SESSION (dur: 1 ms): TSI.iIC@AAQ
11-07 22:27:01.724  1254  1652 D Telecom : Logging: START_SESSION
11-07 22:27:01.725  1254  1652 V Telecom : Logging: END_SUBSESSION (dur: 0 mS): TSI.iIC@AAU
11-07 22:27:01.725  1254  1652 D Telecom : Logging: END_SESSION (dur: 0 ms): TSI.iIC@AAU
11-07 22:27:01.738  1254  1416 I WifiInterfacesLogging: AP: registerSoftApCallback
11-07 22:27:01.746  1254  1254 I ConnectivityModuleConnector: Networking module service connected
11-07 22:27:01.748  1703  1703 I CarServiceUtils: Starting HandlerThread:CarFeatureController
11-07 22:27:01.751  1703  1703 I CarFeatureController: mDefaultEnabledFeaturesFromConfig:[car_navigation_service, cluster_service, com.android.car.user.CarUserNoticeService, diagnostic, storage_monitoring, vehicle_map_service],mDisabledFeaturesFromVhal:[]
11-07 22:27:01.752  1254  1910 I DexManager: com.visteon.btphone loads from com.visteon.btphone-1 : 0 : /product/priv-app/SkylarkPhone/SkylarkPhone.apk
11-07 22:27:01.757  1653  1653 W ContextImpl: Calling a method in the system process without a qualified user: android.app.ContextImpl.startService:1863 android.content.ContextWrapper.startService:817 com.visteon.coremedia.core.CoreMediaService$Companion.startService:266 com.visteon.coremedia.CoreMediaApp.onCreate:43 android.app.Instrumentation.callApplicationOnCreate:1266 
11-07 22:27:01.759  1703  1703 I CarFeatureController: Loaded features:[car_device_policy_service, hvac, storage_monitoring, car_config, cabin, car-service-test, vehicle_map_service, uxrestriction, com.android.car.user.CarUserNoticeService, car_navigation_service, drivingstate, property, audio, power, projection, diagnostic, car_occupant_zone_service, info, car_bugreport, car_media, app_focus, package, car_watchdog, vendor_extension, car_bluetooth, car_performance, car_user_service, cluster_service, car_activity_service, android.car.input, sensor]
11-07 22:27:01.760  1703  1703 I CarServiceUtils: Starting HandlerThread:CarPropertyService
11-07 22:27:01.760  1254  1652 D CompatibilityChangeReporter: Compat change id reported: 168419799; UID 1000; state: DISABLED
11-07 22:27:01.760  1703  1703 I CarServiceUtils: Starting HandlerThread:CarConfigService
