11-07 22:26:58.774  1254  1254 D ConditionProviders: rebindServices false -1
11-07 22:26:58.774  1254  1254 D NotificationAssistants: Approving default notification assistant for user 0
11-07 22:26:58.774  1254  1254 V NotificationAssistants: android.service.notification.NotificationAssistantService services: [ResolveInfo{21ff020 android.ext.services/.notification.Assistant m=0x108000}]
11-07 22:26:58.775  1254  1254 I ConditionProviders:  Allowing condition provider android.ext.services/android.ext.services.notification.Assistant (userSet: true)
11-07 22:26:58.775  1254  1254 D ConditionProviders: rebindServices false 0
11-07 22:26:58.775  1254  1254 V ConditionProviders: android.service.notification.ConditionProviderService services: []
11-07 22:26:58.775  1254  1254 V ConditionProviders: android.service.notification.ConditionProviderService services: []
11-07 22:26:58.775  1254  1254 V ConditionProviders: android.service.notification.ConditionProviderService services: []
11-07 22:26:58.775  1254  1254 V ConditionProviders: android.service.notification.ConditionProviderService services: []
11-07 22:26:58.780  1254  1254 D SystemServerTiming: StartDeviceMonitor
11-07 22:26:58.780  1254  1254 I SystemServiceManager: Starting com.android.server.storage.DeviceStorageMonitorService
11-07 22:26:58.782  1254  1254 D SystemServerTiming: StartLocationManagerService
11-07 22:26:58.782  1254  1254 I SystemServiceManager: Starting com.android.server.location.LocationManagerService$Lifecycle
11-07 22:26:58.787  1254  1254 D SystemServerTiming: StartCountryDetectorService
11-07 22:26:58.788  1254  1254 D SystemServerTiming: StartTimeDetectorService
11-07 22:26:58.788  1254  1254 I SystemServiceManager: Starting com.android.server.timedetector.TimeDetectorService$Lifecycle
11-07 22:26:58.789  1254  1254 D SystemServerTiming: StartTimeZoneDetectorService
11-07 22:26:58.789  1254  1254 I SystemServiceManager: Starting com.android.server.timezonedetector.TimeZoneDetectorService$Lifecycle
11-07 22:26:58.793  1254  1254 D SystemServerTiming: StartLocationTimeZoneManagerService
11-07 22:26:58.793  1254  1254 I SystemServiceManager: Starting com.android.server.timezonedetector.location.LocationTimeZoneManagerService$Lifecycle
11-07 22:26:58.793  1254  1254 D SystemServerTiming: StartGnssTimeUpdateService
11-07 22:26:58.794  1254  1254 I SystemServiceManager: Starting com.android.server.timedetector.GnssTimeUpdateService$Lifecycle
11-07 22:26:58.795  1254  1254 D SystemServerTiming: StartWallpaperManagerService
11-07 22:26:58.795  1254  1254 I SystemServiceManager: Starting com.android.server.wallpaper.WallpaperManagerService$Lifecycle
11-07 22:26:58.796  1254  1254 D SystemServerTiming: StartWallpaperEffectsGenerationService
11-07 22:26:58.796  1254  1254 I SystemServiceManager: Starting com.android.server.wallpapereffectsgeneration.WallpaperEffectsGenerationManagerService
11-07 22:26:58.797  1254  1254 D SystemServerTiming: StartAudioService
11-07 22:26:58.797  1254  1254 I SystemServiceManager: Starting com.android.server.audio.AudioService$Lifecycle
11-07 22:26:58.833  1254  1254 V SettingsProvider: name : mode_ringer_streams_affected appId : 1000
11-07 22:26:58.940  1254  1254 D SystemServerTiming: StartBroadcastRadioService
11-07 22:26:58.940  1254  1254 I SystemServiceManager: Starting com.android.server.broadcastradio.BroadcastRadioService
11-07 22:26:58.952  1254  1410 V BcRadio2Srv: onRegistration(android.hardware.broadcastradio@2.0::IBroadcastRadio, default, true)
11-07 22:26:58.953  1254  1254 D SystemServerTiming: StartWiredAccessoryManager
11-07 22:26:58.954  1254  1254 W WiredAccessoryManager: This kernel does not have usb audio support
11-07 22:26:58.954  1254  1254 W WiredAccessoryManager: This kernel does not have HDMI audio support
11-07 22:26:58.954  1254  1254 D SystemServerTiming: StartMidiManager
11-07 22:26:58.954  1254  1254 I SystemServiceManager: Starting com.android.server.midi.MidiService$Lifecycle
11-07 22:26:58.957  1254  1254 D SystemServerTiming: StartAdbService
11-07 22:26:58.958  1254  1254 I SystemServiceManager: Starting com.android.server.adb.AdbService$Lifecycle
11-07 22:26:58.962  1254  1254 D SystemServerTiming: StartUsbService
11-07 22:26:58.962  1254  1254 I SystemServiceManager: Starting com.android.server.usb.UsbService$Lifecycle
11-07 22:26:58.963  1254  1410 V BcRadio2Srv: loaded broadcast radio module 0: default (HAL 2.0)
11-07 22:26:58.963  1254  1337 D SystemServerTimingAsync: InitThreadPoolExec:UsbService$Lifecycle#onStart
11-07 22:26:58.963  1254  1337 D SystemServerInitThreadPool: Started executing UsbService$Lifecycle#onStart
11-07 22:26:58.967  1254  1337 I UsbDeviceManager: failed to write to /sys/class/android_usb/android0/f_rndis/ethaddr
11-07 22:26:58.967  1254  1254 D SystemServerTiming: StartSerialService
11-07 22:26:58.969  1254  1254 D SystemServerTiming: StartHardwarePropertiesManagerService
11-07 22:26:58.976  1254  1254 D SystemServerTiming: StartTwilightService
11-07 22:26:58.976  1254  1254 I SystemServiceManager: Starting com.android.server.twilight.TwilightService
11-07 22:26:58.977  1254  1254 D SystemServerTiming: StartColorDisplay
11-07 22:26:58.977  1254  1254 I SystemServiceManager: Starting com.android.server.display.color.ColorDisplayService
11-07 22:26:58.978  1254  1337 W StorageManagerService: No primary storage defined yet; hacking together a stub
11-07 22:26:58.980  1254  1254 D SystemServerTiming: StartJobScheduler
11-07 22:26:58.980  1254  1254 I SystemServiceManager: Starting com.android.server.job.JobSchedulerService
11-07 22:26:58.982  1254  1410 I UsbDeviceManager: Usb gadget hal service started android.hardware.usb.gadget@1.0::IUsbGadget default
11-07 22:26:58.984  1254  1254 D JobStore: Start tag: job-info
11-07 22:26:58.985  1254  1254 V JobScheduler: com.android.permissioncontroller/0 standby bucket index: 0
11-07 22:26:58.986  1254  1254 D JobStore: Read out JobStatus{4895ad0 #u0a100/2 com.android.permissioncontroller/.hibernation.HibernationJobService u=0 s=10100 TIME=+6d0h47m6s365ms:+21d0h47m6s365ms PERIODIC PERSISTED WAIT:DEV_NOT_DOZING satisfied:0x0 unsatisfied:0x80000000}
11-07 22:26:58.986  1254  1254 V JobScheduler: com.android.permissioncontroller/0 standby bucket index: 0
11-07 22:26:58.986  1254  1254 D JobStore: Read out JobStatus{87375ce #u0a100/3 com.android.permissioncontroller/.permission.service.v33.PermissionEventCleanupJobService u=0 s=10100 TIME=0:0 PERIODIC PERSISTED WAIT:DEV_NOT_DOZING satisfied:0x0 unsatisfied:0x80000000}
11-07 22:26:58.987  1254  1254 V JobScheduler: com.android.providers.settings/0 standby bucket index: 0
11-07 22:26:58.987  1254  1254 D JobStore: Read out JobStatus{2621cef #1000/1 com.android.providers.settings/.WriteFallbackSettingsFilesJobService u=0 s=1000 TIME=-1ms:-1ms CHARGING PERIODIC PERSISTED WAIT:DEV_NOT_DOZING satisfied:0x0 unsatisfied:0x80000001}
11-07 22:26:58.987  1254  1254 V JobScheduler: android/0 standby bucket index: 0
11-07 22:26:58.987  1254  1254 D JobStore: Read out JobStatus{bfba85 #1000/546378950 android/com.android.server.usage.UsageStatsIdleService u=0 s=1000 TIME=0:+5h26m4s239ms PERSISTED WAIT:DEV_NOT_DOZING satisfied:0x0 unsatisfied:0x80000000}
11-07 22:26:58.987  1254  1254 V JobScheduler: android/0 standby bucket index: 0
11-07 22:26:58.987  1254  1254 D JobStore: Read out JobStatus{5c67a01 #1000/16942831 android/com.android.server.appsearch.contactsindexer.ContactsIndexerMaintenanceService u=0 s=1000 TIME=+9d10h32m4s497ms:+24d10h32m4s497ms BATNOTLOW IDLE PERIODIC PERSISTED WAIT:DEV_NOT_DOZING satisfied:0x0 unsatisfied:0x80000006}
11-07 22:26:58.987  1254  1254 I JobStore: Read 5 jobs
11-07 22:26:58.988  1254  1337 D UsbPortManager: Querying USB HAL version
11-07 22:26:58.990  1254  1278 I UsbDeviceManager: processing MSG_GET_CURRENT_USB_FUNCTIONS
11-07 22:26:58.990  1254  1278 I UsbDeviceManager: updating mCurrentFunctions
11-07 22:26:58.990  1254  1278 I UsbDeviceManager: mCurrentFunctions:0applied:1
11-07 22:26:58.993  1254  1337 I UsbPortManager: USB HAL HIDL present
11-07 22:26:58.996  1254  1254 V HistoricalRegistry: Interaction before persistence initialized
11-07 22:26:58.997  1254  1254 V HistoricalRegistry: Interaction before persistence initialized
11-07 22:26:58.997  1254  1410 I UsbPortManager: Usb hal service started android.hardware.usb@1.0::IUsb default
11-07 22:26:58.999  1254  1254 D SystemServerTiming: StartSoundTrigger
11-07 22:26:58.999  1254  1254 I SystemServiceManager: Starting com.android.server.soundtrigger.SoundTriggerService
11-07 22:26:59.000  1254  1337 D UsbPortManager: getInstance done
11-07 22:26:59.001  1254  1254 D SystemServerTiming: StartTrustManager
11-07 22:26:59.001  1254  1254 I SystemServiceManager: Starting com.android.server.trust.TrustManagerService
11-07 22:26:59.002  1254  1254 D SystemServerTiming: StartAppWidgetService
11-07 22:26:59.002  1254  1254 I SystemServiceManager: Starting com.android.server.appwidget.AppWidgetService
11-07 22:26:59.003  1254  1337 D SystemServerInitThreadPool: Finished executing UsbService$Lifecycle#onStart
11-07 22:26:59.005  1254  1254 D SystemServerTiming: StartVoiceRecognitionManager
11-07 22:26:59.005  1254  1254 I SystemServiceManager: Starting com.android.server.voiceinteraction.VoiceInteractionManagerService
11-07 22:26:59.010  1254  1254 D SystemServerTiming: StartAppHibernationService
11-07 22:26:59.010  1254  1254 I SystemServiceManager: Starting com.android.server.apphibernation.AppHibernationService
11-07 22:26:59.012  1254  1254 D SystemServerTiming: StartSensorNotification
11-07 22:26:59.012  1254  1254 I SystemServiceManager: Starting com.android.server.SensorNotificationService
11-07 22:26:59.012  1254  1254 D SystemServerTiming: StartDiskStatsService
11-07 22:26:59.014  1254  1254 D JobScheduler: Scheduling job: (job:1145656139/android/com.android.server.storage.DiskStatsLoggingService)
11-07 22:26:59.014  1254  1254 D CompatibilityChangeReporter: Compat change id reported: 194532703; UID 1000; state: DISABLED
11-07 22:26:59.014  1254  1254 D CompatibilityChangeReporter: Compat change id reported: 194532703; UID 1000; state: ENABLED
11-07 22:26:59.016  1254  1254 V JobScheduler: android/0 standby bucket index: 0
11-07 22:26:59.016  1254  1254 D JobScheduler: SCHEDULE: a857dee #1000/1145656139 android/com.android.server.storage.DiskStatsLoggingService
11-07 22:26:59.016  1254  1254 D JobStore: Added job status to store: JobStatus{a857dee #1000/1145656139 android/com.android.server.storage.DiskStatsLoggingService u=0 s=1000 TIME=0:+1d0h0m0s0ms CHARGING IDLE PERIODIC WAIT:DEV_NOT_DOZING satisfied:0x0 unsatisfied:0x80000005}
11-07 22:26:59.016  1254  1254 V JobScheduler: isReadyToBeExecutedLocked: a857dee #1000/1145656139 android/com.android.server.storage.DiskStatsLoggingService ready=false
11-07 22:26:59.016  1254  1254 V JobScheduler.SC: wouldBeReadyWithConstraintLocked: a857dee #1000/1145656139 android/com.android.server.storage.DiskStatsLoggingService constraint=1073741824 readyWithConstraint=false
11-07 22:26:59.016  1254  1254 V JobScheduler.JobStatus: Constraint -2147483648 is satisfied for a857dee #1000/1145656139 android/com.android.server.storage.DiskStatsLoggingService
11-07 22:26:59.018  1254  1254 D SystemServerTiming: RuntimeService
11-07 22:26:59.019  1254  1254 D SystemServerTiming: StartNetworkTimeUpdateService
11-07 22:26:59.020  1254  1254 D SystemServerTiming: CertBlacklister
11-07 22:26:59.020  1254  1254 D SystemServerTiming: StartEmergencyAffordanceService
11-07 22:26:59.021  1254  1254 I SystemServiceManager: Starting com.android.server.emergency.EmergencyAffordanceService
11-07 22:26:59.021  1254  1254 D SystemServerTiming: startBlobStoreManagerService
11-07 22:26:59.021  1254  1254 I SystemServiceManager: Starting com.android.server.blob.BlobStoreManagerService
11-07 22:26:59.022  1254  1280 D NotificationService: handleSavePolicyFile
11-07 22:26:59.024  1254  1254 D SystemServerTiming: StartDreamManager
11-07 22:26:59.024  1254  1254 I SystemServiceManager: Starting com.android.server.dreams.DreamManagerService
11-07 22:26:59.026  1254  1254 D SystemServerTiming: AddGraphicsStatsService
11-07 22:26:59.032  1254  1254 D SystemServerTiming: StartAttestationVerificationService
11-07 22:26:59.032  1254  1254 I SystemServiceManager: Starting com.android.server.security.AttestationVerificationManagerService
11-07 22:26:59.033  1254  1254 D AVF     : Started
11-07 22:26:59.034  1254  1254 D SystemServerTiming: StartCompanionDeviceManager
11-07 22:26:59.034  1254  1254 I SystemServiceManager: Starting com.android.server.companion.CompanionDeviceManagerService
11-07 22:26:59.035  1254  1254 I CompanionDevice_PersistentDataStore: Reading associations for user 0 from disk
11-07 22:26:59.036  1254  1254 D SystemServerTiming: StartVirtualDeviceManager
11-07 22:26:59.036  1254  1254 I SystemServiceManager: Starting com.android.server.companion.virtual.VirtualDeviceManagerService
11-07 22:26:59.037  1254  1254 D SystemServerTiming: StartRestrictionManager
11-07 22:26:59.037  1254  1254 I SystemServiceManager: Starting com.android.server.restrictions.RestrictionsManagerService
11-07 22:26:59.038  1254  1254 D SystemServerTiming: StartMediaSessionService
11-07 22:26:59.038  1254  1254 I SystemServiceManager: Starting com.android.server.media.MediaSessionService
11-07 22:26:59.041  1254  1254 D SystemServerTiming: StartMediaResourceMonitor
11-07 22:26:59.041  1254  1254 I SystemServiceManager: Starting com.android.server.media.MediaResourceMonitorService
11-07 22:26:59.041  1254  1254 D SystemServerTiming: StartMediaRouterService
11-07 22:26:59.042  1254  1254 V HistoricalRegistry: Interaction before persistence initialized
11-07 22:26:59.044  1254  1254 D SystemServerTiming: StartBiometricService
11-07 22:26:59.044  1254  1254 I SystemServiceManager: Starting com.android.server.biometrics.BiometricService
11-07 22:26:59.047  1254  1254 D SystemServerTiming: StartAuthService
11-07 22:26:59.047  1254  1254 I SystemServiceManager: Starting com.android.server.biometrics.AuthService
11-07 22:26:59.048  1254  1254 D AuthService: Registering HIDL ID: 0 Modality: 2 Strength: 15
11-07 22:26:59.049  1254  1254 E AuthService: HIDL fingerprint configuration exists, but FingerprintService is null.
11-07 22:26:59.050  1254  1254 D SystemServerTiming: StartDynamicCodeLoggingService
11-07 22:26:59.051  1254  1254 D JobScheduler: Scheduling job: (job:2030028/android/com.android.server.pm.DynamicCodeLoggingService)
11-07 22:26:59.051  1254  1254 V JobScheduler: android/0 standby bucket index: 0
11-07 22:26:59.051  1254  1254 D JobScheduler: SCHEDULE: 861c8ae #1000/2030028 android/com.android.server.pm.DynamicCodeLoggingService
11-07 22:26:59.051  1254  1254 D JobStore: Added job status to store: JobStatus{861c8ae #1000/2030028 android/com.android.server.pm.DynamicCodeLoggingService u=0 s=1000 TIME=0:+1d0h0m0s0ms CHARGING IDLE PERIODIC WAIT:DEV_NOT_DOZING satisfied:0x0 unsatisfied:0x80000005}
11-07 22:26:59.051  1254  1254 V JobScheduler: isReadyToBeExecutedLocked: 861c8ae #1000/2030028 android/com.android.server.pm.DynamicCodeLoggingService ready=false
11-07 22:26:59.051  1254  1254 V JobScheduler.SC: wouldBeReadyWithConstraintLocked: 861c8ae #1000/2030028 android/com.android.server.pm.DynamicCodeLoggingService constraint=1073741824 readyWithConstraint=false
11-07 22:26:59.051  1254  1254 V JobScheduler.JobStatus: Constraint -2147483648 is satisfied for 861c8ae #1000/2030028 android/com.android.server.pm.DynamicCodeLoggingService
11-07 22:26:59.051  1254  1254 D JobScheduler: Scheduling job: (job:203142925/android/com.android.server.pm.DynamicCodeLoggingService)
11-07 22:26:59.051  1254  1254 V JobScheduler: android/0 standby bucket index: 0
11-07 22:26:59.051  1254  1254 D JobScheduler: SCHEDULE: 15ba64f #1000/203142925 android/com.android.server.pm.DynamicCodeLoggingService
11-07 22:26:59.052  1254  1254 D JobStore: Added job status to store: JobStatus{15ba64f #1000/203142925 android/com.android.server.pm.DynamicCodeLoggingService u=0 s=1000 TIME=0:+2h0m0s0ms BATNOTLOW IDLE PERIODIC WAIT:DEV_NOT_DOZING satisfied:0x0 unsatisfied:0x80000006}
11-07 22:26:59.052  1254  1254 V JobScheduler: isReadyToBeExecutedLocked: 15ba64f #1000/203142925 android/com.android.server.pm.DynamicCodeLoggingService ready=false
11-07 22:26:59.052  1254  1254 V JobScheduler.SC: wouldBeReadyWithConstraintLocked: 15ba64f #1000/203142925 android/com.android.server.pm.DynamicCodeLoggingService constraint=1073741824 readyWithConstraint=false
11-07 22:26:59.052  1254  1254 V JobScheduler.JobStatus: Constraint -2147483648 is satisfied for 15ba64f #1000/203142925 android/com.android.server.pm.DynamicCodeLoggingService
11-07 22:26:59.052  1254  1254 D SystemServerTiming: StartPruneInstantAppsJobService
11-07 22:26:59.052  1254  1254 D JobScheduler: Scheduling job: (job:765123/android/com.android.server.PruneInstantAppsJobService)
11-07 22:26:59.052  1254  1254 V JobScheduler: android/0 standby bucket index: 0
11-07 22:26:59.052  1254  1254 D JobScheduler: SCHEDULE: cc11dc #1000/765123 android/com.android.server.PruneInstantAppsJobService
11-07 22:26:59.052  1254  1254 D JobStore: Added job status to store: JobStatus{cc11dc #1000/765123 android/com.android.server.PruneInstantAppsJobService u=0 s=1000 TIME=0:+1d0h0m0s0ms IDLE PERIODIC WAIT:DEV_NOT_DOZING satisfied:0x0 unsatisfied:0x80000004}
11-07 22:26:59.052  1254  1254 V JobScheduler: isReadyToBeExecutedLocked: cc11dc #1000/765123 android/com.android.server.PruneInstantAppsJobService ready=false
11-07 22:26:59.052  1254  1254 V JobScheduler.SC: wouldBeReadyWithConstraintLocked: cc11dc #1000/765123 android/com.android.server.PruneInstantAppsJobService constraint=1073741824 readyWithConstraint=false
11-07 22:26:59.052  1254  1254 V JobScheduler.JobStatus: Constraint -2147483648 is satisfied for cc11dc #1000/765123 android/com.android.server.PruneInstantAppsJobService
11-07 22:26:59.052  1254  1254 D SystemServerTiming: StartShortcutServiceLifecycle
11-07 22:26:59.052  1254  1254 I SystemServiceManager: Starting com.android.server.pm.ShortcutService$Lifecycle
11-07 22:26:59.053  1254  1254 V HistoricalRegistry: Interaction before persistence initialized
11-07 22:26:59.054  1254  1254 D SystemServerTiming: StartLauncherAppsService
11-07 22:26:59.054  1254  1254 I SystemServiceManager: Starting com.android.server.pm.LauncherAppsService
11-07 22:26:59.056  1254  1254 D SystemServerTiming: StartCrossProfileAppsService
11-07 22:26:59.056  1254  1254 I SystemServiceManager: Starting com.android.server.pm.CrossProfileAppsService
11-07 22:26:59.058  1254  1254 D SystemServerTiming: StartPeopleService
11-07 22:26:59.058  1254  1254 I SystemServiceManager: Starting com.android.server.people.PeopleService
11-07 22:26:59.058  1254  1254 D SystemServerTiming: StartMediaMetricsManager
11-07 22:26:59.059  1254  1254 I SystemServiceManager: Starting com.android.server.media.metrics.MediaMetricsManagerService
11-07 22:26:59.060  1254  1254 D SystemServerTiming: StartMediaProjectionManager
11-07 22:26:59.060  1254  1254 I SystemServiceManager: Starting com.android.server.media.projection.MediaProjectionManagerService
11-07 22:26:59.061  1254  1254 D MediaRouterService: User 0: Initialized
11-07 22:26:59.062  1254  1254 D MediaRouterService: Client android (pid 1254): Registered
11-07 22:26:59.062  1254  1254 D SystemServerTiming: StartSliceManagerService
11-07 22:26:59.063  1254  1254 I SystemServiceManager: Starting com.android.server.slice.SliceManagerService$Lifecycle
11-07 22:26:59.065  1254  1254 D SystemServerTiming: StartStatsCompanion
11-07 22:26:59.065  1254  1254 I SystemServiceManager: Starting com.android.server.stats.StatsCompanion$Lifecycle
11-07 22:26:59.068  1254  1254 D SystemServerTiming: StartRebootReadinessManagerService
11-07 22:26:59.069  1254  1254 I SystemServiceManager: Starting com.android.server.scheduling.RebootReadinessManagerService$Lifecycle
11-07 22:26:59.074  1254  1254 D SystemServerTiming: StartStatsPullAtomService
11-07 22:26:59.074  1254  1254 I SystemServiceManager: Starting com.android.server.stats.pull.StatsPullAtomService
11-07 22:26:59.075  1254  1254 D SystemServerTiming: StatsBootstrapAtomService
11-07 22:26:59.075  1254  1254 I SystemServiceManager: Starting com.android.server.stats.bootstrap.StatsBootstrapAtomService$Lifecycle
11-07 22:26:59.075  1254  1254 D SystemServerTiming: StartIncidentCompanionService
11-07 22:26:59.075  1254  1254 I SystemServiceManager: Starting com.android.server.incident.IncidentCompanionService
11-07 22:26:59.076  1254  1254 D SystemServerTiming: StarSdkSandboxManagerService
11-07 22:26:59.076  1254  1254 I SystemServiceManager: Starting com.android.server.sdksandbox.SdkSandboxManagerService$Lifecycle
11-07 22:26:59.079  1254  1254 D SystemServerTiming: StartAdServicesManagerService
11-07 22:26:59.080  1254  1254 I SystemServiceManager: Starting com.android.server.adservices.AdServicesManagerService$Lifecycle
11-07 22:26:59.080  1254  1254 D SystemServerTiming: StartAutoFillService
11-07 22:26:59.080  1254  1254 I SystemServiceManager: Starting com.android.server.autofill.AutofillManagerService
11-07 22:26:59.082  1254  1254 D AutofillManagerService: setLogLevelFromSettings(): level=2, debug=true, verbose=false
11-07 22:26:59.082  1254  1254 D AutofillManagerService: setMaxPartitionsFromSettings(): 10
11-07 22:26:59.082  1254  1254 D AutofillManagerService: setMaxVisibleDatasetsFromSettings(): 0
11-07 22:26:59.083  1254  1279 D AutofillUI: destroySaveUiUiThread(): already destroyed
11-07 22:26:59.083  1254  1254 D AutofillManagerServiceImpl: Reset component for user 0:
11-07 22:26:59.085  1254  1254 D SystemServer: TranslationService not defined by OEM
11-07 22:26:59.085  1254  1254 D SystemServerTiming: StartClipboardService
11-07 22:26:59.085  1254  1254 I SystemServiceManager: Starting com.android.server.clipboard.ClipboardService
11-07 22:26:59.088  1254  1254 D SystemServerTiming: AppServiceManager
11-07 22:26:59.089  1254  1254 I SystemServiceManager: Starting com.android.server.appbinding.AppBindingService$Lifecycle
11-07 22:26:59.090  1254  1254 I MtkSystemServerImpl: startOtherMtkService 
11-07 22:26:59.090  1254  1254 I MtkSystemServerImpl: StartSearchEngineManagerService
11-07 22:26:59.094  1254  1254 E MtkSystemServerImpl: com.mediatek.fmradio.FmRadioPackageManager not found 
11-07 22:26:59.094  1254  1254 I MtkSystemServerImpl: StartPowerHalMgrService
11-07 22:26:59.094  1254  1254 I SystemServiceManager: Starting com.mediatek.powerhalservice.PowerHalMgrService
11-07 22:26:59.096  1254  1254 D PowerHalMgrService: Start PowerHalMgrService.
11-07 22:26:59.099  1254  1254 I MtkSystemServerImpl: [isWakeupSupport] MTK_VOW_SUPPORT=false
11-07 22:26:59.099  1254  1254 I MtkSystemServerImpl: V_W_B_S isValidVowConfig false
11-07 22:26:59.099  1254  1254 I MtkSystemServerImpl: not addService VoiceWakeupBridgeService
11-07 22:26:59.099  1254  1254 I MtkSystemServerImpl: StartConnectivitySupplementalService
11-07 22:26:59.099  1254  1254 I SystemServiceManager: Starting com.mediatek.server.MtkConnectivitySupplementalService
11-07 22:26:59.100  1254  1254 D MtkTestSimHandler: MtkTestSimHandler setting up
11-07 22:26:59.101  1254  1254 D MtkConnectivitySupplementalService: onStart
11-07 22:26:59.101  1254  1254 D SystemServerTiming: startTracingServiceProxy
11-07 22:26:59.101  1254  1254 I SystemServiceManager: Starting com.android.server.tracing.TracingServiceProxy
11-07 22:26:59.103  1254  1254 D SystemServerTiming: MakeLockSettingsServiceReady
11-07 22:26:59.111  1254  1254 I SyntheticPasswordManager: Device does not support weaver
11-07 22:26:59.112  1254  1254 I LockSettingsService: Device doesn't implement AuthSecret HAL
11-07 22:26:59.113  1254  1254 D SystemServerTiming: StartBootPhaseLockSettingsReady
11-07 22:26:59.113  1254  1254 I SystemServiceManager: Starting phase 480
11-07 22:26:59.113  1254  1254 D SystemServerTiming: OnBootPhase_480
11-07 22:26:59.113  1254  1254 D SystemServerTiming: OnBootPhase_480_com.android.server.security.FileIntegrityService
11-07 22:26:59.113  1254  1254 D SystemServerTiming: OnBootPhase_480_com.android.server.pm.Installer
11-07 22:26:59.113  1254  1254 D SystemServerTiming: OnBootPhase_480_com.android.server.os.DeviceIdentifiersPolicyService
11-07 22:26:59.113  1254  1254 D SystemServerTiming: OnBootPhase_480_com.android.server.uri.UriGrantsManagerService$Lifecycle
11-07 22:26:59.113  1254  1254 D SystemServerTiming: OnBootPhase_480_com.android.server.powerstats.PowerStatsService
11-07 22:26:59.113  1254  1254 D SystemServerTiming: OnBootPhase_480_com.android.server.wm.ActivityTaskManagerService$Lifecycle
11-07 22:26:59.113  1254  1254 D SystemServerTiming: OnBootPhase_480_com.android.server.am.ActivityManagerService$Lifecycle
11-07 22:26:59.113  1254  1254 D SystemServerTiming: OnBootPhase_480_com.android.server.pm.DataLoaderManagerService
11-07 22:26:59.113  1254  1254 D SystemServerTiming: OnBootPhase_480_com.android.server.power.PowerManagerService
11-07 22:26:59.113  1254  1254 D SystemServerTiming: OnBootPhase_480_com.android.server.power.ThermalManagerService
11-07 22:26:59.113  1254  1254 D SystemServerTiming: OnBootPhase_480_com.android.server.lights.LightsService
11-07 22:26:59.113  1254  1254 D SystemServerTiming: OnBootPhase_480_com.android.server.display.DisplayManagerService
11-07 22:26:59.113  1254  1254 D SystemServerTiming: OnBootPhase_480_com.android.server.pm.verify.domain.DomainVerificationService
11-07 22:26:59.113  1254  1254 D SystemServerTiming: OnBootPhase_480_com.android.server.pm.PackageInstallerService$Lifecycle
11-07 22:26:59.113  1254  1254 D SystemServerTiming: OnBootPhase_480_com.android.server.pm.UserManagerService$LifeCycle
11-07 22:26:59.113  1254  1254 D SystemServerTiming: OnBootPhase_480_com.android.server.om.OverlayManagerService
11-07 22:26:59.113  1254  1254 D SystemServerTiming: OnBootPhase_480_com.android.server.resources.ResourcesManagerService
11-07 22:26:59.113  1254  1254 D SystemServerTiming: OnBootPhase_480_com.android.server.sensorprivacy.SensorPrivacyService
11-07 22:26:59.113  1254  1254 D SystemServerTiming: OnBootPhase_480_com.android.server.sensors.SensorService
11-07 22:26:59.113  1254  1254 D SystemServerTiming: OnBootPhase_480_com.android.server.SystemConfigService
11-07 22:26:59.113  1254  1254 D SystemServerTiming: OnBootPhase_480_com.android.server.BatteryService
11-07 22:26:59.113  1254  1254 D SystemServerTiming: OnBootPhase_480_com.android.server.usage.UsageStatsService
11-07 22:26:59.113  1254  1254 D SystemServerTiming: OnBootPhase_480_com.android.server.webkit.WebViewUpdateService
11-07 22:26:59.113  1254  1254 D SystemServerTiming: OnBootPhase_480_com.android.server.CachedDeviceStateService
11-07 22:26:59.113  1254  1254 D SystemServerTiming: OnBootPhase_480_com.android.server.BinderCallsStatsService$LifeCycle
11-07 22:26:59.113  1254  1254 D SystemServerTiming: OnBootPhase_480_com.android.server.LooperStatsService$Lifecycle
11-07 22:26:59.113  1254  1254 D SystemServerTiming: OnBootPhase_480_com.android.server.rollback.RollbackManagerService
11-07 22:26:59.113  1254  1254 D SystemServerTiming: OnBootPhase_480_com.android.server.os.NativeTombstoneManagerService
11-07 22:26:59.113  1254  1254 D SystemServerTiming: OnBootPhase_480_com.android.server.os.BugreportManagerService
11-07 22:26:59.113  1254  1254 D SystemServerTiming: OnBootPhase_480_com.android.server.gpu.GpuService
11-07 22:26:59.113  1254  1254 D SystemServerTiming: OnBootPhase_480_com.android.server.security.KeyChainSystemService
11-07 22:26:59.113  1254  1254 D SystemServerTiming: OnBootPhase_480_com.android.server.BinaryTransparencyService
11-07 22:26:59.113  1254  1254 D SystemServerTiming: OnBootPhase_480_com.android.server.telecom.TelecomLoaderService
11-07 22:26:59.113  1254  1254 D SystemServerTiming: OnBootPhase_480_com.android.server.accounts.AccountManagerService$Lifecycle
11-07 22:26:59.113  1254  1254 D SystemServerTiming: OnBootPhase_480_com.android.server.content.ContentService$Lifecycle
11-07 22:26:59.113  1254  1254 D SystemServerTiming: OnBootPhase_480_com.android.server.DropBoxManagerService
11-07 22:26:59.113  1254  1254 D SystemServerTiming: OnBootPhase_480_com.android.role.RoleService
11-07 22:26:59.113  1254  1254 D SystemServerTiming: OnBootPhase_480_com.android.server.tare.InternalResourceService
11-07 22:26:59.113  1254  1254 D SystemServerTiming: OnBootPhase_480_com.mediatek.server.MtkAlarmManagerService
11-07 22:26:59.113  1254  1254 D SystemServerTiming: OnBootPhase_480_com.android.server.devicestate.DeviceStateManagerService
11-07 22:26:59.113  1254  1254 D SystemServerTiming: OnBootPhase_480_com.android.server.camera.CameraServiceProxy
11-07 22:26:59.113  1254  1254 D SystemServerTiming: OnBootPhase_480_com.android.server.bluetooth.BluetoothService
11-07 22:26:59.113  1254  1254 D SystemServerTiming: OnBootPhase_480_com.android.server.connectivity.IpConnectivityMetrics
11-07 22:26:59.113  1254  1254 D SystemServerTiming: OnBootPhase_480_com.android.server.net.watchlist.NetworkWatchlistService$Lifecycle
11-07 22:26:59.113  1254  1254 D SystemServerTiming: OnBootPhase_480_com.android.server.integrity.AppIntegrityManagerService
11-07 22:26:59.113  1254  1254 D SystemServerTiming: OnBootPhase_480_com.android.server.logcat.LogcatManagerService
11-07 22:26:59.113  1254  1254 D SystemServerTiming: OnBootPhase_480_com.android.server.inputmethod.InputMethodManagerService$Lifecycle
11-07 22:26:59.113  1254  1254 D SystemServerTiming: OnBootPhase_480_com.android.server.accessibility.AccessibilityManagerService$Lifecycle
11-07 22:26:59.114  1254  1254 D SystemServerTiming: OnBootPhase_480_com.android.server.StorageManagerService$Lifecycle
11-07 22:26:59.114  1254  1254 D SystemServerTiming: OnBootPhase_480_com.android.server.usage.StorageStatsService$Lifecycle
11-07 22:26:59.114  1254  1254 D SystemServerTiming: OnBootPhase_480_com.android.server.UiModeManagerService
11-07 22:26:59.114  1254  1254 D SystemServerTiming: OnBootPhase_480_com.android.server.locales.LocaleManagerService
11-07 22:26:59.114  1254  1254 D SystemServerTiming: OnBootPhase_480_com.android.server.locksettings.LockSettingsService$Lifecycle
11-07 22:26:59.114  1254  1254 D SystemServerTiming: OnBootPhase_480_com.android.server.PersistentDataBlockService
11-07 22:26:59.114  1254  1254 D SystemServerTiming: OnBootPhase_480_com.android.server.testharness.TestHarnessModeService
11-07 22:26:59.114  1254  1254 D SystemServerTiming: OnBootPhase_480_com.android.server.oemlock.OemLockService
11-07 22:26:59.114  1254  1254 D SystemServerTiming: OnBootPhase_480_com.android.server.DeviceIdleController
11-07 22:26:59.114  1254  1254 D SystemServerTiming: OnBootPhase_480_com.android.server.devicepolicy.DevicePolicyManagerService$Lifecycle
11-07 22:26:59.114  1254  1254 D SystemServerTiming: OnBootPhase_480_com.android.server.texttospeech.TextToSpeechManagerService
11-07 22:26:59.114  1254  1254 D SystemServerTiming: OnBootPhase_480_com.android.server.ambientcontext.AmbientContextManagerService
11-07 22:26:59.114  1254  1254 D SystemServerTiming: OnBootPhase_480_com.android.server.speech.SpeechRecognitionManagerService
11-07 22:26:59.114  1254  1254 D SystemServerTiming: OnBootPhase_480_com.android.server.searchui.SearchUiManagerService
11-07 22:26:59.114  1254  1254 D SystemServerTiming: OnBootPhase_480_com.android.server.smartspace.SmartspaceManagerService
11-07 22:26:59.114  1254  1254 D SystemServerTiming: OnBootPhase_480_com.android.server.cloudsearch.CloudSearchManagerService
11-07 22:26:59.114  1254  1254 D SystemServerTiming: OnBootPhase_480_com.android.server.graphics.fonts.FontManagerService$Lifecycle
11-07 22:26:59.114  1254  1254 D SystemServerTiming: OnBootPhase_480_com.android.server.textservices.TextServicesManagerService$Lifecycle
11-07 22:26:59.114  1254  1254 D SystemServerTiming: OnBootPhase_480_com.android.server.NetworkScoreService$Lifecycle
11-07 22:26:59.114  1254  1254 D SystemServerTiming: OnBootPhase_480_com.android.server.NetworkStatsServiceInitializer
11-07 22:26:59.114  1254  1254 D SystemServerTiming: OnBootPhase_480_com.android.server.wifi.WifiService
11-07 22:26:59.114  1254  1254 D SystemServerTiming: OnBootPhase_480_com.android.server.wifi.scanner.WifiScanningService
11-07 22:26:59.114  1254  1254 D SystemServerTiming: OnBootPhase_480_com.android.server.wifi.p2p.WifiP2pService
11-07 22:26:59.114  1254  1254 D SystemServerTiming: OnBootPhase_480_com.android.server.ConnectivityServiceInitializer
11-07 22:26:59.114  1254  1254 D SystemServerTiming: OnBootPhase_480_com.android.server.notification.NotificationManagerService
11-07 22:26:59.114  1254  1254 D SystemServerTiming: OnBootPhase_480_com.android.server.storage.DeviceStorageMonitorService
11-07 22:26:59.114  1254  1254 D SystemServerTiming: OnBootPhase_480_com.android.server.location.LocationManagerService$Lifecycle
11-07 22:26:59.114  1254  1254 D SystemServerTiming: OnBootPhase_480_com.android.server.timedetector.TimeDetectorService$Lifecycle
11-07 22:26:59.114  1254  1254 D SystemServerTiming: OnBootPhase_480_com.android.server.timezonedetector.TimeZoneDetectorService$Lifecycle
11-07 22:26:59.114  1254  1254 D SystemServerTiming: OnBootPhase_480_com.android.server.timezonedetector.location.LocationTimeZoneManagerService$Lifecycle
11-07 22:26:59.114  1254  1254 D SystemServerTiming: OnBootPhase_480_com.android.server.timedetector.GnssTimeUpdateService$Lifecycle
11-07 22:26:59.114  1254  1254 D SystemServerTiming: OnBootPhase_480_com.android.server.wallpaper.WallpaperManagerService$Lifecycle
11-07 22:26:59.115  1254  1254 D SystemServerTiming: OnBootPhase_480_com.android.server.wallpapereffectsgeneration.WallpaperEffectsGenerationManagerService
11-07 22:26:59.115  1254  1254 D SystemServerTiming: OnBootPhase_480_com.android.server.audio.AudioService$Lifecycle
11-07 22:26:59.115  1254  1254 D SystemServerTiming: OnBootPhase_480_com.android.server.broadcastradio.BroadcastRadioService
11-07 22:26:59.115  1254  1254 D SystemServerTiming: OnBootPhase_480_com.android.server.midi.MidiService$Lifecycle
11-07 22:26:59.115  1254  1254 D SystemServerTiming: OnBootPhase_480_com.android.server.adb.AdbService$Lifecycle
11-07 22:26:59.115  1254  1254 D SystemServerTiming: OnBootPhase_480_com.android.server.usb.UsbService$Lifecycle
11-07 22:26:59.115  1254  1254 D SystemServerTiming: OnBootPhase_480_com.android.server.twilight.TwilightService
11-07 22:26:59.115  1254  1254 D SystemServerTiming: OnBootPhase_480_com.android.server.display.color.ColorDisplayService
11-07 22:26:59.115  1254  1254 D SystemServerTiming: OnBootPhase_480_com.android.server.job.JobSchedulerService
11-07 22:26:59.115  1254  1254 D SystemServerTiming: OnBootPhase_480_com.android.server.soundtrigger.SoundTriggerService
11-07 22:26:59.115  1254  1254 D SoundTriggerService: onBootPhase: 480 : false
11-07 22:26:59.115  1254  1254 D SystemServerTiming: OnBootPhase_480_com.android.server.trust.TrustManagerService
11-07 22:26:59.115  1254  1254 D SystemServerTiming: OnBootPhase_480_com.android.server.appwidget.AppWidgetService
11-07 22:26:59.115  1254  1254 D SystemServerTiming: OnBootPhase_480_com.android.server.voiceinteraction.VoiceInteractionManagerService
11-07 22:26:59.115  1254  1254 D SystemServerTiming: OnBootPhase_480_com.android.server.apphibernation.AppHibernationService
11-07 22:26:59.115  1254  1254 D SystemServerTiming: OnBootPhase_480_com.android.server.SensorNotificationService
11-07 22:26:59.115  1254  1254 D SystemServerTiming: OnBootPhase_480_com.android.server.emergency.EmergencyAffordanceService
11-07 22:26:59.115  1254  1254 D SystemServerTiming: OnBootPhase_480_com.android.server.blob.BlobStoreManagerService
11-07 22:26:59.115  1254  1254 D SystemServerTiming: OnBootPhase_480_com.android.server.dreams.DreamManagerService
11-07 22:26:59.115  1254  1254 D SystemServerTiming: OnBootPhase_480_com.android.server.security.AttestationVerificationManagerService
11-07 22:26:59.115  1254  1254 D SystemServerTiming: OnBootPhase_480_com.android.server.companion.CompanionDeviceManagerService
11-07 22:26:59.115  1254  1254 D SystemServerTiming: OnBootPhase_480_com.android.server.companion.virtual.VirtualDeviceManagerService
11-07 22:26:59.115  1254  1254 D SystemServerTiming: OnBootPhase_480_com.android.server.restrictions.RestrictionsManagerService
11-07 22:26:59.115  1254  1254 D SystemServerTiming: OnBootPhase_480_com.android.server.media.MediaSessionService
11-07 22:26:59.115  1254  1254 D SystemServerTiming: OnBootPhase_480_com.android.server.media.MediaResourceMonitorService
11-07 22:26:59.115  1254  1254 D SystemServerTiming: OnBootPhase_480_com.android.server.biometrics.BiometricService
11-07 22:26:59.115  1254  1254 D SystemServerTiming: OnBootPhase_480_com.android.server.biometrics.AuthService
11-07 22:26:59.115  1254  1254 D SystemServerTiming: OnBootPhase_480_com.android.server.pm.ShortcutService$Lifecycle
11-07 22:26:59.117  1254  1254 D SystemServerTiming: OnBootPhase_480_com.android.server.pm.LauncherAppsService
11-07 22:26:59.117  1254  1254 D SystemServerTiming: OnBootPhase_480_com.android.server.pm.CrossProfileAppsService
11-07 22:26:59.117  1254  1254 D SystemServerTiming: OnBootPhase_480_com.android.server.people.PeopleService
11-07 22:26:59.117  1254  1254 D SystemServerTiming: OnBootPhase_480_com.android.server.media.metrics.MediaMetricsManagerService
11-07 22:26:59.117  1254  1254 D SystemServerTiming: OnBootPhase_480_com.android.server.media.projection.MediaProjectionManagerService
11-07 22:26:59.117  1254  1254 D SystemServerTiming: OnBootPhase_480_com.android.server.slice.SliceManagerService$Lifecycle
11-07 22:26:59.117  1254  1254 D SystemServerTiming: OnBootPhase_480_com.android.server.stats.StatsCompanion$Lifecycle
11-07 22:26:59.117  1254  1254 D SystemServerTiming: OnBootPhase_480_com.android.server.scheduling.RebootReadinessManagerService$Lifecycle
11-07 22:26:59.117  1254  1254 D SystemServerTiming: OnBootPhase_480_com.android.server.stats.pull.StatsPullAtomService
11-07 22:26:59.117  1254  1254 D SystemServerTiming: OnBootPhase_480_com.android.server.stats.bootstrap.StatsBootstrapAtomService$Lifecycle
11-07 22:26:59.117  1254  1254 D SystemServerTiming: OnBootPhase_480_com.android.server.incident.IncidentCompanionService
11-07 22:26:59.117  1254  1254 D SystemServerTiming: OnBootPhase_480_com.android.server.sdksandbox.SdkSandboxManagerService$Lifecycle
11-07 22:26:59.118  1254  1254 D SystemServerTiming: OnBootPhase_480_com.android.server.adservices.AdServicesManagerService$Lifecycle
11-07 22:26:59.118  1254  1254 D SystemServerTiming: OnBootPhase_480_com.android.server.autofill.AutofillManagerService
11-07 22:26:59.118  1254  1254 D SystemServerTiming: OnBootPhase_480_com.android.server.clipboard.ClipboardService
11-07 22:26:59.118  1254  1254 D SystemServerTiming: OnBootPhase_480_com.android.server.appbinding.AppBindingService$Lifecycle
11-07 22:26:59.118  1254  1254 D SystemServerTiming: OnBootPhase_480_com.mediatek.powerhalservice.PowerHalMgrService
11-07 22:26:59.118  1254  1254 D SystemServerTiming: OnBootPhase_480_com.mediatek.server.MtkConnectivitySupplementalService
11-07 22:26:59.118  1254  1254 D MtkConnectivitySupplementalService: onBootPhase: phase=480
11-07 22:26:59.118  1254  1254 D SystemServerTiming: OnBootPhase_480_com.android.server.tracing.TracingServiceProxy
11-07 22:26:59.118  1254  1254 D SystemServerTiming: StartBootPhaseSystemServicesReady
11-07 22:26:59.118  1254  1254 I SystemServiceManager: Starting phase 500
11-07 22:26:59.118  1254  1254 D SystemServerTiming: OnBootPhase_500
11-07 22:26:59.118  1254  1254 D SystemServerTiming: OnBootPhase_500_com.android.server.security.FileIntegrityService
11-07 22:26:59.118  1254  1254 D SystemServerTiming: OnBootPhase_500_com.android.server.pm.Installer
11-07 22:26:59.118  1254  1254 D SystemServerTiming: OnBootPhase_500_com.android.server.os.DeviceIdentifiersPolicyService
11-07 22:26:59.118  1254  1254 D SystemServerTiming: OnBootPhase_500_com.android.server.uri.UriGrantsManagerService$Lifecycle
11-07 22:26:59.119  1254  1254 D SystemServerTiming: OnBootPhase_500_com.android.server.powerstats.PowerStatsService
11-07 22:26:59.119  1254  1254 E StatsPullAtomCallbackImpl: Failed to start PowerStatsService statsd pullers
11-07 22:26:59.119  1254  1254 D SystemServerTiming: OnBootPhase_500_com.android.server.wm.ActivityTaskManagerService$Lifecycle
11-07 22:26:59.119  1254  1254 D SystemServerTiming: OnBootPhase_500_com.android.server.am.ActivityManagerService$Lifecycle
11-07 22:26:59.122  1254  1254 E BatteryStatsService: Could not register PowerStatsInternal
11-07 22:26:59.125  1254  1254 D SystemServerTiming: OnBootPhase_500_com.android.server.pm.DataLoaderManagerService
11-07 22:26:59.125  1254  1254 D SystemServerTiming: OnBootPhase_500_com.android.server.power.PowerManagerService
11-07 22:26:59.126  1254  1254 I AttentionDetector: readValuesFromDeviceConfig():
11-07 22:26:59.126  1254  1254 I AttentionDetector: mMaximumExtensionMillis=900000
11-07 22:26:59.126  1254  1254 I AttentionDetector: mPreDimCheckDurationMillis=2000
11-07 22:26:59.126  1254  1254 I AttentionDetector: mRequestedPostDimTimeoutMillis=0
11-07 22:26:59.129  1254  1254 E DisplayPowerController[0]: failed to set up display white-balance: java.lang.IllegalStateException: cannot find light sensor
11-07 22:26:59.129  1254  1254 W DisplayPowerController[0]: Screen brightness nits configuration is unavailable; falling back
11-07 22:26:59.136  1254  1309 W KeyguardServiceDelegate: onScreenTurningOn(): no keyguard service!
11-07 22:26:59.136  1254  1279 W WindowManager: Keyguard drawn timeout. Setting mKeyguardDrawComplete
11-07 22:26:59.138  1254  1296 W KernelCpuProcStringReader: File not found. It's normal if not implemented: /proc/uid_time_in_state
11-07 22:26:59.140  1254  1254 I FaceDownDetector: readValuesFromDeviceConfig():
11-07 22:26:59.140  1254  1254 I FaceDownDetector: mAccelerationThreshold=0.2
11-07 22:26:59.140  1254  1254 I FaceDownDetector: mZAccelerationThreshold=-9.5
11-07 22:26:59.140  1254  1254 I FaceDownDetector: mTimeThreshold=PT1S
11-07 22:26:59.140  1254  1254 I FaceDownDetector: mIsEnabled=true
11-07 22:26:59.140  1254  1309 V DisplayPowerController[0]: Brightness [0.4] reason changing to: 'override', previous reason: '0'.
11-07 22:26:59.140  1254  1309 I DisplayPowerController[0]: BrightnessEvent: disp=0, brt=0.4, rcmdBrt=NaN, preBrt=NaN, lux=0.0, preLux=0.0, hbmMax=1.0, hbmMode=off, thrmMax=1.0, flags=, reason=override
11-07 22:26:59.140  1254  1296 W KernelCpuProcStringReader: File not found. It's normal if not implemented: /proc/uid_concurrent_active_time
11-07 22:26:59.141  1254  1296 W KernelCpuProcStringReader: File not found. It's normal if not implemented: /proc/uid_concurrent_policy_time
11-07 22:26:59.141  1254  1463 E DisplayDeviceConfig: requesting nits when no mapping exists.
11-07 22:26:59.141  1254  1463 E DisplayDeviceConfig: requesting nits when no mapping exists.
11-07 22:26:59.141  1254  1281 I DisplayDeviceRepository: Display device changed state: "Built-in Screen", ON
11-07 22:26:59.144  1254  1254 I ScreenUndimDetector: readValuesFromDeviceConfig():
11-07 22:26:59.144  1254  1254 I ScreenUndimDetector: mKeepScreenOnForMillis=600000
11-07 22:26:59.144  1254  1254 I ScreenUndimDetector: mKeepScreenOnNotificationEnabled=true
11-07 22:26:59.144  1254  1254 I ScreenUndimDetector: mUndimsRequired=2
11-07 22:26:59.148  1254  1254 E PowerManagerService: Power manager lock was not held when calling updatePowerStateLocked
11-07 22:26:59.149  1254  1254 D SystemServerTiming: OnBootPhase_500_com.android.server.power.ThermalManagerService
11-07 22:26:59.149  1254  1254 D SystemServerTiming: OnBootPhase_500_com.android.server.lights.LightsService
11-07 22:26:59.149  1254  1254 D SystemServerTiming: OnBootPhase_500_com.android.server.display.DisplayManagerService
11-07 22:26:59.149  1254  1254 D SystemServerTiming: OnBootPhase_500_com.android.server.pm.verify.domain.DomainVerificationService
11-07 22:26:59.149  1254  1254 D SystemServerTiming: OnBootPhase_500_com.android.server.pm.PackageInstallerService$Lifecycle
11-07 22:26:59.149  1254  1254 D SystemServerTiming: OnBootPhase_500_com.android.server.pm.UserManagerService$LifeCycle
11-07 22:26:59.149  1254  1254 D SystemServerTiming: OnBootPhase_500_com.android.server.om.OverlayManagerService
11-07 22:26:59.149  1254  1254 D SystemServerTiming: OnBootPhase_500_com.android.server.resources.ResourcesManagerService
11-07 22:26:59.149  1254  1254 D SystemServerTiming: OnBootPhase_500_com.android.server.sensorprivacy.SensorPrivacyService
11-07 22:26:59.151  1254  1309 V DisplayPowerController[0]: Brightness [0.4015748] reason changing to: 'manual', previous reason: 'override'.
11-07 22:26:59.151  1254  1309 I DisplayPowerController[0]: BrightnessEvent: disp=0, brt=0.4015748, rcmdBrt=NaN, preBrt=NaN, lux=0.0, preLux=0.0, hbmMax=1.0, hbmMode=off, thrmMax=1.0, flags=, reason=manual
11-07 22:26:59.152  1254  1254 D CompatibilityChangeReporter: Compat change id reported: 157233955; UID 1000; state: ENABLED
11-07 22:26:59.152  1254  1463 E DisplayDeviceConfig: requesting nits when no mapping exists.
11-07 22:26:59.152  1254  1463 E DisplayDeviceConfig: requesting nits when no mapping exists.
11-07 22:26:59.153  1254  1254 D SystemServerTiming: OnBootPhase_500_com.android.server.sensors.SensorService
11-07 22:26:59.153  1254  1254 D SystemServerTiming: OnBootPhase_500_com.android.server.SystemConfigService
11-07 22:26:59.153  1254  1254 D SystemServerTiming: OnBootPhase_500_com.android.server.BatteryService
11-07 22:26:59.153  1254  1254 D SystemServerTiming: OnBootPhase_500_com.android.server.usage.UsageStatsService
11-07 22:26:59.154  1254  1254 D AppStandbyController: Setting app idle enabled state
11-07 22:26:59.154  1254  1289 I DropBoxManagerService: add tag=system_server_wtf isTagEnabled=true flags=0x2
11-07 22:26:59.158  1254  1254 V HistoricalRegistry: Interaction before persistence initialized
11-07 22:26:59.159  1254  1254 D SystemServerTiming: OnBootPhase_500_com.android.server.webkit.WebViewUpdateService
11-07 22:26:59.159  1254  1254 D SystemServerTiming: OnBootPhase_500_com.android.server.CachedDeviceStateService
11-07 22:26:59.159  1254  1254 D SystemServerTiming: OnBootPhase_500_com.android.server.BinderCallsStatsService$LifeCycle
11-07 22:26:59.162  1254  1254 D SystemServerTiming: OnBootPhase_500_com.android.server.LooperStatsService$Lifecycle
11-07 22:26:59.162  1254  1254 D SystemServerTiming: OnBootPhase_500_com.android.server.rollback.RollbackManagerService
11-07 22:26:59.162  1254  1254 D SystemServerTiming: OnBootPhase_500_com.android.server.os.NativeTombstoneManagerService
11-07 22:26:59.162  1254  1254 D SystemServerTiming: OnBootPhase_500_com.android.server.os.BugreportManagerService
11-07 22:26:59.162  1254  1254 D SystemServerTiming: OnBootPhase_500_com.android.server.gpu.GpuService
11-07 22:26:59.162  1254  1254 D SystemServerTiming: OnBootPhase_500_com.android.server.security.KeyChainSystemService
11-07 22:26:59.162  1254  1254 D SystemServerTiming: OnBootPhase_500_com.android.server.BinaryTransparencyService
11-07 22:26:59.162  1254  1254 D SystemServerTiming: OnBootPhase_500_com.android.server.telecom.TelecomLoaderService
11-07 22:26:59.162  1254  1254 D SystemServerTiming: OnBootPhase_500_com.android.server.accounts.AccountManagerService$Lifecycle
11-07 22:26:59.162  1254  1254 D SystemServerTiming: OnBootPhase_500_com.android.server.content.ContentService$Lifecycle
11-07 22:26:59.162  1254  1254 D SystemServerTiming: OnBootPhase_500_com.android.server.DropBoxManagerService
11-07 22:26:59.162  1254  1254 D SystemServerTiming: OnBootPhase_500_com.android.role.RoleService
11-07 22:26:59.163  1254  1254 D SystemServerTiming: OnBootPhase_500_com.android.server.tare.InternalResourceService
11-07 22:26:59.164  1254  1254 D SystemServerTiming: OnBootPhase_500_com.mediatek.server.MtkAlarmManagerService
11-07 22:26:59.165  1254  1254 D SystemServerTiming: OnBootPhase_500_com.android.server.devicestate.DeviceStateManagerService
11-07 22:26:59.165  1254  1254 D SystemServerTiming: OnBootPhase_500_com.android.server.camera.CameraServiceProxy
11-07 22:26:59.165  1254  1254 D SystemServerTiming: OnBootPhase_500_com.android.server.bluetooth.BluetoothService
11-07 22:26:59.168  1254  1254 W ContextImpl: Calling a method in the system process without a qualified user: android.app.ContextImpl.bindService:1950 android.car.Car.startCarService:2379 android.car.Car.connect:1873 com.android.server.bluetooth.BluetoothManagerService.handleOnBootPhase:1854 com.android.server.bluetooth.BluetoothService.initialize:43 
11-07 22:26:59.169  1254  1463 E DisplayDeviceConfig: requesting nits when no mapping exists.
11-07 22:26:59.169  1254  1463 E DisplayDeviceConfig: requesting nits when no mapping exists.
11-07 22:26:59.171  1254  1254 E ActivityManager: Failure starting process com.android.car
11-07 22:26:59.171  1254  1254 E ActivityManager: java.lang.NullPointerException: Attempt to invoke interface method 'java.lang.String[] android.content.pm.IPackageManager.getPackagesForUid(int)' on a null object reference
11-07 22:26:59.171  1254  1254 E ActivityManager: 	at com.android.server.StorageManagerService.getMountModeInternal(StorageManagerService.java:4483)
11-07 22:26:59.171  1254  1254 E ActivityManager: 	at com.android.server.StorageManagerService.-$$Nest$mgetMountModeInternal(Unknown Source:0)
11-07 22:26:59.171  1254  1254 E ActivityManager: 	at com.android.server.StorageManagerService$StorageManagerInternalImpl.getExternalStorageMountMode(StorageManagerService.java:4824)
11-07 22:26:59.171  1254  1254 E ActivityManager: 	at com.android.server.am.ProcessList.startProcessLocked(ProcessList.java:1699)
