11-07 16:56:11.924  1564  1957 D CarPowerManagementService: TRANS suppressed: pendingStates=0 [], current=CpmsState canPostpone=false, carPowerStateListenerState=6, mShutdownType=0, CpmsState=ON(1), mParam=DEFAULT_VALUE_ZERO(0)
11-07 16:56:12.924  1564  1826 I CAR.POWER: Received AP_POWER_STATE_REQ=ON(0) param=0
11-07 16:56:12.924  1564  1826 D CarPowerManagementService: onApPowerStateChange(HAL): pendingStates=1 [ON/DEFAULT_VALUE_ZERO(0), ], current=CpmsState canPostpone=false, carPowerStateListenerState=6, mShutdownType=0, CpmsState=ON(1), mParam=DEFAULT_VALUE_ZERO(0)
11-07 16:56:12.924  1564  1957 I CarPowerManagementService: doHandlePowerStateChange: newState=ON(1)
11-07 16:56:12.924  1564  1957 D CarPowerManagementService: [TRANS] ON(1) -> ON(1) (param=DEFAULT_VALUE_ZERO(0), canPostpone=false, stType=0)
11-07 16:56:12.925  1564  1957 D CarPowerManagementService: Requested state is already in effect: ON(1)
11-07 16:56:12.925  1564  1957 D CarPowerManagementService: TRANS suppressed: pendingStates=0 [], current=CpmsState canPostpone=false, carPowerStateListenerState=6, mShutdownType=0, CpmsState=ON(1), mParam=DEFAULT_VALUE_ZERO(0)
11-07 16:56:13.622  2516  2516 W ContextImpl: Calling a method in the system process without a qualified user: android.app.ContextImpl.startService:1863 android.content.ContextWrapper.startService:817 com.visteon.skylarkTelematics.GNSSService.sendGNSSSuccessToMainService:353 com.visteon.skylarkTelematics.GNSSService.access$300:40 com.visteon.skylarkTelematics.GNSSService$3.run:324 
11-07 16:56:13.630  1234  1372 I ValidateNoPeople: Validating: 0|com.x4.softwareupdate|1|null|1000 for 0
11-07 16:56:13.631  1234  1372 I ValidateNoPeople: final affinity: 0.0
11-07 16:56:13.631  1234  1372 I ValidateNoPeople: Validating: 0|com.visteon.location|12345678|null|1000 for 0
11-07 16:56:13.631  1234  1372 I ValidateNoPeople: final affinity: 0.0
11-07 16:56:13.631  1234  1372 I ValidateNoPeople: Validating: 0|com.x4.telematics|1|null|1000 for 0
11-07 16:56:13.631  1234  1372 I ValidateNoPeople: final affinity: 0.0
11-07 16:56:13.631  1234  1372 I ValidateNoPeople: skipping global notification
11-07 16:56:13.631  1234  1372 I ValidateNoPeople: Validating: 0|com.visteon.skylarkTelematics|2147483647|ranker_group|1000|ranker_group for 0
11-07 16:56:13.632  1234  1372 I ValidateNoPeople: final affinity: 0.0
11-07 16:56:13.632  1234  1372 I ValidateNoPeople: Validating: 0|com.visteon.skylarkTelematics|2003|null|1000 for 0
11-07 16:56:13.632  1234  1372 I ValidateNoPeople: final affinity: 0.0
11-07 16:56:13.632  1234  1372 I ValidateNoPeople: Validating: 0|com.visteon.skylarkTelematics|2001|null|1000 for 0
11-07 16:56:13.633  1234  1372 I ValidateNoPeople: final affinity: 0.0
11-07 16:56:13.633  1234  1372 I ValidateNoPeople: Validating: 0|com.visteon.serverinteractor|500|null|1000 for 0
11-07 16:56:13.633  1234  1372 I ValidateNoPeople: final affinity: 0.0
11-07 16:56:13.634  1234  1372 I ValidateNoPeople: Validating: 0|com.visteon.updater|100|null|1000 for 0
11-07 16:56:13.634  1234  1372 I ValidateNoPeople: final affinity: 0.0
11-07 16:56:13.634  1234  1372 I ValidateNoPeople: Validating: 0|com.visteon.usbvideo|101|null|1000 for 0
11-07 16:56:13.635  1234  1372 I ValidateNoPeople: final affinity: 0.0
11-07 16:56:13.635  1234  1372 I ValidateNoPeople: Validating: 0|com.visteon.coremedia|512|null|1000 for 0
11-07 16:56:13.635  1234  1372 I ValidateNoPeople: final affinity: 0.0
11-07 16:56:13.636  1234  1372 I ValidateNoPeople: Validating: 0|com.x4.connectnext|1|null|1000 for 0
11-07 16:56:13.636  1234  1372 I ValidateNoPeople: final affinity: 0.0
11-07 16:56:13.636  1234  1372 I ValidateNoPeople: Validating: 0|com.visteon.connectivityui|1|null|1000 for 0
11-07 16:56:13.637  1234  1372 I ValidateNoPeople: final affinity: 0.0
11-07 16:56:13.647  1234  1264 V NotificationService: enqueueNotificationInternal: pkg=com.visteon.skylarkTelematics id=2001 notification=Notification(channel=TG shortcut=null contentView=null vibrate=null sound=null defaults=0x0 flags=0x40 color=0x00000000 vis=PRIVATE)
11-07 16:56:13.650  1234  1234 D NotificationService: EnqueueNotificationRunnable.run for: 0|com.visteon.skylarkTelematics|2001|null|1000
11-07 16:56:13.650  1234  1234 V NotificationAssistants: onNotificationEnqueuedLocked() called with: r = [NotificationRecord(0x064f6f50: pkg=com.visteon.skylarkTelematics user=UserHandle{0} id=2001 tag=null importance=2 key=0|com.visteon.skylarkTelematics|2001|null|1000: Notification(channel=TG shortcut=null contentView=null vibrate=null sound=null defaults=0x0 flags=0x40 color=0x00000000 vis=PRIVATE))]
11-07 16:56:13.651  1234  1234 V NotificationAssistants: calling onNotificationEnqueuedWithChannel com.android.server.notification.NotificationManagerService$StatusBarNotificationHolder@b9cf549
11-07 16:56:13.652  1234  1372 I ValidateNoPeople: Validating: 0|com.x4.softwareupdate|1|null|1000 for 0
11-07 16:56:13.652  1234  1372 I ValidateNoPeople: final affinity: 0.0
11-07 16:56:13.653  1234  1372 I ValidateNoPeople: Validating: 0|com.visteon.location|12345678|null|1000 for 0
11-07 16:56:13.653  1234  1372 I ValidateNoPeople: final affinity: 0.0
11-07 16:56:13.653  1234  1372 I ValidateNoPeople: Validating: 0|com.x4.telematics|1|null|1000 for 0
11-07 16:56:13.653  1234  1372 I ValidateNoPeople: final affinity: 0.0
11-07 16:56:13.653  1234  1372 I ValidateNoPeople: skipping global notification
11-07 16:56:13.654  1234  1372 I ValidateNoPeople: Validating: 0|com.visteon.skylarkTelematics|2147483647|ranker_group|1000|ranker_group for 0
11-07 16:56:13.654  1234  1372 I ValidateNoPeople: final affinity: 0.0
11-07 16:56:13.654  1234  1372 I ValidateNoPeople: Validating: 0|com.visteon.skylarkTelematics|2003|null|1000 for 0
11-07 16:56:13.655  1234  1372 I ValidateNoPeople: final affinity: 0.0
11-07 16:56:13.655  1234  1372 I ValidateNoPeople: Validating: 0|com.visteon.skylarkTelematics|2001|null|1000 for 0
11-07 16:56:13.655  1234  1372 I ValidateNoPeople: final affinity: 0.0
11-07 16:56:13.656  1234  1372 I ValidateNoPeople: Validating: 0|com.visteon.serverinteractor|500|null|1000 for 0
11-07 16:56:13.656  1234  1372 I ValidateNoPeople: final affinity: 0.0
11-07 16:56:13.656  1234  1372 I ValidateNoPeople: Validating: 0|com.visteon.updater|100|null|1000 for 0
11-07 16:56:13.656  1234  1372 I ValidateNoPeople: final affinity: 0.0
11-07 16:56:13.656  1234  1372 I ValidateNoPeople: Validating: 0|com.visteon.usbvideo|101|null|1000 for 0
11-07 16:56:13.656  1234  1372 I ValidateNoPeople: final affinity: 0.0
11-07 16:56:13.657  1234  1372 I ValidateNoPeople: Validating: 0|com.visteon.coremedia|512|null|1000 for 0
11-07 16:56:13.657  1234  1372 I ValidateNoPeople: final affinity: 0.0
11-07 16:56:13.657  1234  1372 I ValidateNoPeople: Validating: 0|com.x4.connectnext|1|null|1000 for 0
11-07 16:56:13.657  1234  1372 I ValidateNoPeople: final affinity: 0.0
11-07 16:56:13.658  1234  1372 I ValidateNoPeople: Validating: 0|com.visteon.connectivityui|1|null|1000 for 0
11-07 16:56:13.658  1234  1372 I ValidateNoPeople: final affinity: 0.0
11-07 16:56:13.711  1564  2224 I CAR.WatchdogStorage: Database marked dirty.
11-07 16:56:13.712  1564  2224 D CarWatchdogService: Processed latest I/O overuse stats
11-07 16:56:13.853  2516 13139 W ContextImpl: Calling a method in the system process without a qualified user: android.app.ContextImpl.startService:1863 android.content.ContextWrapper.startService:817 com.visteon.skylarkTelematics.MainService.sendToVTS:136 com.visteon.skylarkTelematics.MainService.access$200:57 com.visteon.skylarkTelematics.MainService$2.messageArrived:695 
11-07 16:56:13.855  1234  1234 D Telecom : Logging: START_SESSION
11-07 16:56:13.855  1234  1234 V Telecom : Logging: END_SUBSESSION (dur: 0 mS): TSI.iIMC@DQk
11-07 16:56:13.855  1234  1234 D Telecom : Logging: END_SESSION (dur: 0 ms): TSI.iIMC@DQk
11-07 16:56:13.856  1234  1234 D Telecom : Logging: START_SESSION
11-07 16:56:13.856  1234  1234 V Telecom : Logging: END_SUBSESSION (dur: 0 mS): TSI.iISMC(a)@DQo
11-07 16:56:13.856  1234  1234 D Telecom : Logging: END_SESSION (dur: 0 ms): TSI.iISMC(a)@DQo
11-07 16:56:13.857  1234  1234 D ResponseStatsTracker: notification:+1h2m13s739ms; event=<updated>, pkg=com.visteon.skylarkTelematics, usr=0
11-07 16:56:13.857  1234  1234 I ValidateNoPeople: Validating: 0|com.visteon.skylarkTelematics|2001|null|1000 for 0
11-07 16:56:13.857  1234  1234 I ValidateNoPeople: final affinity: 0.0
11-07 16:56:13.858  1234  1234 D NotificationService: 0|com.visteon.skylarkTelematics|2001|null|1000: updating permissions
11-07 16:56:13.859  1234  1234 D NotificationService: 0|com.visteon.skylarkTelematics|2001|null|1000: updating permissions
11-07 16:56:13.859  1234  1234 D NotificationService: 0|com.visteon.skylarkTelematics|2001|null|1000: updating permissions
11-07 16:56:13.859  1234  1234 D NotificationService: 0|com.visteon.skylarkTelematics|2001|null|1000: updating permissions
11-07 16:56:13.859  1234  1234 D NotificationService: 0|com.visteon.skylarkTelematics|2001|null|1000: updating permissions
11-07 16:56:13.891  1234  1255 D NotificationService: handleSavePolicyFile
11-07 16:56:13.934  1564  1826 I CAR.POWER: Received AP_POWER_STATE_REQ=ON(0) param=0
11-07 16:56:13.935  1564  1826 D CarPowerManagementService: onApPowerStateChange(HAL): pendingStates=1 [ON/DEFAULT_VALUE_ZERO(0), ], current=CpmsState canPostpone=false, carPowerStateListenerState=6, mShutdownType=0, CpmsState=ON(1), mParam=DEFAULT_VALUE_ZERO(0)
11-07 16:56:13.938  1564  1957 I CarPowerManagementService: doHandlePowerStateChange: newState=ON(1)
11-07 16:56:13.938  1564  1957 D CarPowerManagementService: [TRANS] ON(1) -> ON(1) (param=DEFAULT_VALUE_ZERO(0), canPostpone=false, stType=0)
11-07 16:56:13.938  1564  1957 D CarPowerManagementService: Requested state is already in effect: ON(1)
11-07 16:56:13.941  1564  1957 D CarPowerManagementService: TRANS suppressed: pendingStates=0 [], current=CpmsState canPostpone=false, carPowerStateListenerState=6, mShutdownType=0, CpmsState=ON(1), mParam=DEFAULT_VALUE_ZERO(0)
11-07 16:56:14.937  1564  1826 I CAR.POWER: Received AP_POWER_STATE_REQ=ON(0) param=0
11-07 16:56:14.938  1564  1826 D CarPowerManagementService: onApPowerStateChange(HAL): pendingStates=1 [ON/DEFAULT_VALUE_ZERO(0), ], current=CpmsState canPostpone=false, carPowerStateListenerState=6, mShutdownType=0, CpmsState=ON(1), mParam=DEFAULT_VALUE_ZERO(0)
11-07 16:56:14.938  1564  1957 I CarPowerManagementService: doHandlePowerStateChange: newState=ON(1)
11-07 16:56:14.938  1564  1957 D CarPowerManagementService: [TRANS] ON(1) -> ON(1) (param=DEFAULT_VALUE_ZERO(0), canPostpone=false, stType=0)
11-07 16:56:14.939  1564  1957 D CarPowerManagementService: Requested state is already in effect: ON(1)
11-07 16:56:14.939  1564  1957 D CarPowerManagementService: TRANS suppressed: pendingStates=0 [], current=CpmsState canPostpone=false, carPowerStateListenerState=6, mShutdownType=0, CpmsState=ON(1), mParam=DEFAULT_VALUE_ZERO(0)
11-07 16:56:15.630  2516  2516 W ContextImpl: Calling a method in the system process without a qualified user: android.app.ContextImpl.startService:1863 android.content.ContextWrapper.startService:817 com.visteon.skylarkTelematics.GNSSService.sendGNSSSuccessToMainService:353 com.visteon.skylarkTelematics.GNSSService.access$300:40 com.visteon.skylarkTelematics.GNSSService$3.run:324 
11-07 16:56:15.640  1234  1372 I ValidateNoPeople: Validating: 0|com.x4.softwareupdate|1|null|1000 for 0
11-07 16:56:15.640  1234  1372 I ValidateNoPeople: final affinity: 0.0
11-07 16:56:15.640  1234  1372 I ValidateNoPeople: Validating: 0|com.visteon.location|12345678|null|1000 for 0
11-07 16:56:15.640  1234  1372 I ValidateNoPeople: final affinity: 0.0
11-07 16:56:15.640  1234  1372 I ValidateNoPeople: Validating: 0|com.x4.telematics|1|null|1000 for 0
11-07 16:56:15.640  1234  1372 I ValidateNoPeople: final affinity: 0.0
11-07 16:56:15.640  1234  1372 I ValidateNoPeople: skipping global notification
11-07 16:56:15.641  1234  1372 I ValidateNoPeople: Validating: 0|com.visteon.skylarkTelematics|2147483647|ranker_group|1000|ranker_group for 0
11-07 16:56:15.641  1234  1372 I ValidateNoPeople: final affinity: 0.0
11-07 16:56:15.644  1234  1372 I ValidateNoPeople: Validating: 0|com.visteon.skylarkTelematics|2003|null|1000 for 0
11-07 16:56:15.644  1234  1372 I ValidateNoPeople: final affinity: 0.0
11-07 16:56:15.644  1234  1372 I ValidateNoPeople: Validating: 0|com.visteon.skylarkTelematics|2001|null|1000 for 0
11-07 16:56:15.645  1234  1372 I ValidateNoPeople: final affinity: 0.0
11-07 16:56:15.645  1234  1372 I ValidateNoPeople: Validating: 0|com.visteon.serverinteractor|500|null|1000 for 0
11-07 16:56:15.645  1234  1372 I ValidateNoPeople: final affinity: 0.0
11-07 16:56:15.645  1234  1372 I ValidateNoPeople: Validating: 0|com.visteon.updater|100|null|1000 for 0
11-07 16:56:15.645  1234  1372 I ValidateNoPeople: final affinity: 0.0
11-07 16:56:15.645  1234  1372 I ValidateNoPeople: Validating: 0|com.visteon.usbvideo|101|null|1000 for 0
11-07 16:56:15.645  1234  1372 I ValidateNoPeople: final affinity: 0.0
11-07 16:56:15.645  1234  1372 I ValidateNoPeople: Validating: 0|com.visteon.coremedia|512|null|1000 for 0
11-07 16:56:15.645  1234  1372 I ValidateNoPeople: final affinity: 0.0
11-07 16:56:15.646  1234  1372 I ValidateNoPeople: Validating: 0|com.x4.connectnext|1|null|1000 for 0
11-07 16:56:15.646  1234  1372 I ValidateNoPeople: final affinity: 0.0
11-07 16:56:15.646  1234  1372 I ValidateNoPeople: Validating: 0|com.visteon.connectivityui|1|null|1000 for 0
11-07 16:56:15.646  1234  1372 I ValidateNoPeople: final affinity: 0.0
11-07 16:56:15.647  1234  1264 V NotificationService: enqueueNotificationInternal: pkg=com.visteon.skylarkTelematics id=2001 notification=Notification(channel=TG shortcut=null contentView=null vibrate=null sound=null defaults=0x0 flags=0x40 color=0x00000000 vis=PRIVATE)
11-07 16:56:15.650  1234  1234 D NotificationService: EnqueueNotificationRunnable.run for: 0|com.visteon.skylarkTelematics|2001|null|1000
11-07 16:56:15.651  1234  1234 V NotificationAssistants: onNotificationEnqueuedLocked() called with: r = [NotificationRecord(0x05c4307c: pkg=com.visteon.skylarkTelematics user=UserHandle{0} id=2001 tag=null importance=2 key=0|com.visteon.skylarkTelematics|2001|null|1000: Notification(channel=TG shortcut=null contentView=null vibrate=null sound=null defaults=0x0 flags=0x40 color=0x00000000 vis=PRIVATE))]
11-07 16:56:15.651  1234  1234 V NotificationAssistants: calling onNotificationEnqueuedWithChannel com.android.server.notification.NotificationManagerService$StatusBarNotificationHolder@7369d05
11-07 16:56:15.653  1234  1372 I ValidateNoPeople: Validating: 0|com.x4.softwareupdate|1|null|1000 for 0
11-07 16:56:15.653  1234  1372 I ValidateNoPeople: final affinity: 0.0
11-07 16:56:15.654  1234  1372 I ValidateNoPeople: Validating: 0|com.visteon.location|12345678|null|1000 for 0
11-07 16:56:15.654  1234  1372 I ValidateNoPeople: final affinity: 0.0
11-07 16:56:15.654  1234  1372 I ValidateNoPeople: Validating: 0|com.x4.telematics|1|null|1000 for 0
11-07 16:56:15.655  1234  1372 I ValidateNoPeople: final affinity: 0.0
11-07 16:56:15.656  1234  1372 I ValidateNoPeople: skipping global notification
11-07 16:56:15.656  1234  1372 I ValidateNoPeople: Validating: 0|com.visteon.skylarkTelematics|2147483647|ranker_group|1000|ranker_group for 0
11-07 16:56:15.656  1234  1372 I ValidateNoPeople: final affinity: 0.0
11-07 16:56:15.657  1234  1372 I ValidateNoPeople: Validating: 0|com.visteon.skylarkTelematics|2003|null|1000 for 0
11-07 16:56:15.657  1234  1372 I ValidateNoPeople: final affinity: 0.0
11-07 16:56:15.657  1234  1372 I ValidateNoPeople: Validating: 0|com.visteon.skylarkTelematics|2001|null|1000 for 0
11-07 16:56:15.657  1234  1372 I ValidateNoPeople: final affinity: 0.0
11-07 16:56:15.658  1234  1372 I ValidateNoPeople: Validating: 0|com.visteon.serverinteractor|500|null|1000 for 0
11-07 16:56:15.658  1234  1372 I ValidateNoPeople: final affinity: 0.0
11-07 16:56:15.658  1234  1372 I ValidateNoPeople: Validating: 0|com.visteon.updater|100|null|1000 for 0
11-07 16:56:15.658  1234  1372 I ValidateNoPeople: final affinity: 0.0
11-07 16:56:15.658  1234  1372 I ValidateNoPeople: Validating: 0|com.visteon.usbvideo|101|null|1000 for 0
11-07 16:56:15.658  1234  1372 I ValidateNoPeople: final affinity: 0.0
11-07 16:56:15.658  1234  1372 I ValidateNoPeople: Validating: 0|com.visteon.coremedia|512|null|1000 for 0
11-07 16:56:15.659  1234  1372 I ValidateNoPeople: final affinity: 0.0
11-07 16:56:15.659  1234  1372 I ValidateNoPeople: Validating: 0|com.x4.connectnext|1|null|1000 for 0
11-07 16:56:15.659  1234  1372 I ValidateNoPeople: final affinity: 0.0
11-07 16:56:15.659  1234  1372 I ValidateNoPeople: Validating: 0|com.visteon.connectivityui|1|null|1000 for 0
11-07 16:56:15.659  1234  1372 I ValidateNoPeople: final affinity: 0.0
11-07 16:56:15.852  2516 13139 W ContextImpl: Calling a method in the system process without a qualified user: android.app.ContextImpl.startService:1863 android.content.ContextWrapper.startService:817 com.visteon.skylarkTelematics.MainService.sendToVTS:136 com.visteon.skylarkTelematics.MainService.access$200:57 com.visteon.skylarkTelematics.MainService$2.messageArrived:695 
11-07 16:56:15.853  1234  1234 D Telecom : Logging: START_SESSION
11-07 16:56:15.854  1234  1234 V Telecom : Logging: END_SUBSESSION (dur: 1 mS): TSI.iIMC@DQs
11-07 16:56:15.854  1234  1234 D Telecom : Logging: END_SESSION (dur: 1 ms): TSI.iIMC@DQs
11-07 16:56:15.854  1234  1234 D Telecom : Logging: START_SESSION
11-07 16:56:15.856  1234  1234 V Telecom : Logging: END_SUBSESSION (dur: 0 mS): TSI.iISMC(a)@DQw
11-07 16:56:15.857  1234  1234 D Telecom : Logging: END_SESSION (dur: 1 ms): TSI.iISMC(a)@DQw
11-07 16:56:15.857  1234  1234 D ResponseStatsTracker: notification:+1h2m15s739ms; event=<updated>, pkg=com.visteon.skylarkTelematics, usr=0
11-07 16:56:15.857  1234  1234 I ValidateNoPeople: Validating: 0|com.visteon.skylarkTelematics|2001|null|1000 for 0
11-07 16:56:15.857  1234  1234 I ValidateNoPeople: final affinity: 0.0
11-07 16:56:15.858  1234  1234 D NotificationService: 0|com.visteon.skylarkTelematics|2001|null|1000: updating permissions
11-07 16:56:15.858  1234  1234 D NotificationService: 0|com.visteon.skylarkTelematics|2001|null|1000: updating permissions
11-07 16:56:15.859  1234  1234 D NotificationService: 0|com.visteon.skylarkTelematics|2001|null|1000: updating permissions
11-07 16:56:15.859  1234  1234 D NotificationService: 0|com.visteon.skylarkTelematics|2001|null|1000: updating permissions
11-07 16:56:15.859  1234  1234 D NotificationService: 0|com.visteon.skylarkTelematics|2001|null|1000: updating permissions
11-07 16:56:15.891  1234  1255 D NotificationService: handleSavePolicyFile
11-07 16:56:15.942  1564  1826 I CAR.POWER: Received AP_POWER_STATE_REQ=ON(0) param=0
11-07 16:56:15.942  1564  1826 D CarPowerManagementService: onApPowerStateChange(HAL): pendingStates=1 [ON/DEFAULT_VALUE_ZERO(0), ], current=CpmsState canPostpone=false, carPowerStateListenerState=6, mShutdownType=0, CpmsState=ON(1), mParam=DEFAULT_VALUE_ZERO(0)
11-07 16:56:15.943  1564  1957 I CarPowerManagementService: doHandlePowerStateChange: newState=ON(1)
11-07 16:56:15.943  1564  1957 D CarPowerManagementService: [TRANS] ON(1) -> ON(1) (param=DEFAULT_VALUE_ZERO(0), canPostpone=false, stType=0)
11-07 16:56:15.944  1564  1957 D CarPowerManagementService: Requested state is already in effect: ON(1)
11-07 16:56:15.944  1564  1957 D CarPowerManagementService: TRANS suppressed: pendingStates=0 [], current=CpmsState canPostpone=false, carPowerStateListenerState=6, mShutdownType=0, CpmsState=ON(1), mParam=DEFAULT_VALUE_ZERO(0)
11-07 16:56:16.945  1564  1826 I CAR.POWER: Received AP_POWER_STATE_REQ=ON(0) param=0
11-07 16:56:16.948  1564  1826 D CarPowerManagementService: onApPowerStateChange(HAL): pendingStates=1 [ON/DEFAULT_VALUE_ZERO(0), ], current=CpmsState canPostpone=false, carPowerStateListenerState=6, mShutdownType=0, CpmsState=ON(1), mParam=DEFAULT_VALUE_ZERO(0)
11-07 16:56:16.948  1564  1957 I CarPowerManagementService: doHandlePowerStateChange: newState=ON(1)
11-07 16:56:16.949  1564  1957 D CarPowerManagementService: [TRANS] ON(1) -> ON(1) (param=DEFAULT_VALUE_ZERO(0), canPostpone=false, stType=0)
11-07 16:56:16.949  1564  1957 D CarPowerManagementService: Requested state is already in effect: ON(1)
11-07 16:56:16.949  1564  1957 D CarPowerManagementService: TRANS suppressed: pendingStates=0 [], current=CpmsState canPostpone=false, carPowerStateListenerState=6, mShutdownType=0, CpmsState=ON(1), mParam=DEFAULT_VALUE_ZERO(0)
11-07 16:56:17.639  2516  2516 W ContextImpl: Calling a method in the system process without a qualified user: android.app.ContextImpl.startService:1863 android.content.ContextWrapper.startService:817 com.visteon.skylarkTelematics.GNSSService.sendGNSSSuccessToMainService:353 com.visteon.skylarkTelematics.GNSSService.access$300:40 com.visteon.skylarkTelematics.GNSSService$3.run:324 
11-07 16:56:17.654  1234  1372 I ValidateNoPeople: Validating: 0|com.x4.softwareupdate|1|null|1000 for 0
11-07 16:56:17.655  1234  1372 I ValidateNoPeople: final affinity: 0.0
11-07 16:56:17.655  1234  1372 I ValidateNoPeople: Validating: 0|com.visteon.location|12345678|null|1000 for 0
11-07 16:56:17.655  1234  1372 I ValidateNoPeople: final affinity: 0.0
11-07 16:56:17.655  1234  1372 I ValidateNoPeople: Validating: 0|com.x4.telematics|1|null|1000 for 0
11-07 16:56:17.655  1234  1372 I ValidateNoPeople: final affinity: 0.0
11-07 16:56:17.655  1234  1372 I ValidateNoPeople: skipping global notification
11-07 16:56:17.655  1234  1372 I ValidateNoPeople: Validating: 0|com.visteon.skylarkTelematics|2147483647|ranker_group|1000|ranker_group for 0
11-07 16:56:17.655  1234  1372 I ValidateNoPeople: final affinity: 0.0
11-07 16:56:17.656  1234  1372 I ValidateNoPeople: Validating: 0|com.visteon.skylarkTelematics|2003|null|1000 for 0
11-07 16:56:17.656  1234  1372 I ValidateNoPeople: final affinity: 0.0
11-07 16:56:17.656  1234  1372 I ValidateNoPeople: Validating: 0|com.visteon.skylarkTelematics|2001|null|1000 for 0
11-07 16:56:17.656  1234  1372 I ValidateNoPeople: final affinity: 0.0
11-07 16:56:17.657  1234  1372 I ValidateNoPeople: Validating: 0|com.visteon.serverinteractor|500|null|1000 for 0
11-07 16:56:17.657  1234  1372 I ValidateNoPeople: final affinity: 0.0
11-07 16:56:17.657  1234  1372 I ValidateNoPeople: Validating: 0|com.visteon.updater|100|null|1000 for 0
11-07 16:56:17.657  1234  1372 I ValidateNoPeople: final affinity: 0.0
11-07 16:56:17.658  1234  1372 I ValidateNoPeople: Validating: 0|com.visteon.usbvideo|101|null|1000 for 0
11-07 16:56:17.658  1234  1372 I ValidateNoPeople: final affinity: 0.0
11-07 16:56:17.658  1234  1372 I ValidateNoPeople: Validating: 0|com.visteon.coremedia|512|null|1000 for 0
11-07 16:56:17.658  1234  1372 I ValidateNoPeople: final affinity: 0.0
11-07 16:56:17.659  1234  1372 I ValidateNoPeople: Validating: 0|com.x4.connectnext|1|null|1000 for 0
11-07 16:56:17.659  1234  1372 I ValidateNoPeople: final affinity: 0.0
11-07 16:56:17.659  1234  1372 I ValidateNoPeople: Validating: 0|com.visteon.connectivityui|1|null|1000 for 0
11-07 16:56:17.660  1234  1372 I ValidateNoPeople: final affinity: 0.0
11-07 16:56:17.665  1234  1264 V NotificationService: enqueueNotificationInternal: pkg=com.visteon.skylarkTelematics id=2001 notification=Notification(channel=TG shortcut=null contentView=null vibrate=null sound=null defaults=0x0 flags=0x40 color=0x00000000 vis=PRIVATE)
11-07 16:56:17.667  1234  1372 I ValidateNoPeople: Validating: 0|com.x4.softwareupdate|1|null|1000 for 0
11-07 16:56:17.668  1234  1372 I ValidateNoPeople: final affinity: 0.0
11-07 16:56:17.668  1234  1372 I ValidateNoPeople: Validating: 0|com.visteon.location|12345678|null|1000 for 0
11-07 16:56:17.668  1234  1372 I ValidateNoPeople: final affinity: 0.0
11-07 16:56:17.669  1234  1372 I ValidateNoPeople: Validating: 0|com.x4.telematics|1|null|1000 for 0
11-07 16:56:17.669  1234  1372 I ValidateNoPeople: final affinity: 0.0
11-07 16:56:17.669  1234  1372 I ValidateNoPeople: skipping global notification
11-07 16:56:17.669  1234  1372 I ValidateNoPeople: Validating: 0|com.visteon.skylarkTelematics|2147483647|ranker_group|1000|ranker_group for 0
11-07 16:56:17.670  1234  1372 I ValidateNoPeople: final affinity: 0.0
11-07 16:56:17.670  1234  1372 I ValidateNoPeople: Validating: 0|com.visteon.skylarkTelematics|2003|null|1000 for 0
11-07 16:56:17.670  1234  1372 I ValidateNoPeople: final affinity: 0.0
11-07 16:56:17.670  1234  1372 I ValidateNoPeople: Validating: 0|com.visteon.skylarkTelematics|2001|null|1000 for 0
11-07 16:56:17.671  1234  1372 I ValidateNoPeople: final affinity: 0.0
11-07 16:56:17.671  1234  1372 I ValidateNoPeople: Validating: 0|com.visteon.serverinteractor|500|null|1000 for 0
11-07 16:56:17.671  1234  1372 I ValidateNoPeople: final affinity: 0.0
11-07 16:56:17.671  1234  1372 I ValidateNoPeople: Validating: 0|com.visteon.updater|100|null|1000 for 0
11-07 16:56:17.671  1234  1372 I ValidateNoPeople: final affinity: 0.0
11-07 16:56:17.671  1234  1372 I ValidateNoPeople: Validating: 0|com.visteon.usbvideo|101|null|1000 for 0
11-07 16:56:17.671  1234  1372 I ValidateNoPeople: final affinity: 0.0
11-07 16:56:17.672  1234  1372 I ValidateNoPeople: Validating: 0|com.visteon.coremedia|512|null|1000 for 0
11-07 16:56:17.672  1234  1372 I ValidateNoPeople: final affinity: 0.0
11-07 16:56:17.672  1234  1372 I ValidateNoPeople: Validating: 0|com.x4.connectnext|1|null|1000 for 0
11-07 16:56:17.672  1234  1372 I ValidateNoPeople: final affinity: 0.0
11-07 16:56:17.673  1234  1372 I ValidateNoPeople: Validating: 0|com.visteon.connectivityui|1|null|1000 for 0
11-07 16:56:17.673  1234  1372 I ValidateNoPeople: final affinity: 0.0
11-07 16:56:17.677  1234  1234 D NotificationService: EnqueueNotificationRunnable.run for: 0|com.visteon.skylarkTelematics|2001|null|1000
11-07 16:56:17.678  1234  1234 V NotificationAssistants: onNotificationEnqueuedLocked() called with: r = [NotificationRecord(0x0761d868: pkg=com.visteon.skylarkTelematics user=UserHandle{0} id=2001 tag=null importance=2 key=0|com.visteon.skylarkTelematics|2001|null|1000: Notification(channel=TG shortcut=null contentView=null vibrate=null sound=null defaults=0x0 flags=0x40 color=0x00000000 vis=PRIVATE))]
11-07 16:56:17.679  1234  1234 V NotificationAssistants: calling onNotificationEnqueuedWithChannel com.android.server.notification.NotificationManagerService$StatusBarNotificationHolder@d090481
11-07 16:56:17.854  2516 13139 W ContextImpl: Calling a method in the system process without a qualified user: android.app.ContextImpl.startService:1863 android.content.ContextWrapper.startService:817 com.visteon.skylarkTelematics.MainService.sendToVTS:136 com.visteon.skylarkTelematics.MainService.access$200:57 com.visteon.skylarkTelematics.MainService$2.messageArrived:695 
11-07 16:56:17.882  1234  1234 D Telecom : Logging: START_SESSION
11-07 16:56:17.883  1234  1234 V Telecom : Logging: END_SUBSESSION (dur: 0 mS): TSI.iIMC@DQ0
11-07 16:56:17.883  1234  1234 D Telecom : Logging: END_SESSION (dur: 0 ms): TSI.iIMC@DQ0
11-07 16:56:17.884  1234  1234 D Telecom : Logging: START_SESSION
11-07 16:56:17.884  1234  1234 V Telecom : Logging: END_SUBSESSION (dur: 0 mS): TSI.iISMC(a)@DQ4
11-07 16:56:17.885  1234  1234 D Telecom : Logging: END_SESSION (dur: 0 ms): TSI.iISMC(a)@DQ4
11-07 16:56:17.886  1234  1234 D ResponseStatsTracker: notification:+1h2m17s766ms; event=<updated>, pkg=com.visteon.skylarkTelematics, usr=0
11-07 16:56:17.887  1234  1234 I ValidateNoPeople: Validating: 0|com.visteon.skylarkTelematics|2001|null|1000 for 0
11-07 16:56:17.887  1234  1234 I ValidateNoPeople: final affinity: 0.0
11-07 16:56:17.888  1234  1234 D NotificationService: 0|com.visteon.skylarkTelematics|2001|null|1000: updating permissions
11-07 16:56:17.888  1234  1234 D NotificationService: 0|com.visteon.skylarkTelematics|2001|null|1000: updating permissions
11-07 16:56:17.889  1234  1234 D NotificationService: 0|com.visteon.skylarkTelematics|2001|null|1000: updating permissions
11-07 16:56:17.889  1234  1234 D NotificationService: 0|com.visteon.skylarkTelematics|2001|null|1000: updating permissions
11-07 16:56:17.892  1234  1234 D NotificationService: 0|com.visteon.skylarkTelematics|2001|null|1000: updating permissions
11-07 16:56:17.912  1234  1255 D NotificationService: handleSavePolicyFile
11-07 16:56:17.949  1564  1826 I CAR.POWER: Received AP_POWER_STATE_REQ=ON(0) param=0
11-07 16:56:17.949  1564  1826 D CarPowerManagementService: onApPowerStateChange(HAL): pendingStates=1 [ON/DEFAULT_VALUE_ZERO(0), ], current=CpmsState canPostpone=false, carPowerStateListenerState=6, mShutdownType=0, CpmsState=ON(1), mParam=DEFAULT_VALUE_ZERO(0)
11-07 16:56:17.949  1564  1957 I CarPowerManagementService: doHandlePowerStateChange: newState=ON(1)
11-07 16:56:17.950  1564  1957 D CarPowerManagementService: [TRANS] ON(1) -> ON(1) (param=DEFAULT_VALUE_ZERO(0), canPostpone=false, stType=0)
11-07 16:56:17.950  1564  1957 D CarPowerManagementService: Requested state is already in effect: ON(1)
11-07 16:56:17.950  1564  1957 D CarPowerManagementService: TRANS suppressed: pendingStates=0 [], current=CpmsState canPostpone=false, carPowerStateListenerState=6, mShutdownType=0, CpmsState=ON(1), mParam=DEFAULT_VALUE_ZERO(0)
11-07 16:56:18.956  1564  1826 I CAR.POWER: Received AP_POWER_STATE_REQ=ON(0) param=0
11-07 16:56:18.957  1564  1826 D CarPowerManagementService: onApPowerStateChange(HAL): pendingStates=1 [ON/DEFAULT_VALUE_ZERO(0), ], current=CpmsState canPostpone=false, carPowerStateListenerState=6, mShutdownType=0, CpmsState=ON(1), mParam=DEFAULT_VALUE_ZERO(0)
11-07 16:56:18.959  1564  1957 I CarPowerManagementService: doHandlePowerStateChange: newState=ON(1)
11-07 16:56:18.959  1564  1957 D CarPowerManagementService: [TRANS] ON(1) -> ON(1) (param=DEFAULT_VALUE_ZERO(0), canPostpone=false, stType=0)
11-07 16:56:18.959  1564  1957 D CarPowerManagementService: Requested state is already in effect: ON(1)
11-07 16:56:18.960  1564  1957 D CarPowerManagementService: TRANS suppressed: pendingStates=0 [], current=CpmsState canPostpone=false, carPowerStateListenerState=6, mShutdownType=0, CpmsState=ON(1), mParam=DEFAULT_VALUE_ZERO(0)
11-07 16:56:19.652  2516  2516 W ContextImpl: Calling a method in the system process without a qualified user: android.app.ContextImpl.startService:1863 android.content.ContextWrapper.startService:817 com.visteon.skylarkTelematics.GNSSService.sendGNSSSuccessToMainService:353 com.visteon.skylarkTelematics.GNSSService.access$300:40 com.visteon.skylarkTelematics.GNSSService$3.run:324 
11-07 16:56:19.657  1234  1372 I ValidateNoPeople: Validating: 0|com.x4.softwareupdate|1|null|1000 for 0
11-07 16:56:19.657  1234  1372 I ValidateNoPeople: final affinity: 0.0
11-07 16:56:19.658  1234  1372 I ValidateNoPeople: Validating: 0|com.visteon.location|12345678|null|1000 for 0
11-07 16:56:19.658  1234  1372 I ValidateNoPeople: final affinity: 0.0
11-07 16:56:19.658  1234  1372 I ValidateNoPeople: Validating: 0|com.x4.telematics|1|null|1000 for 0
11-07 16:56:19.658  1234  1372 I ValidateNoPeople: final affinity: 0.0
11-07 16:56:19.658  1234  1372 I ValidateNoPeople: skipping global notification
11-07 16:56:19.658  1234  1372 I ValidateNoPeople: Validating: 0|com.visteon.skylarkTelematics|2147483647|ranker_group|1000|ranker_group for 0
11-07 16:56:19.658  1234  1372 I ValidateNoPeople: final affinity: 0.0
11-07 16:56:19.659  1234  1372 I ValidateNoPeople: Validating: 0|com.visteon.skylarkTelematics|2003|null|1000 for 0
11-07 16:56:19.659  1234  1372 I ValidateNoPeople: final affinity: 0.0
11-07 16:56:19.659  1234  1372 I ValidateNoPeople: Validating: 0|com.visteon.skylarkTelematics|2001|null|1000 for 0
11-07 16:56:19.659  1234  1372 I ValidateNoPeople: final affinity: 0.0
11-07 16:56:19.659  1234  1372 I ValidateNoPeople: Validating: 0|com.visteon.serverinteractor|500|null|1000 for 0
11-07 16:56:19.659  1234  1372 I ValidateNoPeople: final affinity: 0.0
11-07 16:56:19.659  1234  1372 I ValidateNoPeople: Validating: 0|com.visteon.updater|100|null|1000 for 0
11-07 16:56:19.660  1234  1372 I ValidateNoPeople: final affinity: 0.0
11-07 16:56:19.660  1234  1372 I ValidateNoPeople: Validating: 0|com.visteon.usbvideo|101|null|1000 for 0
11-07 16:56:19.660  1234  1372 I ValidateNoPeople: final affinity: 0.0
11-07 16:56:19.660  1234  1372 I ValidateNoPeople: Validating: 0|com.visteon.coremedia|512|null|1000 for 0
11-07 16:56:19.660  1234  1372 I ValidateNoPeople: final affinity: 0.0
11-07 16:56:19.660  1234  1372 I ValidateNoPeople: Validating: 0|com.x4.connectnext|1|null|1000 for 0
11-07 16:56:19.660  1234  1372 I ValidateNoPeople: final affinity: 0.0
11-07 16:56:19.660  1234  1372 I ValidateNoPeople: Validating: 0|com.visteon.connectivityui|1|null|1000 for 0
11-07 16:56:19.660  1234  1372 I ValidateNoPeople: final affinity: 0.0
11-07 16:56:19.666  1234  1264 V NotificationService: enqueueNotificationInternal: pkg=com.visteon.skylarkTelematics id=2001 notification=Notification(channel=TG shortcut=null contentView=null vibrate=null sound=null defaults=0x0 flags=0x40 color=0x00000000 vis=PRIVATE)
11-07 16:56:19.670  1234  1372 I ValidateNoPeople: Validating: 0|com.x4.softwareupdate|1|null|1000 for 0
11-07 16:56:19.670  1234  1372 I ValidateNoPeople: final affinity: 0.0
11-07 16:56:19.671  1234  1372 I ValidateNoPeople: Validating: 0|com.visteon.location|12345678|null|1000 for 0
11-07 16:56:19.671  1234  1372 I ValidateNoPeople: final affinity: 0.0
11-07 16:56:19.671  1234  1372 I ValidateNoPeople: Validating: 0|com.x4.telematics|1|null|1000 for 0
11-07 16:56:19.671  1234  1372 I ValidateNoPeople: final affinity: 0.0
11-07 16:56:19.671  1234  1372 I ValidateNoPeople: skipping global notification
11-07 16:56:19.671  1234  1372 I ValidateNoPeople: Validating: 0|com.visteon.skylarkTelematics|2147483647|ranker_group|1000|ranker_group for 0
11-07 16:56:19.671  1234  1372 I ValidateNoPeople: final affinity: 0.0
11-07 16:56:19.671  1234  1372 I ValidateNoPeople: Validating: 0|com.visteon.skylarkTelematics|2003|null|1000 for 0
11-07 16:56:19.671  1234  1372 I ValidateNoPeople: final affinity: 0.0
11-07 16:56:19.672  1234  1372 I ValidateNoPeople: Validating: 0|com.visteon.skylarkTelematics|2001|null|1000 for 0
11-07 16:56:19.672  1234  1372 I ValidateNoPeople: final affinity: 0.0
11-07 16:56:19.672  1234  1372 I ValidateNoPeople: Validating: 0|com.visteon.serverinteractor|500|null|1000 for 0
11-07 16:56:19.672  1234  1372 I ValidateNoPeople: final affinity: 0.0
11-07 16:56:19.672  1234  1372 I ValidateNoPeople: Validating: 0|com.visteon.updater|100|null|1000 for 0
11-07 16:56:19.672  1234  1372 I ValidateNoPeople: final affinity: 0.0
11-07 16:56:19.672  1234  1372 I ValidateNoPeople: Validating: 0|com.visteon.usbvideo|101|null|1000 for 0
11-07 16:56:19.672  1234  1372 I ValidateNoPeople: final affinity: 0.0
11-07 16:56:19.672  1234  1372 I ValidateNoPeople: Validating: 0|com.visteon.coremedia|512|null|1000 for 0
11-07 16:56:19.673  1234  1372 I ValidateNoPeople: final affinity: 0.0
11-07 16:56:19.673  1234  1372 I ValidateNoPeople: Validating: 0|com.x4.connectnext|1|null|1000 for 0
11-07 16:56:19.673  1234  1372 I ValidateNoPeople: final affinity: 0.0
11-07 16:56:19.673  1234  1372 I ValidateNoPeople: Validating: 0|com.visteon.connectivityui|1|null|1000 for 0
11-07 16:56:19.673  1234  1372 I ValidateNoPeople: final affinity: 0.0
11-07 16:56:19.674  1234  1234 D NotificationService: EnqueueNotificationRunnable.run for: 0|com.visteon.skylarkTelematics|2001|null|1000
11-07 16:56:19.675  1234  1234 V NotificationAssistants: onNotificationEnqueuedLocked() called with: r = [NotificationRecord(0x00b01314: pkg=com.visteon.skylarkTelematics user=UserHandle{0} id=2001 tag=null importance=2 key=0|com.visteon.skylarkTelematics|2001|null|1000: Notification(channel=TG shortcut=null contentView=null vibrate=null sound=null defaults=0x0 flags=0x40 color=0x00000000 vis=PRIVATE))]
11-07 16:56:19.676  1234  1234 V NotificationAssistants: calling onNotificationEnqueuedWithChannel com.android.server.notification.NotificationManagerService$StatusBarNotificationHolder@64067bd
11-07 16:56:19.854  2516 13139 W ContextImpl: Calling a method in the system process without a qualified user: android.app.ContextImpl.startService:1863 android.content.ContextWrapper.startService:817 com.visteon.skylarkTelematics.MainService.sendToVTS:136 com.visteon.skylarkTelematics.MainService.access$200:57 com.visteon.skylarkTelematics.MainService$2.messageArrived:695 
11-07 16:56:19.879  1234  1234 D Telecom : Logging: START_SESSION
11-07 16:56:19.880  1234  1234 V Telecom : Logging: END_SUBSESSION (dur: 1 mS): TSI.iIMC@DQ8
11-07 16:56:19.880  1234  1234 D Telecom : Logging: END_SESSION (dur: 1 ms): TSI.iIMC@DQ8
11-07 16:56:19.880  1234  1234 D Telecom : Logging: START_SESSION
11-07 16:56:19.880  1234  1234 V Telecom : Logging: END_SUBSESSION (dur: 0 mS): TSI.iISMC(a)@DRA
11-07 16:56:19.880  1234  1234 D Telecom : Logging: END_SESSION (dur: 0 ms): TSI.iISMC(a)@DRA
11-07 16:56:19.881  1234  1234 D ResponseStatsTracker: notification:+1h2m19s760ms; event=<updated>, pkg=com.visteon.skylarkTelematics, usr=0
11-07 16:56:19.881  1234  1234 I ValidateNoPeople: Validating: 0|com.visteon.skylarkTelematics|2001|null|1000 for 0
11-07 16:56:19.881  1234  1234 I ValidateNoPeople: final affinity: 0.0
11-07 16:56:19.882  1234  1234 D NotificationService: 0|com.visteon.skylarkTelematics|2001|null|1000: updating permissions
11-07 16:56:19.883  1234  1234 D NotificationService: 0|com.visteon.skylarkTelematics|2001|null|1000: updating permissions
11-07 16:56:19.883  1234  1234 D NotificationService: 0|com.visteon.skylarkTelematics|2001|null|1000: updating permissions
11-07 16:56:19.883  1234  1234 D NotificationService: 0|com.visteon.skylarkTelematics|2001|null|1000: updating permissions
11-07 16:56:19.883  1234  1234 D NotificationService: 0|com.visteon.skylarkTelematics|2001|null|1000: updating permissions
11-07 16:56:19.914  1234  1255 D NotificationService: handleSavePolicyFile
11-07 16:56:19.960  1564  1826 I CAR.POWER: Received AP_POWER_STATE_REQ=ON(0) param=0
11-07 16:56:19.962  1564  1826 D CarPowerManagementService: onApPowerStateChange(HAL): pendingStates=1 [ON/DEFAULT_VALUE_ZERO(0), ], current=CpmsState canPostpone=false, carPowerStateListenerState=6, mShutdownType=0, CpmsState=ON(1), mParam=DEFAULT_VALUE_ZERO(0)
11-07 16:56:19.963  1564  1957 I CarPowerManagementService: doHandlePowerStateChange: newState=ON(1)
11-07 16:56:19.964  1564  1957 D CarPowerManagementService: [TRANS] ON(1) -> ON(1) (param=DEFAULT_VALUE_ZERO(0), canPostpone=false, stType=0)
11-07 16:56:19.964  1564  1957 D CarPowerManagementService: Requested state is already in effect: ON(1)
11-07 16:56:19.964  1564  1957 D CarPowerManagementService: TRANS suppressed: pendingStates=0 [], current=CpmsState canPostpone=false, carPowerStateListenerState=6, mShutdownType=0, CpmsState=ON(1), mParam=DEFAULT_VALUE_ZERO(0)
11-07 16:56:20.965  1564  1826 I CAR.POWER: Received AP_POWER_STATE_REQ=ON(0) param=0
11-07 16:56:20.965  1564  1826 D CarPowerManagementService: onApPowerStateChange(HAL): pendingStates=1 [ON/DEFAULT_VALUE_ZERO(0), ], current=CpmsState canPostpone=false, carPowerStateListenerState=6, mShutdownType=0, CpmsState=ON(1), mParam=DEFAULT_VALUE_ZERO(0)
11-07 16:56:20.966  1564  1957 I CarPowerManagementService: doHandlePowerStateChange: newState=ON(1)
11-07 16:56:20.967  1564  1957 D CarPowerManagementService: [TRANS] ON(1) -> ON(1) (param=DEFAULT_VALUE_ZERO(0), canPostpone=false, stType=0)
11-07 16:56:20.968  1564  1957 D CarPowerManagementService: Requested state is already in effect: ON(1)
11-07 16:56:20.968  1564  1957 D CarPowerManagementService: TRANS suppressed: pendingStates=0 [], current=CpmsState canPostpone=false, carPowerStateListenerState=6, mShutdownType=0, CpmsState=ON(1), mParam=DEFAULT_VALUE_ZERO(0)
11-07 16:56:21.658  2516  2516 W ContextImpl: Calling a method in the system process without a qualified user: android.app.ContextImpl.startService:1863 android.content.ContextWrapper.startService:817 com.visteon.skylarkTelematics.GNSSService.sendGNSSSuccessToMainService:353 com.visteon.skylarkTelematics.GNSSService.access$300:40 com.visteon.skylarkTelematics.GNSSService$3.run:324 
11-07 16:56:21.673  1234  1372 I ValidateNoPeople: Validating: 0|com.x4.softwareupdate|1|null|1000 for 0
11-07 16:56:21.673  1234  1372 I ValidateNoPeople: final affinity: 0.0
11-07 16:56:21.673  1234  1372 I ValidateNoPeople: Validating: 0|com.visteon.location|12345678|null|1000 for 0
11-07 16:56:21.673  1234  1372 I ValidateNoPeople: final affinity: 0.0
11-07 16:56:21.673  1234  1372 I ValidateNoPeople: Validating: 0|com.x4.telematics|1|null|1000 for 0
11-07 16:56:21.673  1234  1372 I ValidateNoPeople: final affinity: 0.0
11-07 16:56:21.673  1234  1372 I ValidateNoPeople: skipping global notification
11-07 16:56:21.674  1234  1372 I ValidateNoPeople: Validating: 0|com.visteon.skylarkTelematics|2147483647|ranker_group|1000|ranker_group for 0
11-07 16:56:21.674  1234  1372 I ValidateNoPeople: final affinity: 0.0
11-07 16:56:21.674  1234  1372 I ValidateNoPeople: Validating: 0|com.visteon.skylarkTelematics|2003|null|1000 for 0
11-07 16:56:21.676  1234  1372 I ValidateNoPeople: final affinity: 0.0
11-07 16:56:21.676  1234  1372 I ValidateNoPeople: Validating: 0|com.visteon.skylarkTelematics|2001|null|1000 for 0
11-07 16:56:21.677  1234  1372 I ValidateNoPeople: final affinity: 0.0
11-07 16:56:21.677  1234  1372 I ValidateNoPeople: Validating: 0|com.visteon.serverinteractor|500|null|1000 for 0
11-07 16:56:21.677  1234  1372 I ValidateNoPeople: final affinity: 0.0
11-07 16:56:21.677  1234  1372 I ValidateNoPeople: Validating: 0|com.visteon.updater|100|null|1000 for 0
11-07 16:56:21.677  1234  1372 I ValidateNoPeople: final affinity: 0.0
11-07 16:56:21.677  1234  1372 I ValidateNoPeople: Validating: 0|com.visteon.usbvideo|101|null|1000 for 0
11-07 16:56:21.677  1234  1372 I ValidateNoPeople: final affinity: 0.0
11-07 16:56:21.677  1234  1372 I ValidateNoPeople: Validating: 0|com.visteon.coremedia|512|null|1000 for 0
11-07 16:56:21.677  1234  1372 I ValidateNoPeople: final affinity: 0.0
11-07 16:56:21.677  1234  1372 I ValidateNoPeople: Validating: 0|com.x4.connectnext|1|null|1000 for 0
11-07 16:56:21.677  1234  1372 I ValidateNoPeople: final affinity: 0.0
11-07 16:56:21.677  1234  1372 I ValidateNoPeople: Validating: 0|com.visteon.connectivityui|1|null|1000 for 0
11-07 16:56:21.677  1234  1372 I ValidateNoPeople: final affinity: 0.0
11-07 16:56:21.682  1234  1264 V NotificationService: enqueueNotificationInternal: pkg=com.visteon.skylarkTelematics id=2001 notification=Notification(channel=TG shortcut=null contentView=null vibrate=null sound=null defaults=0x0 flags=0x40 color=0x00000000 vis=PRIVATE)
11-07 16:56:21.683  1234  1372 I ValidateNoPeople: Validating: 0|com.x4.softwareupdate|1|null|1000 for 0
11-07 16:56:21.683  1234  1372 I ValidateNoPeople: final affinity: 0.0
11-07 16:56:21.683  1234  1372 I ValidateNoPeople: Validating: 0|com.visteon.location|12345678|null|1000 for 0
11-07 16:56:21.683  1234  1372 I ValidateNoPeople: final affinity: 0.0
11-07 16:56:21.683  1234  1372 I ValidateNoPeople: Validating: 0|com.x4.telematics|1|null|1000 for 0
11-07 16:56:21.683  1234  1372 I ValidateNoPeople: final affinity: 0.0
11-07 16:56:21.684  1234  1372 I ValidateNoPeople: skipping global notification
11-07 16:56:21.684  1234  1372 I ValidateNoPeople: Validating: 0|com.visteon.skylarkTelematics|2147483647|ranker_group|1000|ranker_group for 0
11-07 16:56:21.684  1234  1372 I ValidateNoPeople: final affinity: 0.0
11-07 16:56:21.684  1234  1372 I ValidateNoPeople: Validating: 0|com.visteon.skylarkTelematics|2003|null|1000 for 0
11-07 16:56:21.684  1234  1372 I ValidateNoPeople: final affinity: 0.0
11-07 16:56:21.684  1234  1372 I ValidateNoPeople: Validating: 0|com.visteon.skylarkTelematics|2001|null|1000 for 0
11-07 16:56:21.684  1234  1372 I ValidateNoPeople: final affinity: 0.0
11-07 16:56:21.684  1234  1372 I ValidateNoPeople: Validating: 0|com.visteon.serverinteractor|500|null|1000 for 0
11-07 16:56:21.684  1234  1372 I ValidateNoPeople: final affinity: 0.0
11-07 16:56:21.685  1234  1372 I ValidateNoPeople: Validating: 0|com.visteon.updater|100|null|1000 for 0
11-07 16:56:21.685  1234  1372 I ValidateNoPeople: final affinity: 0.0
11-07 16:56:21.685  1234  1372 I ValidateNoPeople: Validating: 0|com.visteon.usbvideo|101|null|1000 for 0
11-07 16:56:21.685  1234  1372 I ValidateNoPeople: final affinity: 0.0
11-07 16:56:21.686  1234  1372 I ValidateNoPeople: Validating: 0|com.visteon.coremedia|512|null|1000 for 0
11-07 16:56:21.686  1234  1372 I ValidateNoPeople: final affinity: 0.0
11-07 16:56:21.686  1234  1372 I ValidateNoPeople: Validating: 0|com.x4.connectnext|1|null|1000 for 0
11-07 16:56:21.686  1234  1372 I ValidateNoPeople: final affinity: 0.0
11-07 16:56:21.686  1234  1372 I ValidateNoPeople: Validating: 0|com.visteon.connectivityui|1|null|1000 for 0
11-07 16:56:21.687  1234  1372 I ValidateNoPeople: final affinity: 0.0
11-07 16:56:21.688  1234  1234 D NotificationService: EnqueueNotificationRunnable.run for: 0|com.visteon.skylarkTelematics|2001|null|1000
11-07 16:56:21.689  1234  1234 V NotificationAssistants: onNotificationEnqueuedLocked() called with: r = [NotificationRecord(0x06054c80: pkg=com.visteon.skylarkTelematics user=UserHandle{0} id=2001 tag=null importance=2 key=0|com.visteon.skylarkTelematics|2001|null|1000: Notification(channel=TG shortcut=null contentView=null vibrate=null sound=null defaults=0x0 flags=0x40 color=0x00000000 vis=PRIVATE))]
11-07 16:56:21.689  1234  1234 V NotificationAssistants: calling onNotificationEnqueuedWithChannel com.android.server.notification.NotificationManagerService$StatusBarNotificationHolder@890c2b9
11-07 16:56:21.856  2516 13139 W ContextImpl: Calling a method in the system process without a qualified user: android.app.ContextImpl.startService:1863 android.content.ContextWrapper.startService:817 com.visteon.skylarkTelematics.MainService.sendToVTS:136 com.visteon.skylarkTelematics.MainService.access$200:57 com.visteon.skylarkTelematics.MainService$2.messageArrived:695 
11-07 16:56:21.891  1234  1234 D Telecom : Logging: START_SESSION
11-07 16:56:21.892  1234  1234 V Telecom : Logging: END_SUBSESSION (dur: 0 mS): TSI.iIMC@DRE
11-07 16:56:21.892  1234  1234 D Telecom : Logging: END_SESSION (dur: 1 ms): TSI.iIMC@DRE
11-07 16:56:21.892  1234  1234 D Telecom : Logging: START_SESSION
11-07 16:56:21.892  1234  1234 V Telecom : Logging: END_SUBSESSION (dur: 0 mS): TSI.iISMC(a)@DRI
11-07 16:56:21.892  1234  1234 D Telecom : Logging: END_SESSION (dur: 0 ms): TSI.iISMC(a)@DRI
11-07 16:56:21.893  1234  1234 D ResponseStatsTracker: notification:+1h2m21s773ms; event=<updated>, pkg=com.visteon.skylarkTelematics, usr=0
11-07 16:56:21.893  1234  1234 I ValidateNoPeople: Validating: 0|com.visteon.skylarkTelematics|2001|null|1000 for 0
11-07 16:56:21.893  1234  1234 I ValidateNoPeople: final affinity: 0.0
11-07 16:56:21.894  1234  1234 D NotificationService: 0|com.visteon.skylarkTelematics|2001|null|1000: updating permissions
11-07 16:56:21.895  1234  1234 D NotificationService: 0|com.visteon.skylarkTelematics|2001|null|1000: updating permissions
11-07 16:56:21.895  1234  1234 D NotificationService: 0|com.visteon.skylarkTelematics|2001|null|1000: updating permissions
11-07 16:56:21.896  1234  1234 D NotificationService: 0|com.visteon.skylarkTelematics|2001|null|1000: updating permissions
11-07 16:56:21.896  1234  1234 D NotificationService: 0|com.visteon.skylarkTelematics|2001|null|1000: updating permissions
11-07 16:56:21.930  1234  1255 D NotificationService: handleSavePolicyFile
11-07 16:56:21.968  1564  1826 I CAR.POWER: Received AP_POWER_STATE_REQ=ON(0) param=0
11-07 16:56:21.969  1564  1826 D CarPowerManagementService: onApPowerStateChange(HAL): pendingStates=1 [ON/DEFAULT_VALUE_ZERO(0), ], current=CpmsState canPostpone=false, carPowerStateListenerState=6, mShutdownType=0, CpmsState=ON(1), mParam=DEFAULT_VALUE_ZERO(0)
11-07 16:56:21.969  1564  1957 I CarPowerManagementService: doHandlePowerStateChange: newState=ON(1)
11-07 16:56:21.970  1564  1957 D CarPowerManagementService: [TRANS] ON(1) -> ON(1) (param=DEFAULT_VALUE_ZERO(0), canPostpone=false, stType=0)
11-07 16:56:21.970  1564  1957 D CarPowerManagementService: Requested state is already in effect: ON(1)
11-07 16:56:21.970  1564  1957 D CarPowerManagementService: TRANS suppressed: pendingStates=0 [], current=CpmsState canPostpone=false, carPowerStateListenerState=6, mShutdownType=0, CpmsState=ON(1), mParam=DEFAULT_VALUE_ZERO(0)
11-07 16:56:22.366  1234  1282 V DisplayPowerController[0]: Brightness [0.4015748] reason changing to: 'manual', previous reason: 'manual [ dim ]'.
11-07 16:56:22.367  1234  1282 I DisplayPowerController[0]: BrightnessEvent: disp=0, brt=0.4015748, rcmdBrt=NaN, preBrt=NaN, lux=0.0, preLux=0.0, hbmMax=1.0, hbmMode=off, thrmMax=1.0, flags=, reason=manual
11-07 16:56:22.383  1234  1409 E DisplayDeviceConfig: requesting nits when no mapping exists.
11-07 16:56:22.383  1234  1409 E DisplayDeviceConfig: requesting nits when no mapping exists.
11-07 16:56:22.398  1234  1409 E DisplayDeviceConfig: requesting nits when no mapping exists.
11-07 16:56:22.398  1234  1409 E DisplayDeviceConfig: requesting nits when no mapping exists.
11-07 16:56:22.414  1234  1409 E DisplayDeviceConfig: requesting nits when no mapping exists.
11-07 16:56:22.414  1234  1409 E DisplayDeviceConfig: requesting nits when no mapping exists.
11-07 16:56:22.431  1234  1409 E DisplayDeviceConfig: requesting nits when no mapping exists.
11-07 16:56:22.431  1234  1409 E DisplayDeviceConfig: requesting nits when no mapping exists.
11-07 16:56:22.448  1234  1409 E DisplayDeviceConfig: requesting nits when no mapping exists.
