11-07 22:26:59.171  1254  1254 E ActivityManager: 	at com.android.server.am.ProcessList.startProcessLocked(ProcessList.java:2372)
11-07 22:26:59.171  1254  1254 E ActivityManager: 	at com.android.server.am.ProcessList.startProcessLocked(ProcessList.java:2512)
11-07 22:26:59.171  1254  1254 E ActivityManager: 	at com.android.server.am.ActivityManagerService.startProcessLocked(ActivityManagerService.java:2893)
11-07 22:26:59.171  1254  1254 E ActivityManager: 	at com.android.server.am.ActiveServices.bringUpServiceLocked(ActiveServices.java:4290)
11-07 22:26:59.171  1254  1254 E ActivityManager: 	at com.android.server.am.ActiveServices.bindServiceLocked(ActiveServices.java:2956)
11-07 22:26:59.171  1254  1254 E ActivityManager: 	at com.android.server.am.ActivityManagerService.bindServiceInstance(ActivityManagerService.java:12872)
11-07 22:26:59.171  1254  1254 E ActivityManager: 	at com.android.server.am.ActivityManagerService.bindServiceInstance(ActivityManagerService.java:12828)
11-07 22:26:59.171  1254  1254 E ActivityManager: 	at android.app.ContextImpl.bindServiceCommon(ContextImpl.java:2035)
11-07 22:26:59.171  1254  1254 E ActivityManager: 	at android.app.ContextImpl.bindService(ContextImpl.java:1951)
11-07 22:26:59.171  1254  1254 E ActivityManager: 	at android.car.Car.startCarService(Car.java:2379)
11-07 22:26:59.171  1254  1254 E ActivityManager: 	at android.car.Car.connect(Car.java:1873)
11-07 22:26:59.171  1254  1254 E ActivityManager: 	at com.android.server.bluetooth.BluetoothManagerService.handleOnBootPhase(BluetoothManagerService.java:1854)
11-07 22:26:59.171  1254  1254 E ActivityManager: 	at com.android.server.bluetooth.BluetoothService.initialize(BluetoothService.java:43)
11-07 22:26:59.171  1254  1254 E ActivityManager: 	at com.android.server.bluetooth.BluetoothService.onBootPhase(BluetoothService.java:63)
11-07 22:26:59.171  1254  1254 E ActivityManager: 	at com.android.server.SystemServiceManager.startBootPhase(SystemServiceManager.java:294)
11-07 22:26:59.171  1254  1254 E ActivityManager: 	at com.android.server.SystemServer.startOtherServices(SystemServer.java:2730)
11-07 22:26:59.171  1254  1254 E ActivityManager: 	at com.android.server.SystemServer.run(SystemServer.java:966)
11-07 22:26:59.171  1254  1254 E ActivityManager: 	at com.android.server.SystemServer.main(SystemServer.java:659)
11-07 22:26:59.171  1254  1254 E ActivityManager: 	at java.lang.reflect.Method.invoke(Native Method)
11-07 22:26:59.171  1254  1254 E ActivityManager: 	at com.android.internal.os.RuntimeInit$MethodAndArgsCaller.run(RuntimeInit.java:569)
11-07 22:26:59.171  1254  1254 E ActivityManager: 	at com.android.internal.os.ZygoteInit.main(ZygoteInit.java:993)
11-07 22:26:59.171  1254  1254 I ActivityManager: Force stopping com.android.car appid=1000 user=0: start failure
11-07 22:26:59.172  1254  1254 D OomAdjuster: Not killing cached processes
11-07 22:26:59.182  1254  1254 I ActivityManager:   Force stopping service ServiceRecord{d70b4c3 u0 com.android.car/.CarService}
11-07 22:26:59.183  1254  1254 W ActivityManager: Unable to launch app com.android.car/1000 for service Intent { act=android.car.ICar pkg=com.android.car }: process is bad
11-07 22:26:59.189  1254  1254 D SystemServerTiming: OnBootPhase_500_com.android.server.connectivity.IpConnectivityMetrics
11-07 22:26:59.193  1254  1254 D SystemServerTiming: OnBootPhase_500_com.android.server.net.watchlist.NetworkWatchlistService$Lifecycle
11-07 22:26:59.193  1254  1254 D SystemServerTiming: OnBootPhase_500_com.android.server.integrity.AppIntegrityManagerService
11-07 22:26:59.193  1254  1254 D SystemServerTiming: OnBootPhase_500_com.android.server.logcat.LogcatManagerService
11-07 22:26:59.193  1254  1254 D SystemServerTiming: OnBootPhase_500_com.android.server.inputmethod.InputMethodManagerService$Lifecycle
11-07 22:26:59.193  1254  1254 D SystemServerTiming: OnBootPhase_500_com.android.server.accessibility.AccessibilityManagerService$Lifecycle
11-07 22:26:59.193  1254  1254 D SystemServerTiming: OnBootPhase_500_com.android.server.StorageManagerService$Lifecycle
11-07 22:26:59.194  1254  1254 D SystemServerTiming: OnBootPhase_500_com.android.server.usage.StorageStatsService$Lifecycle
11-07 22:26:59.194  1254  1254 D SystemServerTiming: OnBootPhase_500_com.android.server.UiModeManagerService
11-07 22:26:59.196  1254  1254 I ActivityTaskManager: Config changes=200 {1.0 ?mcc?mnc [en_US] ldltr sw720dp w1920dp h644dp 160dpi xlrg long land car finger -keyb/v/h -nav/h winConfig={ mBounds=Rect(0, 0 - 1920, 720) mAppBounds=Rect(0, 0 - 1920, 720) mMaxBounds=Rect(0, 0 - 1920, 720) mDisplayRotation=ROTATION_0 mWindowingMode=fullscreen mDisplayWindowingMode=fullscreen mActivityType=undefined mAlwaysOnTop=undefined mRotation=ROTATION_0} s.6 ?fontWeightAdjustment}
11-07 22:26:59.198  1254  1254 I WindowManager: Override config changes=200 {1.0 ?mcc?mnc [en_US] ldltr sw720dp w1920dp h644dp 160dpi xlrg long land car finger -keyb/v/h -nav/h winConfig={ mBounds=Rect(0, 0 - 1920, 720) mAppBounds=Rect(0, 0 - 1920, 720) mMaxBounds=Rect(0, 0 - 1920, 720) mDisplayRotation=ROTATION_0 mWindowingMode=fullscreen mDisplayWindowingMode=fullscreen mActivityType=undefined mAlwaysOnTop=undefined mRotation=ROTATION_0} s.6 ?fontWeightAdjustment} for displayId=0
11-07 22:26:59.200  1254  1254 D SystemServerTiming: OnBootPhase_500_com.android.server.locales.LocaleManagerService
11-07 22:26:59.200  1254  1254 D SystemServerTiming: OnBootPhase_500_com.android.server.locksettings.LockSettingsService$Lifecycle
11-07 22:26:59.200  1254  1254 D SystemServerTiming: OnBootPhase_500_com.android.server.PersistentDataBlockService
11-07 22:26:59.201  1254  1254 D SystemServerTiming: OnBootPhase_500_com.android.server.testharness.TestHarnessModeService
11-07 22:26:59.201  1254  1254 D TestHarnessModeService: Setting up test harness mode
11-07 22:26:59.201  1254  1254 D TestHarnessModeService: Getting PersistentDataBlockManagerInternal from LocalServices
11-07 22:26:59.211  1254  1254 D SystemServerTiming: OnBootPhase_500_com.android.server.oemlock.OemLockService
11-07 22:26:59.211  1254  1254 D SystemServerTiming: OnBootPhase_500_com.android.server.DeviceIdleController
11-07 22:26:59.214  1254  1254 V HistoricalRegistry: Interaction before persistence initialized
11-07 22:26:59.215  1254  1254 D SystemServerTiming: OnBootPhase_500_com.android.server.devicepolicy.DevicePolicyManagerService$Lifecycle
11-07 22:26:59.215  1254  1254 D SystemServerTiming: OnBootPhase_500_com.android.server.texttospeech.TextToSpeechManagerService
11-07 22:26:59.215  1254  1254 D SystemServerTiming: OnBootPhase_500_com.android.server.ambientcontext.AmbientContextManagerService
11-07 22:26:59.215  1254  1254 D SystemServerTiming: OnBootPhase_500_com.android.server.speech.SpeechRecognitionManagerService
11-07 22:26:59.215  1254  1254 D SystemServerTiming: OnBootPhase_500_com.android.server.searchui.SearchUiManagerService
11-07 22:26:59.215  1254  1254 D SystemServerTiming: OnBootPhase_500_com.android.server.smartspace.SmartspaceManagerService
11-07 22:26:59.216  1254  1254 D SystemServerTiming: OnBootPhase_500_com.android.server.cloudsearch.CloudSearchManagerService
11-07 22:26:59.216  1254  1254 D SystemServerTiming: OnBootPhase_500_com.android.server.graphics.fonts.FontManagerService$Lifecycle
11-07 22:26:59.216  1254  1254 D SystemServerTiming: OnBootPhase_500_com.android.server.textservices.TextServicesManagerService$Lifecycle
11-07 22:26:59.216  1254  1254 D SystemServerTiming: OnBootPhase_500_com.android.server.NetworkScoreService$Lifecycle
11-07 22:26:59.216  1254  1254 D SystemServerTiming: OnBootPhase_500_com.android.server.NetworkStatsServiceInitializer
11-07 22:26:59.216  1254  1254 D SystemServerTiming: OnBootPhase_500_com.android.server.wifi.WifiService
11-07 22:26:59.216  1254  1254 D SystemServerTiming: OnBootPhase_500_com.android.server.wifi.scanner.WifiScanningService
11-07 22:26:59.216  1254  1254 D SystemServerTiming: OnBootPhase_500_com.android.server.wifi.p2p.WifiP2pService
11-07 22:26:59.219  1254  1254 D SystemServerTiming: OnBootPhase_500_com.android.server.ConnectivityServiceInitializer
11-07 22:26:59.220  1254  1254 D SystemServerTiming: OnBootPhase_500_com.android.server.notification.NotificationManagerService
11-07 22:26:59.235  1254  1254 D SystemServerTiming: OnBootPhase_500_com.android.server.storage.DeviceStorageMonitorService
11-07 22:26:59.235  1254  1254 D SystemServerTiming: OnBootPhase_500_com.android.server.location.LocationManagerService$Lifecycle
11-07 22:26:59.235  1254  1254 V HistoricalRegistry: Interaction before persistence initialized
11-07 22:26:59.237  1254  1254 D SystemServerTiming: OnBootPhase_500_com.android.server.timedetector.TimeDetectorService$Lifecycle
11-07 22:26:59.237  1254  1254 D SystemServerTiming: OnBootPhase_500_com.android.server.timezonedetector.TimeZoneDetectorService$Lifecycle
11-07 22:26:59.237  1254  1254 D SystemServerTiming: OnBootPhase_500_com.android.server.timezonedetector.location.LocationTimeZoneManagerService$Lifecycle
11-07 22:26:59.237  1254  1254 D SystemServerTiming: OnBootPhase_500_com.android.server.timedetector.GnssTimeUpdateService$Lifecycle
11-07 22:26:59.237  1254  1254 D SystemServerTiming: OnBootPhase_500_com.android.server.wallpaper.WallpaperManagerService$Lifecycle
11-07 22:26:59.237  1254  1254 D SystemServerTiming: OnBootPhase_500_com.android.server.wallpapereffectsgeneration.WallpaperEffectsGenerationManagerService
11-07 22:26:59.237  1254  1254 D SystemServerTiming: OnBootPhase_500_com.android.server.audio.AudioService$Lifecycle
11-07 22:26:59.237  1254  1254 D SystemServerTiming: OnBootPhase_500_com.android.server.broadcastradio.BroadcastRadioService
11-07 22:26:59.237  1254  1254 D SystemServerTiming: OnBootPhase_500_com.android.server.midi.MidiService$Lifecycle
11-07 22:26:59.237  1254  1254 D SystemServerTiming: OnBootPhase_500_com.android.server.adb.AdbService$Lifecycle
11-07 22:26:59.237  1254  1254 D SystemServerTiming: OnBootPhase_500_com.android.server.usb.UsbService$Lifecycle
11-07 22:26:59.237  1254  1254 D SystemServerTiming: OnBootPhase_500_com.android.server.twilight.TwilightService
11-07 22:26:59.237  1254  1254 D SystemServerTiming: OnBootPhase_500_com.android.server.display.color.ColorDisplayService
11-07 22:26:59.237  1254  1254 D SystemServerTiming: OnBootPhase_500_com.android.server.job.JobSchedulerService
11-07 22:26:59.245  1254  1254 V HistoricalRegistry: Interaction before persistence initialized
11-07 22:26:59.245  1254  1254 D JobScheduler.Concurrency: Interactive: true
11-07 22:26:59.246  1254  1254 D SystemServerTiming: OnBootPhase_500_com.android.server.soundtrigger.SoundTriggerService
11-07 22:26:59.246  1254  1254 D SoundTriggerService: onBootPhase: 500 : false
11-07 22:26:59.246  1254  1254 D SystemServerTiming: OnBootPhase_500_com.android.server.trust.TrustManagerService
11-07 22:26:59.247  1254  1254 D SystemServerTiming: OnBootPhase_500_com.android.server.appwidget.AppWidgetService
11-07 22:26:59.247  1254  1254 D SystemServerTiming: OnBootPhase_500_com.android.server.voiceinteraction.VoiceInteractionManagerService
11-07 22:26:59.247  1254  1254 D SystemServerTiming: OnBootPhase_500_com.android.server.apphibernation.AppHibernationService
11-07 22:26:59.248  1254  1254 D SystemServerTiming: OnBootPhase_500_com.android.server.SensorNotificationService
11-07 22:26:59.248  1254  1254 D SystemServerTiming: OnBootPhase_500_com.android.server.emergency.EmergencyAffordanceService
11-07 22:26:59.248  1254  1254 D SystemServerTiming: OnBootPhase_500_com.android.server.blob.BlobStoreManagerService
11-07 22:26:59.248  1254  1254 D SystemServerTiming: OnBootPhase_500_com.android.server.dreams.DreamManagerService
11-07 22:26:59.248  1254  1254 D SystemServerTiming: OnBootPhase_500_com.android.server.security.AttestationVerificationManagerService
11-07 22:26:59.248  1254  1254 D SystemServerTiming: OnBootPhase_500_com.android.server.companion.CompanionDeviceManagerService
11-07 22:26:59.249  1254  1254 D SystemServerTiming: OnBootPhase_500_com.android.server.companion.virtual.VirtualDeviceManagerService
11-07 22:26:59.249  1254  1254 D SystemServerTiming: OnBootPhase_500_com.android.server.restrictions.RestrictionsManagerService
11-07 22:26:59.249  1254  1254 D SystemServerTiming: OnBootPhase_500_com.android.server.media.MediaSessionService
11-07 22:26:59.249  1254  1254 D SystemServerTiming: OnBootPhase_500_com.android.server.media.MediaResourceMonitorService
11-07 22:26:59.249  1254  1254 D SystemServerTiming: OnBootPhase_500_com.android.server.biometrics.BiometricService
11-07 22:26:59.249  1254  1254 D SystemServerTiming: OnBootPhase_500_com.android.server.biometrics.AuthService
11-07 22:26:59.249  1254  1254 D SystemServerTiming: OnBootPhase_500_com.android.server.pm.ShortcutService$Lifecycle
11-07 22:26:59.249  1254  1254 D SystemServerTiming: OnBootPhase_500_com.android.server.pm.LauncherAppsService
11-07 22:26:59.249  1254  1254 D SystemServerTiming: OnBootPhase_500_com.android.server.pm.CrossProfileAppsService
11-07 22:26:59.249  1254  1254 D SystemServerTiming: OnBootPhase_500_com.android.server.people.PeopleService
11-07 22:26:59.249  1254  1254 D SystemServerTiming: OnBootPhase_500_com.android.server.media.metrics.MediaMetricsManagerService
11-07 22:26:59.249  1254  1254 D SystemServerTiming: OnBootPhase_500_com.android.server.media.projection.MediaProjectionManagerService
11-07 22:26:59.249  1254  1254 D SystemServerTiming: OnBootPhase_500_com.android.server.slice.SliceManagerService$Lifecycle
11-07 22:26:59.249  1254  1254 D SystemServerTiming: OnBootPhase_500_com.android.server.stats.StatsCompanion$Lifecycle
11-07 22:26:59.249  1254  1254 D SystemServerTiming: OnBootPhase_500_com.android.server.scheduling.RebootReadinessManagerService$Lifecycle
11-07 22:26:59.249  1254  1254 D SystemServerTiming: OnBootPhase_500_com.android.server.stats.pull.StatsPullAtomService
11-07 22:26:59.249  1254  1254 D SystemServerTiming: OnBootPhase_500_com.android.server.stats.bootstrap.StatsBootstrapAtomService$Lifecycle
11-07 22:26:59.249  1254  1254 D SystemServerTiming: OnBootPhase_500_com.android.server.incident.IncidentCompanionService
11-07 22:26:59.249  1254  1254 D SystemServerTiming: OnBootPhase_500_com.android.server.sdksandbox.SdkSandboxManagerService$Lifecycle
11-07 22:26:59.249  1254  1254 D SystemServerTiming: OnBootPhase_500_com.android.server.adservices.AdServicesManagerService$Lifecycle
11-07 22:26:59.249  1254  1254 D SystemServerTiming: OnBootPhase_500_com.android.server.autofill.AutofillManagerService
11-07 22:26:59.250  1254  1254 D SystemServerTiming: OnBootPhase_500_com.android.server.clipboard.ClipboardService
11-07 22:26:59.250  1254  1254 D SystemServerTiming: OnBootPhase_500_com.android.server.appbinding.AppBindingService$Lifecycle
11-07 22:26:59.250  1254  1254 D SystemServerTiming: OnBootPhase_500_com.mediatek.powerhalservice.PowerHalMgrService
11-07 22:26:59.250  1254  1254 D PowerHalMgrService: onBootPhase PowerHalMgrService.
11-07 22:26:59.250  1254  1254 D SystemServerTiming: OnBootPhase_500_com.mediatek.server.MtkConnectivitySupplementalService
11-07 22:26:59.250  1254  1254 D MtkConnectivitySupplementalService: onBootPhase: phase=500
11-07 22:26:59.250  1254  1254 D MCSS-Tethering: initialize
11-07 22:26:59.250  1254  1254 D MtkConnectivitySupplementalService: initialize mtkconnmetrics.
11-07 22:26:59.254  1254  1254 D SystemServerTiming: OnBootPhase_500_com.android.server.tracing.TracingServiceProxy
11-07 22:26:59.254  1254  1254 D SystemServerTiming: MakeWindowManagerServiceReady
11-07 22:26:59.259  1254  1288 I HealthServiceWrapperAidl: health: HealthServiceWrapper listening to AIDL HAL
11-07 22:26:59.260  1254  1254 D SystemServerTiming: StartPermissionPolicyService
11-07 22:26:59.260  1254  1254 I SystemServiceManager: Starting com.android.server.policy.PermissionPolicyService
11-07 22:26:59.261  1254  1288 D StatsPullAtomService: Registering pullers with statsd
11-07 22:26:59.267  1254  1254 D SystemServerTiming: MakePackageManagerServiceReady
11-07 22:26:59.267  1254  1288 I StatsPullAtomService: register thermal listener successfully
11-07 22:26:59.269  1254  1254 V PackageInstaller: readSessionsLocked()
11-07 22:26:59.271  1254  1254 V PackageInstaller: writeSessionsLocked()
11-07 22:26:59.273  1254  1254 V UserDataPreparer: Found /data/user_de/0 with serial number 0
11-07 22:26:59.273  1254  1254 V UserDataPreparer: Found /data/user/0 with serial number 0
11-07 22:26:59.273  1254  1254 V UserDataPreparer: Found /data/system_de/0 with serial number 0
11-07 22:26:59.273  1254  1254 W UserDataPreparer: Invalid user directory /data/system_de/usagestats
11-07 22:26:59.274  1254  1254 V UserDataPreparer: Found /data/system_ce/0 with serial number 0
11-07 22:26:59.274  1254  1254 V UserDataPreparer: Found /data/misc_ce/0 with serial number 0
11-07 22:26:59.274  1254  1254 I PackageManager: Permission ownership changed. Updating all permissions.
11-07 22:26:59.319  1254  1254 D SystemServerTiming: MakeDisplayManagerServiceReady
11-07 22:26:59.321  1254  1281 E DisplayModeDirector: Asked about unknown display, returning empty display mode specs!(id=0)
11-07 22:26:59.321  1254  1281 E DisplayModeDirector: Asked about unknown display, returning empty display mode specs!(id=0)
11-07 22:26:59.327  1254  1254 I BrightnessSynchronizer: Initial brightness readings: 103(int), 0.4015748(float)
11-07 22:26:59.328  1254  1254 D SystemServerTiming: StartDeviceSpecificServices
11-07 22:26:59.328  1254  1254 D SystemServerTiming: GameManagerService
11-07 22:26:59.328  1254  1254 I SystemServiceManager: Starting com.android.server.app.GameManagerService$Lifecycle
11-07 22:26:59.332  1254  1254 D SystemServerTiming: ArtManagerLocal
11-07 22:26:59.332  1254  1254 D SystemServerTiming: StartBootPhaseDeviceSpecificServicesReady
11-07 22:26:59.332  1254  1254 I SystemServiceManager: Starting phase 520
11-07 22:26:59.332  1254  1254 D SystemServerTiming: OnBootPhase_520
11-07 22:26:59.332  1254  1254 D SystemServerTiming: OnBootPhase_520_com.android.server.security.FileIntegrityService
11-07 22:26:59.332  1254  1254 D SystemServerTiming: OnBootPhase_520_com.android.server.pm.Installer
11-07 22:26:59.332  1254  1254 D SystemServerTiming: OnBootPhase_520_com.android.server.os.DeviceIdentifiersPolicyService
11-07 22:26:59.332  1254  1254 D SystemServerTiming: OnBootPhase_520_com.android.server.uri.UriGrantsManagerService$Lifecycle
11-07 22:26:59.332  1254  1254 D SystemServerTiming: OnBootPhase_520_com.android.server.powerstats.PowerStatsService
11-07 22:26:59.332  1254  1254 D SystemServerTiming: OnBootPhase_520_com.android.server.wm.ActivityTaskManagerService$Lifecycle
11-07 22:26:59.332  1254  1254 D SystemServerTiming: OnBootPhase_520_com.android.server.am.ActivityManagerService$Lifecycle
11-07 22:26:59.332  1254  1254 D SystemServerTiming: OnBootPhase_520_com.android.server.pm.DataLoaderManagerService
11-07 22:26:59.332  1254  1254 D SystemServerTiming: OnBootPhase_520_com.android.server.power.PowerManagerService
11-07 22:26:59.332  1254  1254 D SystemServerTiming: OnBootPhase_520_com.android.server.power.ThermalManagerService
11-07 22:26:59.332  1254  1254 D SystemServerTiming: OnBootPhase_520_com.android.server.lights.LightsService
11-07 22:26:59.332  1254  1254 D SystemServerTiming: OnBootPhase_520_com.android.server.display.DisplayManagerService
11-07 22:26:59.332  1254  1254 D SystemServerTiming: OnBootPhase_520_com.android.server.pm.verify.domain.DomainVerificationService
11-07 22:26:59.332  1254  1254 D SystemServerTiming: OnBootPhase_520_com.android.server.pm.PackageInstallerService$Lifecycle
11-07 22:26:59.333  1254  1254 D SystemServerTiming: OnBootPhase_520_com.android.server.pm.UserManagerService$LifeCycle
11-07 22:26:59.333  1254  1254 D SystemServerTiming: OnBootPhase_520_com.android.server.om.OverlayManagerService
11-07 22:26:59.333  1254  1254 D SystemServerTiming: OnBootPhase_520_com.android.server.resources.ResourcesManagerService
11-07 22:26:59.333  1254  1254 D SystemServerTiming: OnBootPhase_520_com.android.server.sensorprivacy.SensorPrivacyService
11-07 22:26:59.333  1254  1254 D SystemServerTiming: OnBootPhase_520_com.android.server.sensors.SensorService
11-07 22:26:59.333  1254  1254 D SystemServerTiming: OnBootPhase_520_com.android.server.SystemConfigService
11-07 22:26:59.333  1254  1254 D SystemServerTiming: OnBootPhase_520_com.android.server.BatteryService
11-07 22:26:59.333  1254  1254 D SystemServerTiming: OnBootPhase_520_com.android.server.usage.UsageStatsService
11-07 22:26:59.333  1254  1254 D SystemServerTiming: OnBootPhase_520_com.android.server.webkit.WebViewUpdateService
11-07 22:26:59.333  1254  1254 D SystemServerTiming: OnBootPhase_520_com.android.server.CachedDeviceStateService
11-07 22:26:59.333  1254  1254 D SystemServerTiming: OnBootPhase_520_com.android.server.BinderCallsStatsService$LifeCycle
11-07 22:26:59.333  1254  1254 D SystemServerTiming: OnBootPhase_520_com.android.server.LooperStatsService$Lifecycle
11-07 22:26:59.333  1254  1254 D SystemServerTiming: OnBootPhase_520_com.android.server.rollback.RollbackManagerService
11-07 22:26:59.333  1254  1254 D SystemServerTiming: OnBootPhase_520_com.android.server.os.NativeTombstoneManagerService
11-07 22:26:59.333  1254  1254 D SystemServerTiming: OnBootPhase_520_com.android.server.os.BugreportManagerService
11-07 22:26:59.333  1254  1254 D SystemServerTiming: OnBootPhase_520_com.android.server.gpu.GpuService
11-07 22:26:59.333  1254  1254 D SystemServerTiming: OnBootPhase_520_com.android.server.security.KeyChainSystemService
11-07 22:26:59.333  1254  1254 D SystemServerTiming: OnBootPhase_520_com.android.server.BinaryTransparencyService
11-07 22:26:59.333  1254  1254 D SystemServerTiming: OnBootPhase_520_com.android.server.telecom.TelecomLoaderService
11-07 22:26:59.333  1254  1254 D SystemServerTiming: OnBootPhase_520_com.android.server.accounts.AccountManagerService$Lifecycle
11-07 22:26:59.333  1254  1254 D SystemServerTiming: OnBootPhase_520_com.android.server.content.ContentService$Lifecycle
11-07 22:26:59.333  1254  1254 D SystemServerTiming: OnBootPhase_520_com.android.server.DropBoxManagerService
11-07 22:26:59.333  1254  1254 D SystemServerTiming: OnBootPhase_520_com.android.role.RoleService
11-07 22:26:59.333  1254  1254 D SystemServerTiming: OnBootPhase_520_com.android.server.tare.InternalResourceService
11-07 22:26:59.333  1254  1254 D SystemServerTiming: OnBootPhase_520_com.mediatek.server.MtkAlarmManagerService
11-07 22:26:59.333  1254  1254 D SystemServerTiming: OnBootPhase_520_com.android.server.devicestate.DeviceStateManagerService
11-07 22:26:59.333  1254  1254 D SystemServerTiming: OnBootPhase_520_com.android.server.camera.CameraServiceProxy
11-07 22:26:59.333  1254  1254 D SystemServerTiming: OnBootPhase_520_com.android.server.bluetooth.BluetoothService
11-07 22:26:59.334  1254  1254 D SystemServerTiming: OnBootPhase_520_com.android.server.connectivity.IpConnectivityMetrics
11-07 22:26:59.334  1254  1254 D SystemServerTiming: OnBootPhase_520_com.android.server.net.watchlist.NetworkWatchlistService$Lifecycle
11-07 22:26:59.334  1254  1254 D SystemServerTiming: OnBootPhase_520_com.android.server.integrity.AppIntegrityManagerService
11-07 22:26:59.334  1254  1254 D SystemServerTiming: OnBootPhase_520_com.android.server.logcat.LogcatManagerService
11-07 22:26:59.334  1254  1254 D SystemServerTiming: OnBootPhase_520_com.android.server.inputmethod.InputMethodManagerService$Lifecycle
11-07 22:26:59.334  1254  1254 D SystemServerTiming: OnBootPhase_520_com.android.server.accessibility.AccessibilityManagerService$Lifecycle
11-07 22:26:59.334  1254  1254 D SystemServerTiming: OnBootPhase_520_com.android.server.StorageManagerService$Lifecycle
11-07 22:26:59.334  1254  1254 D SystemServerTiming: OnBootPhase_520_com.android.server.usage.StorageStatsService$Lifecycle
11-07 22:26:59.334  1254  1254 D SystemServerTiming: OnBootPhase_520_com.android.server.UiModeManagerService
11-07 22:26:59.334  1254  1254 D SystemServerTiming: OnBootPhase_520_com.android.server.locales.LocaleManagerService
11-07 22:26:59.334  1254  1254 D SystemServerTiming: OnBootPhase_520_com.android.server.locksettings.LockSettingsService$Lifecycle
11-07 22:26:59.334  1254  1254 D SystemServerTiming: OnBootPhase_520_com.android.server.PersistentDataBlockService
11-07 22:26:59.334  1254  1254 D SystemServerTiming: OnBootPhase_520_com.android.server.testharness.TestHarnessModeService
11-07 22:26:59.334  1254  1254 D SystemServerTiming: OnBootPhase_520_com.android.server.oemlock.OemLockService
11-07 22:26:59.334  1254  1254 D SystemServerTiming: OnBootPhase_520_com.android.server.DeviceIdleController
11-07 22:26:59.334  1254  1254 D SystemServerTiming: OnBootPhase_520_com.android.server.devicepolicy.DevicePolicyManagerService$Lifecycle
11-07 22:26:59.334  1254  1254 D SystemServerTiming: OnBootPhase_520_com.android.server.texttospeech.TextToSpeechManagerService
11-07 22:26:59.334  1254  1254 D SystemServerTiming: OnBootPhase_520_com.android.server.ambientcontext.AmbientContextManagerService
11-07 22:26:59.334  1254  1254 D SystemServerTiming: OnBootPhase_520_com.android.server.speech.SpeechRecognitionManagerService
11-07 22:26:59.334  1254  1254 D SystemServerTiming: OnBootPhase_520_com.android.server.searchui.SearchUiManagerService
11-07 22:26:59.334  1254  1254 D SystemServerTiming: OnBootPhase_520_com.android.server.smartspace.SmartspaceManagerService
11-07 22:26:59.334  1254  1254 D SystemServerTiming: OnBootPhase_520_com.android.server.cloudsearch.CloudSearchManagerService
11-07 22:26:59.334  1254  1254 D SystemServerTiming: OnBootPhase_520_com.android.server.graphics.fonts.FontManagerService$Lifecycle
11-07 22:26:59.334  1254  1254 D SystemServerTiming: OnBootPhase_520_com.android.server.textservices.TextServicesManagerService$Lifecycle
11-07 22:26:59.334  1254  1254 D SystemServerTiming: OnBootPhase_520_com.android.server.NetworkScoreService$Lifecycle
11-07 22:26:59.334  1254  1254 D SystemServerTiming: OnBootPhase_520_com.android.server.NetworkStatsServiceInitializer
11-07 22:26:59.334  1254  1254 D SystemServerTiming: OnBootPhase_520_com.android.server.wifi.WifiService
11-07 22:26:59.334  1254  1254 D SystemServerTiming: OnBootPhase_520_com.android.server.wifi.scanner.WifiScanningService
11-07 22:26:59.334  1254  1254 D SystemServerTiming: OnBootPhase_520_com.android.server.wifi.p2p.WifiP2pService
11-07 22:26:59.334  1254  1254 D SystemServerTiming: OnBootPhase_520_com.android.server.ConnectivityServiceInitializer
11-07 22:26:59.334  1254  1254 D SystemServerTiming: OnBootPhase_520_com.android.server.notification.NotificationManagerService
11-07 22:26:59.334  1254  1254 D SystemServerTiming: OnBootPhase_520_com.android.server.storage.DeviceStorageMonitorService
11-07 22:26:59.334  1254  1254 D SystemServerTiming: OnBootPhase_520_com.android.server.location.LocationManagerService$Lifecycle
11-07 22:26:59.334  1254  1254 D SystemServerTiming: OnBootPhase_520_com.android.server.timedetector.TimeDetectorService$Lifecycle
11-07 22:26:59.334  1254  1254 D SystemServerTiming: OnBootPhase_520_com.android.server.timezonedetector.TimeZoneDetectorService$Lifecycle
11-07 22:26:59.334  1254  1254 D SystemServerTiming: OnBootPhase_520_com.android.server.timezonedetector.location.LocationTimeZoneManagerService$Lifecycle
11-07 22:26:59.334  1254  1254 D SystemServerTiming: OnBootPhase_520_com.android.server.timedetector.GnssTimeUpdateService$Lifecycle
11-07 22:26:59.334  1254  1254 D SystemServerTiming: OnBootPhase_520_com.android.server.wallpaper.WallpaperManagerService$Lifecycle
11-07 22:26:59.335  1254  1254 D SystemServerTiming: OnBootPhase_520_com.android.server.wallpapereffectsgeneration.WallpaperEffectsGenerationManagerService
11-07 22:26:59.335  1254  1254 D SystemServerTiming: OnBootPhase_520_com.android.server.audio.AudioService$Lifecycle
11-07 22:26:59.335  1254  1254 D SystemServerTiming: OnBootPhase_520_com.android.server.broadcastradio.BroadcastRadioService
11-07 22:26:59.335  1254  1254 D SystemServerTiming: OnBootPhase_520_com.android.server.midi.MidiService$Lifecycle
11-07 22:26:59.335  1254  1254 D SystemServerTiming: OnBootPhase_520_com.android.server.adb.AdbService$Lifecycle
11-07 22:26:59.335  1254  1254 D SystemServerTiming: OnBootPhase_520_com.android.server.usb.UsbService$Lifecycle
11-07 22:26:59.335  1254  1254 D SystemServerTiming: OnBootPhase_520_com.android.server.twilight.TwilightService
11-07 22:26:59.335  1254  1254 D SystemServerTiming: OnBootPhase_520_com.android.server.display.color.ColorDisplayService
11-07 22:26:59.335  1254  1254 D SystemServerTiming: OnBootPhase_520_com.android.server.job.JobSchedulerService
11-07 22:26:59.335  1254  1254 D SystemServerTiming: OnBootPhase_520_com.android.server.soundtrigger.SoundTriggerService
11-07 22:26:59.335  1254  1254 D SoundTriggerService: onBootPhase: 520 : false
11-07 22:26:59.335  1254  1254 D SystemServerTiming: OnBootPhase_520_com.android.server.trust.TrustManagerService
11-07 22:26:59.335  1254  1254 D SystemServerTiming: OnBootPhase_520_com.android.server.appwidget.AppWidgetService
11-07 22:26:59.335  1254  1254 D SystemServerTiming: OnBootPhase_520_com.android.server.voiceinteraction.VoiceInteractionManagerService
11-07 22:26:59.335  1254  1254 D SystemServerTiming: OnBootPhase_520_com.android.server.apphibernation.AppHibernationService
11-07 22:26:59.335  1254  1254 D SystemServerTiming: OnBootPhase_520_com.android.server.SensorNotificationService
11-07 22:26:59.335  1254  1254 D SystemServerTiming: OnBootPhase_520_com.android.server.emergency.EmergencyAffordanceService
11-07 22:26:59.335  1254  1254 D SystemServerTiming: OnBootPhase_520_com.android.server.blob.BlobStoreManagerService
11-07 22:26:59.335  1254  1254 D SystemServerTiming: OnBootPhase_520_com.android.server.dreams.DreamManagerService
11-07 22:26:59.335  1254  1254 D SystemServerTiming: OnBootPhase_520_com.android.server.security.AttestationVerificationManagerService
11-07 22:26:59.335  1254  1254 D SystemServerTiming: OnBootPhase_520_com.android.server.companion.CompanionDeviceManagerService
11-07 22:26:59.335  1254  1254 D SystemServerTiming: OnBootPhase_520_com.android.server.companion.virtual.VirtualDeviceManagerService
11-07 22:26:59.335  1254  1254 D SystemServerTiming: OnBootPhase_520_com.android.server.restrictions.RestrictionsManagerService
11-07 22:26:59.335  1254  1254 D SystemServerTiming: OnBootPhase_520_com.android.server.media.MediaSessionService
11-07 22:26:59.335  1254  1254 D SystemServerTiming: OnBootPhase_520_com.android.server.media.MediaResourceMonitorService
11-07 22:26:59.335  1254  1254 D SystemServerTiming: OnBootPhase_520_com.android.server.biometrics.BiometricService
11-07 22:26:59.335  1254  1254 D SystemServerTiming: OnBootPhase_520_com.android.server.biometrics.AuthService
11-07 22:26:59.335  1254  1254 D SystemServerTiming: OnBootPhase_520_com.android.server.pm.ShortcutService$Lifecycle
11-07 22:26:59.335  1254  1254 D SystemServerTiming: OnBootPhase_520_com.android.server.pm.LauncherAppsService
11-07 22:26:59.335  1254  1254 D SystemServerTiming: OnBootPhase_520_com.android.server.pm.CrossProfileAppsService
11-07 22:26:59.335  1254  1254 D SystemServerTiming: OnBootPhase_520_com.android.server.people.PeopleService
11-07 22:26:59.335  1254  1254 D SystemServerTiming: OnBootPhase_520_com.android.server.media.metrics.MediaMetricsManagerService
11-07 22:26:59.335  1254  1254 D SystemServerTiming: OnBootPhase_520_com.android.server.media.projection.MediaProjectionManagerService
11-07 22:26:59.335  1254  1254 D SystemServerTiming: OnBootPhase_520_com.android.server.slice.SliceManagerService$Lifecycle
11-07 22:26:59.335  1254  1254 D SystemServerTiming: OnBootPhase_520_com.android.server.stats.StatsCompanion$Lifecycle
11-07 22:26:59.335  1254  1254 D SystemServerTiming: OnBootPhase_520_com.android.server.scheduling.RebootReadinessManagerService$Lifecycle
11-07 22:26:59.335  1254  1254 D SystemServerTiming: OnBootPhase_520_com.android.server.stats.pull.StatsPullAtomService
11-07 22:26:59.335  1254  1254 D SystemServerTiming: OnBootPhase_520_com.android.server.stats.bootstrap.StatsBootstrapAtomService$Lifecycle
11-07 22:26:59.335  1254  1254 D SystemServerTiming: OnBootPhase_520_com.android.server.incident.IncidentCompanionService
11-07 22:26:59.335  1254  1254 D SystemServerTiming: OnBootPhase_520_com.android.server.sdksandbox.SdkSandboxManagerService$Lifecycle
11-07 22:26:59.335  1254  1254 D SystemServerTiming: OnBootPhase_520_com.android.server.adservices.AdServicesManagerService$Lifecycle
11-07 22:26:59.336  1254  1254 D SystemServerTiming: OnBootPhase_520_com.android.server.autofill.AutofillManagerService
11-07 22:26:59.336  1254  1254 D SystemServerTiming: OnBootPhase_520_com.android.server.clipboard.ClipboardService
11-07 22:26:59.336  1254  1254 D SystemServerTiming: OnBootPhase_520_com.android.server.appbinding.AppBindingService$Lifecycle
11-07 22:26:59.336  1254  1254 D SystemServerTiming: OnBootPhase_520_com.mediatek.powerhalservice.PowerHalMgrService
11-07 22:26:59.336  1254  1254 D SystemServerTiming: OnBootPhase_520_com.mediatek.server.MtkConnectivitySupplementalService
11-07 22:26:59.336  1254  1254 D MtkConnectivitySupplementalService: onBootPhase: phase=520
11-07 22:26:59.336  1254  1254 D SystemServerTiming: OnBootPhase_520_com.android.server.tracing.TracingServiceProxy
11-07 22:26:59.336  1254  1254 D SystemServerTiming: OnBootPhase_520_com.android.server.policy.PermissionPolicyService
11-07 22:26:59.336  1254  1254 D SystemServerTiming: OnBootPhase_520_com.android.server.pm.StagingManager$Lifecycle
11-07 22:26:59.336  1254  1254 D SystemServerTiming: OnBootPhase_520_com.android.server.app.GameManagerService$Lifecycle
11-07 22:26:59.336  1254  1254 D SystemServerTiming: StartSafetyCenterService
11-07 22:26:59.336  1254  1254 I SystemServiceManager: Starting com.android.safetycenter.SafetyCenterService
11-07 22:26:59.338  1254  1281 D MtkWifiDisplayController: registerObserver() w:1920h:720res:-1,ps:1,psd:10
11-07 22:26:59.346  1254  1254 D SystemServerTiming: AppSearchModule
11-07 22:26:59.350  1471  1471 I HidlLazyUtils: Registering HAL: android.hardware.wifi@1.6::IWifi with name: default
11-07 22:26:59.352  1254  1254 I SystemServiceManager: Starting com.android.server.appsearch.AppSearchModule$Lifecycle
11-07 22:26:59.353  1471  1471 I HidlServiceManagement: Registered android.hardware.wifi@1.6::IWifi/default
11-07 22:26:59.358  1254  1254 D SystemServerTiming: StartMediaCommunicationService
11-07 22:26:59.359  1254  1254 I SystemServiceManager: Starting com.android.server.media.MediaCommunicationService
11-07 22:26:59.360  1254  1254 D SystemServerTiming: AppCompatOverridesService
11-07 22:26:59.360  1254  1254 I SystemServiceManager: Starting com.android.server.compat.overrides.AppCompatOverridesService$Lifecycle
11-07 22:26:59.362  1254  1254 D SystemServerTiming: PhaseActivityManagerReady
11-07 22:26:59.362  1254  1254 D AmsExtImpl: onSystemReady
11-07 22:26:59.362  1254  1254 D SystemServerTiming: controllersReady
11-07 22:26:59.366  1254  1351 D SystemServerTimingAsync: InitThreadPoolExec:Update app-ops uidState in case package com.android.providers.media.module changed
11-07 22:26:59.366  1254  1351 D SystemServerInitThreadPool: Started executing Update app-ops uidState in case package com.android.providers.media.module changed
11-07 22:26:59.366  1254  1286 D SystemServerTimingAsync: InitThreadPoolExec:Update app-ops uidState in case package com.android.permissioncontroller changed
11-07 22:26:59.366  1254  1286 D SystemServerInitThreadPool: Started executing Update app-ops uidState in case package com.android.permissioncontroller changed
11-07 22:26:59.367  1254  1351 D SystemServerInitThreadPool: Finished executing Update app-ops uidState in case package com.android.providers.media.module changed
11-07 22:26:59.367  1254  1286 D SystemServerInitThreadPool: Finished executing Update app-ops uidState in case package com.android.permissioncontroller changed
11-07 22:26:59.367  1254  1351 D SystemServerTimingAsync: InitThreadPoolExec:Update app-ops uidState in case package com.android.systemui changed
11-07 22:26:59.367  1254  1286 D SystemServerTimingAsync: InitThreadPoolExec:Update app-ops uidState in case package com.visteon.tunnelproxyservice changed
11-07 22:26:59.367  1254  1286 D SystemServerInitThreadPool: Started executing Update app-ops uidState in case package com.visteon.tunnelproxyservice changed
11-07 22:26:59.367  1254  1351 D SystemServerInitThreadPool: Started executing Update app-ops uidState in case package com.android.systemui changed
11-07 22:26:59.367  1254  1286 D SystemServerInitThreadPool: Finished executing Update app-ops uidState in case package com.visteon.tunnelproxyservice changed
11-07 22:26:59.367  1254  1351 D SystemServerInitThreadPool: Finished executing Update app-ops uidState in case package com.android.systemui changed
11-07 22:26:59.367  1254  1286 D SystemServerTimingAsync: InitThreadPoolExec:Update app-ops uidState in case package com.rui.dmclient changed
11-07 22:26:59.367  1254  1351 D SystemServerTimingAsync: InitThreadPoolExec:Update app-ops uidState in case package com.android.providers.calendar changed
11-07 22:26:59.367  1254  1286 D SystemServerInitThreadPool: Started executing Update app-ops uidState in case package com.rui.dmclient changed
11-07 22:26:59.367  1254  1351 D SystemServerInitThreadPool: Started executing Update app-ops uidState in case package com.android.providers.calendar changed
11-07 22:26:59.368  1254  1286 D SystemServerInitThreadPool: Finished executing Update app-ops uidState in case package com.rui.dmclient changed
11-07 22:26:59.368  1254  1286 D SystemServerTimingAsync: InitThreadPoolExec:Update app-ops uidState in case package android.car.usb.handler changed
11-07 22:26:59.368  1254  1286 D SystemServerInitThreadPool: Started executing Update app-ops uidState in case package android.car.usb.handler changed
11-07 22:26:59.368  1254  1286 D SystemServerInitThreadPool: Finished executing Update app-ops uidState in case package android.car.usb.handler changed
11-07 22:26:59.368  1254  1286 D SystemServerTimingAsync: InitThreadPoolExec:Update app-ops uidState in case package com.visteon.car.radio changed
11-07 22:26:59.368  1254  1351 D SystemServerInitThreadPool: Finished executing Update app-ops uidState in case package com.android.providers.calendar changed
11-07 22:26:59.368  1254  1351 D SystemServerTimingAsync: InitThreadPoolExec:Update app-ops uidState in case package com.android.providers.contacts changed
11-07 22:26:59.368  1254  1351 D SystemServerInitThreadPool: Started executing Update app-ops uidState in case package com.android.providers.contacts changed
11-07 22:26:59.368  1254  1351 D SystemServerInitThreadPool: Finished executing Update app-ops uidState in case package com.android.providers.contacts changed
11-07 22:26:59.368  1254  1351 D SystemServerTimingAsync: InitThreadPoolExec:Update app-ops uidState in case package com.android.bluetooth changed
11-07 22:26:59.368  1254  1351 D SystemServerInitThreadPool: Started executing Update app-ops uidState in case package com.android.bluetooth changed
11-07 22:26:59.369  1254  1286 D SystemServerInitThreadPool: Started executing Update app-ops uidState in case package com.visteon.car.radio changed
11-07 22:26:59.369  1254  1351 D SystemServerInitThreadPool: Finished executing Update app-ops uidState in case package com.android.bluetooth changed
11-07 22:26:59.369  1254  1286 D SystemServerInitThreadPool: Finished executing Update app-ops uidState in case package com.visteon.car.radio changed
11-07 22:26:59.369  1254  1351 D SystemServerTimingAsync: InitThreadPoolExec:Update app-ops uidState in case package com.android.ons changed
11-07 22:26:59.369  1254  1286 D SystemServerTimingAsync: InitThreadPoolExec:Update app-ops uidState in case package com.android.phone changed
11-07 22:26:59.369  1254  1351 D SystemServerInitThreadPool: Started executing Update app-ops uidState in case package com.android.ons changed
11-07 22:26:59.369  1254  1351 D SystemServerInitThreadPool: Finished executing Update app-ops uidState in case package com.android.ons changed
11-07 22:26:59.369  1254  1351 D SystemServerTimingAsync: InitThreadPoolExec:Update app-ops uidState in case package com.visteon.coremedia changed
11-07 22:26:59.369  1254  1351 D SystemServerInitThreadPool: Started executing Update app-ops uidState in case package com.visteon.coremedia changed
11-07 22:26:59.369  1254  1351 D SystemServerInitThreadPool: Finished executing Update app-ops uidState in case package com.visteon.coremedia changed
11-07 22:26:59.369  1254  1351 D SystemServerTimingAsync: InitThreadPoolExec:Update app-ops uidState in case package com.x4.telematics changed
11-07 22:26:59.369  1254  1351 D SystemServerInitThreadPool: Started executing Update app-ops uidState in case package com.x4.telematics changed
11-07 22:26:59.369  1254  1286 D SystemServerInitThreadPool: Started executing Update app-ops uidState in case package com.android.phone changed
11-07 22:26:59.369  1254  1351 D SystemServerInitThreadPool: Finished executing Update app-ops uidState in case package com.x4.telematics changed
11-07 22:26:59.369  1254  1351 D SystemServerTimingAsync: InitThreadPoolExec:Update app-ops uidState in case package com.visteon.loggerdiagclient changed
11-07 22:26:59.369  1254  1351 D SystemServerInitThreadPool: Started executing Update app-ops uidState in case package com.visteon.loggerdiagclient changed
11-07 22:26:59.369  1254  1286 D SystemServerInitThreadPool: Finished executing Update app-ops uidState in case package com.android.phone changed
11-07 22:26:59.370  1254  1351 D SystemServerInitThreadPool: Finished executing Update app-ops uidState in case package com.visteon.loggerdiagclient changed
11-07 22:26:59.370  1254  1286 D SystemServerTimingAsync: InitThreadPoolExec:Update app-ops uidState in case package com.skylark.mediaplayer changed
11-07 22:26:59.370  1254  1351 D SystemServerTimingAsync: InitThreadPoolExec:Update app-ops uidState in case package com.android.btextendedvendor changed
11-07 22:26:59.370  1254  1351 D SystemServerInitThreadPool: Started executing Update app-ops uidState in case package com.android.btextendedvendor changed
11-07 22:26:59.370  1254  1351 D SystemServerInitThreadPool: Finished executing Update app-ops uidState in case package com.android.btextendedvendor changed
11-07 22:26:59.370  1254  1351 D SystemServerTimingAsync: InitThreadPoolExec:Update app-ops uidState in case package com.android.btcarlistener changed
11-07 22:26:59.370  1254  1351 D SystemServerInitThreadPool: Started executing Update app-ops uidState in case package com.android.btcarlistener changed
11-07 22:26:59.370  1254  1351 D SystemServerInitThreadPool: Finished executing Update app-ops uidState in case package com.android.btcarlistener changed
11-07 22:26:59.370  1254  1351 D SystemServerTimingAsync: InitThreadPoolExec:Update app-ops uidState in case package android changed
11-07 22:26:59.370  1254  1351 D SystemServerInitThreadPool: Started executing Update app-ops uidState in case package android changed
11-07 22:26:59.370  1254  1351 D SystemServerInitThreadPool: Finished executing Update app-ops uidState in case package android changed
11-07 22:26:59.370  1254  1351 D SystemServerTimingAsync: InitThreadPoolExec:Update app-ops uidState in case package com.android.btautoconnect changed
11-07 22:26:59.370  1254  1351 D SystemServerInitThreadPool: Started executing Update app-ops uidState in case package com.android.btautoconnect changed
11-07 22:26:59.370  1254  1351 D SystemServerInitThreadPool: Finished executing Update app-ops uidState in case package com.android.btautoconnect changed
11-07 22:26:59.371  1254  1351 D SystemServerTimingAsync: InitThreadPoolExec:Update app-ops uidState in case package com.android.car changed
11-07 22:26:59.371  1254  1351 D SystemServerInitThreadPool: Started executing Update app-ops uidState in case package com.android.car changed
11-07 22:26:59.371  1254  1351 D SystemServerInitThreadPool: Finished executing Update app-ops uidState in case package com.android.car changed
11-07 22:26:59.371  1254  1351 D SystemServerTimingAsync: InitThreadPoolExec:Update app-ops uidState in case package com.allgo.devicecontrolmanager changed
11-07 22:26:59.371  1254  1351 D SystemServerInitThreadPool: Started executing Update app-ops uidState in case package com.allgo.devicecontrolmanager changed
11-07 22:26:59.371  1254  1351 D SystemServerInitThreadPool: Finished executing Update app-ops uidState in case package com.allgo.devicecontrolmanager changed
11-07 22:26:59.371  1254  1351 D SystemServerTimingAsync: InitThreadPoolExec:Update app-ops uidState in case package com.allgo.rui changed
11-07 22:26:59.371  1254  1351 D SystemServerInitThreadPool: Started executing Update app-ops uidState in case package com.allgo.rui changed
11-07 22:26:59.371  1254  1351 D SystemServerInitThreadPool: Finished executing Update app-ops uidState in case package com.allgo.rui changed
11-07 22:26:59.371  1254  1351 D SystemServerTimingAsync: InitThreadPoolExec:Update app-ops uidState in case package com.car.visteon.core.connectivity changed
11-07 22:26:59.371  1254  1351 D SystemServerInitThreadPool: Started executing Update app-ops uidState in case package com.car.visteon.core.connectivity changed
11-07 22:26:59.371  1254  1351 D SystemServerInitThreadPool: Finished executing Update app-ops uidState in case package com.car.visteon.core.connectivity changed
11-07 22:26:59.371  1254  1351 D SystemServerTimingAsync: InitThreadPoolExec:Update app-ops uidState in case package com.android.providers.settings changed
11-07 22:26:59.372  1254  1351 D SystemServerInitThreadPool: Started executing Update app-ops uidState in case package com.android.providers.settings changed
11-07 22:26:59.372  1254  1277 D SystemServerTimingAsync: InitThreadPoolExec:Update app-ops uidState in case package com.visteon.location changed
11-07 22:26:59.372  1254  1277 D SystemServerInitThreadPool: Started executing Update app-ops uidState in case package com.visteon.location changed
11-07 22:26:59.372  1254  1325 D SystemServerTimingAsync: InitThreadPoolExec:Update app-ops uidState in case package com.visteon.mediabrowserservice changed
11-07 22:26:59.372  1254  1277 D SystemServerInitThreadPool: Finished executing Update app-ops uidState in case package com.visteon.location changed
11-07 22:26:59.372  1254  1277 D SystemServerTimingAsync: InitThreadPoolExec:Update app-ops uidState in case package com.x4.settings changed
11-07 22:26:59.372  1254  1277 D SystemServerInitThreadPool: Started executing Update app-ops uidState in case package com.x4.settings changed
11-07 22:26:59.372  1254  1277 D SystemServerInitThreadPool: Finished executing Update app-ops uidState in case package com.x4.settings changed
11-07 22:26:59.372  1254  1277 D SystemServerTimingAsync: InitThreadPoolExec:Update app-ops uidState in case package com.visteon.connectivityui changed
11-07 22:26:59.372  1254  1277 D SystemServerInitThreadPool: Started executing Update app-ops uidState in case package com.visteon.connectivityui changed
11-07 22:26:59.372  1254  1277 D SystemServerInitThreadPool: Finished executing Update app-ops uidState in case package com.visteon.connectivityui changed
11-07 22:26:59.372  1254  1277 D SystemServerTimingAsync: InitThreadPoolExec:Update app-ops uidState in case package com.visteon.serverinteractor changed
11-07 22:26:59.372  1254  1277 D SystemServerInitThreadPool: Started executing Update app-ops uidState in case package com.visteon.serverinteractor changed
11-07 22:26:59.372  1254  1277 D SystemServerInitThreadPool: Finished executing Update app-ops uidState in case package com.visteon.serverinteractor changed
11-07 22:26:59.372  1254  1277 D SystemServerTimingAsync: InitThreadPoolExec:Update app-ops uidState in case package com.android.server.telecom changed
11-07 22:26:59.372  1254  1277 D SystemServerInitThreadPool: Started executing Update app-ops uidState in case package com.android.server.telecom changed
11-07 22:26:59.372  1254  1277 D SystemServerInitThreadPool: Finished executing Update app-ops uidState in case package com.android.server.telecom changed
11-07 22:26:59.372  1254  1277 D SystemServerTimingAsync: InitThreadPoolExec:Update app-ops uidState in case package com.allgo.btmanager changed
11-07 22:26:59.372  1254  1277 D SystemServerInitThreadPool: Started executing Update app-ops uidState in case package com.allgo.btmanager changed
11-07 22:26:59.372  1254  1277 D SystemServerInitThreadPool: Finished executing Update app-ops uidState in case package com.allgo.btmanager changed
11-07 22:26:59.372  1254  1277 D SystemServerTimingAsync: InitThreadPoolExec:Update app-ops uidState in case package android.car.cluster.sample changed
11-07 22:26:59.372  1254  1277 D SystemServerInitThreadPool: Started executing Update app-ops uidState in case package android.car.cluster.sample changed
11-07 22:26:59.372  1254  1325 D SystemServerInitThreadPool: Started executing Update app-ops uidState in case package com.visteon.mediabrowserservice changed
11-07 22:26:59.372  1254  1337 D SystemServerTimingAsync: InitThreadPoolExec:Update app-ops uidState in case package com.visteon.tataskylark changed
11-07 22:26:59.372  1254  1337 D SystemServerInitThreadPool: Started executing Update app-ops uidState in case package com.visteon.tataskylark changed
11-07 22:26:59.372  1254  1337 D SystemServerInitThreadPool: Finished executing Update app-ops uidState in case package com.visteon.tataskylark changed
11-07 22:26:59.372  1254  1337 D SystemServerTimingAsync: InitThreadPoolExec:Update app-ops uidState in case package com.visteon.skylarkTelematics changed
