11-07 22:26:59.820  1254  1351 D SystemServerInitThreadPool: Finished executing WebViewFactoryPreparation
11-07 22:26:59.826  1254  1414 W NetworkPolicy: setRestrictBackgroundUL: already false
11-07 22:26:59.826  1254  1414 D NetworkPolicy: Firewall rules changed for standby; uids=[]; rules=[]
11-07 22:26:59.827  1254  1414 D NetworkPolicy: Firewall chain dozable state: false
11-07 22:26:59.827  1254  1414 D NetworkPolicy: Firewall chain powersave state: false
11-07 22:26:59.827  1254  1414 D NetworkPolicy: no need to update restrict power rules for uid 1000
11-07 22:26:59.827  1254  1414 D NetworkPolicy: no need to update restrict power rules for uid 10065
11-07 22:26:59.827  1254  1414 D NetworkPolicy: no need to update restrict power rules for uid 10036
11-07 22:26:59.827  1254  1414 D NetworkPolicy: no need to update restrict power rules for uid 10078
11-07 22:26:59.827  1254  1414 D NetworkPolicy: no need to update restrict power rules for uid 10096
11-07 22:26:59.827  1254  1414 D NetworkPolicy: no need to update restrict power rules for uid 10003
11-07 22:26:59.827  1254  1414 D NetworkPolicy: no need to update restrict power rules for uid 10106
11-07 22:26:59.828  1254  1414 D NetworkPolicy: no need to update restrict power rules for uid 10006
11-07 22:26:59.828  1254  1414 D NetworkPolicy: no need to update restrict power rules for uid 1001
11-07 22:26:59.829  1254  1414 D NetworkPolicy: no need to update restrict power rules for uid 10091
11-07 22:26:59.830  1254  1414 D NetworkPolicy: no need to update restrict power rules for uid 10063
11-07 22:26:59.830  1254  1414 D NetworkPolicy: no need to update restrict power rules for uid 10014
11-07 22:26:59.833  1254  1414 D NetworkPolicy: no need to update restrict power rules for uid 10025
11-07 22:26:59.834  1254  1414 D NetworkPolicy: no need to update restrict power rules for uid 10057
11-07 22:26:59.834  1254  1414 D NetworkPolicy: no need to update restrict power rules for uid 10026
11-07 22:26:59.834  1254  1414 D NetworkPolicy: no need to update restrict power rules for uid 10060
11-07 22:26:59.834  1254  1414 D NetworkPolicy: no need to update restrict power rules for uid 10030
11-07 22:26:59.836  1254  1414 D NetworkPolicy: no need to update restrict power rules for uid 10074
11-07 22:26:59.836  1254  1414 D NetworkPolicy: no need to update restrict power rules for uid 10040
11-07 22:26:59.837  1254  1414 D NetworkPolicy: no need to update restrict power rules for uid 10066
11-07 22:26:59.843  1254  1414 D NetworkPolicy: no need to update restrict power rules for uid 10033
11-07 22:26:59.844  1254  1414 D NetworkPolicy: no need to update restrict power rules for uid 10059
11-07 22:26:59.848  1254  1414 D NetworkPolicy: no need to update restrict power rules for uid 10023
11-07 22:26:59.849  1254  1414 D NetworkPolicy: no need to update restrict power rules for uid 10079
11-07 22:26:59.849  1254  1414 D NetworkPolicy: no need to update restrict power rules for uid 10061
11-07 22:26:59.849  1254  1414 D NetworkPolicy: no need to update restrict power rules for uid 10018
11-07 22:26:59.849  1254  1414 D NetworkPolicy: no need to update restrict power rules for uid 10087
11-07 22:26:59.849  1254  1414 D NetworkPolicy: no need to update restrict power rules for uid 10099
11-07 22:26:59.849  1254  1414 D NetworkPolicy: no need to update restrict power rules for uid 1073
11-07 22:26:59.850  1254  1414 D NetworkPolicy: no need to update restrict power rules for uid 10097
11-07 22:26:59.850  1254  1414 D NetworkPolicy: no need to update restrict power rules for uid 10004
11-07 22:26:59.850  1254  1414 D NetworkPolicy: no need to update restrict power rules for uid 10007
11-07 22:26:59.850  1254  1414 D NetworkPolicy: no need to update restrict power rules for uid 10031
11-07 22:26:59.850  1254  1414 D NetworkPolicy: no need to update restrict power rules for uid 10064
11-07 22:26:59.850  1254  1414 D NetworkPolicy: no need to update restrict power rules for uid 10081
11-07 22:26:59.850  1254  1414 D NetworkPolicy: no need to update restrict power rules for uid 10056
11-07 22:26:59.850  1254  1414 D NetworkPolicy: no need to update restrict power rules for uid 10069
11-07 22:26:59.850  1254  1414 D NetworkPolicy: no need to update restrict power rules for uid 10085
11-07 22:26:59.851  1254  1414 D NetworkPolicy: no need to update restrict power rules for uid 10012
11-07 22:26:59.851  1254  1414 D NetworkPolicy: no need to update restrict power rules for uid 10095
11-07 22:26:59.851  1254  1414 D NetworkPolicy: no need to update restrict power rules for uid 10070
11-07 22:26:59.851  1254  1414 D NetworkPolicy: no need to update restrict power rules for uid 10105
11-07 22:26:59.851  1254  1414 D NetworkPolicy: no need to update restrict power rules for uid 10054
11-07 22:26:59.851  1254  1414 D NetworkPolicy: no need to update restrict power rules for uid 10005
11-07 22:26:59.851  1254  1414 D NetworkPolicy: no need to update restrict power rules for uid 10028
11-07 22:26:59.853  1254  1414 D NetworkPolicy: no need to update restrict power rules for uid 10067
11-07 22:26:59.853  1254  1414 D NetworkPolicy: no need to update restrict power rules for uid 10022
11-07 22:26:59.854  1254  1414 D NetworkPolicy: no need to update restrict power rules for uid 10010
11-07 22:26:59.854  1254  1414 D NetworkPolicy: no need to update restrict power rules for uid 10002
11-07 22:26:59.854  1254  1414 D NetworkPolicy: no need to update restrict power rules for uid 10068
11-07 22:26:59.854  1254  1414 D NetworkPolicy: no need to update restrict power rules for uid 10052
11-07 22:26:59.854  1254  1414 D NetworkPolicy: no need to update restrict power rules for uid 10050
11-07 22:26:59.854  1254  1414 D NetworkPolicy: no need to update restrict power rules for uid 10000
11-07 22:26:59.854  1254  1414 D NetworkPolicy: no need to update restrict power rules for uid 1068
11-07 22:26:59.854  1254  1414 D NetworkPolicy: no need to update restrict power rules for uid 10029
11-07 22:26:59.855  1254  1414 D NetworkPolicy: no need to update restrict power rules for uid 10055
11-07 22:26:59.855  1254  1414 D NetworkPolicy: no need to update restrict power rules for uid 10075
11-07 22:26:59.855  1254  1414 D NetworkPolicy: no need to update restrict power rules for uid 10093
11-07 22:26:59.855  1254  1414 D NetworkPolicy: no need to update restrict power rules for uid 10032
11-07 22:26:59.855  1254  1414 D NetworkPolicy: no need to update restrict power rules for uid 10049
11-07 22:26:59.855  1254  1414 D NetworkPolicy: no need to update restrict power rules for uid 10044
11-07 22:26:59.855  1254  1414 D NetworkPolicy: no need to update restrict power rules for uid 10011
11-07 22:26:59.855  1254  1414 D NetworkPolicy: no need to update restrict power rules for uid 10024
11-07 22:26:59.856  1254  1414 D NetworkPolicy: no need to update restrict power rules for uid 10008
11-07 22:26:59.856  1254  1414 D NetworkPolicy: no need to update restrict power rules for uid 10098
11-07 22:26:59.856  1254  1414 D NetworkPolicy: no need to update restrict power rules for uid 10016
11-07 22:26:59.856  1254  1414 D NetworkPolicy: no need to update restrict power rules for uid 10071
11-07 22:26:59.856  1254  1414 D NetworkPolicy: no need to update restrict power rules for uid 10020
11-07 22:26:59.856  1254  1414 D NetworkPolicy: no need to update restrict power rules for uid 10038
11-07 22:26:59.857  1254  1414 D NetworkPolicy: no need to update restrict power rules for uid 10021
11-07 22:26:59.857  1254  1414 D NetworkPolicy: no need to update restrict power rules for uid 10041
11-07 22:26:59.857  1254  1414 D NetworkPolicy: no need to update restrict power rules for uid 10089
11-07 22:26:59.857  1254  1414 D NetworkPolicy: no need to update restrict power rules for uid 10062
11-07 22:26:59.857  1254  1414 D NetworkPolicy: no need to update restrict power rules for uid 10073
11-07 22:26:59.857  1254  1414 D NetworkPolicy: no need to update restrict power rules for uid 10027
11-07 22:26:59.857  1254  1414 D NetworkPolicy: no need to update restrict power rules for uid 10076
11-07 22:26:59.857  1254  1414 D NetworkPolicy: no need to update restrict power rules for uid 10086
11-07 22:26:59.857  1254  1414 D NetworkPolicy: no need to update restrict power rules for uid 10045
11-07 22:26:59.857  1254  1414 D NetworkPolicy: no need to update restrict power rules for uid 10015
11-07 22:26:59.857  1254  1414 D NetworkPolicy: no need to update restrict power rules for uid 10053
11-07 22:26:59.858  1254  1414 D NetworkPolicy: no need to update restrict power rules for uid 10048
11-07 22:26:59.858  1254  1414 D NetworkPolicy: no need to update restrict power rules for uid 10077
11-07 22:26:59.858  1254  1414 D NetworkPolicy: no need to update restrict power rules for uid 2000
11-07 22:26:59.858  1254  1414 D NetworkPolicy: no need to update restrict power rules for uid 10017
11-07 22:26:59.858  1254  1414 D NetworkPolicy: no need to update restrict power rules for uid 10102
11-07 22:26:59.858  1254  1414 D NetworkPolicy: no need to update restrict power rules for uid 10088
11-07 22:26:59.859  1254  1414 D NetworkPolicy: no need to update restrict power rules for uid 10009
11-07 22:26:59.859  1254  1414 D NetworkPolicy: no need to update restrict power rules for uid 10090
11-07 22:26:59.859  1254  1414 D NetworkPolicy: no need to update restrict power rules for uid 10051
11-07 22:26:59.859  1254  1414 D NetworkPolicy: no need to update restrict power rules for uid 10104
11-07 22:26:59.859  1254  1414 D NetworkPolicy: no need to update restrict power rules for uid 10072
11-07 22:26:59.859  1254  1414 D NetworkPolicy: no need to update restrict power rules for uid 10100
11-07 22:26:59.860  1254  1414 D NetworkPolicy: no need to update restrict power rules for uid 10001
11-07 22:26:59.860  1254  1414 D NetworkPolicy: no need to update restrict power rules for uid 10019
11-07 22:26:59.860  1254  1414 D NetworkPolicy: no need to update restrict power rules for uid 1002
11-07 22:26:59.860  1254  1414 D NetworkPolicy: no need to update restrict power rules for uid 10082
11-07 22:26:59.861  1254  1414 D NetworkPolicy: no need to update restrict power rules for uid 10080
11-07 22:26:59.861  1254  1414 D NetworkPolicy: no need to update restrict power rules for uid 10013
11-07 22:26:59.861  1254  1414 D NetworkPolicy: no need to update restrict data rules for uid 1000
11-07 22:26:59.862  1254  1414 D NetworkPolicy: no need to update restrict data rules for uid 10065
11-07 22:26:59.862  1254  1414 D NetworkPolicy: no need to update restrict data rules for uid 10036
11-07 22:26:59.862  1254  1414 D NetworkPolicy: no need to update restrict data rules for uid 10078
11-07 22:26:59.862  1254  1414 D NetworkPolicy: no need to update restrict data rules for uid 10096
11-07 22:26:59.862  1254  1414 D NetworkPolicy: no need to update restrict data rules for uid 10003
11-07 22:26:59.862  1254  1414 D NetworkPolicy: no need to update restrict data rules for uid 10106
11-07 22:26:59.862  1254  1414 D NetworkPolicy: no need to update restrict data rules for uid 10006
11-07 22:26:59.862  1254  1414 D NetworkPolicy: no need to update restrict data rules for uid 1001
11-07 22:26:59.863  1254  1414 D NetworkPolicy: no need to update restrict data rules for uid 10091
11-07 22:26:59.863  1254  1414 V NetworkPolicy: setMeteredNetworkAllowlist 10039: true
11-07 22:26:59.863  1254  1414 D NetworkPolicy: metered-allowlist for 10039 changed to true
11-07 22:26:59.863  1254  1414 D NetworkPolicy: metered-allowlist for 20039 changed to true
11-07 22:26:59.864  1254  1414 D NetworkPolicy: no need to update restrict data rules for uid 10063
11-07 22:26:59.864  1254  1414 D NetworkPolicy: no need to update restrict data rules for uid 10014
11-07 22:26:59.864  1254  1414 D NetworkPolicy: no need to update restrict data rules for uid 10025
11-07 22:26:59.864  1254  1414 D NetworkPolicy: no need to update restrict data rules for uid 10057
11-07 22:26:59.865  1254  1414 D NetworkPolicy: no need to update restrict data rules for uid 10026
11-07 22:26:59.865  1254  1414 D NetworkPolicy: no need to update restrict data rules for uid 10060
11-07 22:26:59.865  1254  1414 D NetworkPolicy: no need to update restrict data rules for uid 10030
11-07 22:26:59.865  1254  1414 D NetworkPolicy: no need to update restrict data rules for uid 10074
11-07 22:26:59.865  1254  1414 D NetworkPolicy: no need to update restrict data rules for uid 10040
11-07 22:26:59.865  1254  1414 D NetworkPolicy: no need to update restrict data rules for uid 10066
11-07 22:26:59.866  1254  1414 D NetworkPolicy: no need to update restrict data rules for uid 10033
11-07 22:26:59.866  1254  1414 D NetworkPolicy: no need to update restrict data rules for uid 10059
11-07 22:26:59.866  1254  1414 D NetworkPolicy: no need to update restrict data rules for uid 10023
11-07 22:26:59.866  1254  1414 D NetworkPolicy: no need to update restrict data rules for uid 10079
11-07 22:26:59.866  1254  1414 D NetworkPolicy: no need to update restrict data rules for uid 10061
11-07 22:26:59.866  1254  1414 D NetworkPolicy: no need to update restrict data rules for uid 10018
11-07 22:26:59.866  1254  1414 D NetworkPolicy: no need to update restrict data rules for uid 10087
11-07 22:26:59.866  1254  1414 D NetworkPolicy: no need to update restrict data rules for uid 10099
11-07 22:26:59.866  1254  1414 D NetworkPolicy: no need to update restrict data rules for uid 1073
11-07 22:26:59.866  1254  1414 D NetworkPolicy: no need to update restrict data rules for uid 10097
11-07 22:26:59.869  1254  1414 D NetworkPolicy: no need to update restrict data rules for uid 10004
11-07 22:26:59.869  1254  1414 D NetworkPolicy: no need to update restrict data rules for uid 10007
11-07 22:26:59.869  1254  1414 D NetworkPolicy: no need to update restrict data rules for uid 10031
11-07 22:26:59.869  1254  1414 D NetworkPolicy: no need to update restrict data rules for uid 10064
11-07 22:26:59.869  1254  1414 D NetworkPolicy: no need to update restrict data rules for uid 10081
11-07 22:26:59.870  1254  1414 D NetworkPolicy: no need to update restrict data rules for uid 10056
11-07 22:26:59.870  1254  1414 D NetworkPolicy: no need to update restrict data rules for uid 10069
11-07 22:26:59.870  1254  1414 D NetworkPolicy: no need to update restrict data rules for uid 10085
11-07 22:26:59.870  1254  1414 D NetworkPolicy: no need to update restrict data rules for uid 10012
11-07 22:26:59.870  1254  1414 D NetworkPolicy: no need to update restrict data rules for uid 10095
11-07 22:26:59.870  1254  1414 D NetworkPolicy: no need to update restrict data rules for uid 10070
11-07 22:26:59.870  1254  1414 D NetworkPolicy: no need to update restrict data rules for uid 10105
11-07 22:26:59.871  1254  1414 D NetworkPolicy: no need to update restrict data rules for uid 10054
11-07 22:26:59.871  1254  1414 D NetworkPolicy: no need to update restrict data rules for uid 10005
11-07 22:26:59.871  1254  1414 D NetworkPolicy: no need to update restrict data rules for uid 10028
11-07 22:26:59.871  1254  1414 D NetworkPolicy: no need to update restrict data rules for uid 10067
11-07 22:26:59.872  1254  1414 D NetworkPolicy: no need to update restrict data rules for uid 10022
11-07 22:26:59.873  1254  1414 D NetworkPolicy: no need to update restrict data rules for uid 10010
11-07 22:26:59.873  1254  1414 D NetworkPolicy: no need to update restrict data rules for uid 10002
11-07 22:26:59.873  1254  1414 D NetworkPolicy: no need to update restrict data rules for uid 10068
11-07 22:26:59.873  1254  1414 D NetworkPolicy: no need to update restrict data rules for uid 10052
11-07 22:26:59.873  1254  1414 D NetworkPolicy: no need to update restrict data rules for uid 10050
11-07 22:26:59.873  1254  1414 D NetworkPolicy: no need to update restrict data rules for uid 10000
11-07 22:26:59.874  1254  1414 D NetworkPolicy: no need to update restrict data rules for uid 1068
11-07 22:26:59.875  1254  1254 D SystemServerTiming: MakeVpnManagerServiceReady
11-07 22:26:59.875  1254  1414 D NetworkPolicy: no need to update restrict data rules for uid 10029
11-07 22:26:59.875  1254  1414 D NetworkPolicy: no need to update restrict data rules for uid 10055
11-07 22:26:59.875  1254  1414 D NetworkPolicy: no need to update restrict data rules for uid 10075
11-07 22:26:59.875  1254  1414 D NetworkPolicy: no need to update restrict data rules for uid 10093
11-07 22:26:59.876  1254  1414 D NetworkPolicy: no need to update restrict data rules for uid 10032
11-07 22:26:59.876  1254  1414 D NetworkPolicy: no need to update restrict data rules for uid 10049
11-07 22:26:59.876  1254  1414 D NetworkPolicy: no need to update restrict data rules for uid 10044
11-07 22:26:59.876  1254  1414 D NetworkPolicy: no need to update restrict data rules for uid 10011
11-07 22:26:59.876  1254  1414 D NetworkPolicy: no need to update restrict data rules for uid 10024
11-07 22:26:59.878  1254  1414 D NetworkPolicy: no need to update restrict data rules for uid 10008
11-07 22:26:59.878  1254  1414 D NetworkPolicy: no need to update restrict data rules for uid 10098
11-07 22:26:59.878  1254  1414 D NetworkPolicy: no need to update restrict data rules for uid 10016
11-07 22:26:59.878  1254  1414 D NetworkPolicy: no need to update restrict data rules for uid 10071
11-07 22:26:59.879  1254  1414 D NetworkPolicy: no need to update restrict data rules for uid 10020
11-07 22:26:59.879  1254  1414 D NetworkPolicy: no need to update restrict data rules for uid 10038
11-07 22:26:59.879  1254  1414 D NetworkPolicy: no need to update restrict data rules for uid 10021
11-07 22:26:59.879  1254  1414 D NetworkPolicy: no need to update restrict data rules for uid 10041
11-07 22:26:59.879  1254  1414 D NetworkPolicy: no need to update restrict data rules for uid 10089
11-07 22:26:59.879  1254  1414 D NetworkPolicy: no need to update restrict data rules for uid 10062
11-07 22:26:59.879  1254  1414 D NetworkPolicy: no need to update restrict data rules for uid 10073
11-07 22:26:59.879  1254  1414 D NetworkPolicy: no need to update restrict data rules for uid 10027
11-07 22:26:59.880  1254  1414 D NetworkPolicy: no need to update restrict data rules for uid 10076
11-07 22:26:59.880  1254  1414 D NetworkPolicy: no need to update restrict data rules for uid 10086
11-07 22:26:59.880  1254  1414 D NetworkPolicy: no need to update restrict data rules for uid 10045
11-07 22:26:59.880  1254  1414 D NetworkPolicy: no need to update restrict data rules for uid 10015
11-07 22:26:59.880  1254  1414 D NetworkPolicy: no need to update restrict data rules for uid 10053
11-07 22:26:59.880  1254  1414 D NetworkPolicy: no need to update restrict data rules for uid 10048
11-07 22:26:59.880  1254  1414 D NetworkPolicy: no need to update restrict data rules for uid 10077
11-07 22:26:59.881  1254  1414 D NetworkPolicy: no need to update restrict data rules for uid 2000
11-07 22:26:59.881  1254  1414 D NetworkPolicy: no need to update restrict data rules for uid 10017
11-07 22:26:59.881  1254  1414 D NetworkPolicy: no need to update restrict data rules for uid 10102
11-07 22:26:59.881  1254  1414 D NetworkPolicy: no need to update restrict data rules for uid 10088
11-07 22:26:59.882  1254  1414 D NetworkPolicy: no need to update restrict data rules for uid 10009
11-07 22:26:59.882  1254  1414 D NetworkPolicy: no need to update restrict data rules for uid 10090
11-07 22:26:59.882  1254  1414 D NetworkPolicy: no need to update restrict data rules for uid 10051
11-07 22:26:59.882  1254  1414 D NetworkPolicy: no need to update restrict data rules for uid 10104
11-07 22:26:59.882  1254  1414 D NetworkPolicy: no need to update restrict data rules for uid 10072
11-07 22:26:59.882  1254  1414 D NetworkPolicy: no need to update restrict data rules for uid 10100
11-07 22:26:59.882  1254  1254 D SystemServerTiming: MakeVcnManagementServiceReady
11-07 22:26:59.882  1254  1414 D NetworkPolicy: no need to update restrict data rules for uid 10001
11-07 22:26:59.883  1254  1414 D NetworkPolicy: no need to update restrict data rules for uid 10019
11-07 22:26:59.885  1254  1414 D NetworkPolicy: no need to update restrict data rules for uid 1002
11-07 22:26:59.885  1254  1414 D NetworkPolicy: no need to update restrict data rules for uid 10082
11-07 22:26:59.885  1254  1414 D NetworkPolicy: no need to update restrict data rules for uid 10080
11-07 22:26:59.885  1254  1414 D NetworkPolicy: no need to update restrict data rules for uid 10013
11-07 22:26:59.890  1254  1254 D SystemServerTiming: MakeNetworkPolicyServiceReady
11-07 22:26:59.925  1254  1414 D NetworkPolicy: Firewall chain restricted state: false
11-07 22:26:59.925  1254  1414 V NetworkPolicy: updateNotificationsNL()
11-07 22:26:59.936  1254  1414 D NetworkPolicy: Firewall rules changed for standby; uids=[]; rules=[]
11-07 22:26:59.936  1254  1414 D NetworkPolicy: Firewall chain standby state: false
11-07 22:26:59.942  1254  1254 D SystemServerTiming: PhaseThirdPartyAppsCanStart
11-07 22:26:59.942  1254  1254 I SystemServiceManager: Starting phase 600
11-07 22:26:59.942  1254  1254 D SystemServerTiming: OnBootPhase_600
11-07 22:26:59.942  1254  1254 D SystemServerTiming: OnBootPhase_600_com.android.server.security.FileIntegrityService
11-07 22:26:59.942  1254  1254 D SystemServerTiming: OnBootPhase_600_com.android.server.pm.Installer
11-07 22:26:59.942  1254  1254 D SystemServerTiming: OnBootPhase_600_com.android.server.os.DeviceIdentifiersPolicyService
11-07 22:26:59.942  1254  1254 D SystemServerTiming: OnBootPhase_600_com.android.server.uri.UriGrantsManagerService$Lifecycle
11-07 22:26:59.942  1254  1254 D SystemServerTiming: OnBootPhase_600_com.android.server.powerstats.PowerStatsService
11-07 22:26:59.942  1254  1254 D SystemServerTiming: OnBootPhase_600_com.android.server.wm.ActivityTaskManagerService$Lifecycle
11-07 22:26:59.942  1254  1254 D SystemServerTiming: OnBootPhase_600_com.android.server.am.ActivityManagerService$Lifecycle
11-07 22:26:59.942  1254  1254 I ExplicitHealthCheckController: Explicit health checks enabled.
11-07 22:26:59.943  1254  1254 I PackageWatchdog: Syncing state, reason: health check state enabled
11-07 22:26:59.943  1254  1254 I PackageWatchdog: Not pruning observers, elapsed time: 0ms
11-07 22:26:59.943  1254  1254 I PackageWatchdog: Cancelling state sync, nothing to sync
11-07 22:26:59.943  1254  1254 D SystemServerTiming: OnBootPhase_600_com.android.server.pm.DataLoaderManagerService
11-07 22:26:59.943  1254  1254 D SystemServerTiming: OnBootPhase_600_com.android.server.power.PowerManagerService
11-07 22:26:59.943  1254  1288 I PackageWatchdog: Saving observer state to file
11-07 22:26:59.947  1254  1254 E PowerManagerService: Power manager lock was not held when calling updatePowerStateLocked
11-07 22:26:59.947  1254  1254 D SystemServerTiming: OnBootPhase_600_com.android.server.power.ThermalManagerService
11-07 22:26:59.947  1254  1254 D SystemServerTiming: OnBootPhase_600_com.android.server.lights.LightsService
11-07 22:26:59.947  1254  1254 D SystemServerTiming: OnBootPhase_600_com.android.server.display.DisplayManagerService
11-07 22:26:59.947  1254  1254 D SystemServerTiming: OnBootPhase_600_com.android.server.pm.verify.domain.DomainVerificationService
11-07 22:26:59.947  1254  1254 D SystemServerTiming: OnBootPhase_600_com.android.server.pm.PackageInstallerService$Lifecycle
11-07 22:26:59.947  1254  1254 D SystemServerTiming: OnBootPhase_600_com.android.server.pm.UserManagerService$LifeCycle
11-07 22:26:59.947  1254  1254 D SystemServerTiming: OnBootPhase_600_com.android.server.om.OverlayManagerService
11-07 22:26:59.947  1254  1254 D SystemServerTiming: OnBootPhase_600_com.android.server.resources.ResourcesManagerService
11-07 22:26:59.947  1254  1254 D SystemServerTiming: OnBootPhase_600_com.android.server.sensorprivacy.SensorPrivacyService
11-07 22:26:59.947  1254  1254 D SystemServerTiming: OnBootPhase_600_com.android.server.sensors.SensorService
11-07 22:26:59.947  1254  1254 D SystemServerTiming: OnBootPhase_600_com.android.server.SystemConfigService
11-07 22:26:59.947  1254  1254 D SystemServerTiming: OnBootPhase_600_com.android.server.BatteryService
11-07 22:26:59.947  1254  1254 D SystemServerTiming: OnBootPhase_600_com.android.server.usage.UsageStatsService
11-07 22:26:59.947  1254  1254 D SystemServerTiming: OnBootPhase_600_com.android.server.webkit.WebViewUpdateService
11-07 22:26:59.947  1254  1254 D SystemServerTiming: OnBootPhase_600_com.android.server.CachedDeviceStateService
11-07 22:26:59.947  1254  1254 D SystemServerTiming: OnBootPhase_600_com.android.server.BinderCallsStatsService$LifeCycle
11-07 22:26:59.947  1254  1254 D SystemServerTiming: OnBootPhase_600_com.android.server.LooperStatsService$Lifecycle
11-07 22:26:59.947  1254  1254 D SystemServerTiming: OnBootPhase_600_com.android.server.rollback.RollbackManagerService
11-07 22:26:59.947  1254  1254 D SystemServerTiming: OnBootPhase_600_com.android.server.os.NativeTombstoneManagerService
11-07 22:26:59.947  1254  1254 D SystemServerTiming: OnBootPhase_600_com.android.server.os.BugreportManagerService
11-07 22:26:59.947  1254  1254 D SystemServerTiming: OnBootPhase_600_com.android.server.gpu.GpuService
11-07 22:26:59.947  1254  1254 D SystemServerTiming: OnBootPhase_600_com.android.server.security.KeyChainSystemService
11-07 22:26:59.947  1254  1254 D SystemServerTiming: OnBootPhase_600_com.android.server.BinaryTransparencyService
11-07 22:26:59.947  1254  1254 D SystemServerTiming: OnBootPhase_600_com.android.server.telecom.TelecomLoaderService
11-07 22:26:59.947  1254  1254 D SystemServerTiming: OnBootPhase_600_com.android.server.accounts.AccountManagerService$Lifecycle
11-07 22:26:59.947  1254  1254 D SystemServerTiming: OnBootPhase_600_com.android.server.content.ContentService$Lifecycle
11-07 22:26:59.947  1254  1254 D SystemServerTiming: OnBootPhase_600_com.android.server.DropBoxManagerService
11-07 22:26:59.947  1254  1254 D SystemServerTiming: OnBootPhase_600_com.android.role.RoleService
11-07 22:26:59.947  1254  1254 D SystemServerTiming: OnBootPhase_600_com.android.server.tare.InternalResourceService
11-07 22:26:59.947  1254  1254 D SystemServerTiming: OnBootPhase_600_com.mediatek.server.MtkAlarmManagerService
11-07 22:26:59.947  1254  1254 D SystemServerTiming: OnBootPhase_600_com.android.server.devicestate.DeviceStateManagerService
11-07 22:26:59.947  1254  1254 D SystemServerTiming: OnBootPhase_600_com.android.server.camera.CameraServiceProxy
11-07 22:26:59.947  1254  1254 D SystemServerTiming: OnBootPhase_600_com.android.server.bluetooth.BluetoothService
11-07 22:26:59.947  1254  1254 D SystemServerTiming: OnBootPhase_600_com.android.server.connectivity.IpConnectivityMetrics
11-07 22:26:59.947  1254  1254 D SystemServerTiming: OnBootPhase_600_com.android.server.net.watchlist.NetworkWatchlistService$Lifecycle
11-07 22:26:59.948  1254  1254 D SystemServerTiming: OnBootPhase_600_com.android.server.integrity.AppIntegrityManagerService
11-07 22:26:59.948  1254  1254 D SystemServerTiming: OnBootPhase_600_com.android.server.logcat.LogcatManagerService
11-07 22:26:59.948  1254  1254 D SystemServerTiming: OnBootPhase_600_com.android.server.inputmethod.InputMethodManagerService$Lifecycle
11-07 22:26:59.948  1254  1254 D SystemServerTiming: OnBootPhase_600_com.android.server.accessibility.AccessibilityManagerService$Lifecycle
11-07 22:26:59.948  1254  1254 D SystemServerTiming: OnBootPhase_600_com.android.server.StorageManagerService$Lifecycle
11-07 22:26:59.949  1254  1254 D SystemServerTiming: OnBootPhase_600_com.android.server.usage.StorageStatsService$Lifecycle
11-07 22:26:59.949  1254  1254 D SystemServerTiming: OnBootPhase_600_com.android.server.UiModeManagerService
11-07 22:26:59.949  1254  1254 D SystemServerTiming: OnBootPhase_600_com.android.server.locales.LocaleManagerService
11-07 22:26:59.949  1254  1254 D SystemServerTiming: OnBootPhase_600_com.android.server.locksettings.LockSettingsService$Lifecycle
11-07 22:26:59.949  1254  1254 D SystemServerTiming: OnBootPhase_600_com.android.server.PersistentDataBlockService
11-07 22:26:59.949  1254  1254 D SystemServerTiming: OnBootPhase_600_com.android.server.testharness.TestHarnessModeService
11-07 22:26:59.949  1254  1254 D SystemServerTiming: OnBootPhase_600_com.android.server.oemlock.OemLockService
11-07 22:26:59.949  1254  1254 D SystemServerTiming: OnBootPhase_600_com.android.server.DeviceIdleController
11-07 22:26:59.949  1254  1254 D SystemServerTiming: OnBootPhase_600_com.android.server.devicepolicy.DevicePolicyManagerService$Lifecycle
11-07 22:26:59.949  1254  1254 D SystemServerTiming: OnBootPhase_600_com.android.server.texttospeech.TextToSpeechManagerService
11-07 22:26:59.949  1254  1254 D SystemServerTiming: OnBootPhase_600_com.android.server.ambientcontext.AmbientContextManagerService
11-07 22:26:59.949  1254  1254 D SystemServerTiming: OnBootPhase_600_com.android.server.speech.SpeechRecognitionManagerService
11-07 22:26:59.949  1254  1254 D SystemServerTiming: OnBootPhase_600_com.android.server.searchui.SearchUiManagerService
11-07 22:26:59.949  1254  1289 I DropBoxManagerService: add tag=system_server_wtf isTagEnabled=true flags=0x2
11-07 22:26:59.949  1254  1254 D SystemServerTiming: OnBootPhase_600_com.android.server.smartspace.SmartspaceManagerService
11-07 22:26:59.949  1254  1254 D SystemServerTiming: OnBootPhase_600_com.android.server.cloudsearch.CloudSearchManagerService
11-07 22:26:59.949  1254  1254 D SystemServerTiming: OnBootPhase_600_com.android.server.graphics.fonts.FontManagerService$Lifecycle
11-07 22:26:59.949  1254  1254 D SystemServerTiming: OnBootPhase_600_com.android.server.textservices.TextServicesManagerService$Lifecycle
11-07 22:26:59.950  1254  1254 D SystemServerTiming: OnBootPhase_600_com.android.server.NetworkScoreService$Lifecycle
11-07 22:26:59.950  1254  1254 D SystemServerTiming: OnBootPhase_600_com.android.server.NetworkStatsServiceInitializer
11-07 22:26:59.950  1254  1254 D SystemServerTiming: OnBootPhase_600_com.android.server.wifi.WifiService
11-07 22:26:59.950  1254  1254 D SystemServerTiming: OnBootPhase_600_com.android.server.wifi.scanner.WifiScanningService
11-07 22:26:59.950  1254  1254 D SystemServerTiming: OnBootPhase_600_com.android.server.wifi.p2p.WifiP2pService
11-07 22:26:59.950  1254  1254 D SystemServerTiming: OnBootPhase_600_com.android.server.ConnectivityServiceInitializer
11-07 22:26:59.951  1254  1254 D SystemServerTiming: OnBootPhase_600_com.android.server.notification.NotificationManagerService
11-07 22:26:59.954  1254  1254 D ConditionProviders.ECP: onBootComplete
11-07 22:26:59.954  1254  1254 D ConditionProviders.ECP: reloadTrackers
11-07 22:26:59.954  1254  1254 I NotificationHistory: History disabled for user 0
11-07 22:26:59.954  1254  1254 D SystemServerTiming: OnBootPhase_600_com.android.server.storage.DeviceStorageMonitorService
11-07 22:26:59.954  1254  1254 D SystemServerTiming: OnBootPhase_600_com.android.server.location.LocationManagerService$Lifecycle
11-07 22:26:59.954  1254  1431 D ConditionProviders.ECP: evaluateSubscriptions
11-07 22:26:59.955  1254  1431 D ConditionProviders.ECP: Not scheduling evaluate: no time specified
11-07 22:26:59.955  1254  1431 D ConditionProviders.ECP: evaluateSubscriptions took 1
11-07 22:26:59.971  1254  1327 D CompatibilityChangeReporter: Compat change id reported: 161145287; UID 10090; state: DISABLED
11-07 22:26:59.973  1254  1327 V SettingsProvider: packageValueForCallResult, name = transition_animation_scale, value : Bundle[{_track_generation=android.util.MemoryIntArray@b5, value=0, _generation_index=0, _generation=2}]
11-07 22:26:59.992  1481  1481 D BarControlPolicy: reloadFromSetting()
11-07 22:27:00.007  1254  1254 W SystemServiceManager: Service com.android.server.location.LocationManagerService$Lifecycle took 53 ms in onBootPhase
11-07 22:27:00.007  1254  1254 D SystemServerTiming: OnBootPhase_600_com.android.server.timedetector.TimeDetectorService$Lifecycle
11-07 22:27:00.007  1254  1254 D SystemServerTiming: OnBootPhase_600_com.android.server.timezonedetector.TimeZoneDetectorService$Lifecycle
11-07 22:27:00.007  1254  1254 D SystemServerTiming: OnBootPhase_600_com.android.server.timezonedetector.location.LocationTimeZoneManagerService$Lifecycle
11-07 22:27:00.008  1254  1254 D SystemServerTiming: OnBootPhase_600_com.android.server.timedetector.GnssTimeUpdateService$Lifecycle
11-07 22:27:00.009  1254  1254 D CompatibilityChangeReporter: Compat change id reported: 168936375; UID 1000; state: DISABLED
11-07 22:27:00.009  1254  1254 D CompatibilityChangeReporter: Compat change id reported: 168936375; UID 1000; state: ENABLED
11-07 22:27:00.018  1254  1254 D CompatibilityChangeReporter: Compat change id reported: 73144566; UID 1000; state: DISABLED
11-07 22:27:00.018  1254  1254 D CompatibilityChangeReporter: Compat change id reported: 73144566; UID 1000; state: ENABLED
11-07 22:27:00.019  1254  1278 D LocationTZDetector: Not starting location_time_zone_manager: it is disabled in service config
11-07 22:27:00.022  1254  1254 D SystemServerTiming: OnBootPhase_600_com.android.server.wallpaper.WallpaperManagerService$Lifecycle
11-07 22:27:00.023  1254  1254 D WallpaperManagerService: Wallpaper_switch-user-0
11-07 22:27:00.023  1254  1254 V WallpaperManagerService: bindWallpaperComponentLocked: componentName=ComponentInfo{com.android.systemui/com.android.systemui.ImageWallpaper}
11-07 22:27:00.025  1254  1254 D SystemServerTiming: OnBootPhase_600_com.android.server.wallpapereffectsgeneration.WallpaperEffectsGenerationManagerService
11-07 22:27:00.026  1254  1254 D SystemServerTiming: OnBootPhase_600_com.android.server.audio.AudioService$Lifecycle
11-07 22:27:00.026  1254  1254 D SystemServerTiming: OnBootPhase_600_com.android.server.broadcastradio.BroadcastRadioService
11-07 22:27:00.026  1254  1254 D SystemServerTiming: OnBootPhase_600_com.android.server.midi.MidiService$Lifecycle
11-07 22:27:00.026  1254  1254 D SystemServerTiming: OnBootPhase_600_com.android.server.adb.AdbService$Lifecycle
11-07 22:27:00.026  1254  1254 D SystemServerTiming: OnBootPhase_600_com.android.server.usb.UsbService$Lifecycle
11-07 22:27:00.026  1254  1254 D SystemServerTiming: OnBootPhase_600_com.android.server.twilight.TwilightService
11-07 22:27:00.026  1254  1254 D SystemServerTiming: OnBootPhase_600_com.android.server.display.color.ColorDisplayService
11-07 22:27:00.026  1254  1254 D SystemServerTiming: OnBootPhase_600_com.android.server.job.JobSchedulerService
11-07 22:27:00.027  1254  1254 V JobScheduler.JobStatus: Constraint -2147483648 is satisfied for 87375ce #u0a100/3 com.android.permissioncontroller/.permission.service.v33.PermissionEventCleanupJobService
11-07 22:27:00.027  1254  1254 V JobScheduler.JobStatus: Constraint 1073741824 is satisfied for 87375ce #u0a100/3 com.android.permissioncontroller/.permission.service.v33.PermissionEventCleanupJobService
11-07 22:27:00.027  1254  1254 V JobScheduler.JobStatus: Constraint 4194304 is satisfied for 87375ce #u0a100/3 com.android.permissioncontroller/.permission.service.v33.PermissionEventCleanupJobService
11-07 22:27:00.027  1254  1254 V JobScheduler.JobStatus: Constraint 33554432 is satisfied for 87375ce #u0a100/3 com.android.permissioncontroller/.permission.service.v33.PermissionEventCleanupJobService
11-07 22:27:00.027  1254  1254 V JobScheduler.JobStatus: Constraint 16777216 is satisfied for 87375ce #u0a100/3 com.android.permissioncontroller/.permission.service.v33.PermissionEventCleanupJobService
11-07 22:27:00.028  1254  1254 V JobScheduler.JobStatus: Constraint 134217728 is satisfied for 87375ce #u0a100/3 com.android.permissioncontroller/.permission.service.v33.PermissionEventCleanupJobService
11-07 22:27:00.028  1254  1254 V JobScheduler.SC: wouldBeReadyWithConstraintLocked: 4895ad0 #u0a100/2 com.android.permissioncontroller/.hibernation.HibernationJobService constraint=-2147483648 readyWithConstraint=false
11-07 22:27:00.028  1254  1254 V JobScheduler.SC: wouldBeReadyWithConstraintLocked: 4895ad0 #u0a100/2 com.android.permissioncontroller/.hibernation.HibernationJobService constraint=1073741824 readyWithConstraint=false
11-07 22:27:00.028  1254  1254 V JobScheduler.JobStatus: Constraint 4194304 is satisfied for 4895ad0 #u0a100/2 com.android.permissioncontroller/.hibernation.HibernationJobService
11-07 22:27:00.028  1254  1254 V JobScheduler.JobStatus: Constraint 33554432 is satisfied for 4895ad0 #u0a100/2 com.android.permissioncontroller/.hibernation.HibernationJobService
11-07 22:27:00.028  1254  1254 V JobScheduler.JobStatus: Constraint 16777216 is satisfied for 4895ad0 #u0a100/2 com.android.permissioncontroller/.hibernation.HibernationJobService
11-07 22:27:00.028  1254  1254 V JobScheduler.JobStatus: Constraint 134217728 is satisfied for 4895ad0 #u0a100/2 com.android.permissioncontroller/.hibernation.HibernationJobService
11-07 22:27:00.028  1254  1254 V JobScheduler.SC: wouldBeReadyWithConstraintLocked: ab54d02 #1000/808 android/com.android.server.MountServiceIdler constraint=-2147483648 readyWithConstraint=false
11-07 22:27:00.028  1254  1254 V JobScheduler.JobStatus: Constraint 1 is satisfied for ab54d02 #1000/808 android/com.android.server.MountServiceIdler
11-07 22:27:00.028  1254  1254 V JobScheduler.JobStatus: Constraint 2 is satisfied for ab54d02 #1000/808 android/com.android.server.MountServiceIdler
11-07 22:27:00.028  1254  1254 V JobScheduler.JobStatus: Constraint 4194304 is satisfied for ab54d02 #1000/808 android/com.android.server.MountServiceIdler
11-07 22:27:00.028  1254  1254 V JobScheduler.JobStatus: Constraint 33554432 is satisfied for ab54d02 #1000/808 android/com.android.server.MountServiceIdler
11-07 22:27:00.028  1254  1254 V JobScheduler.JobStatus: Constraint 16777216 is satisfied for ab54d02 #1000/808 android/com.android.server.MountServiceIdler
11-07 22:27:00.028  1254  1254 V JobScheduler.JobStatus: Constraint 134217728 is satisfied for ab54d02 #1000/808 android/com.android.server.MountServiceIdler
11-07 22:27:00.029  1254  1254 V JobScheduler.SC: wouldBeReadyWithConstraintLocked: a857dee #1000/1145656139 android/com.android.server.storage.DiskStatsLoggingService constraint=-2147483648 readyWithConstraint=false
11-07 22:27:00.029  1254  1254 V JobScheduler.SC: wouldBeReadyWithConstraintLocked: a857dee #1000/1145656139 android/com.android.server.storage.DiskStatsLoggingService constraint=1073741824 readyWithConstraint=false
11-07 22:27:00.029  1254  1254 V JobScheduler.JobStatus: Constraint 1 is satisfied for a857dee #1000/1145656139 android/com.android.server.storage.DiskStatsLoggingService
11-07 22:27:00.029  1254  1254 V JobScheduler.JobStatus: Constraint 2 is satisfied for a857dee #1000/1145656139 android/com.android.server.storage.DiskStatsLoggingService
11-07 22:27:00.029  1254  1254 V JobScheduler.JobStatus: Constraint 4194304 is satisfied for a857dee #1000/1145656139 android/com.android.server.storage.DiskStatsLoggingService
11-07 22:27:00.029  1254  1254 V JobScheduler.JobStatus: Constraint 33554432 is satisfied for a857dee #1000/1145656139 android/com.android.server.storage.DiskStatsLoggingService
11-07 22:27:00.029  1254  1254 V JobScheduler.JobStatus: Constraint 16777216 is satisfied for a857dee #1000/1145656139 android/com.android.server.storage.DiskStatsLoggingService
11-07 22:27:00.029  1254  1254 V JobScheduler.JobStatus: Constraint 134217728 is satisfied for a857dee #1000/1145656139 android/com.android.server.storage.DiskStatsLoggingService
11-07 22:27:00.029  1254  1254 V JobScheduler.SC: wouldBeReadyWithConstraintLocked: 956b7d8 #1000/882313 android/com.android.server.net.watchlist.ReportWatchlistJobService constraint=-2147483648 readyWithConstraint=false
11-07 22:27:00.029  1254  1254 V JobScheduler.SC: wouldBeReadyWithConstraintLocked: 956b7d8 #1000/882313 android/com.android.server.net.watchlist.ReportWatchlistJobService constraint=1073741824 readyWithConstraint=false
11-07 22:27:00.029  1254  1254 V JobScheduler.JobStatus: Constraint 2 is satisfied for 956b7d8 #1000/882313 android/com.android.server.net.watchlist.ReportWatchlistJobService
11-07 22:27:00.029  1254  1254 V JobScheduler.JobStatus: Constraint 4194304 is satisfied for 956b7d8 #1000/882313 android/com.android.server.net.watchlist.ReportWatchlistJobService
11-07 22:27:00.029  1254  1254 V JobScheduler.JobStatus: Constraint 33554432 is satisfied for 956b7d8 #1000/882313 android/com.android.server.net.watchlist.ReportWatchlistJobService
11-07 22:27:00.029  1254  1254 V JobScheduler.JobStatus: Constraint 16777216 is satisfied for 956b7d8 #1000/882313 android/com.android.server.net.watchlist.ReportWatchlistJobService
11-07 22:27:00.029  1254  1254 V JobScheduler.JobStatus: Constraint 134217728 is satisfied for 956b7d8 #1000/882313 android/com.android.server.net.watchlist.ReportWatchlistJobService
11-07 22:27:00.029  1254  1254 V JobScheduler.SC: wouldBeReadyWithConstraintLocked: 861c8ae #1000/2030028 android/com.android.server.pm.DynamicCodeLoggingService constraint=-2147483648 readyWithConstraint=false
11-07 22:27:00.029  1254  1254 V JobScheduler.SC: wouldBeReadyWithConstraintLocked: 861c8ae #1000/2030028 android/com.android.server.pm.DynamicCodeLoggingService constraint=1073741824 readyWithConstraint=false
11-07 22:27:00.029  1254  1254 V JobScheduler.JobStatus: Constraint 1 is satisfied for 861c8ae #1000/2030028 android/com.android.server.pm.DynamicCodeLoggingService
11-07 22:27:00.029  1254  1254 V JobScheduler.JobStatus: Constraint 2 is satisfied for 861c8ae #1000/2030028 android/com.android.server.pm.DynamicCodeLoggingService
11-07 22:27:00.029  1254  1254 V JobScheduler.JobStatus: Constraint 4194304 is satisfied for 861c8ae #1000/2030028 android/com.android.server.pm.DynamicCodeLoggingService
11-07 22:27:00.029  1254  1254 V JobScheduler.JobStatus: Constraint 33554432 is satisfied for 861c8ae #1000/2030028 android/com.android.server.pm.DynamicCodeLoggingService
11-07 22:27:00.029  1254  1254 V JobScheduler.JobStatus: Constraint 16777216 is satisfied for 861c8ae #1000/2030028 android/com.android.server.pm.DynamicCodeLoggingService
11-07 22:27:00.030  1254  1254 V JobScheduler.JobStatus: Constraint 134217728 is satisfied for 861c8ae #1000/2030028 android/com.android.server.pm.DynamicCodeLoggingService
11-07 22:27:00.030  1254  1254 V JobScheduler.SC: wouldBeReadyWithConstraintLocked: 5c67a01 #1000/16942831 android/com.android.server.appsearch.contactsindexer.ContactsIndexerMaintenanceService constraint=-2147483648 readyWithConstraint=false
11-07 22:27:00.030  1254  1254 V JobScheduler.SC: wouldBeReadyWithConstraintLocked: 5c67a01 #1000/16942831 android/com.android.server.appsearch.contactsindexer.ContactsIndexerMaintenanceService constraint=1073741824 readyWithConstraint=false
11-07 22:27:00.030  1254  1254 V JobScheduler.JobStatus: Constraint 2 is satisfied for 5c67a01 #1000/16942831 android/com.android.server.appsearch.contactsindexer.ContactsIndexerMaintenanceService
11-07 22:27:00.030  1254  1254 V JobScheduler.JobStatus: Constraint 4194304 is satisfied for 5c67a01 #1000/16942831 android/com.android.server.appsearch.contactsindexer.ContactsIndexerMaintenanceService
11-07 22:27:00.030  1254  1254 V JobScheduler.JobStatus: Constraint 33554432 is satisfied for 5c67a01 #1000/16942831 android/com.android.server.appsearch.contactsindexer.ContactsIndexerMaintenanceService
11-07 22:27:00.030  1254  1254 V JobScheduler.JobStatus: Constraint 16777216 is satisfied for 5c67a01 #1000/16942831 android/com.android.server.appsearch.contactsindexer.ContactsIndexerMaintenanceService
11-07 22:27:00.030  1254  1254 V JobScheduler.JobStatus: Constraint 134217728 is satisfied for 5c67a01 #1000/16942831 android/com.android.server.appsearch.contactsindexer.ContactsIndexerMaintenanceService
11-07 22:27:00.030  1254  1254 V JobScheduler.JobStatus: Constraint -2147483648 is satisfied for 2621cef #1000/1 com.android.providers.settings/.WriteFallbackSettingsFilesJobService
11-07 22:27:00.030  1254  1254 V JobScheduler.JobStatus: Constraint 1073741824 is satisfied for 2621cef #1000/1 com.android.providers.settings/.WriteFallbackSettingsFilesJobService
11-07 22:27:00.030  1254  1254 V JobScheduler.JobStatus: Constraint 1 is satisfied for 2621cef #1000/1 com.android.providers.settings/.WriteFallbackSettingsFilesJobService
11-07 22:27:00.030  1254  1254 V JobScheduler.JobStatus: Constraint 2 is satisfied for 2621cef #1000/1 com.android.providers.settings/.WriteFallbackSettingsFilesJobService
11-07 22:27:00.030  1254  1254 V JobScheduler.JobStatus: Constraint 4194304 is satisfied for 2621cef #1000/1 com.android.providers.settings/.WriteFallbackSettingsFilesJobService
11-07 22:27:00.030  1254  1254 V JobScheduler.JobStatus: Constraint 33554432 is satisfied for 2621cef #1000/1 com.android.providers.settings/.WriteFallbackSettingsFilesJobService
11-07 22:27:00.030  1254  1254 V JobScheduler.JobStatus: Constraint 16777216 is satisfied for 2621cef #1000/1 com.android.providers.settings/.WriteFallbackSettingsFilesJobService
11-07 22:27:00.030  1254  1254 V JobScheduler.JobStatus: Constraint 134217728 is satisfied for 2621cef #1000/1 com.android.providers.settings/.WriteFallbackSettingsFilesJobService
11-07 22:27:00.030  1254  1254 V JobScheduler.SC: wouldBeReadyWithConstraintLocked: 15ba64f #1000/203142925 android/com.android.server.pm.DynamicCodeLoggingService constraint=-2147483648 readyWithConstraint=false
11-07 22:27:00.030  1254  1254 V JobScheduler.SC: wouldBeReadyWithConstraintLocked: 15ba64f #1000/203142925 android/com.android.server.pm.DynamicCodeLoggingService constraint=1073741824 readyWithConstraint=false
11-07 22:27:00.030  1254  1254 V JobScheduler.JobStatus: Constraint 2 is satisfied for 15ba64f #1000/203142925 android/com.android.server.pm.DynamicCodeLoggingService
11-07 22:27:00.030  1254  1254 V JobScheduler.JobStatus: Constraint 4194304 is satisfied for 15ba64f #1000/203142925 android/com.android.server.pm.DynamicCodeLoggingService
11-07 22:27:00.030  1254  1254 V JobScheduler.JobStatus: Constraint 33554432 is satisfied for 15ba64f #1000/203142925 android/com.android.server.pm.DynamicCodeLoggingService
11-07 22:27:00.030  1254  1254 V JobScheduler.JobStatus: Constraint 16777216 is satisfied for 15ba64f #1000/203142925 android/com.android.server.pm.DynamicCodeLoggingService
11-07 22:27:00.030  1254  1254 V JobScheduler.JobStatus: Constraint 134217728 is satisfied for 15ba64f #1000/203142925 android/com.android.server.pm.DynamicCodeLoggingService
11-07 22:27:00.030  1254  1254 V JobScheduler.SC: wouldBeReadyWithConstraintLocked: cc11dc #1000/765123 android/com.android.server.PruneInstantAppsJobService constraint=-2147483648 readyWithConstraint=false
11-07 22:27:00.030  1254  1254 V JobScheduler.SC: wouldBeReadyWithConstraintLocked: cc11dc #1000/765123 android/com.android.server.PruneInstantAppsJobService constraint=1073741824 readyWithConstraint=false
11-07 22:27:00.030  1254  1254 V JobScheduler.JobStatus: Constraint 4194304 is satisfied for cc11dc #1000/765123 android/com.android.server.PruneInstantAppsJobService
11-07 22:27:00.031  1254  1254 V JobScheduler.JobStatus: Constraint 33554432 is satisfied for cc11dc #1000/765123 android/com.android.server.PruneInstantAppsJobService
11-07 22:27:00.031  1254  1254 V JobScheduler.JobStatus: Constraint 16777216 is satisfied for cc11dc #1000/765123 android/com.android.server.PruneInstantAppsJobService
11-07 22:27:00.031  1254  1254 V JobScheduler.JobStatus: Constraint 134217728 is satisfied for cc11dc #1000/765123 android/com.android.server.PruneInstantAppsJobService
11-07 22:27:00.031  1254  1254 V JobScheduler.JobStatus: Constraint -2147483648 is satisfied for bfba85 #1000/546378950 android/com.android.server.usage.UsageStatsIdleService
11-07 22:27:00.031  1254  1254 V JobScheduler.SC: wouldBeReadyWithConstraintLocked: bfba85 #1000/546378950 android/com.android.server.usage.UsageStatsIdleService constraint=-2147483648 readyWithConstraint=false
11-07 22:27:00.031  1254  1254 V JobScheduler.SC: wouldBeReadyWithConstraintLocked: bfba85 #1000/546378950 android/com.android.server.usage.UsageStatsIdleService constraint=1073741824 readyWithConstraint=false
11-07 22:27:00.031  1254  1254 V JobScheduler.JobStatus: Constraint 4194304 is satisfied for bfba85 #1000/546378950 android/com.android.server.usage.UsageStatsIdleService
11-07 22:27:00.031  1254  1254 V JobScheduler.JobStatus: Constraint 33554432 is satisfied for bfba85 #1000/546378950 android/com.android.server.usage.UsageStatsIdleService
11-07 22:27:00.031  1254  1254 V JobScheduler.JobStatus: Constraint 16777216 is satisfied for bfba85 #1000/546378950 android/com.android.server.usage.UsageStatsIdleService
11-07 22:27:00.031  1254  1254 V JobScheduler.JobStatus: Constraint 134217728 is satisfied for bfba85 #1000/546378950 android/com.android.server.usage.UsageStatsIdleService
11-07 22:27:00.031  1254  1254 D SystemServerTiming: OnBootPhase_600_com.android.server.soundtrigger.SoundTriggerService
11-07 22:27:00.031  1254  1254 D SoundTriggerService: onBootPhase: 600 : false
11-07 22:27:00.031  1254  1254 D SystemServerTiming: OnBootPhase_600_com.android.server.trust.TrustManagerService
11-07 22:27:00.031  1254  1254 D TrustManagerService: refreshAgentList(-1)
11-07 22:27:00.031  1254  1254 D TrustManagerService: refreshAgentList: skipping user 0: no secure credential
11-07 22:27:00.043   520   546 I keystore2: keystore2::authorization: on_lock_screen_event(LockScreenEvent(0), user_id=0, password.is_some()=false, unlocking_sids=Some([]))
11-07 22:27:00.048  1254  1254 D SystemServerTiming: OnBootPhase_600_com.android.server.appwidget.AppWidgetService
11-07 22:27:00.048  1254  1254 D SystemServerTiming: OnBootPhase_600_com.android.server.voiceinteraction.VoiceInteractionManagerService
