11-07 16:56:32.763  1564  1564 W CAR.SERVICE: 	at com.android.car.CarStorageMonitoringService.lambda$doInitServiceIfNeededLocked$5$com-android-car-CarStorageMonitoringService(CarStorageMonitoringService.java:369)
11-07 16:56:32.763  1564  1564 W CAR.SERVICE: 	at com.android.car.CarStorageMonitoringService$$ExternalSyntheticLambda4.accept(Unknown Source:6)
11-07 16:56:32.763  1564  1564 W CAR.SERVICE: 	at com.android.car.OnShutdownReboot$1.onReceive(OnShutdownReboot.java:45)
11-07 16:56:32.763  1564  1564 W CAR.SERVICE: 	at android.app.LoadedApk$ReceiverDispatcher$Args.lambda$getRunnable$0$android-app-LoadedApk$ReceiverDispatcher$Args(LoadedApk.java:1809)
11-07 16:56:32.763  1564  1564 W CAR.SERVICE: 	at android.app.LoadedApk$ReceiverDispatcher$Args$$ExternalSyntheticLambda0.run(Unknown Source:2)
11-07 16:56:32.763  1564  1564 W CAR.SERVICE: 	at android.os.Handler.handleCallback(Handler.java:942)
11-07 16:56:32.763  1564  1564 W CAR.SERVICE: 	at android.os.Handler.dispatchMessage(Handler.java:99)
11-07 16:56:32.763  1564  1564 W CAR.SERVICE: 	at android.os.Looper.loopOnce(Looper.java:201)
11-07 16:56:32.763  1564  1564 W CAR.SERVICE: 	at android.os.Looper.loop(Looper.java:288)
11-07 16:56:32.763  1564  1564 W CAR.SERVICE: 	at android.app.ActivityThread.main(ActivityThread.java:7937)
11-07 16:56:32.763  1564  1564 W CAR.SERVICE: 	at java.lang.reflect.Method.invoke(Native Method)
11-07 16:56:32.763  1564  1564 W CAR.SERVICE: 	at com.android.internal.os.RuntimeInit$MethodAndArgsCaller.run(RuntimeInit.java:569)
11-07 16:56:32.763  1564  1564 W CAR.SERVICE: 	at com.android.internal.os.ZygoteInit.main(ZygoteInit.java:1015)
11-07 16:56:32.772  1564  1564 D CarWatchdogService: Notified car watchdog daemon of power cycle(1)
11-07 16:56:32.818  1234  2232 E TaskPersister: File error accessing recents directory (directory doesn't exist?).
11-07 16:56:32.820  1234 14801 W AppOps  : Writing app ops before shutdown...
11-07 16:56:32.848  1234 14801 I UsageStatsService: User[0] Flushing usage stats to disk
11-07 16:56:32.863   781   855 E NetlinkEvent: NetlinkEvent::FindParam(): Parameter 'DEVTYPE' not found
11-07 16:56:32.863   781   855 E NetlinkEvent: NetlinkEvent::FindParam(): Parameter 'DEVTYPE' not found
11-07 16:56:32.863   781   855 E NetlinkEvent: NetlinkEvent::FindParam(): Parameter 'DEVTYPE' not found
11-07 16:56:32.863   781   855 E NetlinkEvent: NetlinkEvent::FindParam(): Parameter 'DEVTYPE' not found
11-07 16:56:32.863   781   855 E NetlinkEvent: NetlinkEvent::FindParam(): Parameter 'DEVTYPE' not found
11-07 16:56:32.865   781   855 E NetlinkEvent: NetlinkEvent::FindParam(): Parameter 'DEVTYPE' not found
11-07 16:56:32.889  1234  1234 D JobScheduler: UID 10032 bias changed from 30 to 0
11-07 16:56:32.890  1234  1234 D JobScheduler: pending queue: 0 jobs.
11-07 16:56:32.890  1234  1234 D JobScheduler.Concurrency: Pending queue: 
11-07 16:56:32.890  1234  1355 V NetworkPolicy: 10032 state changed to IMPF,seq=38555,cap=----
11-07 16:56:32.890  1234  1234 D JobScheduler: UID 1002 bias changed from 35 to 0
11-07 16:56:32.890  1234  1234 D JobScheduler: pending queue: 0 jobs.
11-07 16:56:32.890  1234  1234 D JobScheduler.Concurrency: Pending queue: 
11-07 16:56:32.890  1234  1355 D NetworkPolicy: no need to update restrict data rules for uid 10032
11-07 16:56:32.890  1234  1355 D NetworkPolicy: no need to update restrict power rules for uid 10032
11-07 16:56:32.891  1234  1355 V NetworkPolicy: 1002 state changed to IMPF,seq=38557,cap=LCMN
11-07 16:56:32.891  1234  1355 D NetworkPolicy: no need to update restrict data rules for uid 1002
11-07 16:56:32.904  1234 14801 E UsageStatsService: Failed to write /data/system_de/usagestats/globalcomponentusage
11-07 16:56:32.906  1234  1234 D JobScheduler.Quota: Processing event 26 for <0>android
11-07 16:56:32.915  1234 14801 W BatteryStats: Writing battery stats before shutdown...
11-07 16:56:32.917  1234  1271 W BatteryExternalStatsWorker: error reading Bluetooth stats: 9
11-07 16:56:32.930  1234  5125 W BatteryExternalStatsWorker: error reading modem stats:ERROR_INVALID_INFO_RECEIVED
11-07 16:56:32.930  1234  2214 V ActivityManager: Death received in com.android.server.am.ActivityManagerService$AppDeathRecipient@3358a09 for thread android.os.BinderProxy@9d0b40e
11-07 16:56:32.930  1234  2214 I ActivityManager: Process com.android.btautoconnect (pid 14858) has died: fg  FGS 
11-07 16:56:32.932  1234  2214 W ActivityManager: Not scheduling restart of crashed service com.android.btautoconnect/.BtAutoConnectService - system is shutting down
11-07 16:56:32.973  1234 14801 W ProcessStatsService: Writing process stats before shutdown...
11-07 16:56:33.003  1234 14801 I PackageWatchdog: Not pruning observers, elapsed time: 0ms
11-07 16:56:33.004  1234 14801 I PackageWatchdog: Saving observer state to file
11-07 16:56:33.006  1234 14801 I PackageWatchdog: Last write to update package durations
11-07 16:56:33.014  1234  4502 V ActivityManager: Death received in com.android.server.am.ActivityManagerService$AppDeathRecipient@f3bf044 for thread android.os.BinderProxy@852352d
11-07 16:56:33.014  1234  4502 I ActivityManager: Process com.android.bluetooth (pid 12145) has died: fg  IMPF
11-07 16:56:33.018  1234  4502 W ActivityManager: Not scheduling restart of crashed service com.android.bluetooth/.avrcpcontroller.BluetoothMediaBrowserService - system is shutting down
11-07 16:56:33.019  1234  4502 W ActivityManager: Not scheduling restart of crashed service com.android.bluetooth/.btextendedservice.BtExtendedServices - system is shutting down
11-07 16:56:33.021  1234  1234 D JobScheduler.DeviceIdle: uid 1002 going inactive
11-07 16:56:33.021  1234  1234 D JobScheduler: pending queue: 0 jobs.
11-07 16:56:33.021  1234  1234 D JobScheduler.Concurrency: Pending queue: 
11-07 16:56:33.021  1234  1234 D JobScheduler: pending queue: 0 jobs.
11-07 16:56:33.021  1234  1234 D JobScheduler.Concurrency: Pending queue: 
11-07 16:56:33.021  1234  1355 D NetworkPolicy: no need to update restrict power rules for uid 1002
11-07 16:56:33.023  1564  1826 I CAR.POWER: Received AP_POWER_STATE_REQ=SHUTDOWN_PREPARE(1) param=1
11-07 16:56:33.024  1564  1826 D CarPowerManagementService: onApPowerStateChange(HAL): pendingStates=1 [SHUTDOWN_PREPARE/DEFAULT_VALUE_ZERO(1), ], current=CpmsState canPostpone=false, carPowerStateListenerState=2, mShutdownType=0, CpmsState=SUSPEND(4), mParam=DEFAULT_VALUE_ZERO(0)
11-07 16:56:33.025  1564  1957 I CarPowerManagementService: doHandlePowerStateChange: newState=SHUTDOWN_PREPARE(2)
11-07 16:56:33.025  1564  1957 D CarPowerManagementService: [TRANS] SUSPEND(4) -> SHUTDOWN_PREPARE(2) (param=DEFAULT_VALUE_ZERO(1), canPostpone=false, stType=1)
11-07 16:56:33.025  1564  1957 E CarPowerManagementService: Requested power transition is not allowed: SUSPEND(4) --> SHUTDOWN_PREPARE(2)
11-07 16:56:33.025  1564  1957 E CarPowerManagementService: [DENY] SUSPEND(4) --X--> SHUTDOWN_PREPARE(2) (param=DEFAULT_VALUE_ZERO(1))
11-07 16:56:33.025  1564  1957 D CarPowerManagementService: TRANS suppressed: pendingStates=0 [], current=CpmsState canPostpone=false, carPowerStateListenerState=2, mShutdownType=0, CpmsState=SUSPEND(4), mParam=DEFAULT_VALUE_ZERO(0)
11-07 16:56:33.027  1234  1234 D JobScheduler: pending queue: 0 jobs.
11-07 16:56:33.027  1234  1234 D JobScheduler.Concurrency: Pending queue: 
11-07 16:56:33.052  1234 14801 D PowerManagerService: Inside PMS goToSleep, reason = 8
11-07 16:56:33.374  1234  1234 I NotificationService: action=android.intent.action.PACKAGE_CHANGED removing=false
11-07 16:56:33.374  1234  1263 W VoiceInteractionManager: no available voice recognition services found for user 0
11-07 16:56:33.374  1234  1234 D JobScheduler: Receieved: android.intent.action.PACKAGE_CHANGED
11-07 16:56:33.374  1234  1234 D JobScheduler: Something in com.android.bluetooth changed. Reevaluating controller states.
11-07 16:56:33.375  1234  1234 V JobScheduler.SC: wouldBeReadyWithConstraintLocked: 27ffde9 #1000/203142925 android/com.android.server.pm.DynamicCodeLoggingService constraint=1073741824 readyWithConstraint=true
11-07 16:56:33.375  1234  1234 V JobScheduler: areComponentsInPlaceLocked: 27ffde9 #1000/203142925 android/com.android.server.pm.DynamicCodeLoggingService exists=true userStarted=true backingUp=false
11-07 16:56:33.375  1234  1234 V JobScheduler.SC: wouldBeReadyWithConstraintLocked: 27ffde9 #1000/203142925 android/com.android.server.pm.DynamicCodeLoggingService constraint=-2147483648 readyWithConstraint=false
11-07 16:56:33.375  1234  1234 I JobScheduler.Time: Skipping JobStatus{27ffde9 #1000/203142925 android/com.android.server.pm.DynamicCodeLoggingService u=0 s=1000 TIME=+57m45s942ms:+2h57m45s942ms BATNOTLOW IDLE PERIODIC satisfied:0xb400002 unsatisfied:0x80000004} because delay won't make it ready.
11-07 16:56:33.375  1234  1234 V JobScheduler.SC: wouldBeReadyWithConstraintLocked: a8b6437 #1000/882313 android/com.android.server.net.watchlist.ReportWatchlistJobService constraint=-2147483648 readyWithConstraint=false
11-07 16:56:33.375  1234  1234 I JobScheduler.Time: Skipping JobStatus{a8b6437 #1000/882313 android/com.android.server.net.watchlist.ReportWatchlistJobService u=0 s=1000 TIME=+10h57m46s304ms:+22h57m46s304ms BATNOTLOW IDLE PERIODIC satisfied:0xb400002 unsatisfied:0x80000004} because delay won't make it ready.
11-07 16:56:33.375  1234  1234 V JobScheduler.SC: wouldBeReadyWithConstraintLocked: 7af4d5b #u0a39/-100 com.android.providers.downloads/.DownloadIdleService constraint=-2147483648 readyWithConstraint=false
11-07 16:56:33.375  1234  1234 I JobScheduler.Time: Skipping JobStatus{7af4d5b #u0a39/-100 com.android.providers.downloads/.DownloadIdleService u=0 s=10039 TIME=+10h57m57s132ms:+22h57m57s132ms CHARGING IDLE PERIODIC satisfied:0xb400003 unsatisfied:0x80000004} because delay won't make it ready.
11-07 16:56:33.375  1234  1234 V JobScheduler.SC: wouldBeReadyWithConstraintLocked: 2892afc #u0a100/0 com.android.permissioncontroller/.permission.service.LocationAccessCheck$LocationAccessCheckJobService constraint=-2147483648 readyWithConstraint=true
11-07 16:56:33.375  1234  1234 V JobScheduler: areComponentsInPlaceLocked: 2892afc #u0a100/0 com.android.permissioncontroller/.permission.service.LocationAccessCheck$LocationAccessCheckJobService exists=true userStarted=true backingUp=false
11-07 16:56:33.375  1234  1234 V JobScheduler.SC: wouldBeReadyWithConstraintLocked: eba7ff2 #1000/1 com.android.providers.settings/.WriteFallbackSettingsFilesJobService constraint=-2147483648 readyWithConstraint=true
11-07 16:56:33.375  1234  1234 V JobScheduler: areComponentsInPlaceLocked: eba7ff2 #1000/1 com.android.providers.settings/.WriteFallbackSettingsFilesJobService exists=true userStarted=true backingUp=false
11-07 16:56:33.375  1234  1234 V JobScheduler.SC: wouldBeReadyWithConstraintLocked: 16146fd #u0a100/3 com.android.permissioncontroller/.permission.service.v33.PermissionEventCleanupJobService constraint=-2147483648 readyWithConstraint=true
11-07 16:56:33.375  1234  1234 V JobScheduler: areComponentsInPlaceLocked: 16146fd #u0a100/3 com.android.permissioncontroller/.permission.service.v33.PermissionEventCleanupJobService exists=true userStarted=true backingUp=false
11-07 16:56:33.375  1234  1234 V JobScheduler.SC: wouldBeReadyWithConstraintLocked: a2ac289 #1000/1145656139 android/com.android.server.storage.DiskStatsLoggingService constraint=-2147483648 readyWithConstraint=false
11-07 16:56:33.376  1234  1234 I JobScheduler.Time: Skipping JobStatus{a2ac289 #1000/1145656139 android/com.android.server.storage.DiskStatsLoggingService u=0 s=1000 TIME=+22h57m45s874ms:+1d22h57m45s874ms CHARGING IDLE PERIODIC satisfied:0xb400003 unsatisfied:0x80000004} because delay won't make it ready.
11-07 16:56:33.376  1234  1234 V JobScheduler.SC: wouldBeReadyWithConstraintLocked: f6c9da4 #1000/2030028 android/com.android.server.pm.DynamicCodeLoggingService constraint=-2147483648 readyWithConstraint=false
11-07 16:56:33.376  1234  1234 I JobScheduler.Time: Skipping JobStatus{f6c9da4 #1000/2030028 android/com.android.server.pm.DynamicCodeLoggingService u=0 s=1000 TIME=+22h57m45s940ms:+1d22h57m45s940ms CHARGING IDLE PERIODIC satisfied:0xb400003 unsatisfied:0x80000004} because delay won't make it ready.
11-07 16:56:33.376  1234  1234 V JobScheduler.SC: wouldBeReadyWithConstraintLocked: 51e4aaf #1000/765123 android/com.android.server.PruneInstantAppsJobService constraint=-2147483648 readyWithConstraint=false
11-07 16:56:33.376  1234  1234 I JobScheduler.Time: Skipping JobStatus{51e4aaf #1000/765123 android/com.android.server.PruneInstantAppsJobService u=0 s=1000 TIME=+22h57m45s941ms:+1d22h57m45s941ms IDLE PERIODIC satisfied:0xb400000 unsatisfied:0x80000004} because delay won't make it ready.
11-07 16:56:33.376  1234  1234 V JobScheduler.SC: wouldBeReadyWithConstraintLocked: e342255 #1073/3345678 com.android.networkstack/com.android.server.connectivity.ipmemorystore.RegularMaintenanceJobService constraint=-2147483648 readyWithConstraint=false
11-07 16:56:33.376  1234  1234 I JobScheduler.Time: Skipping JobStatus{e342255 #1073/3345678 com.android.networkstack/com.android.server.connectivity.ipmemorystore.RegularMaintenanceJobService u=0 s=1073 TIME=+22h57m48s158ms:+1d22h57m48s158ms CHARGING BATNOTLOW IDLE PERIODIC satisfied:0xb400003 unsatisfied:0x80000004} because delay won't make it ready.
11-07 16:56:33.376  1234  1234 V JobScheduler.SC: wouldBeReadyWithConstraintLocked: bba799a #1000/191934935 android/com.android.server.blob.BlobStoreIdleJobService constraint=-2147483648 readyWithConstraint=false
11-07 16:56:33.376  1234  1234 I JobScheduler.Time: Skipping JobStatus{bba799a #1000/191934935 android/com.android.server.blob.BlobStoreIdleJobService u=0 s=1000 TIME=+22h57m48s754ms:+1d22h57m48s754ms CHARGING IDLE PERIODIC satisfied:0xb400003 unsatisfied:0x80000004} because delay won't make it ready.
11-07 16:56:33.376  1234  1234 V JobScheduler.SC: wouldBeReadyWithConstraintLocked: a1f470d #1000/213862449 android/com.android.server.companion.InactiveAssociationsRemovalService constraint=-2147483648 readyWithConstraint=false
11-07 16:56:33.376  1234  1234 I JobScheduler.Time: Skipping JobStatus{a1f470d #1000/213862449 android/com.android.server.companion.InactiveAssociationsRemovalService u=0 s=1000 TIME=+22h57m48s756ms:+1d22h57m48s756ms CHARGING IDLE PERIODIC satisfied:0xb400003 unsatisfied:0x80000004} because delay won't make it ready.
11-07 16:56:33.376  1234  1234 V JobScheduler.SC: wouldBeReadyWithConstraintLocked: caea29e #1000/546378950 android/com.android.server.usage.UsageStatsIdleService constraint=-2147483648 readyWithConstraint=true
11-07 16:56:33.376  1234  1234 V JobScheduler: areComponentsInPlaceLocked: caea29e #1000/546378950 android/com.android.server.usage.UsageStatsIdleService exists=true userStarted=true backingUp=false
11-07 16:56:33.376  1234  1234 V JobScheduler.SC: wouldBeReadyWithConstraintLocked: 80566c2 #1000/204561367 android/com.android.server.people.data.DataMaintenanceService constraint=-2147483648 readyWithConstraint=false
11-07 16:56:33.376  1234  1234 I JobScheduler.Time: Skipping JobStatus{80566c2 #1000/204561367 android/com.android.server.people.data.DataMaintenanceService u=0 s=1000 TIME=+22h57m50s412ms:+1d22h57m50s412ms IDLE PERIODIC satisfied:0xb400000 unsatisfied:0x80000004} because delay won't make it ready.
11-07 16:56:33.376  1234  1234 V JobScheduler.SC: wouldBeReadyWithConstraintLocked: 3434ac5 #1000/800 android/com.android.server.pm.BackgroundDexOptJobService constraint=-2147483648 readyWithConstraint=false
11-07 16:56:33.377  1234  1234 I JobScheduler.Time: Skipping JobStatus{3434ac5 #1000/800 android/com.android.server.pm.BackgroundDexOptJobService u=0 s=1000 TIME=+22h58m1s256ms:+1d22h58m1s256ms CHARGING IDLE PERIODIC satisfied:0xb400003 unsatisfied:0x80000004} because delay won't make it ready.
11-07 16:56:33.377  1234  1234 V JobScheduler.SC: wouldBeReadyWithConstraintLocked: e8b05fe #u0a102/-200 com.android.providers.media.module/com.android.providers.media.IdleService constraint=-2147483648 readyWithConstraint=false
11-07 16:56:33.377  1234  1234 I JobScheduler.Time: Skipping JobStatus{e8b05fe #u0a102/-200 com.android.providers.media.module/com.android.providers.media.IdleService u=0 s=10102 TIME=+22h58m3s568ms:+1d22h58m3s568ms CHARGING IDLE PERIODIC satisfied:0xb400003 unsatisfied:0x80000004} because delay won't make it ready.
11-07 16:56:33.377  1234  1234 V JobScheduler.SC: wouldBeReadyWithConstraintLocked: 6d7e754 #u0a100/2 com.android.permissioncontroller/.hibernation.HibernationJobService constraint=-2147483648 readyWithConstraint=true
11-07 16:56:33.377  1234  1234 V JobScheduler: areComponentsInPlaceLocked: 6d7e754 #u0a100/2 com.android.permissioncontroller/.hibernation.HibernationJobService exists=true userStarted=true backingUp=false
11-07 16:56:33.377  1234  1234 V JobScheduler.SC: wouldBeReadyWithConstraintLocked: a7624c0 #1000/16942831 android/com.android.server.appsearch.contactsindexer.ContactsIndexerMaintenanceService constraint=-2147483648 readyWithConstraint=false
11-07 16:56:33.377  1234  1234 I JobScheduler.Time: Skipping JobStatus{a7624c0 #1000/16942831 android/com.android.server.appsearch.contactsindexer.ContactsIndexerMaintenanceService u=0 s=1000 TIME=+11d4h3m49s771ms:+26d4h3m49s771ms BATNOTLOW IDLE PERIODIC PERSISTED satisfied:0xb400002 unsatisfied:0x80000004} because delay won't make it ready.
11-07 16:56:33.377  1234  1234 V JobScheduler.SC: wouldBeReadyWithConstraintLocked: e3ba900 #1000/13254266 android/com.android.server.camera.CameraStatsJobService constraint=-2147483648 readyWithConstraint=false
11-07 16:56:33.377  1234  1234 I JobScheduler.Time: Skipping JobStatus{e3ba900 #1000/13254266 android/com.android.server.camera.CameraStatsJobService u=0 s=1000 TIME=+22h57m48s708ms:none IDLE satisfied:0xb400000 unsatisfied:0x80000004} because delay won't make it ready.
11-07 16:56:33.377  1234  1234 V JobScheduler.SC: wouldBeReadyWithConstraintLocked: 5c3000d #1000/808 android/com.android.server.MountServiceIdler constraint=-2147483648 readyWithConstraint=false
11-07 16:56:33.377  1234  1234 I JobScheduler.Time: Skipping JobStatus{5c3000d #1000/808 android/com.android.server.MountServiceIdler u=0 s=1000 TIME=+1d0h42m4s975ms:none CHARGING BATNOTLOW IDLE satisfied:0xb400003 unsatisfied:0x80000004} because delay won't make it ready.
11-07 16:56:33.377  1234  1234 D TrustManagerService: refreshAgentList(-1)
11-07 16:56:33.377  1234  1234 D TrustManagerService: refreshAgentList: skipping user 0: no secure credential
11-07 16:56:33.378  1234  1234 D RemoteDisplayProvider: Received package manager broadcast: Intent { act=android.intent.action.PACKAGE_CHANGED dat=package: flg=0x45000010 (has extras) }
11-07 16:56:33.378  1234  1234 D Telecom : Logging: START_SESSION
11-07 16:56:33.378  1234  1234 I Telecom : DefaultDialerCache: Refreshing default dialer for user 0: now null: DDC.oR@DS8
11-07 16:56:33.378  1234  1234 V Telecom : Logging: END_SUBSESSION (dur: 0 mS): DDC.oR@DS8
11-07 16:56:33.378  1234  1234 D Telecom : Logging: END_SESSION (dur: 0 ms): DDC.oR@DS8
11-07 16:56:33.379  1234  1234 D NotificationListeners: onPackagesChanged removingPackage=false pkgList=[com.android.bluetooth] mEnabledServicesPackageNames={com.visteon.coremedia, com.visteon.popupmanager}
11-07 16:56:33.379  1234  1234 D NotificationAssistants: onPackagesChanged removingPackage=false pkgList=[com.android.bluetooth] mEnabledServicesPackageNames={android.ext.services}
11-07 16:56:33.379  1234  1234 D ConditionProviders: onPackagesChanged removingPackage=false pkgList=[com.android.bluetooth] mEnabledServicesPackageNames={}
11-07 16:56:33.381  1564  1564 D CarPackageManagerService: PackageParsingEventReceiver Received android.intent.action.PACKAGE_CHANGED
11-07 16:56:33.381  1564  1564 D CarPackageManagerService: Pkg Changed:com.android.bluetooth
11-07 16:56:33.381  1564  1564 D CarPackageManagerService: Changed components
11-07 16:56:33.381  1564  1564 D CarPackageManagerService: com.android.bluetooth.avrcpcontroller.AvrcpCoverArtProvider
11-07 16:56:33.381  1564  1564 D CarPackageManagerService: com.android.bluetooth.BluetoothPrefs
11-07 16:56:33.381  1564  1564 D CarPackageManagerService: com.android.bluetooth.pbapclient.AuthenticationService
11-07 16:56:33.386  1564  1949 D CarPackageManagerService: Updating allowlist and denylist mapping for package: com.android.bluetooth for UserId: 0
11-07 16:56:33.387  1564  1564 D CAR.AM  : Package change received with action = android.intent.action.PACKAGE_CHANGED
11-07 16:56:33.395  1234  1234 D MR2ProviderWatcher: Received package manager broadcast: Intent { act=android.intent.action.PACKAGE_CHANGED dat=package: flg=0x45000010 (has extras) }
11-07 16:56:33.400  1564  1949 D CarPackageManagerService: Package: com.android.bluetooth added in denylist.
11-07 16:56:33.401  1234  1305 D JobScheduler.Background: Job status updated: 3/3 checked/total jobs, 14 us
11-07 16:56:33.402  1234  1234 D JobScheduler.Quota: Processing event 31 for <0>com.android.permissioncontroller
11-07 16:56:33.402  1234  1234 D JobScheduler.DeviceIdle: uid 10100 going active
11-07 16:56:33.402  1234  1234 D JobScheduler: pending queue: 0 jobs.
11-07 16:56:33.402  1234  1234 D JobScheduler.Concurrency: Pending queue: 
11-07 16:56:33.402  1234  1234 D JobScheduler: pending queue: 0 jobs.
11-07 16:56:33.402  1234  1234 D JobScheduler.Concurrency: Pending queue: 
11-07 16:56:33.402  1234  1234 D JobScheduler.Quota: Processing event 6 for <0>com.android.permissioncontroller
11-07 16:56:33.402  1234  1234 D JobScheduler: MSG_CHECK_CHANGED_JOB_LIST
11-07 16:56:33.402  1234  1234 D JobScheduler: Check changed jobs...
11-07 16:56:33.402  1234  1234 V JobScheduler: isReadyToBeExecutedLocked: 16146fd #u0a100/3 com.android.permissioncontroller/.permission.service.v33.PermissionEventCleanupJobService ready=false
11-07 16:56:33.402  1234  1234 V JobScheduler.SC: wouldBeReadyWithConstraintLocked: 16146fd #u0a100/3 com.android.permissioncontroller/.permission.service.v33.PermissionEventCleanupJobService constraint=-2147483648 readyWithConstraint=true
11-07 16:56:33.402  1234  1234 V JobScheduler: areComponentsInPlaceLocked: 16146fd #u0a100/3 com.android.permissioncontroller/.permission.service.v33.PermissionEventCleanupJobService exists=true userStarted=true backingUp=false
11-07 16:56:33.402  1234  1234 V JobScheduler: isReadyToBeExecutedLocked: 2892afc #u0a100/0 com.android.permissioncontroller/.permission.service.LocationAccessCheck$LocationAccessCheckJobService ready=false
11-07 16:56:33.402  1234  1234 V JobScheduler: isReadyToBeExecutedLocked: 6d7e754 #u0a100/2 com.android.permissioncontroller/.hibernation.HibernationJobService ready=false
11-07 16:56:33.402  1234  1234 D JobScheduler: maybeQueueReadyJobsForExecutionLocked: Not running anything.
11-07 16:56:33.402  1234  1234 D JobScheduler: pending queue: 0 jobs.
11-07 16:56:33.402  1234  1234 D JobScheduler.Concurrency: Pending queue: 
11-07 16:56:33.407  1234  1234 D JobScheduler.Quota: Processing event 31 for <0>com.android.permissioncontroller
11-07 16:56:33.594  1234  1472 W OverlayManager: service 'idmap' died
11-07 16:56:33.595  1234  1234 D JobScheduler.Quota: Processing event 31 for <0>com.android.btextendedvendor
11-07 16:56:33.597  1234  1264 V StorageManagerService: Resolved mode 2 for com.android.bte