

 --------- beginning of ucl

01-01 05:30:06.827   524   524 I UclGen_SomeIpProxy: UCL VERSION : @UCL_VERSION@
01-01 05:30:06.848   524   524 I UclGen_SomeIpAdapter: UCL App Created Successfully
01-01 05:30:06.862   524   524 I UclGen_SomeIpAdapter: UCL- SOMEIP Service is Running 
01-01 05:30:06.862   524   524 I UclALOsAndroid_Impl: IUclALOs_Initialize: SignalListenerThread Create Success
01-01 05:30:06.862   524   524 I UclALOsAndroid_Impl: IUclALOs_Initialize: Success
01-01 05:30:06.862   524   524 I UclALOsAndroid_Impl: IUclALOs_TimerCreate: Success
01-01 05:30:06.862   524   524 I UclALOsAndroid_Impl: IUclALOs_MutexCreate: Success
01-01 05:30:06.862   524   524 I UclILRouter_Impl: IUclILRouter_Initialize: Success 0
01-01 05:30:06.863   524   524 I UclALOsAndroid_Impl: IUclALOs_TimerCreate: Success
01-01 05:30:06.863   524   524 I UclALOsAndroid_Impl: IUclALOs_MutexCreate: Success
01-01 05:30:06.863   524   524 I UclALOsAndroid_Impl: IUclALOs_MutexCreate: Success
01-01 05:30:06.863   524   524 I UclALOsAndroid_Impl: IUclALOs_TimerCreate: Success
01-01 05:30:06.863   524   524 I UclALOsAndroid_Impl: IUclALOs_MutexCreate: Success
01-01 05:30:06.863   524   524 I UclALOsAndroid_Impl: IUclALOs_MutexCreate: Success
01-01 05:30:06.863   524   524 I UclALPhySerialAndroid_Impl_Hw_Initialize: Device /dev/ttyS1 opened
01-01 05:30:06.863   524   524 I UclALOsAndroid_Impl: IUclALOs_MutexCreate: Success
01-01 05:30:06.863   524   524 I UclALOsAndroid_Impl: IUclALOs_MutexCreate: Success
01-01 05:30:06.863   524   524 I UclALOsAndroid_Impl: IUclALOs_MutexCreate: Success
01-01 05:30:06.863   524   524 I UclALOsAndroid_Impl: IUclALOs_SemCreate: Success
01-01 05:30:06.864   524   524 I UclALOsAndroid_Impl: IUclALOs_TaskCreate: Success
01-01 05:30:06.864   524   524 I UclALOsAndroid_Impl: IUclALOs_TaskCreate: Success
01-01 05:30:06.864   524   524 I UclALPhySerialAndroid_Impl_IUclALPhy_Initialize: Success
01-01 05:30:06.864   524   524 I UclDL_Impl: Inst 0 PeerReady: Link UP 
01-01 05:30:06.864   524   524 I UclDL_Impl: SecurityStartKeyNegotiation: Auth State : 0
01-01 05:30:06.864   524   524 I UclDL_Impl: NofityLinkStatusChanged 1
01-01 05:30:06.864   524   524 I UclGen  : LinkStatusChanged 0, -50
01-01 05:30:06.864   524   524 I UclDL_Impl: UclDL_Initialize:Inst 0 Success 2
01-01 05:30:06.864   524   524 I UclALOsAndroid_Impl: IUclALOs_MutexCreate: Success
01-01 05:30:06.864   524   524 I UclALOsAndroid_Impl: IUclALOs_MutexCreate: Success
01-01 05:30:06.864   524   524 I UclALOsAndroid_Impl: IUclALOs_MutexCreate: Success
01-01 05:30:06.864   524   524 I UclALOsAndroid_Impl: IUclALOs_MutexCreate: Success
01-01 05:30:06.864   524   524 I UclILSched_Impl: IUclILSched_Initialize: Success 1
01-01 05:30:06.864   524   524 I UclSys_Impl: IUclSys_Initialize: Success
01-01 05:30:06.872   524   564 I UclALPhySerialAndroid_Impl_ReceiveTask: Begins
01-01 05:30:06.872   524   563 I UclALPhySerialAndroid_Impl_TransmitTask: Begins
01-01 05:30:06.903   529   555 D vendor.visteon.skylark.hardware.automotive.vehicle@V1-visteon-service: SomeipCOmm :: RX Message [0/7]:service:ce ,Method:800f,payload:00 00 
01-01 05:30:06.905   529   555 D vendor.visteon.skylark.hardware.automotive.vehicle@V1-visteon-service: SomeipCOmm :: RX Message [0/8]:service:c0 ,Method:8000,payload:02 
01-01 05:30:06.906   529   555 D vendor.visteon.skylark.hardware.automotive.vehicle@V1-visteon-service: SomeipCOmm :: RX Message [0/b]:service:c0 ,Method:8005,payload:03 03 00 03 03 03 03 03 03 02 03 03 03 03 00 00 00 00 00 00 
01-01 05:30:06.907   529   555 D vendor.visteon.skylark.hardware.automotive.vehicle@V1-visteon-service: PERIPHERAL_STATUS:: 03 03 00 03 03 03 03 03 03 02 03 03 03 03 00 00 00 00 00 00 
01-01 05:30:06.907   529   555 D vendor.visteon.skylark.hardware.automotive.vehicle@V1-visteon-service: SomeipCOmm :: RX Message [0/e]:service:c0 ,Method:8003,payload:06 
01-01 05:30:06.911   529   555 D vendor.visteon.skylark.hardware.automotive.vehicle@V1-visteon-service: SomeipCOmm :: RX Message [0/10]:service:c7 ,Method:80e2,payload:28 38 04 05 07 0a 19 02 
11-07 22:26:40.000   529   555 D vendor.visteon.skylark.hardware.automotive.vehicle@V1-visteon-service: SomeipCOmm :: RX Message [0/11]:service:c7 ,Method:80e5,payload:00 00 00 00 00 00 00 00 00 00 00 00 00 00 00 00 00 00 00 00 00 00 00 00 00 00 00 00 00 00 00 00 00 00 00 00 00 00 00 00 00 00 00 00 00 00 00 00 00 00 00 00 00 00 00 00 00 00 00 00 00 00 00 00 00 00 00 00 00 00 00 00 00 00 00 00 00 00 00 00 00 00 00 00 00 00 00 00 00 00 00 00 00 00 00 00 00 00 00 00 00 00 00 00 00 00 00 00 00 00 00 00 00 00 00 00 00 00 00 00 00 00 00 00 00 00 00 00 00 00 00 00 00 00 00 00 00 00 00 00 00 00 00 00 00 00 00 00 00 00 00 00 00 00 00 00 00 00 00 00 00 00 00 00 00 00 00 00 00 00 00 00 00 00 00 00 00 00 00 00 00 00 00 00 00 00 00 00 00 00 00 00 00 00 00 00 00 00 00 00 
11-07 22:26:40.001   529   555 D vendor.visteon.skylark.hardware.automotive.vehicle@V1-visteon-service: SomeipCOmm :: RX Message [0/12]:service:c7 ,Method:80df,payload:00 00 00 00 00 00 00 00 00 00 00 00 00 00 00 00 00 00 00 00 00 00 00 00 00 00 00 00 00 00 00 00 00 00 00 00 00 00 00 00 00 00 00 00 00 00 00 00 00 00 00 00 00 00 00 00 00 00 00 00 00 00 00 00 00 00 00 00 00 00 00 00 00 00 00 00 00 00 00 00 00 00 00 00 00 00 00 00 00 00 00 00 00 00 00 00 00 00 00 00 
11-07 22:26:40.002   529   555 D vendor.visteon.skylark.hardware.automotive.vehicle@V1-visteon-service: SomeipCOmm :: RX Message [0/13]:service:c7 ,Method:80e9,payload:00 00 00 00 00 00 00 00 00 00 00 00 00 00 00 00 00 00 00 00 00 00 00 00 00 00 00 00 00 00 00 00 00 00 00 00 00 00 00 00 00 00 00 00 00 00 00 00 00 00 00 00 00 00 00 00 00 00 00 00 00 00 00 00 00 00 00 00 00 00 00 00 00 00 00 00 00 00 00 00 00 00 00 00 00 00 00 00 00 00 00 00 00 00 00 00 00 00 00 00 00 00 00 00 00 00 00 00 00 00 00 00 00 00 00 00 00 00 00 00 00 
11-07 22:26:40.215   529   555 D vendor.visteon.skylark.hardware.automotive.vehicle@V1-visteon-service: SomeipCOmm :: RX Message [0/15]:service:c0 ,Method:8005,payload:00 03 03 03 03 03 03 03 03 01 03 03 03 03 00 00 00 00 00 00 
11-07 22:26:40.216   529   555 D vendor.visteon.skylark.hardware.automotive.vehicle@V1-visteon-service: PERIPHERAL_STATUS:: 00 03 03 03 03 03 03 03 03 01 03 03 03 03 00 00 00 00 00 00 
11-07 22:26:40.247   529   555 D vendor.visteon.skylark.hardware.automotive.vehicle@V1-visteon-service: SomeipCOmm :: RX Message [0/17]:service:c7 ,Method:80e2,payload:31 38 04 05 07 0a 19 02 
11-07 22:26:40.946   529   554 D vendor.visteon.skylark.hardware.automotive.vehicle@V1-visteon-service: TX Message SomeipComm::send  : service:193,method:4, response Payload: 03 00 
11-07 22:26:40.946   529   554 D vendor.visteon.skylark.hardware.automotive.vehicle@V1-visteon-service: TX Message SomeipComm::send  : service:196,method:12, response Payload: 30 33 2e 32 33 30 33 2e 32 33 2e 30 30 00 00 2e 00 00 2e 00 00 
11-07 22:26:40.955   524   562 I UclDL_Impl: Inst Id : 0 ## Tx Msgs : 32
11-07 22:26:40.955   524   562 I UclDL_Impl: Inst Id : 0 ## TxA Msgs : 25
11-07 22:26:40.955   524   562 I UclDL_Impl: Inst Id : 0 ## TxA TO : 0
11-07 22:26:40.955   524   562 I UclDL_Impl: Inst Id : 0 ## Rx Msgs : 30
11-07 22:26:40.955   524   562 I UclDL_Impl: Inst Id : 0 ## Rx HB Msgs : 3
11-07 22:26:40.955   524   562 I UclDL_Impl: Inst Id : 0 ## Tx Bps : 2768
11-07 22:26:40.955   524   562 I UclDL_Impl: Inst Id : 0 ## Rx Bps : 18448
11-07 22:26:40.955   524   562 I UclDL_Impl: Inst Id : 0  ## Avg Ack Latency : 22
11-07 22:26:40.961   529   553 D vendor.visteon.skylark.hardware.automotive.vehicle@V1-visteon-service: TX Message SomeipComm::send  : service:193,method:3, response Payload: 00 
11-07 22:26:40.967   529   568 D vendor.visteon.skylark.hardware.automotive.vehicle@V1-visteon-service: BULK_MSG_SUBSCRIPTION_REQUEST:: 1e 01 97 02 86 01 20 01 2c 01 28 01 15 02 cb 02 d8 01 f4 01 f3 01 d8 02 3b 02 d0 01 fd 02 be 02 d2 01 f8 01 dd 01 de 02 be 02 c6 02 c8 02 c7 01 c0 02 84 02 b5 02 b7 02 b9 01 c6 01 ea 00 00 00 00 00 00 00 0b 00 00 00 00 00 00 01 00 00 00 00 00 00 00 00 00 00 00 00 00 00 00 00 00 00 00 00 00 00 00 00 00 
11-07 22:26:40.967   529   568 D vendor.visteon.skylark.hardware.automotive.vehicle@V1-visteon-service: TX Message SomeipComm::send  : service:194,method:1, response Payload: 1e 01 97 02 86 01 20 01 2c 01 28 01 15 02 cb 02 d8 01 f4 01 f3 01 d8 02 3b 02 d0 01 fd 02 be 02 d2 01 f8 01 dd 01 de 02 be 02 c6 02 c8 02 c7 01 c0 02 84 02 b5 02 b7 02 b9 01 c6 01 ea 00 00 00 00 00 00 00 0b 00 00 00 00 00 00 01 00 00 00 00 00 00 00 00 00 00 00 00 00 00 00 00 00 00 00 00 00 00 00 00 00 
11-07 22:26:40.968   529   555 D vendor.visteon.skylark.hardware.automotive.vehicle@V1-visteon-service: SomeipCOmm :: RX Message [0/1b]:service:c0 ,Method:8001,payload:01 
11-07 22:26:40.971   529   555 D vendor.visteon.skylark.hardware.automotive.vehicle@V1-visteon-service: SomeipCOmm :: RX Message [0/1c]:service:c0 ,Method:8002,payload:04 00 00 00 
11-07 22:26:40.972   529   555 D vendor.visteon.skylark.hardware.automotive.vehicle@V1-visteon-service: SomeipCOmm :: RX Message [0/1d]:service:c0 ,Method:8003,payload:00 
11-07 22:26:40.972   529   555 D vendor.visteon.skylark.hardware.automotive.vehicle@V1-visteon-service: SomeipCOmm :: RX Message [0/1e]:service:c0 ,Method:8004,payload:01 00 00 00 
11-07 22:26:40.973   529   555 D vendor.visteon.skylark.hardware.automotive.vehicle@V1-visteon-service: SomeipCOmm :: RX Message [0/1f]:service:c0 ,Method:8005,payload:00 03 03 03 03 03 03 03 03 01 03 03 03 03 00 00 00 00 00 00 
11-07 22:26:40.973   529   555 D vendor.visteon.skylark.hardware.automotive.vehicle@V1-visteon-service: PERIPHERAL_STATUS:: 00 03 03 03 03 03 03 03 03 01 03 03 03 03 00 00 00 00 00 00 
11-07 22:26:40.973   529   555 D vendor.visteon.skylark.hardware.automotive.vehicle@V1-visteon-service: SomeipCOmm :: RX Message [0/20]:service:c0 ,Method:8006,payload:01 00 01 
11-07 22:26:40.974   529   555 D vendor.visteon.skylark.hardware.automotive.vehicle@V1-visteon-service: WAKESTATE_STATUS:: 01 00 01 
11-07 22:26:40.974   529   555 D vendor.visteon.skylark.hardware.automotive.vehicle@V1-visteon-service: SomeipCOmm :: RX Message [0/21]:service:c7 ,Method:80e3,payload:0b 
11-07 22:26:40.976   529   555 D vendor.visteon.skylark.hardware.automotive.vehicle@V1-visteon-service: SomeipCOmm :: RX Message [0/22]:service:ca ,Method:80e4,payload:00 00 ff 1f 00 00 00 00 00 00 00 00 00 01 00 01 00 01 00 00 00 01 00 00 00 00 00 00 00 00 00 00 00 00 00 00 00 00 00 00 00 00 00 00 00 00 00 00 00 00 00 00 00 00 30 31 30 31 32 34 00 30 30 30 30 30 30 30 30 30 30 30 30 30 30 30 30 30 30 30 30 30 30 30 30 00 50 44 38 36 37 39 36 33 30 37 34 34 36 33 31 39 32 00 00 00 00 00 00 00 a5 32 30 32 34 2f 30 31 2f 30 31 00 ff ff ff ff ff ff 00 ff ff ff ff ff ff 00 30 30 00 
11-07 22:26:40.978   529   555 D vendor.visteon.skylark.hardware.automotive.vehicle@V1-visteon-service: SomeipCOmm :: RX Message [0/23]:service:cb ,Method:8007,payload:30 32 2e 30 30 2e 31 32 30 33 2e 32 33 2e 30 31 03 00 00 00 0d 33 32 32 31 52 30 33 41 30 37 14 
11-07 22:26:40.980   529   555 D vendor.visteon.skylark.hardware.automotive.vehicle@V1-visteon-service: SomeipCOmm :: RX Message [0/24]:service:cb ,Method:800a,payload:30 30 30 30 30 30 30 30 30 30 30 30 30 30 30 30 30 30 30 30 30 30 30 30 30 30 30 30 30 30 30 30 30 30 30 30 30 30 30 30 30 30 30 30 30 30 30 30 30 30 30 30 30 30 30 30 30 30 30 30 30 30 30 30 30 30 30 30 30 30 30 30 30 30 30 30 30 35 34 39 37 31 36 32 37 32 30 30 32 00 00 00 30 30 35 34 39 37 31 36 32 37 32 30 30 32 00 00 00 56 50 53 54 4c 46 2d 31 30 45 38 38 39 2d 42 42 00 00 00 00 30 30 35 34 38 35 31 36 32 37 31 32 30 32 45 00 00 30 30 35 34 38 35 31 36 33 30 31 31 30 32 47 00 00 
11-07 22:26:40.981   529   555 D vendor.visteon.skylark.hardware.automotive.vehicle@V1-visteon-service: SomeipCOmm :: RX Message [0/25]:service:102 ,Method:8000,payload:01 01 
11-07 22:26:40.983   529   555 D vendor.visteon.skylark.hardware.automotive.vehicle@V1-visteon-service: SomeipCOmm :: RX Message [0/26]:service:bf ,Method:801c,payload:01 e9 01 c5 b0 00 00 00 00 00 00 
11-07 22:26:40.989   529   555 D vendor.visteon.skylark.hardware.automotive.vehicle@V1-visteon-service: SomeipCOmm :: RX Message [0/27]:service:bf ,Method:8044,payload:01 de 01 00 00 00 00 00 00 00 00 
11-07 22:26:40.990   529   555 D vendor.visteon.skylark.hardware.automotive.vehicle@V1-visteon-service: SomeipCOmm :: RX Message [0/28]:service:bf ,Method:8045,payload:01 dd 01 98 00 00 00 00 00 00 00 
11-07 22:26:40.991   529   555 D vendor.visteon.skylark.hardware.automotive.vehicle@V1-visteon-service: SomeipCOmm :: RX Message [0/29]:service:bf ,Method:805f,payload:01 03 01 00 00 00 3b 00 00 00 00 
11-07 22:26:40.992   529   555 D vendor.visteon.skylark.hardware.automotive.vehicle@V1-visteon-service: SomeipCOmm :: RX Message [0/2a]:service:c0 ,Method:8000,payload:04 
11-07 22:26:40.994   529   555 D vendor.visteon.skylark.hardware.automotive.vehicle@V1-visteon-service: SomeipCOmm :: RX Message [0/2b]:service:c7 ,Method:80e5,payload:00 00 00 00 00 00 00 00 00 00 00 00 00 00 00 00 00 00 00 00 00 00 00 00 00 00 00 00 00 00 00 00 00 00 00 00 00 00 00 00 00 00 00 00 00 00 00 00 00 00 00 00 00 00 00 00 00 00 00 00 00 00 00 00 00 00 00 00 00 00 00 00 00 00 00 00 00 00 00 00 00 00 00 00 00 00 00 00 00 00 00 00 00 00 00 00 00 00 00 00 00 00 00 00 00 00 00 00 00 00 00 00 00 00 00 00 00 00 00 00 00 00 00 00 00 00 00 00 00 00 00 00 00 00 00 00 00 00 00 00 00 00 00 00 00 00 00 00 00 00 00 00 00 00 00 00 00 00 00 00 00 00 00 00 00 00 00 00 00 00 00 00 00 00 00 00 00 00 00 00 00 00 00 00 00 00 00 00 00 00 00 00 00 00 00 00 00 00 00 00 
11-07 22:26:40.995   529   555 D vendor.visteon.skylark.hardware.automotive.vehicle@V1-visteon-service: SomeipCOmm :: RX Message [0/2c]:service:c7 ,Method:80df,payload:08 04 02 02 01 02 00 00 01 01 00 00 00 00 00 03 01 00 00 00 00 00 00 00 00 00 00 00 00 00 00 00 00 00 00 00 00 00 00 00 00 00 00 00 00 00 00 00 00 00 00 00 00 00 00 00 00 00 00 00 00 00 00 00 00 00 00 00 00 00 00 00 00 00 00 00 00 00 00 00 00 00 00 00 00 00 00 00 00 00 00 00 00 00 00 00 00 00 00 00 
11-07 22:26:40.996   529   555 D vendor.visteon.skylark.hardware.automotive.vehicle@V1-visteon-service: SomeipCOmm :: RX Message [0/2d]:service:bf ,Method:8007,payload:1e 01 97 01 02 86 01 01 20 01 01 2c 01 01 28 01 01 15 01 02 cb 01 02 d8 01 01 f4 01 01 f3 01 01 d8 01 02 3b 01 02 d0 01 01 fd 01 02 be 01 02 d2 01 01 f8 01 01 dd 01 01 de 01 02 be 01 02 c6 01 02 c8 01 02 c7 01 01 c0 01 02 84 01 02 b5 01 02 b7 01 02 b9 01 01 c6 01 01 ea 01 00 00 00 00 00 00 00 00 00 00 00 00 00 00 00 00 00 00 00 00 00 00 00 00 00 00 00 00 00 00 00 00 00 00 00 00 00 00 00 00 00 00 00 00 00 00 00 00 00 00 00 00 00 00 00 00 00 00 00 00 
11-07 22:26:40.996   529   555 D vendor.visteon.skylark.hardware.automotive.vehicle@V1-visteon-service: SomeipCOmm :: RX Message [0/2e]:service:bf ,Method:8012,payload:01 28 00 00 00 80 00 ff f0 00 00 
11-07 22:26:40.997   529   555 D vendor.visteon.skylark.hardware.automotive.vehicle@V1-visteon-service: SomeipCOmm :: RX Message [0/2f]:service:bf ,Method:8013,payload:01 2c 00 80 00 00 7d 00 00 00 00 
11-07 22:26:40.997   529   555 D vendor.visteon.skylark.hardware.automotive.vehicle@V1-visteon-service: SomeipCOmm :: RX Message [0/30]:service:bf ,Method:8018,payload:01 c0 01 00 0a 20 02 c0 00 00 00 
11-07 22:26:41.000   529   555 D vendor.visteon.skylark.hardware.automotive.vehicle@V1-visteon-service: SomeipCOmm :: RX Message [0/31]:service:bf ,Method:801b,payload:01 d8 01 71 65 3d 00 00 00 00 00 
11-07 22:26:41.005   529   555 D vendor.visteon.skylark.hardware.automotive.vehicle@V1-visteon-service: SomeipCOmm :: RX Message [0/32]:service:bf ,Method:801f,payload:01 f8 01 1b 32 61 1c 33 4b 90 00 
11-07 22:26:41.009   529   555 D vendor.visteon.skylark.hardware.automotive.vehicle@V1-visteon-service: SomeipCOmm :: RX Message [0/33]:service:bf ,Method:803b,payload:01 20 00 00 00 00 00 00 00 00 00 
11-07 22:26:41.009   529   555 D vendor.visteon.skylark.hardware.automotive.vehicle@V1-visteon-service: SomeipCOmm :: RX Message [0/34]:service:bf ,Method:803f,payload:01 fd 01 b6 81 0b 00 00 00 00 00 
11-07 22:26:41.010   529   555 D vendor.visteon.skylark.hardware.automotive.vehicle@V1-visteon-service: SomeipCOmm :: RX Message [0/35]:service:bf ,Method:8046,payload:01 c6 01 a0 e0 80 38 b7 e9 00 00 
11-07 22:26:41.013   529   555 D vendor.visteon.skylark.hardware.automotive.vehicle@V1-visteon-service: SomeipCOmm :: RX Message [0/36]:service:bf ,Method:8022,payload:02 3b 01 11 00 0d e0 00 00 20 00 
11-07 22:26:41.017   529   555 D vendor.visteon.skylark.hardware.automotive.vehicle@V1-visteon-service: SomeipCOmm :: RX Message [0/37]:service:bf ,Method:800d,payload:01 06 01 0d 50 7d 00 35 20 f0 1b 
11-07 22:26:41.019   529   555 D vendor.visteon.skylark.hardware.automotive.vehicle@V1-visteon-service: SomeipCOmm :: RX Message [0/38]:service:bf ,Method:800f,payload:01 15 01 03 3e 00 00 00 00 00 00 
11-07 22:26:41.035   529   555 D vendor.visteon.skylark.hardware.automotive.vehicle@V1-visteon-service: SomeipCOmm :: RX Message [0/3a]:service:bf ,Method:802c,payload:02 c6 01 07 00 00 00 00 00 00 10 
11-07 22:26:41.039   529   555 D vendor.visteon.skylark.hardware.automotive.vehicle@V1-visteon-service: SomeipCOmm :: RX Message [0/3b]:service:bf ,Method:802e,payload:02 cb 01 84 04 08 00 60 00 00 00 
11-07 22:26:41.042   529   555 D vendor.visteon.skylark.hardware.automotive.vehicle@V1-visteon-service: SomeipCOmm :: RX Message [0/3c]:service:bf ,Method:802f,payload:02 d0 01 8f 02 1b 82 30 01 01 00 
11-07 22:26:41.044   529   555 D vendor.visteon.skylark.hardware.automotive.vehicle@V1-visteon-service: SomeipCOmm :: RX Message [0/3d]:service:bf ,Method:8030,payload:02 d2 01 20 01 00 7b 64 80 6a 27 
11-07 22:26:41.047   529   555 D vendor.visteon.skylark.hardware.automotive.vehicle@V1-visteon-service: SomeipCOmm :: RX Message [0/3e]:service:bf ,Method:8031,payload:02 d8 01 00 00 00 00 10 00 00 00 
11-07 22:26:41.049   529   555 D vendor.visteon.skylark.hardware.automotive.vehicle@V1-visteon-service: SomeipCOmm :: RX Message [0/3f]:service:bf ,Method:8055,payload:02 be 01 00 00 00 00 00 00 01 00 
11-07 22:26:41.050   529   555 D vendor.visteon.skylark.hardware.automotive.vehicle@V1-visteon-service: SomeipCOmm :: RX Message [0/40]:service:bf ,Method:805c,payload:02 c7 01 00 00 00 00 00 00 00 00 
11-07 22:26:41.052   529   555 D vendor.visteon.skylark.hardware.automotive.vehicle@V1-visteon-service: SomeipCOmm :: RX Message [0/41]:service:bf ,Method:8014,payload:01 60 01 08 00 00 00 00 00 00 00 
11-07 22:26:41.053   529   555 D vendor.visteon.skylark.hardware.automotive.vehicle@V1-visteon-service: SomeipCOmm :: RX Message [0/42]:service:bf ,Method:8017,payload:01 97 01 00 00 be 00 03 00 00 00 
11-07 22:26:41.075   529   555 D vendor.visteon.skylark.hardware.automotive.vehicle@V1-visteon-service: SomeipCOmm :: RX Message [0/43]:service:bf ,Method:8023,payload:02 7e 00 00 00 00 00 00 00 00 00 
11-07 22:26:41.091   529   555 D vendor.visteon.skylark.hardware.automotive.vehicle@V1-visteon-service: SomeipCOmm :: RX Message [0/44]:service:bf ,Method:8024,payload:02 7f 00 00 00 00 00 00 00 00 00 
11-07 22:26:41.115   529   555 D vendor.visteon.skylark.hardware.automotive.vehicle@V1-visteon-service: SomeipCOmm :: RX Message [0/45]:service:bf ,Method:8025,payload:02 80 01 0d 40 19 7f 0f c0 0c 00 
11-07 22:26:41.136   529   555 D vendor.visteon.skylark.hardware.automotive.vehicle@V1-visteon-service: SomeipCOmm :: RX Message [0/46]:service:bf ,Method:800d,payload:01 06 01 0d 40 7d 00 35 20 b0 1c 
11-07 22:26:41.136   529   555 D vendor.visteon.skylark.hardware.automotive.vehicle@V1-visteon-service: SomeipCOmm :: RX Message [0/47]:service:bf ,Method:800f,payload:01 15 01 03 3e 00 00 00 00 00 00 
11-07 22:26:41.137   529   555 D vendor.visteon.skylark.hardware.automotive.vehicle@V1-visteon-service: SomeipCOmm :: RX Message [0/48]:service:bf ,Method:8017,payload:01 97 01 00 00 be 00 07 00 00 00 
11-07 22:26:41.137   529   555 D vendor.visteon.skylark.hardware.automotive.vehicle@V1-visteon-service: SomeipCOmm :: RX Message [0/49]:service:bf ,Method:8027,payload:02 86 01 19 40 18 00 00 00 00 00 
11-07 22:26:41.139   529   555 D vendor.visteon.skylark.hardware.automotive.vehicle@V1-visteon-service: SomeipCOmm :: RX Message [0/4a]:service:bf ,Method:8051,payload:02 84 01 5c f0 66 02 8d 00 32 1c 
11-07 22:26:41.140   529   555 D vendor.visteon.skylark.hardware.automotive.vehicle@V1-visteon-service: SomeipCOmm :: RX Message [0/4b]:service:bf ,Method:802a,payload:02 90 01 00 00 00 04 00 00 18 00 
11-07 22:26:41.147   529   555 D vendor.visteon.skylark.hardware.automotive.vehicle@V1-visteon-service: SomeipCOmm :: RX Message [0/4c]:service:bf ,Method:8025,payload:02 80 01 0d 40 19 7f 0f c0 0c 00 
11-07 22:26:41.155   529   555 D vendor.visteon.skylark.hardware.automotive.vehicle@V1-visteon-service: SomeipCOmm :: RX Message [0/4d]:service:bf ,Method:802b,payload:02 96 00 00 00 00 00 00 00 00 00 
11-07 22:26:41.175   529   555 D vendor.visteon.skylark.hardware.automotive.vehicle@V1-visteon-service: SomeipCOmm :: RX Message [0/4e]:service:bf ,Method:8057,payload:02 a1 01 8e 00 00 00 00 00 00 00 
11-07 22:26:41.195   529   555 D vendor.visteon.skylark.hardware.automotive.vehicle@V1-visteon-service: SomeipCOmm :: RX Message [0/4f]:service:bf ,Method:803d,payload:02 b5 01 a2 8c ac 00 00 00 00 a0 
11-07 22:26:41.215   529   555 D vendor.visteon.skylark.hardware.automotive.vehicle@V1-visteon-service: SomeipCOmm :: RX Message [0/50]:service:bf ,Method:8058,payload:02 b7 01 00 01 00 00 22 c9 3a 00 
11-07 22:26:41.219   529   555 D vendor.visteon.skylark.hardware.automotive.vehicle@V1-visteon-service: SomeipCOmm :: RX Message [0/51]:service:c0 ,Method:8005,payload:00 03 03 03 03 03 03 03 03 01 03 03 03 03 00 00 00 00 00 00 
11-07 22:26:41.220   529   555 D vendor.visteon.skylark.hardware.automotive.vehicle@V1-visteon-service: PERIPHERAL_STATUS:: 00 03 03 03 03 03 03 03 03 01 03 03 03 03 00 00 00 00 00 00 
11-07 22:26:41.235   529   555 D vendor.visteon.skylark.hardware.automotive.vehicle@V1-visteon-service: SomeipCOmm :: RX Message [0/53]:service:bf ,Method:802d,payload:02 c8 01 ff ff ff ff 3c 00 00 00 
11-07 22:26:41.237   529   555 D vendor.visteon.skylark.hardware.automotive.vehicle@V1-visteon-service: SomeipCOmm :: RX Message [0/54]:service:bf ,Method:802f,payload:02 d0 01 8e 02 1b 82 30 01 01 00 
11-07 22:26:41.237   529   555 D vendor.visteon.skylark.hardware.automotive.vehicle@V1-visteon-service: SomeipCOmm :: RX Message [0/55]:service:bf ,Method:803d,payload:02 b5 01 a2 8c ac 00 00 00 00 a0 
11-07 22:26:41.238   529   555 D vendor.visteon.skylark.hardware.automotive.vehicle@V1-visteon-service: SomeipCOmm :: RX Message [0/56]:service:bf ,Method:8059,payload:02 b9 01 14 05 00 00 00 1a c0 08 
11-07 22:26:41.240   529   555 D vendor.visteon.skylark.hardware.automotive.vehicle@V1-visteon-service: SomeipCOmm :: RX Message [0/57]:service:bf ,Method:805a,payload:02 bc 01 00 b4 00 00 00 42 87 83 
11-07 22:26:41.243   529   555 D vendor.visteon.skylark.hardware.automotive.vehicle@V1-visteon-service: SomeipCOmm :: RX Message [0/58]:service:bf ,Method:8058,payload:02 b7 01 00 01 00 00 22 c9 3a 00 
11-07 22:26:41.255   529   555 D vendor.visteon.skylark.hardware.automotive.vehicle@V1-visteon-service: SomeipCOmm :: RX Message [0/59]:service:bf ,Method:8032,payload:02 e2 01 80 00 06 00 00 00 1c 00 
11-07 22:26:41.260   529   555 D vendor.visteon.skylark.hardware.automotive.vehicle@V1-visteon-service: SomeipCOmm :: RX Message [0/5a]:service:c7 ,Method:80e2,payload:32 38 04 05 07 0a 19 02 
11-07 22:26:41.275   529   555 D vendor.visteon.skylark.hardware.automotive.vehicle@V1-visteon-service: SomeipCOmm :: RX Message [0/5b]:service:bf ,Method:8033,payload:03 60 01 00 08 28 00 00 00 00 00 
11-07 22:26:41.295   529   555 D vendor.visteon.skylark.hardware.automotive.vehicle@V1-visteon-service: SomeipCOmm :: RX Message [0/5c]:service:bf ,Method:8034,payload:03 a0 01 00 0d 3a 03 30 27 e8 a0 
11-07 22:26:41.315   529   555 D vendor.visteon.skylark.hardware.automotive.vehicle@V1-visteon-service: SomeipCOmm :: RX Message [0/5d]:service:bf ,Method:8035,payload:03 a1 01 00 0d 3a 03 31 40 12 98 
11-07 22:26:41.336   529   555 D vendor.visteon.skylark.hardware.automotive.vehicle@V1-visteon-service: SomeipCOmm :: RX Message [0/5e]:service:bf ,Method:800d,payload:01 06 01 0d 44 7d 00 35 20 30 3f 
11-07 22:26:41.337   529   555 D vendor.visteon.skylark.hardware.automotive.vehicle@V1-visteon-service: SomeipCOmm :: RX Message [0/5f]:service:bf ,Method:8025,payload:02 80 01 0d 48 1a 7f 0f c0 0c 00 
11-07 22:26:41.339   529   555 D vendor.visteon.skylark.hardware.automotive.vehicle@V1-visteon-service: SomeipCOmm :: RX Message [0/60]:service:bf ,Method:8051,payload:02 84 01 5c d0 66 02 8b 00 32 1c 
11-07 22:26:41.341   529   555 D vendor.visteon.skylark.hardware.automotive.vehicle@V1-visteon-service: SomeipCOmm :: RX Message [0/61]:service:bf ,Method:803a,payload:03 a2 01 00 0d 3a 03 34 3f 90 a0 
11-07 22:26:41.355   529   555 D vendor.visteon.skylark.hardware.automotive.vehicle@V1-visteon-service: SomeipCOmm :: RX Message [0/62]:service:bf ,Method:8036,payload:03 a3 01 00 07 3d 00 00 00 00 00 
11-07 22:26:41.375   529   555 D vendor.visteon.skylark.hardware.automotive.vehicle@V1-visteon-service: SomeipCOmm :: RX Message [0/63]:service:bf ,Method:8037,payload:03 b2 01 10 00 00 f0 c0 03 00 e0 
11-07 22:26:41.395   529   555 D vendor.visteon.skylark.hardware.automotive.vehicle@V1-visteon-service: SomeipCOmm :: RX Message [0/64]:service:bf ,Method:806b,payload:04 fa 01 02 15 9a 00 0d 98 8c 42 
11-07 22:26:41.535   529   555 D vendor.visteon.skylark.hardware.automotive.vehicle@V1-visteon-service: SomeipCOmm :: RX Message [0/66]:service:bf ,Method:800d,payload:01 06 01 0d 58 7d 00 35 20 b0 02 
11-07 22:26:41.536   529   555 D vendor.visteon.skylark.hardware.automotive.vehicle@V1-visteon-service: SomeipCOmm :: RX Message [0/67]:service:bf ,Method:8025,payload:02 80 01 0d 58 1b 7f 0f c0 0c 00 
11-07 22:26:41.537   529   555 D vendor.visteon.skylark.hardware.automotive.vehicle@V1-visteon-service: SomeipCOmm :: RX Message [0/68]:service:bf ,Method:8051,payload:02 84 01 5c c0 66 02 8b 00 32 1c 
11-07 22:26:41.635   529   555 D vendor.visteon.skylark.hardware.automotive.vehicle@V1-visteon-service: SomeipCOmm :: RX Message [0/69]:service:bf ,Method:802f,payload:02 d0 01 8f 02 1b 82 30 01 01 00 
11-07 22:26:41.735   529   555 D vendor.visteon.skylark.hardware.automotive.vehicle@V1-visteon-service: SomeipCOmm :: RX Message [0/6a]:service:bf ,Method:800d,payload:01 06 01 0d 40 7d 00 35 20 30 3a 
11-07 22:26:41.736   529   555 D vendor.visteon.skylark.hardware.automotive.vehicle@V1-visteon-service: SomeipCOmm :: RX Message [0/6b]:service:bf ,Method:8025,payload:02 80 01 0d 40 1b 7f 0f c0 0c 00 
11-07 22:26:41.736   529   555 D vendor.visteon.skylark.hardware.automotive.vehicle@V1-visteon-service: SomeipCOmm :: RX Message [0/6c]:service:bf ,Method:8051,payload:02 84 01 5c b0 66 02 8d 00 32 1c 
11-07 22:26:41.759   529   555 D vendor.visteon.skylark.hardware.automotive.vehicle@V1-visteon-service: SomeipCOmm :: RX Message [0/6d]:service:bf ,Method:8034,payload:03 a0 01 00 0d 3b 03 30 27 e8 a0 
11-07 22:26:41.760   529   555 D vendor.visteon.skylark.hardware.automotive.vehicle@V1-visteon-service: SomeipCOmm :: RX Message [0/6e]:service:bf ,Method:8035,payload:03 a1 01 00 0d 3b 03 31 40 12 98 
11-07 22:26:41.761   529   555 D vendor.visteon.skylark.hardware.automotive.vehicle@V1-visteon-service: SomeipCOmm :: RX Message [0/6f]:service:bf ,Method:8036,payload:03 a3 01 00 07 3e 00 00 00 00 00 
11-07 22:26:41.761   529   555 D vendor.visteon.skylark.hardware.automotive.vehicle@V1-visteon-service: SomeipCOmm :: RX Message [0/70]:service:bf ,Method:803a,payload:03 a2 01 00 0d 3b 03 34 3f 90 a0 
11-07 22:26:41.939   529   555 D vendor.visteon.skylark.hardware.automotive.vehicle@V1-visteon-service: SomeipCOmm :: RX Message [0/72]:service:bf ,Method:800d,payload:01 06 01 0d 40 7d 00 35 20 b0 1c 
11-07 22:26:41.940   529   555 D vendor.visteon.skylark.hardware.automotive.vehicle@V1-visteon-service: SomeipCOmm :: RX Message [0/73]:service:bf ,Method:8025,payload:02 80 01 0d 40 1c 7f 0f c0 0c 00 
11-07 22:26:41.940   529   555 D vendor.visteon.skylark.hardware.automotive.vehicle@V1-visteon-service: SomeipCOmm :: RX Message [0/74]:service:bf ,Method:8051,payload:02 84 01 5c a0 66 02 8d 00 32 1c 
11-07 22:26:41.955   524   562 I UclDL_Impl: Inst Id : 0 ## Tx Msgs : 124
11-07 22:26:41.955   524   562 I UclDL_Impl: Inst Id : 0 ## TxA Msgs : 115
11-07 22:26:41.955   524   562 I UclDL_Impl: Inst Id : 0 ## TxA TO : 0
11-07 22:26:41.955   524   562 I UclDL_Impl: Inst Id : 0 ## Rx Msgs : 124
11-07 22:26:41.955   524   562 I UclDL_Impl: Inst Id : 0 ## Rx HB Msgs : 3
11-07 22:26:41.955   524   562 I UclDL_Impl: Inst Id : 0 ## Tx Bps : 8192
11-07 22:26:41.955   524   562 I UclDL_Impl: Inst Id : 0 ## Rx Bps : 20216
11-07 22:26:41.955   524   562 I UclDL_Impl: Inst Id : 0  ## Avg Ack Latency : 13
11-07 22:26:41.961   529   553 D vendor.visteon.skylark.hardware.automotive.vehicle@V1-visteon-service: TX Message SomeipComm::send  : service:193,method:3, response Payload: 00 
11-07 22:26:41.975   529   555 D vendor.visteon.skylark.hardware.automotive.vehicle@V1-visteon-service: SomeipCOmm :: RX Message [0/75]:service:c5 ,Method:80df,payload:ff 00 
11-07 22:26:41.977   529   555 D vendor.visteon.skylark.hardware.automotive.vehicle@V1-visteon-service: TX Message SomeipComm::send  : service:198,method:1, response Payload: ff 00 
11-07 22:26:41.983   529   555 D vendor.visteon.skylark.hardware.automotive.vehicle@V1-visteon-service: SomeipCOmm :: RX Message [0/76]:service:c0 ,Method:8000,payload:04 
11-07 22:26:41.988   529   555 D vendor.visteon.skylark.hardware.automotive.vehicle@V1-visteon-service: SomeipCOmm :: RX Message [0/77]:service:c7 ,Method:80e5,payload:02 00 01 01 0f 01 0a 01 08 00 00 00 00 00 01 1e 00 00 00 00 09 00 00 00 00 02 01 02 0e 2b 06 50 03 f2 08 ad 01 e3 02 ff 02 dd 01 00 00 00 19 0b 07 10 38 32 1d 79 8b 0d 09 0a f9 00 1e 1e b8 89 7f 00 07 00 0a 00 30 02 22 00 c2 00 00 00 01 00 00 00 00 01 00 06 00 00 00 00 00 00 00 00 00 00 00 01 00 00 00 00 00 00 32 00 00 04 07 0a 0f 14 00 10 02 00 03 00 00 00 00 00 c0 00 02 00 00 00 00 00 01 02 d5 02 db 02 e3 03 03 03 03 01 00 00 00 00 00 00 01 00 00 00 00 05 d9 03 03 00 0b 0b 0b 00 00 00 00 00 00 00 00 00 00 00 00 00 00 00 00 00 00 00 00 00 00 00 00 00 00 00 00 00 00 00 00 00 00 00 00 00 00 00 
11-07 22:26:41.989   529   555 D vendor.visteon.skylark.hardware.automotive.vehicle@V1-visteon-service: SomeipCOmm :: RX Message [0/78]:service:c7 ,Method:80df,payload:08 04 02 02 01 02 00 00 01 01 00 00 00 00 00 03 01 00 00 00 00 00 00 00 00 00 00 00 00 00 00 00 00 00 00 00 00 00 00 00 00 00 00 00 00 00 00 00 00 00 00 00 00 00 00 00 00 00 00 00 00 00 00 00 00 00 00 00 00 00 00 00 00 00 00 00 00 00 00 00 00 00 00 00 00 00 00 00 00 00 00 00 00 00 00 00 00 00 00 00 
11-07 22:26:42.007   529   555 D vendor.visteon.skylark.hardware.automotive.vehicle@V1-visteon-service: SomeipCOmm :: RX Message [0/79]:service:c5 ,Method:80df,payload:01 00 
11-07 22:26:42.039   529   555 D vendor.visteon.skylark.hardware.automotive.vehicle@V1-visteon-service: SomeipCOmm :: RX Message [0/7a]:service:bf ,Method:802f,payload:02 d0 01 8e 02 1b 82 30 01 01 00 
11-07 22:26:42.055   529   555 D vendor.visteon.skylark.hardware.automotive.vehicle@V1-visteon-service: SomeipCOmm :: RX Message [0/7b]:service:c5 ,Method:80df,payload:04 00 
11-07 22:26:42.115   529   555 D vendor.visteon.skylark.hardware.automotive.vehicle@V1-visteon-service: SomeipCOmm :: RX Message [0/7c]:service:c5 ,Method:80df,payload:02 00 
11-07 22:26:42.139   529   555 D vendor.visteon.skylark.hardware.automotive.vehicle@V1-visteon-service: SomeipCOmm :: RX Message [0/7d]:service:bf ,Method:800d,payload:01 06 01 0d 48 7d 00 35 20 30 30 
11-07 22:26:42.140   529   555 D vendor.visteon.skylark.hardware.automotive.vehicle@V1-visteon-service: SomeipCOmm :: RX Message [0/7e]:service:bf ,Method:8025,payload:02 80 01 0d 50 1d 7f 0f c0 0c 00 
11-07 22:26:42.141   529   555 D vendor.visteon.skylark.hardware.automotive.vehicle@V1-visteon-service: SomeipCOmm :: RX Message [0/7f]:service:bf ,Method:8051,payload:02 84 01 5c a0 66 02 8b 00 32 1c 
11-07 22:26:42.175   529   555 D vendor.visteon.skylark.hardware.automotive.vehicle@V1-visteon-service: SomeipCOmm :: RX Message [0/80]:service:c5 ,Method:80df,payload:05 ff 
11-07 22:26:42.224   529   555 D vendor.visteon.skylark.hardware.automotive.vehicle@V1-visteon-service: SomeipCOmm :: RX Message [0/81]:service:c0 ,Method:8005,payload:00 03 03 03 03 03 03 03 03 01 03 03 03 03 00 00 00 00 00 00 
11-07 22:26:42.225   529   555 D vendor.visteon.skylark.hardware.automotive.vehicle@V1-visteon-service: PERIPHERAL_STATUS:: 00 03 03 03 03 03 03 03 03 01 03 03 03 03 00 00 00 00 00 00 
11-07 22:26:42.259   529   555 D vendor.visteon.skylark.hardware.automotive.vehicle@V1-visteon-service: SomeipCOmm :: RX Message [0/84]:service:c7 ,Method:80e2,payload:33 38 04 05 07 0a 19 02 
11-07 22:26:42.335   529   555 D vendor.visteon.skylark.hardware.automotive.vehicle@V1-visteon-service: SomeipCOmm :: RX Message [0/85]:service:c5 ,Method:80df,payload:01 00 
11-07 22:26:42.339   529   555 D vendor.visteon.skylark.hardware.automotive.vehicle@V1-visteon-service: SomeipCOmm :: RX Message [0/86]:service:bf ,Method:800d,payload:01 06 01 0d 44 7d 00 35 20 b0 19 
11-07 22:26:42.340   529   555 D vendor.visteon.skylark.hardware.automotive.vehicle@V1-visteon-service: SomeipCOmm :: RX Message [0/87]:service:bf ,Method:8025,payload:02 80 01 0d 44 1e 7f 0f c0 0c 00 
11-07 22:26:42.340   529   555 D vendor.visteon.skylark.hardware.automotive.vehicle@V1-visteon-service: SomeipCOmm :: RX Message [0/88]:service:bf ,Method:8051,payload:02 84 01 5c 90 66 02 8b 00 32 1c 
11-07 22:26:42.435   529   555 D vendor.visteon.skylark.hardware.automotive.vehicle@V1-visteon-service: SomeipCOmm :: RX Message [0/8a]:service:c5 ,Method:80df,payload:04 00 
11-07 22:26:42.439   529   555 D vendor.visteon.skylark.hardware.automotive.vehicle@V1-visteon-service: SomeipCOmm :: RX Message [0/8b]:service:bf ,Method:802f,payload:02 d0 01 8f 02 1b 82 30 01 01 00 
11-07 22:26:42.535   529   555 D vendor.visteon.skylark.hardware.automotive.vehicle@V1-visteon-service: SomeipCOmm :: RX Message [0/8c]:service:c5 ,Method:80df,payload:02 00 
11-07 22:26:42.539   529   555 D vendor.visteon.skylark.hardware.automotive.vehicle@V1-visteon-service: SomeipCOmm :: RX Message [0/8d]:service:bf ,Method:800d,payload:01 06 01 0d 44 7d 00 35 20 30 3f 
11-07 22:26:42.539   529   555 D vendor.visteon.skylark.hardware.automotive.vehicle@V1-visteon-service: SomeipCOmm :: RX Message [0/8e]:service:bf ,Method:8025,payload:02 80 01 0d 44 1f 7f 0f c0 0c 00 
11-07 22:26:42.540   529   555 D vendor.visteon.skylark.hardware.automotive.vehicle@V1-visteon-service: SomeipCOmm :: RX Message [0/8f]:service:bf ,Method:8051,payload:02 84 01 5c 80 66 02 8d 00 32 1c 
11-07 22:26:42.635   529   555 D vendor.visteon.skylark.hardware.automotive.vehicle@V1-visteon-service: SomeipCOmm :: RX Message [0/90]:service:c5 ,Method:80df,payload:03 00 
11-07 22:26:42.639   529   555 D vendor.visteon.skylark.hardware.automotive.vehicle@V1-visteon-service: SomeipCOmm :: RX Message [0/91]:service:bf ,Method:802f,payload:02 d0 01 8f 02 1b 82 30 01 01 00 
11-07 22:26:42.735   529   555 D vendor.visteon.skylark.hardware.automotive.vehicle@V1-visteon-service: SomeipCOmm :: RX Message [0/92]:service:c5 ,Method:80df,payload:05 ff 
11-07 22:26:42.739   529   555 D vendor.visteon.skylark.hardware.automotive.vehicle@V1-visteon-service: SomeipCOmm :: RX Message [0/93]:service:bf ,Method:800d,payload:01 06 01 0d 3c 7d 00 35 20 d0 eb 
11-07 22:26:42.743   529   555 D vendor.visteon.skylark.hardware.automotive.vehicle@V1-visteon-service: SomeipCOmm :: RX Message [0/94]:service:bf ,Method:8025,payload:02 80 01 0d 44 1f 7f 0f c0 0c 00 
11-07 22:26:42.764   529   555 D vendor.visteon.skylark.hardware.automotive.vehicle@V1-visteon-service: SomeipCOmm :: RX Message [0/95]:service:bf ,Method:8034,payload:03 a0 01 00 0d 3c 03 30 27 e8 a0 
11-07 22:26:42.764   529   555 D vendor.visteon.skylark.hardware.automotive.vehicle@V1-visteon-service: SomeipCOmm :: RX Message [0/96]:service:bf ,Method:8035,payload:03 a1 01 00 0d 3c 03 31 40 12 98 
11-07 22:26:42.765   529   555 D vendor.visteon.skylark.hardware.automotive.vehicle@V1-visteon-service: SomeipCOmm :: RX Message [0/97]:service:bf ,Method:803a,payload:03 a2 01 00 0d 3c 03 34 3f 90 a0 
11-07 22:26:42.765   529   555 D vendor.visteon.skylark.hardware.automotive.vehicle@V1-visteon-service: SomeipCOmm :: RX Message [0/98]:service:bf ,Method:8036,payload:03 a3 01 00 07 3f 00 00 00 00 00 
11-07 22:26:42.839   529   555 D vendor.visteon.skylark.hardware.automotive.vehicle@V1-visteon-service: SomeipCOmm :: RX Message [0/99]:service:c5 ,Method:80df,payload:01 00 
11-07 22:26:42.843   529   555 D vendor.visteon.skylark.hardware.automotive.vehicle@V1-visteon-service: SomeipCOmm :: RX Message [0/9a]:service:bf ,Method:802f,payload:02 d0 01 8e 02 1b 82 30 01 01 00 
11-07 22:26:42.939   529   555 D vendor.visteon.skylark.hardware.automotive.vehicle@V1-visteon-service: SomeipCOmm :: RX Message [0/9c]:service:c5 ,Method:80df,payload:04 00 
11-07 22:26:42.943   529   555 D vendor.visteon.skylark.hardware.automotive.vehicle@V1-visteon-service: SomeipCOmm :: RX Message [0/9d]:service:bf ,Method:800d,payload:01 06 01 0d 50 7d 00 35 20 50 ba 
11-07 22:26:42.944   529   555 D vendor.visteon.skylark.hardware.automotive.vehicle@V1-visteon-service: SomeipCOmm :: RX Message [0/9e]:service:bf ,Method:8025,payload:02 80 01 0d 4c 20 7f 0f c0 0c 00 
11-07 22:26:42.945   529   555 D vendor.visteon.skylark.hardware.automotive.vehicle@V1-visteon-service: SomeipCOmm :: RX Message [0/9f]:service:bf ,Method:8051,payload:02 84 01 5c 80 66 02 8c 00 32 1c 
11-07 22:26:42.955   524   562 I UclDL_Impl: Inst Id : 0 ## TxA Msgs : 158
11-07 22:26:42.955   524   562 I UclDL_Impl: Inst Id : 0 ## TxA TO : 0
11-07 22:26:42.955   524   562 I UclDL_Impl: Inst Id : 0 ## Rx Msgs : 169
11-07 22:26:42.955   524   562 I UclDL_Impl: Inst Id : 0 ## Rx HB Msgs : 3
11-07 22:26:42.955   524   562 I UclDL_Impl: Inst Id : 0 ## Tx Bps : 3640
11-07 22:26:42.955   524   562 I UclDL_Impl: Inst Id : 0 ## Rx Bps : 8760
11-07 22:26:42.955   524   562 I UclDL_Impl: Inst Id : 0  ## Avg Ack Latency : 9
11-07 22:26:42.962   529   553 D vendor.visteon.skylark.hardware.automotive.vehicle@V1-visteon-service: TX Message SomeipComm::send  : service:193,method:3, response Payload: 00 
11-07 22:26:42.987   529   555 D vendor.visteon.skylark.hardware.automotive.vehicle@V1-visteon-service: SomeipCOmm :: RX Message [0/a0]:service:c0 ,Method:8000,payload:04 
11-07 22:26:42.991   529   555 D vendor.visteon.skylark.hardware.automotive.vehicle@V1-visteon-service: SomeipCOmm :: RX Message [0/a1]:service:c7 ,Method:80e5,payload:02 00 01 01 0f 01 0a 01 08 00 0f 00 00 00 01 1e 00 00 00 00 09 00 00 00 00 02 01 02 0e 2f 06 50 03 f2 08 ca 01 e3 02 ff 02 e3 01 00 00 00 19 0b 07 10 38 33 1d 79 8f 0d 09 0a f9 00 1f 1e b8 89 7f 00 07 00 0b 00 30 02 22 00 c2 00 00 00 01 00 00 00 00 01 00 06 00 00 00 00 00 00 00 00 00 00 00 01 00 00 00 00 00 00 32 00 00 04 07 0a 0f 14 00 10 02 00 03 00 00 00 00 00 c0 00 02 00 00 00 00 00 01 02 e5 02 db 02 ea 03 03 03 03 01 00 00 00 00 00 00 01 00 00 00 00 05 d9 03 03 00 0b 0b 0b 00 00 00 00 00 00 00 00 00 00 00 00 00 00 00 00 00 00 00 00 00 00 00 00 00 00 00 00 00 00 00 00 00 00 00 00 00 00 00 
11-07 22:26:42.993   529   555 D vendor.visteon.skylark.hardware.automotive.vehicle@V1-visteon-service: SomeipCOmm :: RX Message [0/a2]:service:c7 ,Method:80df,payload:08 04 02 02 01 02 00 00 01 01 00 00 00 00 00 03 01 00 00 00 00 00 00 00 00 00 00 00 00 00 00 00 00 00 00 00 00 00 00 00 00 00 00 00 00 00 00 00 00 00 00 00 00 00 00 00 00 00 00 00 00 00 00 00 00 00 00 00 00 00 00 00 00 00 00 00 00 00 00 00 00 00 00 00 00 00 00 00 00 00 00 00 00 00 00 00 00 00 00 00 
11-07 22:26:43.039   529   555 D vendor.visteon.skylark.hardware.automotive.vehicle@V1-visteon-service: SomeipCOmm :: RX Message [0/a3]:service:c5 ,Method:80df,payload:02 00 
11-07 22:26:43.043   529   555 D vendor.visteon.skylark.hardware.automotive.vehicle@V1-visteon-service: SomeipCOmm :: RX Message [0/a4]:service:bf ,Method:803d,payload:02 b5 01 a1 8c ac 00 00 00 00 a0 
11-07 22:26:43.139   529   555 D vendor.visteon.skylark.hardware.automotive.vehicle@V1-visteon-service: SomeipCOmm :: RX Message [0/a5]:service:c5 ,Method:80df,payload:03 00 
11-07 22:26:43.144   529   555 D vendor.visteon.skylark.hardware.automotive.vehicle@V1-visteon-service: SomeipCOmm :: RX Message [0/a6]:service:bf ,Method:800d,payload:01 06 01 0d 44 7d 00 35 20 d0 8d 
11-07 22:26:43.144   529   555 D vendor.visteon.skylark.hardware.automotive.vehicle@V1-visteon-service: SomeipCOmm :: RX Message [0/a7]:service:bf ,Method:8025,payload:02 80 01 0d 44 21 7f 0f c0 0c 00 
11-07 22:26:43.145   529   555 D vendor.visteon.skylark.hardware.automotive.vehicle@V1-visteon-service: SomeipCOmm :: RX Message [0/a8]:service:bf ,Method:8051,payload:02 84 01 5c 70 66 02 8b 00 32 1c 
11-07 22:26:43.227   529   555 D vendor.visteon.skylark.hardware.automotive.vehicle@V1-visteon-service: SomeipCOmm :: RX Message [0/a9]:service:c0 ,Method:8005,payload:00 03 03 03 03 03 03 03 03 01 03 03 03 03 00 00 00 00 00 00 
11-07 22:26:43.228   529   555 D vendor.visteon.skylark.hardware.automotive.vehicle@V1-visteon-service: PERIPHERAL_STATUS:: 00 03 03 03 03 03 03 03 03 01 03 03 03 03 00 00 00 00 00 00 
11-07 22:26:43.240   529   555 D vendor.visteon.skylark.hardware.automotive.vehicle@V1-visteon-service: SomeipCOmm :: RX Message [0/aa]:service:c5 ,Method:80df,payload:05 ff 
11-07 22:26:43.244   529   555 D vendor.visteon.skylark.hardware.automotive.vehicle@V1-visteon-service: SomeipCOmm :: RX Message [0/ac]:service:bf ,Method:802f,payload:02 d0 01 8f 02 1b 82 30 01 01 00 
11-07 22:26:43.264   529   555 D vendor.visteon.skylark.hardware.automotive.vehicle@V1-visteon-service: SomeipCOmm :: RX Message [0/ad]:service:bf ,Method:806b,payload:04 fa 01 02 15 9a 00 0d 98 8d 42 
11-07 22:26:43.265   529   555 D vendor.visteon.skylark.hardware.automotive.vehicle@V1-visteon-service: SomeipCOmm :: RX Message [0/ae]:service:c7 ,Method:80e2,payload:34 38 04 05 07 0a 19 02 
11-07 22:26:43.339   529   555 D vendor.visteon.skylark.hardware.automotive.vehicle@V1-visteon-service: SomeipCOmm :: RX Message [0/af]:service:c5 ,Method:80df,payload:01 00 
11-07 22:26:43.344   529   555 D vendor.visteon.skylark.hardware.automotive.vehicle@V1-visteon-service: SomeipCOmm :: RX Message [0/b0]:service:bf ,Method:800d,payload:01 06 01 0d 38 7d 00 35 20 50 c8 
11-07 22:26:43.346   529   555 D vendor.visteon.skylark.hardware.automotive.vehicle@V1-visteon-service: SomeipCOmm :: RX Message [0/b1]:service:bf ,Method:8025,payload:02 80 01 0d 38 22 7f 0f c0 0c 00 
11-07 22:26:43.348   529   555 D vendor.visteon.skylark.hardware.automotive.vehicle@V1-visteon-service: SomeipCOmm :: RX Message [0/b2]:service:bf ,Method:8051,payload:02 84 01 5c 70 66 02 8d 00 32 1c 
11-07 22:26:43.439   529   555 D vendor.visteon.skylark.hardware.automotive.vehicle@V1-visteon-service: SomeipCOmm :: RX Message [0/b4]:service:c5 ,Method:80df,payload:04 00 
11-07 22:26:43.443   529   555 D vendor.visteon.skylark.hardware.automotive.vehicle@V1-visteon-service: SomeipCOmm :: RX Message [0/b5]:service:bf ,Method:802f,payload:02 d0 01 8f 02 1b 82 30 01 01 00 
11-07 22:26:43.444   529   555 D vendor.visteon.skylark.hardware.automotive.vehicle@V1-visteon-service: SomeipCOmm :: RX Message [0/b6]:service:bf ,Method:803d,payload:02 b5 01 a1 8d ac 00 00 00 00 a0 
11-07 22:26:43.543   529   555 D vendor.visteon.skylark.hardware.automotive.vehicle@V1-visteon-service: SomeipCOmm :: RX Message [0/b7]:service:c5 ,Method:80df,payload:02 00 
11-07 22:26:43.544   529   555 D vendor.visteon.skylark.hardware.automotive.vehicle@V1-visteon-service: SomeipCOmm :: RX Message [0/b8]:service:bf ,Method:800d,payload:01 06 01 0d 48 7d 00 35 20 d0 82 
11-07 22:26:43.547   529   555 D vendor.visteon.skylark.hardware.automotive.vehicle@V1-visteon-service: SomeipCOmm :: RX Message [0/b9]:service:bf ,Method:8025,payload:02 80 01 0d 48 23 7f 0f c0 0c 00 
11-07 22:26:43.643   529   555 D vendor.visteon.skylark.hardware.automotive.vehicle@V1-visteon-service: SomeipCOmm :: RX Message [0/ba]:service:c5 ,Method:80df,payload:03 00 
11-07 22:26:43.647   529   555 D vendor.visteon.skylark.hardware.automotive.vehicle@V1-visteon-service: SomeipCOmm :: RX Message [0/bb]:service:bf ,Method:802f,payload:02 d0 01 8e 02 1b 82 30 01 01 00 
11-07 22:26:43.648   529   555 D vendor.visteon.skylark.hardware.automotive.vehicle@V1-visteon-service: SomeipCOmm :: RX Message [0/bc]:service:bf ,Method:803d,payload:02 b5 01 a1 8d ac 00 00 00 00 a0 
11-07 22:26:43.744   529   555 D vendor.visteon.skylark.hardware.automotive.vehicle@V1-visteon-service: SomeipCOmm :: RX Message [0/bd]:service:c5 ,Method:80df,payload:05 ff 
11-07 22:26:43.748   529   555 D vendor.visteon.skylark.hardware.automotive.vehicle@V1-visteon-service: SomeipCOmm :: RX Message [0/be]:service:bf ,Method:800d,payload:01 06 01 0d 50 7d 00 35 20 50 ba 
11-07 22:26:43.749   529   555 D vendor.visteon.skylark.hardware.automotive.vehicle@V1-visteon-service: SomeipCOmm :: RX Message [0/bf]:service:bf ,Method:8025,payload:02 80 01 0d 54 23 7f 0f c0 0c 00 
11-07 22:26:43.749   529   555 D vendor.visteon.skylark.hardware.automotive.vehicle@V1-visteon-service: SomeipCOmm :: RX Message [0/c0]:service:bf ,Method:8051,payload:02 84 01 5c 70 66 02 8b 00 32 1c 
11-07 22:26:43.765   529   555 D vendor.visteon.skylark.hardware.automotive.vehicle@V1-visteon-service: SomeipCOmm :: RX Message [0/c1]:service:bf ,Method:8034,payload:03 a0 01 00 0d 3d 03 30 27 e8 a0 
11-07 22:26:43.766   529   555 D vendor.visteon.skylark.hardware.automotive.vehicle@V1-visteon-service: SomeipCOmm :: RX Message [0/c2]:service:bf ,Method:8035,payload:03 a1 01 00 0d 3d 03 31 40 12 98 
11-07 22:26:43.766   529   555 D vendor.visteon.skylark.hardware.automotive.vehicle@V1-visteon-service: SomeipCOmm :: RX Message [0/c3]:service:bf ,Method:8036,payload:03 a3 01 00 07 40 00 00 00 00 00 
11-07 22:26:43.767   529   555 D vendor.visteon.skylark.hardware.automotive.vehicle@V1-visteon-service: SomeipCOmm :: RX Message [0/c4]:service:bf ,Method:803a,payload:03 a2 01 00 0d 3d 03 34 3f 90 a0 
11-07 22:26:43.844   529   555 D vendor.visteon.skylark.hardware.automotive.vehicle@V1-visteon-service: SomeipCOmm :: RX Message [0/c5]:service:c5 ,Method:80df,payload:01 00 
11-07 22:26:43.849   529   555 D vendor.visteon.skylark.hardware.automotive.vehicle@V1-visteon-service: SomeipCOmm :: RX Message [0/c6]:service:bf ,Method:803d,payload:02 b5 01 a1 8c ac 00 00 00 00 a0 
11-07 22:26:43.956   529   555 D vendor.visteon.skylark.hardware.automotive.vehicle@V1-visteon-service: SomeipCOmm :: RX Message [0/c8]:service:c5 ,Method:80df,payload:04 00 
11-07 22:26:43.957   529   555 D vendor.visteon.skylark.hardware.automotive.vehicle@V1-visteon-service: SomeipCOmm :: RX Message [0/c9]:service:bf ,Method:800d,payload:01 06 01 0d 4c 7d 00 35 20 d0 87 
11-07 22:26:43.957   529   555 D vendor.visteon.skylark.hardware.automotive.vehicle@V1-visteon-service: SomeipCOmm :: RX Message [0/ca]:service:bf ,Method:8025,payload:02 80 01 0d 4c 24 7f 0f c0 0c 00 
11-07 22:26:43.963   529   553 D vendor.visteon.skylark.hardware.automotive.vehicle@V1-visteon-service: TX Message SomeipComm::send  : service:193,method:3, response Payload: 00 
11-07 22:26:43.983   524   562 I UclDL_Impl: Inst Id : 0 ## Tx Msgs : 214
11-07 22:26:43.983   524   562 I UclDL_Impl: Inst Id : 0 ## TxA Msgs : 201
11-07 22:26:43.983   524   562 I UclDL_Impl: Inst Id : 0 ## TxA TO : 0
11-07 22:26:43.983   524   562 I UclDL_Impl: Inst Id : 0 ## Rx Msgs : 214
11-07 22:26:43.983   524   562 I UclDL_Impl: Inst Id : 0 ## Rx HB Msgs : 3
11-07 22:26:43.983   524   562 I UclDL_Impl: Inst Id : 0 ## Tx Bps : 3632
11-07 22:26:43.983   524   562 I UclDL_Impl: Inst Id : 0 ## Rx Bps : 8976
11-07 22:26:43.983   524   562 I UclDL_Impl: Inst Id : 0  ## Avg Ack Latency : 7
11-07 22:26:43.991   529   555 D vendor.visteon.skylark.hardware.automotive.vehicle@V1-visteon-service: SomeipCOmm :: RX Message [0/cb]:service:c0 ,Method:8000,payload:04 
11-07 22:26:44.006   529   555 D vendor.visteon.skylark.hardware.automotive.vehicle@V1-visteon-service: SomeipCOmm :: RX Message [0/cc]:service:c7 ,Method:80e5,payload:02 00 01 01 0f 01 0a 01 08 00 0f 00 00 00 01 1e 00 00 00 00 09 00 00 00 00 02 01 02 0e 42 06 5b 03 f9 08 ad 01 e4 03 02 02 e7 01 00 00 00 19 0b 07 10 38 34 1d 79 8f 0d 09 0a f9 00 1e 1e b4 89 7f 00 07 00 0b 00 30 02 22 00 c2 00 00 00 01 00 00 00 00 01 00 06 00 00 00 00 00 00 00 00 00 00 00 01 00 00 00 00 00 00 32 00 00 04 07 0a 0f 14 00 10 02 00 03 00 00 00 00 00 c0 00 02 00 00 00 00 00 01 02 e4 02 e7 02 f1 03 03 03 03 01 00 00 00 00 00 00 01 00 00 00 00 05 dc 03 03 00 0b 0b 0b 00 00 00 00 00 00 00 00 00 00 00 00 00 00 00 00 00 00 00 00 00 00 00 00 00 00 00 00 00 00 00 00 00 00 00 00 00 00 00 
11-07 22:26:44.006   529   555 D vendor.visteon.skylark.hardware.automotive.vehicle@V1-visteon-service: SomeipCOmm :: RX Message [0/cd]:service:c7 ,Method:80df,payload:08 04 02 02 01 02 00 00 01 01 00 00 00 00 00 03 01 00 00 00 00 00 00 00 00 00 00 00 00 00 00 00 00 00 00 00 00 00 00 00 00 00 00 00 00 00 00 00 00 00 00 00 00 00 00 00 00 00 00 00 00 00 00 00 00 00 00 00 00 00 00 00 00 00 00 00 00 00 00 00 00 00 00 00 00 00 00 00 00 00 00 00 00 00 00 00 00 00 00 00 
11-07 22:26:44.043   529   555 D vendor.visteon.skylark.hardware.automotive.vehicle@V1-visteon-service: SomeipCOmm :: RX Message [0/ce]:service:c5 ,Method:80df,payload:02 00 
