11-07 22:27:00.633   529   555 D vendor.visteon.skylark.hardware.automotive.vehicle@V1-visteon-service: SomeipCOmm :: RX Message [0/2e6]:service:bf ,Method:8051,payload:02 84 01 5b 20 66 02 8b 00 32 1c 
11-07 22:27:00.728   529   555 D vendor.visteon.skylark.hardware.automotive.vehicle@V1-visteon-service: SomeipCOmm :: RX Message [0/2e7]:service:bf ,Method:802f,payload:02 d0 01 8f 02 1b 82 30 01 01 00 
11-07 22:27:00.729   529   555 D vendor.visteon.skylark.hardware.automotive.vehicle@V1-visteon-service: SomeipCOmm :: RX Message [0/2e8]:service:bf ,Method:803d,payload:02 b5 01 9d 8c ac 00 00 00 00 a0 
11-07 22:27:00.764   529   555 D vendor.visteon.skylark.hardware.automotive.vehicle@V1-visteon-service: SomeipCOmm :: RX Message [0/2e9]:service:bf ,Method:8034,payload:03 a0 01 00 0d 4e 03 30 27 e8 a0 
11-07 22:27:00.765   529   555 D vendor.visteon.skylark.hardware.automotive.vehicle@V1-visteon-service: SomeipCOmm :: RX Message [0/2ea]:service:bf ,Method:8035,payload:03 a1 01 00 0d 4e 03 31 40 12 98 
11-07 22:27:00.766   529   555 D vendor.visteon.skylark.hardware.automotive.vehicle@V1-visteon-service: SomeipCOmm :: RX Message [0/2eb]:service:bf ,Method:8036,payload:03 a3 01 00 07 51 00 00 00 00 00 
11-07 22:27:00.766   529   555 D vendor.visteon.skylark.hardware.automotive.vehicle@V1-visteon-service: SomeipCOmm :: RX Message [0/2ec]:service:bf ,Method:803a,payload:03 a2 01 00 0d 4e 03 34 3f 90 a0 
11-07 22:27:00.828   529   555 D vendor.visteon.skylark.hardware.automotive.vehicle@V1-visteon-service: SomeipCOmm :: RX Message [0/2ed]:service:bf ,Method:800d,payload:01 06 01 0d 48 7d 00 35 20 d0 82 
11-07 22:27:00.832   529   555 D vendor.visteon.skylark.hardware.automotive.vehicle@V1-visteon-service: SomeipCOmm :: RX Message [0/2ee]:service:bf ,Method:8025,payload:02 80 01 0d 48 67 7f 0f c0 0c 00 
11-07 22:27:00.833   529   555 D vendor.visteon.skylark.hardware.automotive.vehicle@V1-visteon-service: SomeipCOmm :: RX Message [0/2ef]:service:bf ,Method:8051,payload:02 84 01 5b 30 66 02 8d 00 32 1c 
11-07 22:27:00.848   529   555 D vendor.visteon.skylark.hardware.automotive.vehicle@V1-visteon-service: SomeipCOmm :: RX Message [0/2f0]:service:c7 ,Method:80e2,payload:0a 39 04 05 07 0a 19 02 
11-07 22:27:00.928   529   555 D vendor.visteon.skylark.hardware.automotive.vehicle@V1-visteon-service: SomeipCOmm :: RX Message [0/2f1]:service:bf ,Method:802f,payload:02 d0 01 8e 02 1b 82 30 01 01 00 
11-07 22:27:00.932   529   555 D vendor.visteon.skylark.hardware.automotive.vehicle@V1-visteon-service: SomeipCOmm :: RX Message [0/2f2]:service:bf ,Method:803d,payload:02 b5 01 9d 8d ac 00 00 00 00 a0 
11-07 22:27:00.971   529   553 D vendor.visteon.skylark.hardware.automotive.vehicle@V1-visteon-service: TX Message SomeipComm::send  : service:193,method:3, response Payload: 00 
11-07 22:27:01.031   529   555 D vendor.visteon.skylark.hardware.automotive.vehicle@V1-visteon-service: SomeipCOmm :: RX Message [0/2f5]:service:bf ,Method:800d,payload:01 06 01 0d 48 7d 00 35 20 50 a4 
11-07 22:27:01.032   529   555 D vendor.visteon.skylark.hardware.automotive.vehicle@V1-visteon-service: SomeipCOmm :: RX Message [0/2f6]:service:bf ,Method:8025,payload:02 80 01 0d 48 67 7f 0f c0 0c 00 
11-07 22:27:01.032   529   555 D vendor.visteon.skylark.hardware.automotive.vehicle@V1-visteon-service: SomeipCOmm :: RX Message [0/2f7]:service:bf ,Method:8051,payload:02 84 01 5b 40 66 02 8d 00 32 1c 
11-07 22:27:01.076   529   555 D vendor.visteon.skylark.hardware.automotive.vehicle@V1-visteon-service: SomeipCOmm :: RX Message [0/2f8]:service:c0 ,Method:8000,payload:04 
11-07 22:27:01.082   529   555 D vendor.visteon.skylark.hardware.automotive.vehicle@V1-visteon-service: SomeipCOmm :: RX Message [0/2f9]:service:c7 ,Method:80e5,payload:02 00 01 01 0f 40 0a 01 08 00 0f 00 00 00 01 1e 00 00 00 00 09 00 00 00 00 02 01 02 0e 58 06 66 03 fb 08 c8 01 e9 03 08 02 a7 01 00 00 00 19 0b 07 10 39 09 1d 61 83 0d 09 0a f9 00 1f 1e b4 89 7f 00 07 00 0b 00 30 02 22 00 c2 00 00 00 01 00 00 00 00 01 00 06 00 00 00 00 00 00 00 00 00 00 00 01 00 01 00 00 00 00 32 00 00 04 07 0a 0f 14 00 10 02 00 03 00 00 00 00 00 c0 00 02 00 00 c0 00 00 01 02 9d 02 98 02 97 03 03 03 03 01 00 00 62 00 00 00 01 00 00 00 00 05 e7 03 03 00 0b 0b 0b 00 00 00 00 00 00 00 00 00 00 00 00 00 00 00 00 00 00 00 00 00 00 00 00 00 00 00 00 00 00 00 00 00 00 00 00 00 00 00 
11-07 22:27:01.084   529   555 D vendor.visteon.skylark.hardware.automotive.vehicle@V1-visteon-service: SomeipCOmm :: RX Message [0/2fa]:service:c7 ,Method:80df,payload:08 04 02 02 01 02 00 00 01 01 00 00 00 00 00 03 01 00 00 00 00 00 00 00 00 00 00 00 00 00 00 00 00 00 00 00 00 00 00 00 00 00 00 00 00 00 00 00 00 00 00 00 00 00 00 00 00 00 00 00 00 00 00 00 00 00 00 00 00 00 00 00 00 00 00 00 00 00 00 00 00 00 00 00 00 00 00 00 00 00 00 00 00 00 00 00 00 00 00 00 
11-07 22:27:01.135   524   562 I UclDL_Impl: Inst Id : 0 ## Tx Msgs : 820
11-07 22:27:01.137   524   562 I UclDL_Impl: Inst Id : 0 ## TxA Msgs : 761
11-07 22:27:01.137   524   562 I UclDL_Impl: Inst Id : 0 ## TxA TO : 0
11-07 22:27:01.137   524   562 I UclDL_Impl: Inst Id : 0 ## Rx Msgs : 820
11-07 22:27:01.137   524   562 I UclDL_Impl: Inst Id : 0 ## Rx HB Msgs : 3
11-07 22:27:01.137   524   562 I UclDL_Impl: Inst Id : 0 ## Tx Bps : 2896
11-07 22:27:01.137   524   562 I UclDL_Impl: Inst Id : 0 ## Rx Bps : 8576
11-07 22:27:01.137   524   562 I UclDL_Impl: Inst Id : 0  ## Avg Ack Latency : 8
11-07 22:27:01.233   529   555 D vendor.visteon.skylark.hardware.automotive.vehicle@V1-visteon-service: SomeipCOmm :: RX Message [0/2fb]:service:bf ,Method:800d,payload:01 06 01 0d 5c 7d 00 35 20 d0 93 
11-07 22:27:01.234   529   555 D vendor.visteon.skylark.hardware.automotive.vehicle@V1-visteon-service: SomeipCOmm :: RX Message [0/2fc]:service:bf ,Method:8025,payload:02 80 01 0d 5c 68 7f 0f c0 0c 00 
11-07 22:27:01.236   529   555 D vendor.visteon.skylark.hardware.automotive.vehicle@V1-visteon-service: SomeipCOmm :: RX Message [0/2fd]:service:bf ,Method:8051,payload:02 84 01 5b 50 66 02 8c 00 32 1c 
11-07 22:27:01.315   529   555 D vendor.visteon.skylark.hardware.automotive.vehicle@V1-visteon-service: SomeipCOmm :: RX Message [0/2fe]:service:c0 ,Method:8005,payload:00 03 03 03 03 03 03 03 03 01 03 03 03 03 00 00 00 00 00 00 
11-07 22:27:01.316   529   555 D vendor.visteon.skylark.hardware.automotive.vehicle@V1-visteon-service: PERIPHERAL_STATUS:: 00 03 03 03 03 03 03 03 03 01 03 03 03 03 00 00 00 00 00 00 
11-07 22:27:01.327   690   697 I UclDL_Impl_VIP: TxA TO : 34
11-07 22:27:01.327   690   697 I UclDL_Impl_VIP: Avg Ack Latency : 12
11-07 22:27:01.327   690   697 I UclDL_Impl_VIP: pollingCntr : 7745
11-07 22:27:01.328   690   697 I UclDL_Impl_TCU: VIP-TCU - txBps : 2480
11-07 22:27:01.328   690   697 I UclDL_Impl_TCU: VIP-TCU - rxBps : 1224
11-07 22:27:01.328   690   697 I UclDL_Impl_TCU: VIP-TCU - txAckTmo : 1
11-07 22:27:01.432   529   555 D vendor.visteon.skylark.hardware.automotive.vehicle@V1-visteon-service: SomeipCOmm :: RX Message [0/300]:service:bf ,Method:800d,payload:01 06 01 0d 54 7d 00 35 20 50 bf 
11-07 22:27:01.436   529   555 D vendor.visteon.skylark.hardware.automotive.vehicle@V1-visteon-service: SomeipCOmm :: RX Message [0/301]:service:bf ,Method:8025,payload:02 80 01 0d 48 69 7f 0f c0 0c 00 
11-07 22:27:01.437   529   555 D vendor.visteon.skylark.hardware.automotive.vehicle@V1-visteon-service: SomeipCOmm :: RX Message [0/302]:service:bf ,Method:8051,payload:02 84 01 5b 60 66 02 8b 00 32 1c 
11-07 22:27:01.531   529   555 D vendor.visteon.skylark.hardware.automotive.vehicle@V1-visteon-service: SomeipCOmm :: RX Message [0/304]:service:bf ,Method:803d,payload:02 b5 01 9d 8c ac 00 00 00 00 a0 
11-07 22:27:01.631   529   555 D vendor.visteon.skylark.hardware.automotive.vehicle@V1-visteon-service: SomeipCOmm :: RX Message [0/305]:service:bf ,Method:800d,payload:01 06 01 0d 50 7d 00 35 20 f0 1b 
11-07 22:27:01.633   529   555 D vendor.visteon.skylark.hardware.automotive.vehicle@V1-visteon-service: SomeipCOmm :: RX Message [0/306]:service:bf ,Method:8025,payload:02 80 01 0d 50 6a 7f 0f c0 0c 00 
11-07 22:27:01.634   529   555 D vendor.visteon.skylark.hardware.automotive.vehicle@V1-visteon-service: SomeipCOmm :: RX Message [0/307]:service:bf ,Method:8051,payload:02 84 01 5b 60 66 02 8c 00 32 1c 
11-07 22:27:01.732   529   555 D vendor.visteon.skylark.hardware.automotive.vehicle@V1-visteon-service: SomeipCOmm :: RX Message [0/308]:service:bf ,Method:802f,payload:02 d0 01 8e 02 1b 82 30 01 01 00 
11-07 22:27:01.760   529   555 D vendor.visteon.skylark.hardware.automotive.vehicle@V1-visteon-service: SomeipCOmm :: RX Message [0/309]:service:bf ,Method:8034,payload:03 a0 01 00 0d 4f 03 30 27 e8 a0 
11-07 22:27:01.764   529   555 D vendor.visteon.skylark.hardware.automotive.vehicle@V1-visteon-service: SomeipCOmm :: RX Message [0/30a]:service:bf ,Method:8035,payload:03 a1 01 00 0d 4f 03 31 40 12 98 
11-07 22:27:01.764   529   555 D vendor.visteon.skylark.hardware.automotive.vehicle@V1-visteon-service: SomeipCOmm :: RX Message [0/30b]:service:bf ,Method:8036,payload:03 a3 01 00 07 52 00 00 00 00 00 
11-07 22:27:01.766   529   555 D vendor.visteon.skylark.hardware.automotive.vehicle@V1-visteon-service: SomeipCOmm :: RX Message [0/30c]:service:bf ,Method:803a,payload:03 a2 01 00 0d 4f 03 34 3f 90 a0 
11-07 22:27:01.835   529   555 D vendor.visteon.skylark.hardware.automotive.vehicle@V1-visteon-service: SomeipCOmm :: RX Message [0/30d]:service:bf ,Method:800d,payload:01 06 01 0d 40 7d 00 35 20 70 29 
11-07 22:27:01.836   529   555 D vendor.visteon.skylark.hardware.automotive.vehicle@V1-visteon-service: SomeipCOmm :: RX Message [0/30e]:service:bf ,Method:8025,payload:02 80 01 0d 40 6b 7f 0f c0 0c 00 
11-07 22:27:01.837   529   555 D vendor.visteon.skylark.hardware.automotive.vehicle@V1-visteon-service: SomeipCOmm :: RX Message [0/30f]:service:bf ,Method:8051,payload:02 84 01 5b 70 66 02 8d 00 32 1c 
11-07 22:27:01.855   529   555 D vendor.visteon.skylark.hardware.automotive.vehicle@V1-visteon-service: SomeipCOmm :: RX Message [0/310]:service:c7 ,Method:80e2,payload:0b 39 04 05 07 0a 19 02 
11-07 22:27:01.935   529   555 D vendor.visteon.skylark.hardware.automotive.vehicle@V1-visteon-service: SomeipCOmm :: RX Message [0/311]:service:bf ,Method:803d,payload:02 b5 01 9d 8d ac 00 00 00 00 a0 
11-07 22:27:01.971   529   553 D vendor.visteon.skylark.hardware.automotive.vehicle@V1-visteon-service: TX Message SomeipComm::send  : service:193,method:3, response Payload: 00 
11-07 22:27:02.036   529   555 D vendor.visteon.skylark.hardware.automotive.vehicle@V1-visteon-service: SomeipCOmm :: RX Message [0/313]:service:bf ,Method:800d,payload:01 06 01 0d 3c 7d 00 35 20 f0 6c 
11-07 22:27:02.037   529   555 D vendor.visteon.skylark.hardware.automotive.vehicle@V1-visteon-service: SomeipCOmm :: RX Message [0/314]:service:bf ,Method:8025,payload:02 80 01 0d 3c 6b 7f 0f c0 0c 00 
11-07 22:27:02.038   529   555 D vendor.visteon.skylark.hardware.automotive.vehicle@V1-visteon-service: SomeipCOmm :: RX Message [0/315]:service:bf ,Method:8051,payload:02 84 01 5b 80 66 02 8c 00 32 1c 
11-07 22:27:02.079   529   555 D vendor.visteon.skylark.hardware.automotive.vehicle@V1-visteon-service: SomeipCOmm :: RX Message [0/316]:service:c0 ,Method:8000,payload:04 
11-07 22:27:02.084   529   555 D vendor.visteon.skylark.hardware.automotive.vehicle@V1-visteon-service: SomeipCOmm :: RX Message [0/317]:service:c7 ,Method:80e5,payload:02 00 01 01 0f 40 0a 01 08 00 0f 00 00 00 01 1e 00 00 00 00 09 00 00 00 00 02 01 02 0e 29 06 4f 03 f0 08 b1 01 e3 02 ff 02 b6 01 00 00 00 19 0b 07 10 39 0a 1d 79 8b 0d 09 0a f9 00 1f 1e ba 89 7f 00 07 00 0b 00 30 02 22 00 c2 00 00 00 01 00 00 00 00 01 00 06 00 00 00 00 00 00 00 00 00 00 00 01 00 01 00 00 00 00 32 00 00 04 07 0a 0f 14 00 10 02 00 03 00 00 00 00 00 c0 00 02 00 00 c0 00 00 01 02 be 02 bc 02 cb 03 03 03 03 01 00 00 62 00 00 00 01 00 00 00 00 05 d9 03 03 00 0b 0b 0b 00 00 00 00 00 00 00 00 00 00 00 00 00 00 00 00 00 00 00 00 00 00 00 00 00 00 00 00 00 00 00 00 00 00 00 00 00 00 00 
11-07 22:27:02.085   529   555 D vendor.visteon.skylark.hardware.automotive.vehicle@V1-visteon-service: SomeipCOmm :: RX Message [0/318]:service:c7 ,Method:80df,payload:08 04 02 02 01 02 00 00 01 01 00 00 00 00 00 03 01 00 00 00 00 00 00 00 00 00 00 00 00 00 00 00 00 00 00 00 00 00 00 00 00 00 00 00 00 00 00 00 00 00 00 00 00 00 00 00 00 00 00 00 00 00 00 00 00 00 00 00 00 00 00 00 00 00 00 00 00 00 00 00 00 00 00 00 00 00 00 00 00 00 00 00 00 00 00 00 00 00 00 00 
11-07 22:27:02.135   529   555 D vendor.visteon.skylark.hardware.automotive.vehicle@V1-visteon-service: SomeipCOmm :: RX Message [0/319]:service:bf ,Method:803d,payload:02 b5 01 9d 8c ac 00 00 00 00 a0 
11-07 22:27:02.139   524   562 I UclDL_Impl: Inst Id : 0 ## Tx Msgs : 852
11-07 22:27:02.139   524   562 I UclDL_Impl: Inst Id : 0 ## TxA Msgs : 792
11-07 22:27:02.139   524   562 I UclDL_Impl: Inst Id : 0 ## TxA TO : 0
11-07 22:27:02.139   524   562 I UclDL_Impl: Inst Id : 0 ## Rx Msgs : 852
11-07 22:27:02.139   524   562 I UclDL_Impl: Inst Id : 0 ## Rx HB Msgs : 3
11-07 22:27:02.139   524   562 I UclDL_Impl: Inst Id : 0 ## Tx Bps : 2576
11-07 22:27:02.139   524   562 I UclDL_Impl: Inst Id : 0 ## Rx Bps : 7816
11-07 22:27:02.139   524   562 I UclDL_Impl: Inst Id : 0  ## Avg Ack Latency : 9
11-07 22:27:02.235   529   555 D vendor.visteon.skylark.hardware.automotive.vehicle@V1-visteon-service: SomeipCOmm :: RX Message [0/31a]:service:bf ,Method:800d,payload:01 06 01 0d 4c 7d 00 35 20 70 26 
11-07 22:27:02.237   529   555 D vendor.visteon.skylark.hardware.automotive.vehicle@V1-visteon-service: SomeipCOmm :: RX Message [0/31b]:service:bf ,Method:8025,payload:02 80 01 0d 50 6c 7f 0f c0 0c 00 
11-07 22:27:02.237   529   555 D vendor.visteon.skylark.hardware.automotive.vehicle@V1-visteon-service: SomeipCOmm :: RX Message [0/31c]:service:bf ,Method:8051,payload:02 84 01 5b 90 66 02 8b 00 32 1c 
11-07 22:27:02.263   529   555 D vendor.visteon.skylark.hardware.automotive.vehicle@V1-visteon-service: SomeipCOmm :: RX Message [0/31d]:service:bf ,Method:806b,payload:04 fa 01 02 15 9b 00 0d 98 8c 42 
11-07 22:27:02.319   529   555 D vendor.visteon.skylark.hardware.automotive.vehicle@V1-visteon-service: SomeipCOmm :: RX Message [0/31e]:service:c0 ,Method:8005,payload:00 03 03 03 03 03 03 03 03 01 03 03 03 03 00 00 00 00 00 00 
11-07 22:27:02.320   529   555 D vendor.visteon.skylark.hardware.automotive.vehicle@V1-visteon-service: PERIPHERAL_STATUS:: 00 03 03 03 03 03 03 03 03 01 03 03 03 03 00 00 00 00 00 00 
11-07 22:27:02.335   690   697 I UclDL_Impl_VIP: TxA TO : 34
11-07 22:27:02.335   690   697 I UclDL_Impl_VIP: Avg Ack Latency : 8
11-07 22:27:02.335   690   697 I UclDL_Impl_VIP: pollingCntr : 7995
11-07 22:27:02.335   690   697 I UclDL_Impl_TCU: VIP-TCU - txBps : 2488
11-07 22:27:02.335   690   697 I UclDL_Impl_TCU: VIP-TCU - rxBps : 1336
11-07 22:27:02.335   690   697 I UclDL_Impl_TCU: VIP-TCU - txAckTmo : 1
11-07 22:27:02.335   529   555 D vendor.visteon.skylark.hardware.automotive.vehicle@V1-visteon-service: SomeipCOmm :: RX Message [0/320]:service:bf ,Method:803d,payload:02 b5 01 9d 8c ac 00 00 00 00 a0 
11-07 22:27:02.429   529   572 D vendor.visteon.skylark.hardware.automotive.vehicle@V1-visteon-service: TX Message SomeipComm::send  : service:166,method:16, response Payload: 01 
11-07 22:27:02.435   529   555 D vendor.visteon.skylark.hardware.automotive.vehicle@V1-visteon-service: SomeipCOmm :: RX Message [0/321]:service:bf ,Method:800d,payload:01 06 01 0d 44 7d 00 35 20 f0 0a 
11-07 22:27:02.436   529   555 D vendor.visteon.skylark.hardware.automotive.vehicle@V1-visteon-service: SomeipCOmm :: RX Message [0/322]:service:bf ,Method:8025,payload:02 80 01 0d 44 6d 7f 0f c0 0c 00 
11-07 22:27:02.437   529   555 D vendor.visteon.skylark.hardware.automotive.vehicle@V1-visteon-service: SomeipCOmm :: RX Message [0/323]:service:bf ,Method:8051,payload:02 84 01 5b a0 66 02 8d 00 32 1c 
11-07 22:27:02.544   529   555 D vendor.visteon.skylark.hardware.automotive.vehicle@V1-visteon-service: SomeipCOmm :: RX Message [0/325]:service:bf ,Method:802f,payload:02 d0 01 8f 02 1b 82 30 01 01 00 
11-07 22:27:02.636   529   572 D vendor.visteon.skylark.hardware.automotive.vehicle@V1-visteon-service: TX Message SomeipComm::send  : service:196,method:5, response Payload: 01 9c 6b 55 
11-07 22:27:02.640   529   555 D vendor.visteon.skylark.hardware.automotive.vehicle@V1-visteon-service: SomeipCOmm :: RX Message [0/326]:service:bf ,Method:800d,payload:01 06 01 0d 50 7d 00 35 20 70 3d 
11-07 22:27:02.641   529   555 D vendor.visteon.skylark.hardware.automotive.vehicle@V1-visteon-service: SomeipCOmm :: RX Message [0/327]:service:bf ,Method:8025,payload:02 80 01 0d 50 6e 7f 0f c0 0c 00 
11-07 22:27:02.740   529   555 D vendor.visteon.skylark.hardware.automotive.vehicle@V1-visteon-service: SomeipCOmm :: RX Message [0/328]:service:bf ,Method:802f,payload:02 d0 01 8e 02 1b 82 30 01 01 00 
11-07 22:27:02.740   529   555 D vendor.visteon.skylark.hardware.automotive.vehicle@V1-visteon-service: SomeipCOmm :: RX Message [0/329]:service:bf ,Method:803d,payload:02 b5 01 9d 8d ac 00 00 00 00 a0 
11-07 22:27:02.764   529   555 D vendor.visteon.skylark.hardware.automotive.vehicle@V1-visteon-service: SomeipCOmm :: RX Message [0/32a]:service:bf ,Method:8034,payload:03 a0 01 00 0d 50 03 30 27 e8 a0 
11-07 22:27:02.764   529   555 D vendor.visteon.skylark.hardware.automotive.vehicle@V1-visteon-service: SomeipCOmm :: RX Message [0/32b]:service:bf ,Method:8035,payload:03 a1 01 00 0d 50 03 31 40 12 98 
11-07 22:27:02.765   529   555 D vendor.visteon.skylark.hardware.automotive.vehicle@V1-visteon-service: SomeipCOmm :: RX Message [0/32c]:service:bf ,Method:8036,payload:03 a3 01 00 07 53 00 00 00 00 00 
11-07 22:27:02.765   529   555 D vendor.visteon.skylark.hardware.automotive.vehicle@V1-visteon-service: SomeipCOmm :: RX Message [0/32d]:service:bf ,Method:803a,payload:03 a2 01 00 0d 50 03 34 3f 90 a0 
11-07 22:27:02.840   529   555 D vendor.visteon.skylark.hardware.automotive.vehicle@V1-visteon-service: SomeipCOmm :: RX Message [0/32e]:service:bf ,Method:800d,payload:01 06 01 0d 58 7d 00 35 20 f0 11 
11-07 22:27:02.840   529   555 D vendor.visteon.skylark.hardware.automotive.vehicle@V1-visteon-service: SomeipCOmm :: RX Message [0/32f]:service:bf ,Method:8025,payload:02 80 01 0d 54 6f 7f 0f c0 0c 00 
11-07 22:27:02.841   529   555 D vendor.visteon.skylark.hardware.automotive.vehicle@V1-visteon-service: SomeipCOmm :: RX Message [0/330]:service:bf ,Method:8051,payload:02 84 01 5b b0 66 02 8c 00 32 1c 
11-07 22:27:02.942   529   555 D vendor.visteon.skylark.hardware.automotive.vehicle@V1-visteon-service: SomeipCOmm :: RX Message [0/332]:service:bf ,Method:803d,payload:02 b5 01 9d 8c ac 00 00 00 00 a0 
11-07 22:27:02.972   529   553 D vendor.visteon.skylark.hardware.automotive.vehicle@V1-visteon-service: TX Message SomeipComm::send  : service:193,method:3, response Payload: 00 
11-07 22:27:03.043   529   555 D vendor.visteon.skylark.hardware.automotive.vehicle@V1-visteon-service: SomeipCOmm :: RX Message [0/334]:service:bf ,Method:800d,payload:01 06 01 0d 4c 7d 00 35 20 70 26 
11-07 22:27:03.043   529   555 D vendor.visteon.skylark.hardware.automotive.vehicle@V1-visteon-service: SomeipCOmm :: RX Message [0/335]:service:bf ,Method:8025,payload:02 80 01 0d 50 6f 7f 0f c0 0c 00 
11-07 22:27:03.044   529   555 D vendor.visteon.skylark.hardware.automotive.vehicle@V1-visteon-service: SomeipCOmm :: RX Message [0/336]:service:bf ,Method:8051,payload:02 84 01 5b b0 66 02 8b 00 32 1c 
11-07 22:27:03.084   529   555 D vendor.visteon.skylark.hardware.automotive.vehicle@V1-visteon-service: SomeipCOmm :: RX Message [0/337]:service:c0 ,Method:8000,payload:04 
11-07 22:27:03.089   529   555 D vendor.visteon.skylark.hardware.automotive.vehicle@V1-visteon-service: SomeipCOmm :: RX Message [0/338]:service:c7 ,Method:80e5,payload:02 00 01 01 0f 40 0a 01 08 00 0f 00 00 00 01 1e 00 00 00 00 09 00 00 00 00 02 01 02 0e 4e 06 61 03 fe 08 e6 01 eb 03 06 02 e9 01 00 00 00 19 0b 07 10 39 0b 1d 79 83 0d 09 0a f9 00 1f 1e b6 89 7f 00 07 00 0b 00 30 02 22 00 c2 00 00 00 01 00 00 00 00 01 00 06 00 00 00 00 00 00 00 00 00 00 00 01 00 01 00 00 00 00 32 00 00 04 07 0a 0f 14 00 10 02 00 03 00 00 00 00 00 c0 00 02 00 00 c0 00 00 01 02 e5 02 e3 02 f0 03 03 03 03 01 00 00 62 00 00 00 01 00 00 00 00 05 ee 03 03 00 0b 0b 0b 00 00 00 00 00 00 00 00 00 00 00 00 00 00 00 00 00 00 00 00 00 00 00 00 00 00 00 00 00 00 00 00 00 00 00 00 00 00 00 
11-07 22:27:03.090   529   555 D vendor.visteon.skylark.hardware.automotive.vehicle@V1-visteon-service: SomeipCOmm :: RX Message [0/339]:service:c7 ,Method:80df,payload:08 04 02 02 01 02 00 00 01 01 00 00 00 00 00 03 01 00 00 00 00 00 00 00 00 00 00 00 00 00 00 00 00 00 00 00 00 00 00 00 00 00 00 00 00 00 00 00 00 00 00 00 00 00 00 00 00 00 00 00 00 00 00 00 00 00 00 00 00 00 00 00 00 00 00 00 00 00 00 00 00 00 00 00 00 00 00 00 00 00 00 00 00 00 00 00 00 00 00 00 
11-07 22:27:03.139   529   555 D vendor.visteon.skylark.hardware.automotive.vehicle@V1-visteon-service: SomeipCOmm :: RX Message [0/33a]:service:bf ,Method:802f,payload:02 d0 01 8f 02 1b 82 30 01 01 00 
11-07 22:27:03.163   524   562 I UclDL_Impl: Inst Id : 0 ## Tx Msgs : 888
11-07 22:27:03.163   524   562 I UclDL_Impl: Inst Id : 0 ## TxA Msgs : 825
11-07 22:27:03.163   524   562 I UclDL_Impl: Inst Id : 0 ## TxA TO : 0
11-07 22:27:03.163   524   562 I UclDL_Impl: Inst Id : 0 ## Rx Msgs : 888
11-07 22:27:03.163   524   562 I UclDL_Impl: Inst Id : 0 ## Rx HB Msgs : 3
11-07 22:27:03.163   524   562 I UclDL_Impl: Inst Id : 0 ## Tx Bps : 2952
11-07 22:27:03.163   524   562 I UclDL_Impl: Inst Id : 0 ## Rx Bps : 8232
11-07 22:27:03.163   524   562 I UclDL_Impl: Inst Id : 0  ## Avg Ack Latency : 9
11-07 22:27:03.239   529   555 D vendor.visteon.skylark.hardware.automotive.vehicle@V1-visteon-service: SomeipCOmm :: RX Message [0/33b]:service:bf ,Method:800d,payload:01 06 01 0d 58 7d 00 35 20 f0 11 
11-07 22:27:03.240   529   555 D vendor.visteon.skylark.hardware.automotive.vehicle@V1-visteon-service: SomeipCOmm :: RX Message [0/33c]:service:bf ,Method:8025,payload:02 80 01 0d 58 70 7f 0f c0 0c 00 
11-07 22:27:03.240   529   555 D vendor.visteon.skylark.hardware.automotive.vehicle@V1-visteon-service: SomeipCOmm :: RX Message [0/33d]:service:bf ,Method:8051,payload:02 84 01 5b b0 66 02 8d 00 32 1c 
11-07 22:27:03.268   529   555 D vendor.visteon.skylark.hardware.automotive.vehicle@V1-visteon-service: SomeipCOmm :: RX Message [0/33e]:service:bf ,Method:806b,payload:04 fa 01 02 15 9b 00 0d 98 8d 42 
11-07 22:27:03.323   529   555 D vendor.visteon.skylark.hardware.automotive.vehicle@V1-visteon-service: SomeipCOmm :: RX Message [0/33f]:service:c0 ,Method:8005,payload:00 03 03 03 03 03 03 03 03 01 03 03 03 03 00 00 00 00 00 00 
11-07 22:27:03.323   529   555 D vendor.visteon.skylark.hardware.automotive.vehicle@V1-visteon-service: PERIPHERAL_STATUS:: 00 03 03 03 03 03 03 03 03 01 03 03 03 03 00 00 00 00 00 00 
11-07 22:27:03.339   690   697 I UclDL_Impl_VIP: TxA TO : 34
11-07 22:27:03.339   690   697 I UclDL_Impl_VIP: Avg Ack Latency : 10
11-07 22:27:03.339   690   697 I UclDL_Impl_VIP: pollingCntr : 8245
11-07 22:27:03.339   690   697 I UclDL_Impl_TCU: VIP-TCU - txBps : 2336
11-07 22:27:03.339   690   697 I UclDL_Impl_TCU: VIP-TCU - rxBps : 1336
11-07 22:27:03.339   690   697 I UclDL_Impl_TCU: VIP-TCU - txAckTmo : 1
11-07 22:27:03.340   529   555 D vendor.visteon.skylark.hardware.automotive.vehicle@V1-visteon-service: SomeipCOmm :: RX Message [0/341]:service:bf ,Method:803d,payload:02 b5 01 9d 8d ac 00 00 00 00 a0 
11-07 22:27:03.447   529   555 D vendor.visteon.skylark.hardware.automotive.vehicle@V1-visteon-service: SomeipCOmm :: RX Message [0/342]:service:bf ,Method:800d,payload:01 06 01 0d 50 7d 00 35 20 70 3d 
11-07 22:27:03.449   529   555 D vendor.visteon.skylark.hardware.automotive.vehicle@V1-visteon-service: SomeipCOmm :: RX Message [0/343]:service:bf ,Method:8025,payload:02 80 01 0d 50 71 7f 0f c0 0c 00 
11-07 22:27:03.544   529   555 D vendor.visteon.skylark.hardware.automotive.vehicle@V1-visteon-service: SomeipCOmm :: RX Message [0/345]:service:bf ,Method:802f,payload:02 d0 01 8e 02 1b 82 30 01 01 00 
11-07 22:27:03.604   529   572 D vendor.visteon.skylark.hardware.automotive.vehicle@V1-visteon-service: TX Message SomeipComm::send  : service:193,method:3, response Payload: 04 
11-07 22:27:03.764   529   555 D vendor.visteon.skylark.hardware.automotive.vehicle@V1-visteon-service: SomeipCOmm :: RX Message [0/349]:service:bf ,Method:8034,payload:03 a0 01 00 0d 51 03 30 27 e8 a0 
11-07 22:27:03.765   529   555 D vendor.visteon.skylark.hardware.automotive.vehicle@V1-visteon-service: SomeipCOmm :: RX Message [0/34a]:service:bf ,Method:8035,payload:03 a1 01 00 0d 51 03 31 40 12 98 
11-07 22:27:03.765   529   555 D vendor.visteon.skylark.hardware.automotive.vehicle@V1-visteon-service: SomeipCOmm :: RX Message [0/34b]:service:bf ,Method:8036,payload:03 a3 01 00 07 54 00 00 00 00 00 
11-07 22:27:03.766   529   555 D vendor.visteon.skylark.hardware.automotive.vehicle@V1-visteon-service: SomeipCOmm :: RX Message [0/34c]:service:bf ,Method:803a,payload:03 a2 01 00 0d 51 03 34 3f 90 a0 
11-07 22:27:03.775   529   572 D vendor.visteon.skylark.hardware.automotive.vehicle@V1-visteon-service: TX Message SomeipComm::send  : service:196,method:5, response Payload: 01 9c 68 00 
11-07 22:27:03.842   529   555 D vendor.visteon.skylark.hardware.automotive.vehicle@V1-visteon-service: SomeipCOmm :: RX Message [0/34d]:service:bf ,Method:800d,payload:01 06 01 0d 44 7d 00 35 20 90 9e 
11-07 22:27:03.842   529   555 D vendor.visteon.skylark.hardware.automotive.vehicle@V1-visteon-service: SomeipCOmm :: RX Message [0/34e]:service:bf ,Method:8025,payload:02 80 01 0d 40 73 7f 0f c0 0c 00 
11-07 22:27:03.863   529   555 D vendor.visteon.skylark.hardware.automotive.vehicle@V1-visteon-service: SomeipCOmm :: RX Message [0/34f]:service:c7 ,Method:80e2,payload:0d 39 04 05 07 0a 19 02 
11-07 22:27:03.943   529   555 D vendor.visteon.skylark.hardware.automotive.vehicle@V1-visteon-service: SomeipCOmm :: RX Message [0/350]:service:bf ,Method:803d,payload:02 b5 01 9d 8c ac 00 00 00 00 a0 
11-07 22:27:03.973   529   553 D vendor.visteon.skylark.hardware.automotive.vehicle@V1-visteon-service: TX Message SomeipComm::send  : service:193,method:3, response Payload: 04 
11-07 22:27:04.047   529   555 D vendor.visteon.skylark.hardware.automotive.vehicle@V1-visteon-service: SomeipCOmm :: RX Message [0/352]:service:bf ,Method:800d,payload:01 06 01 0d 50 7d 00 35 20 10 a9 
11-07 22:27:04.047   529   555 D vendor.visteon.skylark.hardware.automotive.vehicle@V1-visteon-service: SomeipCOmm :: RX Message [0/353]:service:bf ,Method:8025,payload:02 80 01 0d 50 73 7f 0f c0 0c 00 
11-07 22:27:04.048   529   555 D vendor.visteon.skylark.hardware.automotive.vehicle@V1-visteon-service: SomeipCOmm :: RX Message [0/354]:service:bf ,Method:8051,payload:02 84 01 5b c0 66 02 8d 00 32 1c 
11-07 22:27:04.088   529   555 D vendor.visteon.skylark.hardware.automotive.vehicle@V1-visteon-service: SomeipCOmm :: RX Message [0/355]:service:c0 ,Method:8000,payload:04 
11-07 22:27:04.092   529   555 D vendor.visteon.skylark.hardware.automotive.vehicle@V1-visteon-service: SomeipCOmm :: RX Message [0/356]:service:c7 ,Method:80e5,payload:02 00 01 01 0f 40 0a 01 08 00 0f 00 00 00 01 1e 00 00 00 00 09 00 00 00 00 02 01 02 0e 4c 06 5f 03 fb 08 cb 01 ea 03 06 02 e9 01 00 00 00 19 0b 07 10 39 0c 1d 79 8f 0d 09 0a f9 00 1f 1e b8 89 7f 00 07 00 0b 00 30 02 22 00 c2 00 00 00 01 00 00 00 00 01 00 06 00 00 00 00 00 00 00 00 00 00 00 01 00 01 00 00 00 00 32 00 00 04 07 0a 0f 14 00 10 02 00 03 00 00 00 00 00 c0 00 02 00 00 c0 00 00 01 02 e7 02 ea 02 f2 03 03 03 03 01 00 00 62 00 00 00 01 00 00 00 00 05 ec 03 03 00 0b 0b 0b 00 00 00 00 00 00 00 00 00 00 00 00 00 00 00 00 00 00 00 00 00 00 00 00 00 00 00 00 00 00 00 00 00 00 00 00 00 00 00 
11-07 22:27:04.143   529   555 D vendor.visteon.skylark.hardware.automotive.vehicle@V1-visteon-service: SomeipCOmm :: RX Message [0/358]:service:bf ,Method:802f,payload:02 d0 01 8f 02 1b 82 30 01 01 00 
11-07 22:27:04.179   524   562 I UclDL_Impl: Inst Id : 0 ## Tx Msgs : 920
11-07 22:27:04.179   524   562 I UclDL_Impl: Inst Id : 0 ## TxA Msgs : 855
11-07 22:27:04.179   524   562 I UclDL_Impl: Inst Id : 0 ## TxA TO : 0
11-07 22:27:04.179   524   562 I UclDL_Impl: Inst Id : 0 ## Rx Msgs : 920
11-07 22:27:04.179   524   562 I UclDL_Impl: Inst Id : 0 ## Rx HB Msgs : 3
11-07 22:27:04.179   524   562 I UclDL_Impl: Inst Id : 0 ## Tx Bps : 2616
11-07 22:27:04.179   524   562 I UclDL_Impl: Inst Id : 0 ## Rx Bps : 7720
11-07 22:27:04.179   524   562 I UclDL_Impl: Inst Id : 0  ## Avg Ack Latency : 9
11-07 22:27:04.243   529   555 D vendor.visteon.skylark.hardware.automotive.vehicle@V1-visteon-service: SomeipCOmm :: RX Message [0/359]:service:bf ,Method:800d,payload:01 06 01 0d 38 7d 00 35 20 90 fd 
11-07 22:27:04.247   529   555 D vendor.visteon.skylark.hardware.automotive.vehicle@V1-visteon-service: SomeipCOmm :: RX Message [0/35a]:service:bf ,Method:8025,payload:02 80 01 0d 30 74 7f 0f c0 0c 00 
11-07 22:27:04.331   529   555 D vendor.visteon.skylark.hardware.automotive.vehicle@V1-visteon-service: SomeipCOmm :: RX Message [0/35b]:service:c0 ,Method:8005,payload:00 03 03 03 03 03 03 03 03 01 03 03 03 03 00 00 00 00 00 00 
11-07 22:27:04.331   529   555 D vendor.visteon.skylark.hardware.automotive.vehicle@V1-visteon-service: PERIPHERAL_STATUS:: 00 03 03 03 03 03 03 03 03 01 03 03 03 03 00 00 00 00 00 00 
11-07 22:27:04.343   690   697 I UclDL_Impl_VIP: TxA TO : 34
11-07 22:27:04.343   690   697 I UclDL_Impl_VIP: Avg Ack Latency : 9
11-07 22:27:04.343   690   697 I UclDL_Impl_VIP: pollingCntr : 8495
11-07 22:27:04.343   690   697 I UclDL_Impl_TCU: VIP-TCU - txBps : 1928
11-07 22:27:04.343   690   697 I UclDL_Impl_TCU: VIP-TCU - rxBps : 1168
11-07 22:27:04.343   690   697 I UclDL_Impl_TCU: VIP-TCU - txAckTmo : 1
11-07 22:27:04.347   529   555 D vendor.visteon.skylark.hardware.automotive.vehicle@V1-visteon-service: SomeipCOmm :: RX Message [0/35d]:service:bf ,Method:802f,payload:02 d0 01 8e 02 1b 82 30 01 01 00 
11-07 22:27:04.347   529   555 D vendor.visteon.skylark.hardware.automotive.vehicle@V1-visteon-service: SomeipCOmm :: RX Message [0/35e]:service:bf ,Method:803d,payload:02 b5 01 9d 8d ac 00 00 00 00 a0 
11-07 22:27:04.448   529   555 D vendor.visteon.skylark.hardware.automotive.vehicle@V1-visteon-service: SomeipCOmm :: RX Message [0/35f]:service:bf ,Method:800d,payload:01 06 01 0d 50 7d 00 35 20 10 a9 
11-07 22:27:04.450   529   555 D vendor.visteon.skylark.hardware.automotive.vehicle@V1-visteon-service: SomeipCOmm :: RX Message [0/360]:service:bf ,Method:8025,payload:02 80 01 0d 50 75 7f 0f c0 0c 00 
11-07 22:27:04.451   529   555 D vendor.visteon.skylark.hardware.automotive.vehicle@V1-visteon-service: SomeipCOmm :: RX Message [0/361]:service:bf ,Method:8051,payload:02 84 01 5b c0 66 02 8c 00 32 1c 
11-07 22:27:04.766   529   555 D vendor.visteon.skylark.hardware.automotive.vehicle@V1-visteon-service: SomeipCOmm :: RX Message [0/367]:service:bf ,Method:8034,payload:03 a0 01 00 0d 52 03 30 27 e8 a0 
11-07 22:27:04.768   529   555 D vendor.visteon.skylark.hardware.automotive.vehicle@V1-visteon-service: SomeipCOmm :: RX Message [0/368]:service:bf ,Method:8035,payload:03 a1 01 00 0d 52 03 31 40 12 98 
11-07 16:57:13.000   529   555 D vendor.visteon.skylark.hardware.automotive.vehicle@V1-visteon-service: SomeipCOmm :: RX Message [0/369]:service:bf ,Method:8036,payload:03 a3 01 00 07 55 00 00 00 00 00 
11-07 16:57:13.086   529   555 D vendor.visteon.skylark.hardware.automotive.vehicle@V1-visteon-service: SomeipCOmm :: RX Message [0/36c]:service:bf ,Method:800d,payload:01 06 01 0d 4c 7d 00 35 20 10 b2 
11-07 16:57:13.089   529   555 D vendor.visteon.skylark.hardware.automotive.vehicle@V1-visteon-service: SomeipCOmm :: RX Message [0/36d]:service:bf ,Method:8025,payload:02 80 01 0d 4c 76 7f 0f c0 0c 00 
11-07 16:57:13.093   529   555 D vendor.visteon.skylark.hardware.automotive.vehicle@V1-visteon-service: SomeipCOmm :: RX Message [0/36e]:service:bf ,Method:8051,payload:02 84 01 5b c0 66 02 8d 00 32 1c 
11-07 16:57:13.179   529   555 D vendor.visteon.skylark.hardware.automotive.vehicle@V1-visteon-service: SomeipCOmm :: RX Message [0/371]:service:bf ,Method:803d,payload:02 b5 01 9d 8d ac 00 00 00 00 a0 
11-07 16:57:13.205   529   553 D vendor.visteon.skylark.hardware.automotive.vehicle@V1-visteon-service: TX Message SomeipComm::send  : service:193,method:3, response Payload: 04 
11-07 16:57:13.279   529   555 D vendor.visteon.skylark.hardware.automotive.vehicle@V1-visteon-service: SomeipCOmm :: RX Message [0/373]:service:bf ,Method:800d,payload:01 06 01 0d 50 7d 00 35 20 90 8f 
11-07 16:57:13.280   529   555 D vendor.visteon.skylark.hardware.automotive.vehicle@V1-visteon-service: SomeipCOmm :: RX Message [0/374]:service:bf ,Method:8025,payload:02 80 01 0d 50 77 7f 0f c0 0c 00 
11-07 16:57:13.327   529   555 D vendor.visteon.skylark.hardware.automotive.vehicle@V1-visteon-service: SomeipCOmm :: RX Message [0/375]:service:c0 ,Method:8000,payload:04 
11-07 16:57:13.331   529   555 D vendor.visteon.skylark.hardware.automotive.vehicle@V1-visteon-service: SomeipCOmm :: RX Message [0/376]:service:c7 ,Method:80e5,payload:02 00 01 01 0f 40 0a 01 08 04 0f 00 00 00 01 1e 00 00 00 00 09 00 00 00 00 02 01 02 0e 59 06 66 03 ff 08 e7 01 e9 03 09 02 ec 01 00 00 00 19 0b 07 10 39 0d 1d 79 83 0d 09 0a f9 00 1f 1e ba 89 7f 00 07 00 0b 00 30 02 22 00 c2 00 00 00 01 00 00 00 00 01 00 06 00 00 00 00 00 00 00 00 00 00 00 01 00 01 00 00 00 00 32 00 00 04 07 0a 0f 14 00 10 02 00 03 00 00 00 00 00 c0 00 02 00 00 c0 00 00 01 02 f1 02 ea 02 f9 03 03 03 03 01 00 00 62 00 00 00 01 00 00 00 00 05 e8 03 03 00 0b 0b 0b 00 00 00 00 00 00 00 00 00 00 00 00 00 00 00 00 00 00 00 00 00 00 00 00 00 00 00 00 00 00 00 00 00 00 00 00 00 00 00 
11-07 16:57:13.332   529   555 D vendor.visteon.skylark.hardware.automotive.vehicle@V1-visteon-service: SomeipCOmm :: RX Message [0/377]:service:c7 ,Method:80df,payload:08 04 02 02 01 02 00 00 01 01 00 00 00 00 00 03 01 00 00 00 00 00 00 00 00 00 00 00 00 00 00 00 00 00 00 00 00 00 00 00 00 00 00 00 00 00 00 00 00 00 00 00 00 00 00 00 00 00 00 00 00 00 00 00 00 00 00 00 00 00 00 00 00 00 00 00 00 00 00 00 00 00 00 00 00 00 00 00 00 00 00 00 00 00 00 00 00 00 00 00 
11-07 16:57:13.410   524   562 I UclDL_Impl: Inst Id : 0 ## Tx Msgs : 956
11-07 16:57:13.411   524   562 I UclDL_Impl: Inst Id : 0 ## TxA Msgs : 886
11-07 16:57:13.411   524   562 I UclDL_Impl: Inst Id : 0 ## TxA TO : 0
11-07 16:57:13.411   524   562 I UclDL_Impl: Inst Id : 0 ## Rx Msgs : 956
11-07 16:57:13.411   524   562 I UclDL_Impl: Inst Id : 0 ## Rx HB Msgs : 3
11-07 16:57:13.411   524   562 I UclDL_Impl: Inst Id : 0 ## Tx Bps : 3192
11-07 16:57:13.411   524   562 I UclDL_Impl: Inst Id : 0 ## Rx Bps : 8112
11-07 16:57:13.411   524   562 I UclDL_Impl: Inst Id : 0  ## Avg Ack Latency : 6
11-07 16:57:13.483   529   555 D vendor.visteon.skylark.hardware.automotive.vehicle@V1-visteon-service: SomeipCOmm :: RX Message [0/378]:service:bf ,Method:800d,payload:01 06 01 0d 54 7d 00 35 20 10 ac 
11-07 16:57:13.484   529   555 D vendor.visteon.skylark.hardware.automotive.vehicle@V1-visteon-service: SomeipCOmm :: RX Message [0/379]:service:bf ,Method:8025,payload:02 80 01 0d 4c 78 7f 0f c0 0c 00 
11-07 16:57:13.485   529   555 D vendor.visteon.skylark.hardware.automotive.vehicle@V1-visteon-service: SomeipCOmm :: RX Message [0/37a]:service:bf ,Method:8051,payload:02 84 01 5b b0 66 02 8b 00 32 1c 
11-07 16:57:13.499   529   555 D vendor.visteon.skylark.hardware.automotive.vehicle@V1-visteon-service: SomeipCOmm :: RX Message [0/37b]:service:bf ,Method:806b,payload:04 fa 01 02 15 9b 00 0d 98 8c 42 
11-07 16:57:13.567   529   555 D vendor.visteon.skylark.hardware.automotive.vehicle@V1-visteon-service: SomeipCOmm :: RX Message [0/37c]:service:c0 ,Method:8005,payload:00 03 03 03 03 03 03 03 03 01 03 03 03 03 00 00 00 00 00 00 
11-07 16:57:13.567   529   555 D vendor.visteon.skylark.hardware.automotive.vehicle@V1-visteon-service: PERIPHERAL_STATUS:: 00 03 03 03 03 03 03 03 03 01 03 03 03 03 00 00 00 00 00 00 
11-07 16:57:13.578   690   697 I UclDL_Impl_VIP: TxA TO : 34
11-07 16:57:13.579   690   697 I UclDL_Impl_VIP: Avg Ack Latency : 8
11-07 16:57:13.579   690   697 I UclDL_Impl_VIP: pollingCntr : 8745
11-07 16:57:13.579   690   697 I UclDL_Impl_TCU: VIP-TCU - txBps : 2016
11-07 16:57:13.579   690   697 I UclDL_Impl_TCU: VIP-TCU - rxBps : 1056
11-07 16:57:13.579   690   697 I UclDL_Impl_TCU: VIP-TCU - txAckTmo : 1
11-07 16:57:13.583   529   555 D vendor.visteon.skylark.hardware.automotive.vehicle@V1-visteon-service: SomeipCOmm :: RX Message [0/37e]:service:bf ,Method:803d,payload:02 b5 01 9d 8c ac 00 00 00 00 a0 
11-07 16:57:13.727   529   552 D vendor.visteon.skylark.hardware.automotive.vehicle@V1-visteon-service: VHAL_SINGLEMSGSUBSCRIPTIONREQUEST:: 03 60 
11-07 16:57:13.727   529   552 D vendor.visteon.skylark.hardware.automotive.vehicle@V1-visteon-service: TX Message SomeipComm::send  : service:194,method:2, response Payload: 03 60 
11-07 16:57:14.082   529   555 D vendor.visteon.skylark.hardware.automotive.vehicle@V1-visteon-service: SomeipCOmm :: RX Message [0/38f]:service:bf ,Method:800d,payload:01 06 01 0d 4c 7d 00 35 20 b0 13 
11-07 16:57:14.188   529   555 D vendor.visteon.skylark.hardware.automotive.vehicle@V1-visteon-service: SomeipCOmm :: RX Message [0/394]:service:bf ,Method:8032,payload:02 e2 01 80 00 06 00 00 00 1c 00 
11-07 16:57:14.205   529   553 D vendor.visteon.skylark.hardware.automotive.vehicle@V1-visteon-service: TX Message SomeipComm::send  : service:193,method:3, response Payload: 04 
11-07 16:57:14.286   529   555 D vendor.visteon.skylark.hardware.automotive.vehicle@V1-visteon-service: SomeipCOmm :: RX Message [0/397]:service:bf ,Method:800d,payload:01 06 01 0d 2c 7d 00 35 20 30 4d 
11-07 16:57:14.330   529   555 D vendor.visteon.skylark.hardware.automotive.vehicle@V1-visteon-service: SomeipCOmm :: RX Message [0/39a]:service:c0 ,Method:8000,payload:04 
11-07 16:57:14.414   524   562 I UclDL_Impl: Inst Id : 0 ## Tx Msgs : 997
11-07 16:57:14.414   524   562 I UclDL_Impl: Inst Id : 0 ## TxA Msgs : 923
11-07 16:57:14.414   524   562 I UclDL_Impl: Inst Id : 0 ## Tx Bps : 3368
11-07 16:57:14.487   529   555 D vendor.visteon.skylark.hardware.automotive.vehicle@V1-visteon-service: SomeipCOmm :: RX Message [0/39d]:service:bf ,Method:800d,payload:01 06 01 0d 44 7d 00 35 20 b0 19 
11-07 16:57:14.487   529   555 D vendor.visteon.skylark.hardware.automotive.vehicle@V1-visteon-service: SomeipCOmm :: RX Message [0/39e]:service:bf ,Method:8025,payload:02 80 01 0d 34 7c 7f 0f c0 0c 00 
11-07 16:57:49.178   529   572 D vendor.visteon.skylark.hardware.automotive.vehicle@V1-visteon-service: TX Message SomeipComm::send  : service:194,method:4, response Payload: 02 c0 00 00 00 00 00 00 00 00 00 
11-07 16:57:49.187   529   572 D vendor.visteon.skylark.hardware.automotive.vehicle@V1-visteon-service: TX Message SomeipComm::send  : service:194,method:4, response Payload: 02 c0 0d 00 00 00 00 00 00 00 00 
11-07 16:57:49.220   529   587 D vendor.visteon.skylark.hardware.automotive.vehicle@V1-visteon-service: TX Message SomeipComm::send  : service:200,method:1, response Payload: 31 39 04 06 07 0a 19 02 
11-07 16:57:49.235   529   555 D vendor.visteon.skylark.hardware.automotive.vehicle@V1-visteon-service: SomeipCOmm :: RX Message [0/3a3]:service:c7 ,Method:80e2,payload:31 39 04 05 07 0a 19 02 
11-07 16:57:49.250   529   555 D vendor.visteon.skylark.hardware.automotive.vehicle@V1-visteon-service: SomeipCOmm :: RX Message [0/3a4]:service:c0 ,Method:8005,payload:00 03 03 03 03 03 03 03 03 01 03 03 03 03 00 00 00 00 00 00 
11-07 16:57:49.250   529   555 D vendor.visteon.skylark.hardware.automotive.vehicle@V1-visteon-service: PERIPHERAL_STATUS:: 00 03 03 03 03 03 03 03 03 01 03 03 03 03 00 00 00 00 00 00 
11-07 16:57:49.262   690   697 I UclDL_Impl_VIP: TxA TO : 34
11-07 16:57:49.266   529   555 D vendor.visteon.skylark.hardware.automotive.vehicle@V1-visteon-service: SomeipCOmm :: RX Message [0/3a6]:service:bf ,Method:802f,payload:02 d0 01 8f 02 1b 82 30 01 01 00 
11-07 16:57:49.271   690   697 I UclDL_Impl_VIP: Avg Ack Latency : 8
11-07 16:57:49.271   690   697 I UclDL_Impl_VIP: pollingCntr : 8995
11-07 16:57:49.271   690   697 I UclDL_Impl_TCU: VIP-TCU - txBps : 2600
11-07 16:57:49.271   690   697 I UclDL_Impl_TCU: VIP-TCU - rxBps : 1456
11-07 16:57:49.271   690   697 I UclDL_Impl_TCU: VIP-TCU - txAckTmo : 1
11-07 16:57:49.354   529   555 D vendor.visteon.skylark.hardware.automotive.vehicle@V1-visteon-service: SomeipCOmm :: RX Message [0/3a7]:service:bf ,Method:8046,payload:01 c6 01 3c e4 80 38 b7 e9 00 00 
11-07 16:57:49.366   529   555 D vendor.visteon.skylark.hardware.automotive.vehicle@V1-visteon-service: SomeipCOmm :: RX Message [0/3a8]:service:bf ,Method:800d,payload:01 06 01 0d 44 7d 00 35 20 30 3f 
11-07 16:57:49.367   529   555 D vendor.visteon.skylark.hardware.automotive.vehicle@V1-visteon-service: SomeipCOmm :: RX Message [0/3a9]:service:bf ,Method:8025,payload:02 80 01 0d 44 7d 7f 0f c0 0c 00 
11-07 16:57:49.566   529   555 D vendor.visteon.skylark.hardware.automotive.vehicle@V1-visteon-service: SomeipCOmm :: RX Message [0/3af]:service:bf ,Method:800d,payload:01 06 01 0d 54 7d 00 35 20 b0 0d 
11-07 16:57:49.738   529   555 D vendor.visteon.skylark.hardware.automotive.vehicle@V1-visteon-service: SomeipCOmm :: RX Message [0/3b6]:service:c7 ,Method:80e2,payload:31 39 04 05 07 0a 19 02 
11-07 16:57:49.770   529   555 D vendor.visteon.skylark.hardware.automotive.vehicle@V1-visteon-service: SomeipCOmm :: RX Message [0/3b7]:service:bf ,Method:800d,payload:01 06 01 0d 38 7d 00 35 20 30 5c 
11-07 16:57:49.771   529   555 D vendor.visteon.skylark.hardware.automotive.vehicle@V1-visteon-service: SomeipCOmm :: RX Message [0/3b8]:service:bf ,Method:8025,payload:02 80 01 0d 40 7e 7f 0f c0 0c 00 
11-07 16:57:49.771   529   555 D vendor.visteon.skylark.hardware.automotive.vehicle@V1-visteon-service: SomeipCOmm :: RX Message [0/3b9]:service:bf ,Method:8051,payload:02 84 01 5b 90 66 02 8c 00 32 1c 
11-07 16:57:49.870   529   555 D vendor.visteon.skylark.hardware.automotive.vehicle@V1-visteon-service: SomeipCOmm :: RX Message [0/3bb]:service:bf ,Method:8046,payload:01 c6 01 c4 e4 80 38 b7 e9 00 00 
11-07 16:57:49.874   529   555 D vendor.visteon.skylark.hardware.automotive.vehicle@V1-visteon-service: SomeipCOmm :: RX Message [0/3bc]:service:bf ,Method:8008,payload:02 a1 01 
11-07 16:57:49.971   529   555 D vendor.visteon.skylark.hardware.automotive.vehicle@V1-visteon-service: SomeipCOmm :: RX Message [0/3be]:service:bf ,Method:800d,payload:01 06 01 0d 3c 7d 00 35 20 b0 7f 
11-07 16:57:50.018   529   555 D vendor.visteon.skylark.hardware.automotive.vehicle@V1-visteon-service: SomeipCOmm :: RX Message [0/3c2]:service:c7 ,Method:80e5,payload:02 00 01 01 0f 40 0a 01 08 04 0f 00 00 00 01 1e 00 00 00 00 09 00 00 00 00 02 01 02 0e 4d 06 61 03 fd 08 bf 01 e8 03 06 02 e6 01 00 00 00 19 0b 07 10 39 0f 1d 79 8f 0d 09 0a f9 00 1f 1e b4 89 7f 00 07 00 0a 00 30 02 22 00 c2 00 00 00 01 00 00 00 00 01 00 06 00 00 00 00 00 00 00 00 00 00 00 01 00 01 00 00 00 00 32 00 00 04 07 0a 0f 14 00 10 02 00 03 00 00 00 00 00 c0 00 02 00 00 c0 00 00 01 02 dd 02 df 02 ec 03 03 03 03 01 00 00 62 00 00 00 01 00 00 00 00 05 e6 03 03 00 0b 0b 0b 00 00 00 00 00 00 00 00 00 00 00 00 00 00 00 00 00 00 00 00 00 00 00 00 00 00 00 00 00 00 00 00 00 00 00 00 00 00 00 
11-07 16:57:50.070   529   555 D vendor.visteon.skylark.hardware.automotive.vehicle@V1-visteon-service: SomeipCOmm :: RX Message [0/3c4]:service:bf ,Method:802f,payload:02 d0 01 8f 02 1b 82 30 01 01 00 
11-07 16:57:50.071   529   555 D vendor.visteon.skylark.hardware.automotive.vehicle@V1-visteon-service: SomeipCOmm :: RX Message [0/3c5]:service:bf ,Method:8057,payload:02 a1 01 8e 00 00 00 00 00 00 00 
11-07 16:57:50.093   524   562 I UclDL_Impl: Inst Id : 0 ## Tx Msgs : 1056
11-07 16:57:50.094   524   562 I UclDL_Impl: Inst Id : 0 ## TxA Msgs : 964
11-07 16:57:50.094   524   562 I UclDL_Impl: Inst Id : 0 ## TxA TO : 0
11-07 16:57:50.094   524   562 I UclDL_Impl: Inst Id : 0 ## Rx Msgs : 1056
11-07 16:57:50.094   524   562 I UclDL_Impl: Inst Id : 0 ## Rx HB Msgs : 3
11-07 16:57:50.094   524   562 I UclDL_Impl: Inst Id : 0 ## Tx Bps : 6712
11-07 16:57:50.094   524   562 I UclDL_Impl: Inst Id : 0 ## Rx Bps : 11048
11-07 16:57:50.094   524   562 I UclDL_Impl: Inst Id : 0  ## Avg Ack Latency : 8
11-07 16:57:50.144   529   587 D vendor.visteon.skylark.hardware.automotive.vehicle@V1-visteon-service: TX Message SomeipComm::send  : service:194,method:4, response Payload: 02 c0 00 00 00 00 00 00 00 00 00 
11-07 16:57:50.145   529   587 D vendor.visteon.skylark.hardware.automotive.vehicle@V1-visteon-service: TX Message SomeipComm::send  : service:194,method:4, response Payload: 02 c0 0c 53 00 00 00 00 00 00 00 
11-07 16:57:50.146   529   587 D vendor.visteon.skylark.hardware.automotive.vehicle@V1-visteon-service: TX Message SomeipComm::send  : service:194,method:4, response Payload: 02 c0 0d 00 00 00 00 00 00 00 00 
11-07 16:57:50.155   529   587 D vendor.visteon.skylark.hardware.automotive.vehicle@V1-visteon-service: TX Message SomeipComm::send  : service:200,method:1, response Payload: 11 39 04 06 07 0a 19 02 
11-07 16:57:50.170   529   555 D vendor.visteon.skylark.hardware.automotive.vehicle@V1-visteon-service: SomeipCOmm :: RX Message [0/3c6]:service:bf ,Method:800d,payload:01 06 01 0d 50 7d 00 35 20 30 2e 
11-07 16:57:50.170   529   555 D vendor.visteon.skylark.hardware.automotive.vehicle@V1-visteon-service: SomeipCOmm :: RX Message [0/3c7]:service:bf ,Method:8025,payload:02 80 01 0d 54 80 7f 0f c0 0c 00 
11-07 16:57:50.171   529   555 D vendor.visteon.skylark.hardware.automotive.vehicle@V1-visteon-service: SomeipCOmm :: RX Message [0/3c8]:service:bf ,Method:8051,payload:02 84 01 5b c0 66 02 8d 00 32 1c 
11-07 16:57:50.174   529   555 D vendor.visteon.skylark.hardware.automotive.vehicle@V1-visteon-service: SomeipCOmm :: RX Message [0/3c9]:service:bf ,Method:8034,payload:03 a0 01 00 0d 76 03 30 27 e8 a0 
11-07 16:57:50.184   529   555 D vendor.visteon.skylark.hardware.automotive.vehicle@V1-visteon-service: SomeipCOmm :: RX Message [0/3ca]:service:bf ,Method:8035,payload:03 a1 01 00 0d 76 03 31 40 12 98 
11-07 16:57:50.185   529   555 D vendor.visteon.skylark.hardware.automotive.vehicle@V1-visteon-service: SomeipCOmm :: RX Message [0/3cb]:service:bf ,Method:8036,payload:03 a3 01 00 07 79 00 00 00 00 00 
11-07 16:57:50.185   529   555 D vendor.visteon.skylark.hardware.automotive.vehicle@V1-visteon-service: SomeipCOmm :: RX Message [0/3cc]:service:bf ,Method:803a,payload:03 a2 01 00 0d 76 03 34 3f 90 a0 
11-07 16:57:50.186   529   555 D vendor.visteon.skylark.hardware.automotive.vehicle@V1-visteon-service: SomeipCOmm :: RX Message [0/3cd]:service:bf ,Method:806b,payload:04 fa 01 02 15 9b 00 0d 98 8d 42 
11-07 16:57:50.188   529   555 D vendor.visteon.skylark.hardware.automotive.vehicle@V1-visteon-service: SomeipCOmm :: RX Message [0/3ce]:service:c7 ,Method:80e2,payload:11 39 04 05 07 0a 19 02 
11-07 16:57:17.059   529   555 D vendor.visteon.skylark.hardware.automotive.vehicle@V1-visteon-service: SomeipCOmm :: RX Message [0/3cf]:service:c0 ,Method:8005,payload:00 03 03 03 03 03 03 03 03 01 03 03 03 03 00 00 00 00 00 00 
11-07 16:57:17.060   529   555 D vendor.visteon.skylark.hardware.automotive.vehicle@V1-visteon-service: PERIPHERAL_STATUS:: 00 03 03 03 03 03 03 03 03 01 03 03 03 03 00 00 00 00 00 00 
11-07 16:57:17.068   529   552 D vendor.visteon.skylark.hardware.automotive.vehicle@V1-visteon-service: VHAL_SINGLEMSGSUBSCRIPTIONREQUEST:: 01 df 
11-07 16:57:17.068   529   552 D vendor.visteon.skylark.hardware.automotive.vehicle@V1-visteon-service: TX Message SomeipComm::send  : service:194,method:2, response Payload: 01 df 
11-07 16:57:17.072   690   697 I UclDL_Impl_VIP: TxA TO : 34
11-07 16:57:17.072   690   697 I UclDL_Impl_VIP: Avg Ack Latency : 11
11-07 16:57:17.072   690   697 I UclDL_Impl_VIP: pollingCntr : 9245
11-07 16:57:17.072   690   697 I UclDL_Impl_TCU: VIP-TCU - txBps : 2184
11-07 16:57:17.072   690   697 I UclDL_Impl_TCU: VIP-TCU - rxBps : 1112
11-07 16:57:17.072   690   697 I UclDL_Impl_TCU: VIP-TCU - txAckTmo : 1
11-07 16:57:17.076   529   555 D vendor.visteon.skylark.hardware.automotive.vehicle@V1-visteon-service: SomeipCOmm :: RX Message [0/3d1]:service:bf ,Method:802f,payload:02 d0 01 8e 02 1b 82 30 01 01 00 
11-07 16:57:17.076   529   555 D vendor.visteon.skylark.hardware.automotive.vehicle@V1-visteon-service: SomeipCOmm :: RX Message [0/3d2]:service:bf ,Method:803d,payload:02 b5 01 9d 8d ac 00 00 00 00 a0 
11-07 16:57:17.087   529   555 D vendor.visteon.skylark.hardware.automotive.vehicle@V1-visteon-service: SomeipCOmm :: RX Message [0/3d3]:service:bf ,Method:8008,payload:01 df 01 
11-07 16:57:17.087   529   555 D vendor.visteon.skylark.hardware.automotive.vehicle@V1-visteon-service: SomeipCOmm :: RX Message [0/3d4]:service:bf ,Method:8043,payload:01 df 01 04 00 00 00 00 00 00 00 
11-07 16:57:17.092   529   555 D vendor.visteon.skylark.hardware.automotive.vehicle@V1-visteon-service: SomeipCOmm :: RX Message [0/3d5]:service:bf ,Method:8046,payload:01 c6 01 c4 e4 80 38 b7 e9 00 00 
11-07 16:57:17.099   529   552 D vendor.visteon.skylark.hardware.automotive.vehicle@V1-visteon-service: VHAL_SINGLEMSGSUBSCRIPTIONREQUEST:: 02 80 
11-07 16:57:17.100   529   552 D vendor.visteon.skylark.hardware.automotive.vehicle@V1-visteon-service: TX Message SomeipComm::send  : service:194,method:2, response Payload: 02 80 
11-07 16:57:17.171   529   555 D vendor.visteon.skylark.hardware.automotive.vehicle@V1-visteon-service: SomeipCOmm :: RX Message [0/3d8]:service:bf ,Method:8008,payload:03 a0 01 
