11-07 16:57:40.694   529   555 D vendor.visteon.skylark.hardware.automotive.vehicle@V1-visteon-service: SomeipCOmm :: RX Message [0/6da]:service:bf ,Method:800d,payload:01 06 01 0d 1c 7d 00 35 20 b0 57 
11-07 16:57:40.695   529   555 D vendor.visteon.skylark.hardware.automotive.vehicle@V1-visteon-service: SomeipCOmm :: RX Message [0/6db]:service:bf ,Method:8025,payload:02 80 01 0d 30 de 7e 0f c0 0c 00 
11-07 16:57:40.697   529   555 D vendor.visteon.skylark.hardware.automotive.vehicle@V1-visteon-service: SomeipCOmm :: RX Message [0/6dc]:service:bf ,Method:8051,payload:02 84 01 5c 00 66 02 8b 00 32 1c 
11-07 16:57:40.703   529   553 D vendor.visteon.skylark.hardware.automotive.vehicle@V1-visteon-service: TX Message SomeipComm::send  : service:193,method:3, response Payload: 04 
11-07 16:57:40.892   529   555 D vendor.visteon.skylark.hardware.automotive.vehicle@V1-visteon-service: SomeipCOmm :: RX Message [0/6dd]:service:bf ,Method:800d,payload:01 06 01 0d 34 7d 00 35 20 30 53 
11-07 16:57:40.894   529   555 D vendor.visteon.skylark.hardware.automotive.vehicle@V1-visteon-service: SomeipCOmm :: RX Message [0/6de]:service:bf ,Method:8025,payload:02 80 01 0d 2c de 7e 0f c0 0c 00 
11-07 16:57:40.896   529   555 D vendor.visteon.skylark.hardware.automotive.vehicle@V1-visteon-service: SomeipCOmm :: RX Message [0/6df]:service:bf ,Method:8051,payload:02 84 01 5c 10 66 02 8c 00 32 1c 
11-07 16:57:40.915   524   562 I UclDL_Impl: Inst Id : 0 ## Tx Msgs : 2031
11-07 16:57:40.915   524   562 I UclDL_Impl: Inst Id : 0 ## TxA Msgs : 1758
11-07 16:57:40.915   524   562 I UclDL_Impl: Inst Id : 0 ## TxA TO : 0
11-07 16:57:40.915   524   562 I UclDL_Impl: Inst Id : 0 ## Rx Msgs : 2031
11-07 16:57:40.915   524   562 I UclDL_Impl: Inst Id : 0 ## Rx HB Msgs : 3
11-07 16:57:40.915   524   562 I UclDL_Impl: Inst Id : 0 ## Tx Bps : 3024
11-07 16:57:40.916   524   562 I UclDL_Impl: Inst Id : 0 ## Rx Bps : 7832
11-07 16:57:40.916   524   562 I UclDL_Impl: Inst Id : 0  ## Avg Ack Latency : 8
11-07 16:57:40.936   529   555 D vendor.visteon.skylark.hardware.automotive.vehicle@V1-visteon-service: SomeipCOmm :: RX Message [0/6e0]:service:c0 ,Method:8000,payload:04 
11-07 16:57:40.941   529   555 D vendor.visteon.skylark.hardware.automotive.vehicle@V1-visteon-service: SomeipCOmm :: RX Message [0/6e1]:service:c7 ,Method:80e5,payload:02 00 01 01 0f 40 0a 01 08 04 0f 00 00 00 01 1e 00 00 00 00 09 00 00 00 00 02 01 02 0e 2a 06 4f 03 ef 08 d0 01 e3 02 ff 02 e3 01 00 00 00 19 0b 07 10 39 28 1d 79 8f 0d 09 0a f9 00 1e 1e b6 89 7f 00 07 00 0b 00 30 02 22 00 c2 00 00 00 01 00 00 00 00 01 00 06 00 00 00 00 00 00 00 00 00 00 00 01 00 01 00 00 00 00 32 00 00 04 07 0a 0f 14 00 10 02 00 03 00 00 00 00 00 c0 00 02 00 00 c0 00 00 01 02 e1 02 e0 02 e7 03 03 03 03 01 00 00 62 00 00 00 01 00 00 00 00 05 d9 03 03 00 0b 0b 0b 00 00 00 00 00 00 00 00 00 00 00 00 00 00 00 00 00 00 00 00 00 00 00 00 00 00 00 00 00 00 00 00 00 00 00 00 00 00 00 
11-07 16:57:40.944   529   555 D vendor.visteon.skylark.hardware.automotive.vehicle@V1-visteon-service: SomeipCOmm :: RX Message [0/6e2]:service:c7 ,Method:80df,payload:08 04 02 02 01 02 00 00 01 01 00 00 00 00 00 03 01 00 00 00 00 00 00 00 00 00 00 00 00 00 00 00 00 00 00 00 00 00 00 00 00 00 00 00 00 00 00 00 00 00 00 00 00 00 00 00 00 00 00 00 00 00 00 00 00 00 00 00 00 00 00 00 00 00 00 00 00 00 00 00 00 00 00 00 00 00 00 00 00 00 00 00 00 00 00 00 00 00 00 00 
11-07 16:57:40.976   529   555 D vendor.visteon.skylark.hardware.automotive.vehicle@V1-visteon-service: SomeipCOmm :: RX Message [0/6e3]:service:bf ,Method:8034,payload:03 a0 01 00 0d a9 03 30 27 e8 a0 
11-07 16:57:40.980   529   555 D vendor.visteon.skylark.hardware.automotive.vehicle@V1-visteon-service: SomeipCOmm :: RX Message [0/6e4]:service:bf ,Method:8035,payload:03 a1 01 00 0d a9 03 31 40 12 98 
11-07 16:57:40.981   529   555 D vendor.visteon.skylark.hardware.automotive.vehicle@V1-visteon-service: SomeipCOmm :: RX Message [0/6e5]:service:bf ,Method:8036,payload:03 a3 01 00 07 ac 00 00 00 00 00 
11-07 16:57:40.983   529   555 D vendor.visteon.skylark.hardware.automotive.vehicle@V1-visteon-service: SomeipCOmm :: RX Message [0/6e6]:service:bf ,Method:803a,payload:03 a2 01 00 0d a9 03 34 3f 90 a0 
11-07 16:57:40.993   529   555 D vendor.visteon.skylark.hardware.automotive.vehicle@V1-visteon-service: SomeipCOmm :: RX Message [0/6e7]:service:bf ,Method:802f,payload:02 d0 01 8f 02 1b 82 30 01 01 00 
11-07 16:57:41.092   529   555 D vendor.visteon.skylark.hardware.automotive.vehicle@V1-visteon-service: SomeipCOmm :: RX Message [0/6e8]:service:bf ,Method:800d,payload:01 06 01 0d 54 7d 00 35 20 b0 0d 
11-07 16:57:41.093   529   555 D vendor.visteon.skylark.hardware.automotive.vehicle@V1-visteon-service: SomeipCOmm :: RX Message [0/6e9]:service:bf ,Method:8025,payload:02 80 01 0d 4c df 7e 0f c0 0c 00 
11-07 16:57:41.094   529   555 D vendor.visteon.skylark.hardware.automotive.vehicle@V1-visteon-service: SomeipCOmm :: RX Message [0/6ea]:service:bf ,Method:8051,payload:02 84 01 5c 20 66 02 8d 00 32 1c 
11-07 16:57:41.096   529   555 D vendor.visteon.skylark.hardware.automotive.vehicle@V1-visteon-service: SomeipCOmm :: RX Message [0/6eb]:service:c7 ,Method:80e2,payload:29 39 04 05 07 0a 19 02 
11-07 16:57:41.176   529   555 D vendor.visteon.skylark.hardware.automotive.vehicle@V1-visteon-service: SomeipCOmm :: RX Message [0/6ee]:service:c0 ,Method:8005,payload:00 03 03 03 03 03 03 03 03 01 03 03 03 03 00 00 00 00 00 00 
11-07 16:57:41.177   529   555 D vendor.visteon.skylark.hardware.automotive.vehicle@V1-visteon-service: PERIPHERAL_STATUS:: 00 03 03 03 03 03 03 03 03 01 03 03 03 03 00 00 00 00 00 00 
11-07 16:57:41.193   690   697 I UclDL_Impl_VIP: TxA TO : 34
11-07 16:57:41.193   690   697 I UclDL_Impl_VIP: Avg Ack Latency : 6
11-07 16:57:41.193   690   697 I UclDL_Impl_VIP: pollingCntr : 15245
11-07 16:57:41.193   690   697 I UclDL_Impl_TCU: VIP-TCU - txBps : 1936
11-07 16:57:41.193   690   697 I UclDL_Impl_TCU: VIP-TCU - rxBps : 1056
11-07 16:57:41.193   690   697 I UclDL_Impl_TCU: VIP-TCU - txAckTmo : 1
11-07 16:57:41.193   529   555 D vendor.visteon.skylark.hardware.automotive.vehicle@V1-visteon-service: SomeipCOmm :: RX Message [0/6f0]:service:bf ,Method:802f,payload:02 d0 01 8e 02 1b 82 30 01 01 00 
11-07 16:57:41.272   529   587 D vendor.visteon.skylark.hardware.automotive.vehicle@V1-visteon-service: TX Message SomeipComm::send  : service:194,method:4, response Payload: 02 c0 00 00 00 00 00 00 00 00 00 
11-07 16:57:41.274   529   587 D vendor.visteon.skylark.hardware.automotive.vehicle@V1-visteon-service: TX Message SomeipComm::send  : service:194,method:4, response Payload: 02 c0 0c 85 00 00 00 00 00 00 00 
11-07 16:57:41.276   529   587 D vendor.visteon.skylark.hardware.automotive.vehicle@V1-visteon-service: TX Message SomeipComm::send  : service:194,method:4, response Payload: 02 c0 0d 00 00 00 00 00 00 00 00 
11-07 16:57:41.293   529   555 D vendor.visteon.skylark.hardware.automotive.vehicle@V1-visteon-service: SomeipCOmm :: RX Message [0/6f1]:service:bf ,Method:800d,payload:01 06 01 0d 40 7d 00 35 20 30 3a 
11-07 16:57:41.297   529   555 D vendor.visteon.skylark.hardware.automotive.vehicle@V1-visteon-service: SomeipCOmm :: RX Message [0/6f2]:service:bf ,Method:8025,payload:02 80 01 0d 48 e0 7e 0f c0 0c 00 
11-07 16:57:41.299   529   555 D vendor.visteon.skylark.hardware.automotive.vehicle@V1-visteon-service: SomeipCOmm :: RX Message [0/6f3]:service:bf ,Method:8051,payload:02 84 01 5c 30 66 02 8d 00 32 1c 
11-07 16:57:41.496   529   555 D vendor.visteon.skylark.hardware.automotive.vehicle@V1-visteon-service: SomeipCOmm :: RX Message [0/6f4]:service:bf ,Method:800d,payload:01 06 01 0d 48 7d 00 35 20 b0 16 
11-07 16:57:41.498   529   555 D vendor.visteon.skylark.hardware.automotive.vehicle@V1-visteon-service: SomeipCOmm :: RX Message [0/6f5]:service:bf ,Method:8025,payload:02 80 01 0d 44 e1 7e 0f c0 0c 00 
11-07 16:57:41.500   529   555 D vendor.visteon.skylark.hardware.automotive.vehicle@V1-visteon-service: SomeipCOmm :: RX Message [0/6f6]:service:bf ,Method:8051,payload:02 84 01 5c 30 66 02 8b 00 32 1c 
11-07 16:57:41.602   529   587 D vendor.visteon.skylark.hardware.automotive.vehicle@V1-visteon-service: TX Message SomeipComm::send  : service:204,method:1, response Payload: 00 
11-07 16:57:41.696   529   555 D vendor.visteon.skylark.hardware.automotive.vehicle@V1-visteon-service: SomeipCOmm :: RX Message [0/6f8]:service:bf ,Method:800d,payload:01 06 01 0d 48 7d 00 35 20 30 30 
11-07 16:57:41.697   529   555 D vendor.visteon.skylark.hardware.automotive.vehicle@V1-visteon-service: SomeipCOmm :: RX Message [0/6f9]:service:bf ,Method:8025,payload:02 80 01 0d 4c e2 7e 0f c0 0c 00 
11-07 16:57:41.699   529   555 D vendor.visteon.skylark.hardware.automotive.vehicle@V1-visteon-service: SomeipCOmm :: RX Message [0/6fa]:service:bf ,Method:8051,payload:02 84 01 5c 40 66 02 8b 00 32 1c 
11-07 16:57:41.704   529   553 D vendor.visteon.skylark.hardware.automotive.vehicle@V1-visteon-service: TX Message SomeipComm::send  : service:193,method:3, response Payload: 04 
11-07 16:57:41.896   529   555 D vendor.visteon.skylark.hardware.automotive.vehicle@V1-visteon-service: SomeipCOmm :: RX Message [0/6fb]:service:bf ,Method:800d,payload:01 06 01 0d 54 7d 00 35 20 b0 0d 
11-07 16:57:41.897   529   555 D vendor.visteon.skylark.hardware.automotive.vehicle@V1-visteon-service: SomeipCOmm :: RX Message [0/6fc]:service:bf ,Method:8025,payload:02 80 01 0d 58 e2 7e 0f c0 0c 00 
11-07 16:57:41.898   529   555 D vendor.visteon.skylark.hardware.automotive.vehicle@V1-visteon-service: SomeipCOmm :: RX Message [0/6fd]:service:bf ,Method:8051,payload:02 84 01 5c 50 66 02 8d 00 32 1c 
11-07 16:57:41.915   524   562 I UclDL_Impl: Inst Id : 0 ## Tx Msgs : 2066
11-07 16:57:41.915   524   562 I UclDL_Impl: Inst Id : 0 ## TxA Msgs : 1788
11-07 16:57:41.915   524   562 I UclDL_Impl: Inst Id : 0 ## TxA TO : 0
11-07 16:57:41.915   524   562 I UclDL_Impl: Inst Id : 0 ## Rx Msgs : 2066
11-07 16:57:41.915   524   562 I UclDL_Impl: Inst Id : 0 ## Rx HB Msgs : 3
11-07 16:57:41.915   524   562 I UclDL_Impl: Inst Id : 0 ## Tx Bps : 3120
11-07 16:57:41.915   524   562 I UclDL_Impl: Inst Id : 0 ## Rx Bps : 8040
11-07 16:57:41.915   524   562 I UclDL_Impl: Inst Id : 0  ## Avg Ack Latency : 9
11-07 16:57:41.940   529   555 D vendor.visteon.skylark.hardware.automotive.vehicle@V1-visteon-service: SomeipCOmm :: RX Message [0/6fe]:service:c0 ,Method:8000,payload:04 
11-07 16:57:41.945   529   555 D vendor.visteon.skylark.hardware.automotive.vehicle@V1-visteon-service: SomeipCOmm :: RX Message [0/6ff]:service:c7 ,Method:80e5,payload:02 00 01 01 0f 40 0a 01 08 04 0f 00 00 00 01 1e 00 00 00 00 09 00 00 00 00 02 01 02 0e 58 06 66 03 fd 08 d3 01 e9 03 08 02 eb 01 00 00 00 19 0b 07 10 39 29 1d 79 83 0d 09 0a f9 00 1e 1e b4 89 7f 00 07 00 0a 00 30 02 22 00 c2 00 00 00 01 00 00 00 00 01 00 06 00 00 00 00 00 00 00 00 00 00 00 01 00 01 00 00 00 00 32 00 00 04 07 0a 0f 14 00 10 02 00 03 00 00 00 00 00 c0 00 02 00 00 c0 00 00 01 02 df 02 e7 02 f9 03 03 03 03 01 00 00 62 00 00 00 01 00 00 00 00 05 e8 03 03 00 0b 0b 0b 00 00 00 00 00 00 00 00 00 00 00 00 00 00 00 00 00 00 00 00 00 00 00 00 00 00 00 00 00 00 00 00 00 00 00 00 00 00 00 
11-07 16:57:41.948   529   555 D vendor.visteon.skylark.hardware.automotive.vehicle@V1-visteon-service: SomeipCOmm :: RX Message [0/700]:service:c7 ,Method:80df,payload:08 04 02 02 01 02 00 00 01 01 00 00 00 00 00 03 01 00 00 00 00 00 00 00 00 00 00 00 00 00 00 00 00 00 00 00 00 00 00 00 00 00 00 00 00 00 00 00 00 00 00 00 00 00 00 00 00 00 00 00 00 00 00 00 00 00 00 00 00 00 00 00 00 00 00 00 00 00 00 00 00 00 00 00 00 00 00 00 00 00 00 00 00 00 00 00 00 00 00 00 
11-07 16:57:41.980   529   555 D vendor.visteon.skylark.hardware.automotive.vehicle@V1-visteon-service: SomeipCOmm :: RX Message [0/701]:service:bf ,Method:8034,payload:03 a0 01 00 0d aa 03 30 27 e8 a0 
11-07 16:57:41.981   529   555 D vendor.visteon.skylark.hardware.automotive.vehicle@V1-visteon-service: SomeipCOmm :: RX Message [0/702]:service:bf ,Method:8035,payload:03 a1 01 00 0d aa 03 31 40 12 98 
11-07 16:57:41.983   529   555 D vendor.visteon.skylark.hardware.automotive.vehicle@V1-visteon-service: SomeipCOmm :: RX Message [0/703]:service:bf ,Method:8036,payload:03 a3 01 00 07 ad 00 00 00 00 00 
11-07 16:57:41.984   529   555 D vendor.visteon.skylark.hardware.automotive.vehicle@V1-visteon-service: SomeipCOmm :: RX Message [0/704]:service:bf ,Method:803a,payload:03 a2 01 00 0d aa 03 34 3f 90 a0 
11-07 16:57:41.996   529   555 D vendor.visteon.skylark.hardware.automotive.vehicle@V1-visteon-service: SomeipCOmm :: RX Message [0/705]:service:bf ,Method:802e,payload:02 cb 01 84 04 08 00 61 00 00 00 
11-07 16:57:41.997   529   555 D vendor.visteon.skylark.hardware.automotive.vehicle@V1-visteon-service: SomeipCOmm :: RX Message [0/706]:service:bf ,Method:802f,payload:02 d0 01 8e 02 1b 82 30 01 01 00 
11-07 16:57:42.096   529   555 D vendor.visteon.skylark.hardware.automotive.vehicle@V1-visteon-service: SomeipCOmm :: RX Message [0/707]:service:bf ,Method:800d,payload:01 06 01 0d 40 7d 00 35 20 30 3a 
11-07 16:57:42.097   529   555 D vendor.visteon.skylark.hardware.automotive.vehicle@V1-visteon-service: SomeipCOmm :: RX Message [0/708]:service:bf ,Method:8025,payload:02 80 01 0d 44 e3 7e 0f c0 0c 00 
11-07 16:57:42.100   529   555 D vendor.visteon.skylark.hardware.automotive.vehicle@V1-visteon-service: SomeipCOmm :: RX Message [0/709]:service:c7 ,Method:80e2,payload:2a 39 04 05 07 0a 19 02 
11-07 16:57:42.184   529   555 D vendor.visteon.skylark.hardware.automotive.vehicle@V1-visteon-service: SomeipCOmm :: RX Message [0/70b]:service:c0 ,Method:8005,payload:00 03 03 03 03 03 03 03 03 01 03 03 03 03 00 00 00 00 00 00 
11-07 16:57:42.185   529   555 D vendor.visteon.skylark.hardware.automotive.vehicle@V1-visteon-service: PERIPHERAL_STATUS:: 00 03 03 03 03 03 03 03 03 01 03 03 03 03 00 00 00 00 00 00 
11-07 16:57:42.196   690   697 I UclDL_Impl_VIP: TxA TO : 34
11-07 16:57:42.196   690   697 I UclDL_Impl_VIP: Avg Ack Latency : 8
11-07 16:57:42.196   690   697 I UclDL_Impl_VIP: pollingCntr : 15495
11-07 16:57:42.196   690   697 I UclDL_Impl_TCU: VIP-TCU - txBps : 2504
11-07 16:57:42.196   690   697 I UclDL_Impl_TCU: VIP-TCU - rxBps : 1448
11-07 16:57:42.196   690   697 I UclDL_Impl_TCU: VIP-TCU - txAckTmo : 1
11-07 16:57:42.200   529   555 D vendor.visteon.skylark.hardware.automotive.vehicle@V1-visteon-service: SomeipCOmm :: RX Message [0/70d]:service:bf ,Method:803d,payload:02 b5 01 9e 8d ac 00 00 00 00 a0 
11-07 16:57:42.290   529   587 D vendor.visteon.skylark.hardware.automotive.vehicle@V1-visteon-service: TX Message SomeipComm::send  : service:194,method:4, response Payload: 02 c0 00 00 00 00 00 00 00 00 00 
11-07 16:57:42.294   529   587 D vendor.visteon.skylark.hardware.automotive.vehicle@V1-visteon-service: TX Message SomeipComm::send  : service:194,method:4, response Payload: 02 c0 0c 85 00 00 00 00 00 00 00 
11-07 16:57:42.297   529   587 D vendor.visteon.skylark.hardware.automotive.vehicle@V1-visteon-service: TX Message SomeipComm::send  : service:194,method:4, response Payload: 02 c0 0d 00 00 00 00 00 00 00 00 
11-07 16:57:42.300   529   555 D vendor.visteon.skylark.hardware.automotive.vehicle@V1-visteon-service: SomeipCOmm :: RX Message [0/70e]:service:bf ,Method:800d,payload:01 06 01 0d 2c 7d 00 35 20 b0 6b 
11-07 16:57:42.301   529   555 D vendor.visteon.skylark.hardware.automotive.vehicle@V1-visteon-service: SomeipCOmm :: RX Message [0/70f]:service:bf ,Method:8025,payload:02 80 01 0d 34 e4 7e 0f c0 0c 00 
11-07 16:57:42.303   529   555 D vendor.visteon.skylark.hardware.automotive.vehicle@V1-visteon-service: SomeipCOmm :: RX Message [0/710]:service:bf ,Method:8051,payload:02 84 01 5c 50 66 02 8b 00 32 1c 
11-07 16:57:42.400   529   555 D vendor.visteon.skylark.hardware.automotive.vehicle@V1-visteon-service: SomeipCOmm :: RX Message [0/711]:service:bf ,Method:803d,payload:02 b5 01 9e 8c ac 00 00 00 00 a0 
11-07 16:57:42.500   529   555 D vendor.visteon.skylark.hardware.automotive.vehicle@V1-visteon-service: SomeipCOmm :: RX Message [0/712]:service:bf ,Method:800d,payload:01 06 01 0d 2c 7d 00 35 20 30 4d 
11-07 16:57:42.501   529   555 D vendor.visteon.skylark.hardware.automotive.vehicle@V1-visteon-service: SomeipCOmm :: RX Message [0/713]:service:bf ,Method:8025,payload:02 80 01 0d 30 e5 7e 0f c0 0c 00 
11-07 16:57:42.503   529   555 D vendor.visteon.skylark.hardware.automotive.vehicle@V1-visteon-service: SomeipCOmm :: RX Message [0/714]:service:bf ,Method:8051,payload:02 84 01 5c 60 66 02 8b 00 32 1c 
11-07 16:57:42.700   529   555 D vendor.visteon.skylark.hardware.automotive.vehicle@V1-visteon-service: SomeipCOmm :: RX Message [0/716]:service:bf ,Method:800d,payload:01 06 01 0d 44 7d 00 35 20 d0 8d 
11-07 16:57:42.700   529   555 D vendor.visteon.skylark.hardware.automotive.vehicle@V1-visteon-service: SomeipCOmm :: RX Message [0/717]:service:bf ,Method:8025,payload:02 80 01 0d 3c e5 7e 0f c0 0c 00 
11-07 16:57:42.701   529   555 D vendor.visteon.skylark.hardware.automotive.vehicle@V1-visteon-service: SomeipCOmm :: RX Message [0/718]:service:bf ,Method:8051,payload:02 84 01 5c 60 66 02 8d 00 32 1c 
11-07 16:57:42.705   529   553 D vendor.visteon.skylark.hardware.automotive.vehicle@V1-visteon-service: TX Message SomeipComm::send  : service:193,method:3, response Payload: 04 
11-07 16:57:42.800   529   555 D vendor.visteon.skylark.hardware.automotive.vehicle@V1-visteon-service: SomeipCOmm :: RX Message [0/719]:service:bf ,Method:803d,payload:02 b5 01 9e 8d ac 00 00 00 00 a0 
11-07 16:57:42.900   529   555 D vendor.visteon.skylark.hardware.automotive.vehicle@V1-visteon-service: SomeipCOmm :: RX Message [0/71a]:service:bf ,Method:800d,payload:01 06 01 0d 54 7d 00 35 20 50 bf 
11-07 16:57:42.904   529   555 D vendor.visteon.skylark.hardware.automotive.vehicle@V1-visteon-service: SomeipCOmm :: RX Message [0/71b]:service:bf ,Method:8025,payload:02 80 01 0d 50 e6 7e 0f c0 0c 00 
11-07 16:57:42.905   529   555 D vendor.visteon.skylark.hardware.automotive.vehicle@V1-visteon-service: SomeipCOmm :: RX Message [0/71c]:service:bf ,Method:8051,payload:02 84 01 5c 70 66 02 8d 00 32 1c 
11-07 16:57:42.915   524   562 I UclDL_Impl: Inst Id : 0 ## Tx Msgs : 2101
11-07 16:57:42.915   524   562 I UclDL_Impl: Inst Id : 0 ## TxA Msgs : 1819
11-07 16:57:42.915   524   562 I UclDL_Impl: Inst Id : 0 ## TxA TO : 0
11-07 16:57:42.915   524   562 I UclDL_Impl: Inst Id : 0 ## Rx Msgs : 2101
11-07 16:57:42.915   524   562 I UclDL_Impl: Inst Id : 0 ## Rx HB Msgs : 3
11-07 16:57:42.915   524   562 I UclDL_Impl: Inst Id : 0 ## Tx Bps : 3104
11-07 16:57:42.915   524   562 I UclDL_Impl: Inst Id : 0 ## Rx Bps : 7984
11-07 16:57:42.915   524   562 I UclDL_Impl: Inst Id : 0  ## Avg Ack Latency : 8
11-07 16:57:42.948   529   555 D vendor.visteon.skylark.hardware.automotive.vehicle@V1-visteon-service: SomeipCOmm :: RX Message [0/71d]:service:c0 ,Method:8000,payload:04 
11-07 16:57:42.953   529   555 D vendor.visteon.skylark.hardware.automotive.vehicle@V1-visteon-service: SomeipCOmm :: RX Message [0/71e]:service:c7 ,Method:80e5,payload:02 00 01 01 0f 40 0a 01 08 04 0f 00 00 00 01 1e 00 00 00 00 09 00 00 00 00 02 01 02 0e 45 06 5b 03 f6 08 b8 01 e7 03 06 02 e9 01 00 00 00 19 0b 07 10 39 2a 1d 79 8f 0d 09 0a f9 00 1e 1e b6 89 7f 00 07 00 0b 00 30 02 22 00 c2 00 00 00 01 00 00 00 00 01 00 06 00 00 00 00 00 00 00 00 00 00 00 01 00 01 00 00 00 00 32 00 00 04 07 0a 0f 14 00 10 02 00 03 00 00 00 00 00 c0 00 02 00 00 c0 00 00 01 02 e8 02 e3 02 f4 03 03 03 03 01 00 00 62 00 00 00 01 00 00 00 00 05 e8 03 03 00 0b 0b 0b 00 00 00 00 00 00 00 00 00 00 00 00 00 00 00 00 00 00 00 00 00 00 00 00 00 00 00 00 00 00 00 00 00 00 00 00 00 00 00 
11-07 16:57:42.957   529   555 D vendor.visteon.skylark.hardware.automotive.vehicle@V1-visteon-service: SomeipCOmm :: RX Message [0/71f]:service:c7 ,Method:80df,payload:08 04 02 02 01 02 00 00 01 01 00 00 00 00 00 03 01 00 00 00 00 00 00 00 00 00 00 00 00 00 00 00 00 00 00 00 00 00 00 00 00 00 00 00 00 00 00 00 00 00 00 00 00 00 00 00 00 00 00 00 00 00 00 00 00 00 00 00 00 00 00 00 00 00 00 00 00 00 00 00 00 00 00 00 00 00 00 00 00 00 00 00 00 00 00 00 00 00 00 00 
11-07 16:57:42.980   529   555 D vendor.visteon.skylark.hardware.automotive.vehicle@V1-visteon-service: SomeipCOmm :: RX Message [0/720]:service:bf ,Method:8034,payload:03 a0 01 00 0d ab 03 30 27 e8 a0 
11-07 16:57:42.981   529   555 D vendor.visteon.skylark.hardware.automotive.vehicle@V1-visteon-service: SomeipCOmm :: RX Message [0/721]:service:bf ,Method:8035,payload:03 a1 01 00 0d ab 03 31 40 12 98 
11-07 16:57:42.984   529   555 D vendor.visteon.skylark.hardware.automotive.vehicle@V1-visteon-service: SomeipCOmm :: RX Message [0/722]:service:bf ,Method:8036,payload:03 a3 01 00 07 ae 00 00 00 00 00 
11-07 16:57:42.985   529   555 D vendor.visteon.skylark.hardware.automotive.vehicle@V1-visteon-service: SomeipCOmm :: RX Message [0/723]:service:bf ,Method:803a,payload:03 a2 01 00 0d ab 03 34 3f 90 a0 
11-07 16:57:42.986   529   555 D vendor.visteon.skylark.hardware.automotive.vehicle@V1-visteon-service: SomeipCOmm :: RX Message [0/724]:service:bf ,Method:806b,payload:04 fa 01 02 15 9b 00 0d 98 8d 42 
11-07 16:57:43.104   529   555 D vendor.visteon.skylark.hardware.automotive.vehicle@V1-visteon-service: SomeipCOmm :: RX Message [0/725]:service:bf ,Method:800d,payload:01 06 01 0d 38 7d 00 35 20 d0 ee 
11-07 16:57:43.104   529   555 D vendor.visteon.skylark.hardware.automotive.vehicle@V1-visteon-service: SomeipCOmm :: RX Message [0/726]:service:bf ,Method:8025,payload:02 80 01 0d 3c e7 7e 0f c0 0c 00 
11-07 16:57:43.106   529   555 D vendor.visteon.skylark.hardware.automotive.vehicle@V1-visteon-service: SomeipCOmm :: RX Message [0/727]:service:bf ,Method:8051,payload:02 84 01 5c 70 66 02 8c 00 32 1c 
11-07 16:57:43.107   529   555 D vendor.visteon.skylark.hardware.automotive.vehicle@V1-visteon-service: SomeipCOmm :: RX Message [0/728]:service:c7 ,Method:80e2,payload:2b 39 04 05 07 0a 19 02 
11-07 16:57:43.188   529   555 D vendor.visteon.skylark.hardware.automotive.vehicle@V1-visteon-service: SomeipCOmm :: RX Message [0/72a]:service:c0 ,Method:8005,payload:00 03 03 03 03 03 03 03 03 01 03 03 03 03 00 00 00 00 00 00 
11-07 16:57:43.189   529   555 D vendor.visteon.skylark.hardware.automotive.vehicle@V1-visteon-service: PERIPHERAL_STATUS:: 00 03 03 03 03 03 03 03 03 01 03 03 03 03 00 00 00 00 00 00 
11-07 16:57:43.200   690   697 I UclDL_Impl_VIP: TxA TO : 34
11-07 16:57:43.200   690   697 I UclDL_Impl_VIP: Avg Ack Latency : 8
11-07 16:57:43.200   690   697 I UclDL_Impl_VIP: pollingCntr : 15745
11-07 16:57:43.200   690   697 I UclDL_Impl_TCU: VIP-TCU - txBps : 1488
11-07 16:57:43.200   690   697 I UclDL_Impl_TCU: VIP-TCU - rxBps : 832
11-07 16:57:43.200   690   697 I UclDL_Impl_TCU: VIP-TCU - txAckTmo : 1
11-07 16:57:43.289   529   587 D vendor.visteon.skylark.hardware.automotive.vehicle@V1-visteon-service: TX Message SomeipComm::send  : service:194,method:4, response Payload: 02 c0 00 00 00 00 00 00 00 00 00 
11-07 16:57:43.291   529   587 D vendor.visteon.skylark.hardware.automotive.vehicle@V1-visteon-service: TX Message SomeipComm::send  : service:194,method:4, response Payload: 02 c0 0c 85 00 00 00 00 00 00 00 
11-07 16:57:43.293   529   587 D vendor.visteon.skylark.hardware.automotive.vehicle@V1-visteon-service: TX Message SomeipComm::send  : service:194,method:4, response Payload: 02 c0 0d 00 00 00 00 00 00 00 00 
11-07 16:57:43.304   529   555 D vendor.visteon.skylark.hardware.automotive.vehicle@V1-visteon-service: SomeipCOmm :: RX Message [0/72c]:service:bf ,Method:800d,payload:01 06 01 0d 30 7d 00 35 20 50 c2 
11-07 16:57:43.305   529   555 D vendor.visteon.skylark.hardware.automotive.vehicle@V1-visteon-service: SomeipCOmm :: RX Message [0/72d]:service:bf ,Method:8025,payload:02 80 01 0d 3c e8 7e 0f c0 0c 00 
11-07 16:57:43.305   529   555 D vendor.visteon.skylark.hardware.automotive.vehicle@V1-visteon-service: SomeipCOmm :: RX Message [0/72e]:service:bf ,Method:8051,payload:02 84 01 5c 60 66 02 8b 00 32 1c 
11-07 16:57:43.404   529   555 D vendor.visteon.skylark.hardware.automotive.vehicle@V1-visteon-service: SomeipCOmm :: RX Message [0/72f]:service:bf ,Method:803d,payload:02 b5 01 9e 8d ac 00 00 00 00 a0 
11-07 16:57:43.504   529   555 D vendor.visteon.skylark.hardware.automotive.vehicle@V1-visteon-service: SomeipCOmm :: RX Message [0/730]:service:bf ,Method:800d,payload:01 06 01 0d 3c 7d 00 35 20 d0 eb 
11-07 16:57:43.505   529   555 D vendor.visteon.skylark.hardware.automotive.vehicle@V1-visteon-service: SomeipCOmm :: RX Message [0/731]:service:bf ,Method:8025,payload:02 80 01 0d 34 e9 7e 0f c0 0c 00 
11-07 16:57:43.508   529   555 D vendor.visteon.skylark.hardware.automotive.vehicle@V1-visteon-service: SomeipCOmm :: RX Message [0/732]:service:bf ,Method:8051,payload:02 84 01 5c 50 66 02 8d 00 32 1c 
11-07 16:57:43.604   529   555 D vendor.visteon.skylark.hardware.automotive.vehicle@V1-visteon-service: SomeipCOmm :: RX Message [0/733]:service:bf ,Method:802f,payload:02 d0 01 8f 02 1b 82 30 01 01 00 
11-07 16:57:43.704   529   555 D vendor.visteon.skylark.hardware.automotive.vehicle@V1-visteon-service: SomeipCOmm :: RX Message [0/735]:service:bf ,Method:800d,payload:01 06 01 0d 44 7d 00 35 20 50 ab 
11-07 16:57:43.705   529   555 D vendor.visteon.skylark.hardware.automotive.vehicle@V1-visteon-service: SomeipCOmm :: RX Message [0/736]:service:bf ,Method:8025,payload:02 80 01 0d 48 e9 7e 0f c0 0c 00 
11-07 16:57:43.705   529   553 D vendor.visteon.skylark.hardware.automotive.vehicle@V1-visteon-service: TX Message SomeipComm::send  : service:193,method:3, response Payload: 04 
11-07 16:57:43.707   529   555 D vendor.visteon.skylark.hardware.automotive.vehicle@V1-visteon-service: SomeipCOmm :: RX Message [0/737]:service:bf ,Method:8051,payload:02 84 01 5c 40 66 02 8d 00 32 1c 
11-07 16:57:43.808   529   555 D vendor.visteon.skylark.hardware.automotive.vehicle@V1-visteon-service: SomeipCOmm :: RX Message [0/738]:service:bf ,Method:802f,payload:02 d0 01 8e 02 1b 82 30 01 01 00 
11-07 16:57:43.908   529   555 D vendor.visteon.skylark.hardware.automotive.vehicle@V1-visteon-service: SomeipCOmm :: RX Message [0/739]:service:bf ,Method:800d,payload:01 06 01 0d 44 7d 00 35 20 d0 8d 
11-07 16:57:43.909   529   555 D vendor.visteon.skylark.hardware.automotive.vehicle@V1-visteon-service: SomeipCOmm :: RX Message [0/73a]:service:bf ,Method:8025,payload:02 80 01 0d 48 ea 7e 0f c0 0c 00 
11-07 16:57:43.911   529   555 D vendor.visteon.skylark.hardware.automotive.vehicle@V1-visteon-service: SomeipCOmm :: RX Message [0/73b]:service:bf ,Method:8051,payload:02 84 01 5c 30 66 02 8c 00 32 1c 
11-07 16:57:43.915   524   562 I UclDL_Impl: Inst Id : 0 ## Tx Msgs : 2136
11-07 16:57:43.915   524   562 I UclDL_Impl: Inst Id : 0 ## TxA Msgs : 1850
11-07 16:57:43.915   524   562 I UclDL_Impl: Inst Id : 0 ## TxA TO : 0
11-07 16:57:43.915   524   562 I UclDL_Impl: Inst Id : 0 ## Rx Msgs : 2136
11-07 16:57:43.915   524   562 I UclDL_Impl: Inst Id : 0 ## Rx HB Msgs : 3
11-07 16:57:43.915   524   562 I UclDL_Impl: Inst Id : 0 ## Tx Bps : 3104
11-07 16:57:43.915   524   562 I UclDL_Impl: Inst Id : 0 ## Rx Bps : 7984
11-07 16:57:43.915   524   562 I UclDL_Impl: Inst Id : 0  ## Avg Ack Latency : 6
11-07 16:57:43.952   529   555 D vendor.visteon.skylark.hardware.automotive.vehicle@V1-visteon-service: SomeipCOmm :: RX Message [0/73c]:service:c0 ,Method:8000,payload:04 
11-07 16:57:43.957   529   555 D vendor.visteon.skylark.hardware.automotive.vehicle@V1-visteon-service: SomeipCOmm :: RX Message [0/73d]:service:c7 ,Method:80e5,payload:02 00 01 01 0f 40 0a 01 08 04 0f 00 00 00 01 1e 00 00 00 00 09 00 00 00 00 02 01 02 0e 50 06 64 03 fc 08 e7 01 e7 03 05 02 e7 01 00 00 00 19 0b 07 10 39 2b 1d 79 83 0d 09 0a f9 00 1e 1e b4 89 7f 00 07 00 0b 00 30 02 22 00 c2 00 00 00 01 00 00 00 00 01 00 06 00 00 00 00 00 00 00 00 00 00 00 01 00 01 00 00 00 00 32 00 00 04 07 0a 0f 14 00 10 02 00 03 00 00 00 00 00 c0 00 02 00 00 c0 00 00 01 02 e8 02 e2 02 f1 03 03 03 03 01 00 00 62 00 00 00 01 00 00 00 00 05 ef 03 03 00 0b 0b 0b 00 00 00 00 00 00 00 00 00 00 00 00 00 00 00 00 00 00 00 00 00 00 00 00 00 00 00 00 00 00 00 00 00 00 00 00 00 00 00 
11-07 16:57:43.960   529   555 D vendor.visteon.skylark.hardware.automotive.vehicle@V1-visteon-service: SomeipCOmm :: RX Message [0/73e]:service:c7 ,Method:80df,payload:08 04 02 02 01 02 00 00 01 01 00 00 00 00 00 03 01 00 00 00 00 00 00 00 00 00 00 00 00 00 00 00 00 00 00 00 00 00 00 00 00 00 00 00 00 00 00 00 00 00 00 00 00 00 00 00 00 00 00 00 00 00 00 00 00 00 00 00 00 00 00 00 00 00 00 00 00 00 00 00 00 00 00 00 00 00 00 00 00 00 00 00 00 00 00 00 00 00 00 00 
11-07 16:57:43.984   529   555 D vendor.visteon.skylark.hardware.automotive.vehicle@V1-visteon-service: SomeipCOmm :: RX Message [0/73f]:service:bf ,Method:8034,payload:03 a0 01 00 0d ac 03 30 27 e8 a0 
11-07 16:57:43.986   529   555 D vendor.visteon.skylark.hardware.automotive.vehicle@V1-visteon-service: SomeipCOmm :: RX Message [0/740]:service:bf ,Method:8035,payload:03 a1 01 00 0d ac 03 31 40 12 98 
11-07 16:57:43.987   529   555 D vendor.visteon.skylark.hardware.automotive.vehicle@V1-visteon-service: SomeipCOmm :: RX Message [0/741]:service:bf ,Method:8036,payload:03 a3 01 00 07 af 00 00 00 00 00 
11-07 16:57:43.988   529   555 D vendor.visteon.skylark.hardware.automotive.vehicle@V1-visteon-service: SomeipCOmm :: RX Message [0/742]:service:bf ,Method:803a,payload:03 a2 01 00 0d ac 03 34 3f 90 a0 
11-07 16:57:43.990   529   555 D vendor.visteon.skylark.hardware.automotive.vehicle@V1-visteon-service: SomeipCOmm :: RX Message [0/743]:service:bf ,Method:806b,payload:04 fa 01 02 15 9b 00 0d 98 8c 42 
11-07 16:57:44.008   529   555 D vendor.visteon.skylark.hardware.automotive.vehicle@V1-visteon-service: SomeipCOmm :: RX Message [0/744]:service:bf ,Method:802e,payload:02 cb 01 85 04 08 00 61 00 00 00 
11-07 16:57:44.009   529   555 D vendor.visteon.skylark.hardware.automotive.vehicle@V1-visteon-service: SomeipCOmm :: RX Message [0/745]:service:bf ,Method:803d,payload:02 b5 01 9e 8c ac 00 00 00 00 a0 
11-07 16:57:44.108   529   555 D vendor.visteon.skylark.hardware.automotive.vehicle@V1-visteon-service: SomeipCOmm :: RX Message [0/746]:service:bf ,Method:800d,payload:01 06 01 0d 44 7d 00 35 20 50 ab 
11-07 16:57:44.108   529   555 D vendor.visteon.skylark.hardware.automotive.vehicle@V1-visteon-service: SomeipCOmm :: RX Message [0/747]:service:bf ,Method:8025,payload:02 80 01 0d 38 eb 7e 0f c0 0c 00 
11-07 16:57:44.110   529   555 D vendor.visteon.skylark.hardware.automotive.vehicle@V1-visteon-service: SomeipCOmm :: RX Message [0/748]:service:bf ,Method:8051,payload:02 84 01 5c 10 66 02 8b 00 32 1c 
11-07 16:57:44.112   529   555 D vendor.visteon.skylark.hardware.automotive.vehicle@V1-visteon-service: SomeipCOmm :: RX Message [0/749]:service:c7 ,Method:80e2,payload:2c 39 04 05 07 0a 19 02 
11-07 16:57:44.192   529   555 D vendor.visteon.skylark.hardware.automotive.vehicle@V1-visteon-service: SomeipCOmm :: RX Message [0/74b]:service:c0 ,Method:8005,payload:00 03 03 03 03 03 03 03 03 01 03 03 03 03 00 00 00 00 00 00 
11-07 16:57:44.193   529   555 D vendor.visteon.skylark.hardware.automotive.vehicle@V1-visteon-service: PERIPHERAL_STATUS:: 00 03 03 03 03 03 03 03 03 01 03 03 03 03 00 00 00 00 00 00 
11-07 16:57:44.204   690   697 I UclDL_Impl_VIP: TxA TO : 34
11-07 16:57:44.204   690   697 I UclDL_Impl_VIP: Avg Ack Latency : 10
11-07 16:57:44.204   690   697 I UclDL_Impl_VIP: pollingCntr : 15995
11-07 16:57:44.204   690   697 I UclDL_Impl_TCU: VIP-TCU - txBps : 2648
11-07 16:57:44.204   690   697 I UclDL_Impl_TCU: VIP-TCU - rxBps : 1448
11-07 16:57:44.204   690   697 I UclDL_Impl_TCU: VIP-TCU - txAckTmo : 1
11-07 16:57:44.295   529   587 D vendor.visteon.skylark.hardware.automotive.vehicle@V1-visteon-service: TX Message SomeipComm::send  : service:194,method:4, response Payload: 02 c0 00 00 00 00 00 00 00 00 00 
11-07 16:57:44.296   529   587 D vendor.visteon.skylark.hardware.automotive.vehicle@V1-visteon-service: TX Message SomeipComm::send  : service:194,method:4, response Payload: 02 c0 0c 85 00 00 00 00 00 00 00 
11-07 16:57:44.299   529   587 D vendor.visteon.skylark.hardware.automotive.vehicle@V1-visteon-service: TX Message SomeipComm::send  : service:194,method:4, response Payload: 02 c0 0d 00 00 00 00 00 00 00 00 
11-07 16:57:44.308   529   555 D vendor.visteon.skylark.hardware.automotive.vehicle@V1-visteon-service: SomeipCOmm :: RX Message [0/74d]:service:bf ,Method:800d,payload:01 06 01 0d 4c 7d 00 35 20 d0 87 
11-07 16:57:44.309   529   555 D vendor.visteon.skylark.hardware.automotive.vehicle@V1-visteon-service: SomeipCOmm :: RX Message [0/74e]:service:bf ,Method:8025,payload:02 80 01 0d 54 ec 7e 0f c0 0c 00 
11-07 16:57:44.312   529   555 D vendor.visteon.skylark.hardware.automotive.vehicle@V1-visteon-service: SomeipCOmm :: RX Message [0/74f]:service:bf ,Method:8051,payload:02 84 01 5b f0 66 02 8c 00 32 1c 
11-07 16:57:44.408   529   555 D vendor.visteon.skylark.hardware.automotive.vehicle@V1-visteon-service: SomeipCOmm :: RX Message [0/750]:service:bf ,Method:802f,payload:02 d0 01 8f 02 1b 82 30 01 01 00 
11-07 16:57:44.409   529   555 D vendor.visteon.skylark.hardware.automotive.vehicle@V1-visteon-service: SomeipCOmm :: RX Message [0/751]:service:bf ,Method:803d,payload:02 b5 01 9f 8d ac 00 00 00 00 a0 
11-07 16:57:44.508   529   555 D vendor.visteon.skylark.hardware.automotive.vehicle@V1-visteon-service: SomeipCOmm :: RX Message [0/752]:service:bf ,Method:800d,payload:01 06 01 0d 44 7d 00 35 20 50 ab 
11-07 16:57:44.509   529   555 D vendor.visteon.skylark.hardware.automotive.vehicle@V1-visteon-service: SomeipCOmm :: RX Message [0/753]:service:bf ,Method:8025,payload:02 80 01 0d 3c ed 7e 0f c0 0c 00 
11-07 16:57:44.510   529   555 D vendor.visteon.skylark.hardware.automotive.vehicle@V1-visteon-service: SomeipCOmm :: RX Message [0/754]:service:bf ,Method:8051,payload:02 84 01 5b d0 66 02 8d 00 32 1c 
11-07 16:57:44.612   529   555 D vendor.visteon.skylark.hardware.automotive.vehicle@V1-visteon-service: SomeipCOmm :: RX Message [0/755]:service:bf ,Method:802f,payload:02 d0 01 8e 02 1b 82 30 01 01 00 
11-07 16:57:44.612   529   555 D vendor.visteon.skylark.hardware.automotive.vehicle@V1-visteon-service: SomeipCOmm :: RX Message [0/756]:service:bf ,Method:803d,payload:02 b5 01 9e 8c ac 00 00 00 00 a0 
11-07 16:57:44.706   529   553 D vendor.visteon.skylark.hardware.automotive.vehicle@V1-visteon-service: TX Message SomeipComm::send  : service:193,method:3, response Payload: 04 
11-07 16:57:44.712   529   555 D vendor.visteon.skylark.hardware.automotive.vehicle@V1-visteon-service: SomeipCOmm :: RX Message [0/758]:service:bf ,Method:800d,payload:01 06 01 0d 34 7d 00 35 20 f0 66 
11-07 16:57:44.713   529   555 D vendor.visteon.skylark.hardware.automotive.vehicle@V1-visteon-service: SomeipCOmm :: RX Message [0/759]:service:bf ,Method:8025,payload:02 80 01 0d 44 ed 7e 0f c0 0c 00 
11-07 16:57:44.715   529   555 D vendor.visteon.skylark.hardware.automotive.vehicle@V1-visteon-service: SomeipCOmm :: RX Message [0/75a]:service:bf ,Method:8051,payload:02 84 01 5b b0 66 02 8c 00 32 1c 
11-07 16:57:44.813   529   555 D vendor.visteon.skylark.hardware.automotive.vehicle@V1-visteon-service: SomeipCOmm :: RX Message [0/75b]:service:bf ,Method:803d,payload:02 b5 01 9f 8c ac 00 00 00 00 a0 
11-07 16:57:44.912   529   555 D vendor.visteon.skylark.hardware.automotive.vehicle@V1-visteon-service: SomeipCOmm :: RX Message [0/75c]:service:bf ,Method:800d,payload:01 06 01 0d 44 7d 00 35 20 70 2c 
11-07 16:57:44.914   529   555 D vendor.visteon.skylark.hardware.automotive.vehicle@V1-visteon-service: SomeipCOmm :: RX Message [0/75d]:service:bf ,Method:8025,payload:02 80 01 0d 48 ee 7e 0f c0 0c 00 
11-07 16:57:44.915   524   562 I UclDL_Impl: Inst Id : 0 ## Tx Msgs : 2176
11-07 16:57:44.915   524   562 I UclDL_Impl: Inst Id : 0 ## TxA Msgs : 1885
11-07 16:57:44.915   524   562 I UclDL_Impl: Inst Id : 0 ## TxA TO : 0
11-07 16:57:44.915   524   562 I UclDL_Impl: Inst Id : 0 ## Rx Msgs : 2176
11-07 16:57:44.915   524   562 I UclDL_Impl: Inst Id : 0 ## Rx HB Msgs : 3
11-07 16:57:44.915   524   562 I UclDL_Impl: Inst Id : 0 ## Tx Bps : 3520
11-07 16:57:44.915   524   562 I UclDL_Impl: Inst Id : 0 ## Rx Bps : 8648
11-07 16:57:44.915   524   562 I UclDL_Impl: Inst Id : 0  ## Avg Ack Latency : 9
11-07 16:57:44.917   529   555 D vendor.visteon.skylark.hardware.automotive.vehicle@V1-visteon-service: SomeipCOmm :: RX Message [0/75e]:service:bf ,Method:8051,payload:02 84 01 5b 90 66 02 8b 00 32 1c 
11-07 16:57:44.957   529   555 D vendor.visteon.skylark.hardware.automotive.vehicle@V1-visteon-service: SomeipCOmm :: RX Message [0/75f]:service:c0 ,Method:8000,payload:04 
11-07 16:57:44.964   529   555 D vendor.visteon.skylark.hardware.automotive.vehicle@V1-visteon-service: SomeipCOmm :: RX Message [0/760]:service:c7 ,Method:80e5,payload:02 00 01 01 0f 40 0a 01 08 04 0f 00 00 00 01 1e 00 00 00 00 09 00 00 00 00 02 01 02 0e 2a 06 4f 03 ef 08 be 01 e3 02 ff 02 d8 01 00 00 00 19 0b 07 10 39 2c 1d 79 8b 0d 09 0a f9 00 1e 1e ba 89 7f 00 07 00 0b 00 30 02 22 00 c2 00 00 00 01 00 00 00 00 01 00 06 00 00 00 00 00 00 00 00 00 00 00 01 00 01 00 00 00 00 32 00 00 04 07 0a 0f 14 00 10 02 00 03 00 00 00 00 00 c0 00 02 00 00 c0 00 00 01 02 ce 02 d0 02 d7 03 03 03 03 01 00 00 62 00 00 00 01 00 00 00 00 05 da 03 03 00 0b 0b 0b 00 00 00 00 00 00 00 00 00 00 00 00 00 00 00 00 00 00 00 00 00 00 00 00 00 00 00 00 00 00 00 00 00 00 00 00 00 00 00 
11-07 16:57:44.968   529   555 D vendor.visteon.skylark.hardware.automotive.vehicle@V1-visteon-service: SomeipCOmm :: RX Message [0/761]:service:c7 ,Method:80df,payload:08 04 02 02 01 02 00 00 01 01 00 00 00 00 00 03 01 00 00 00 00 00 00 00 00 00 00 00 00 00 00 00 00 00 00 00 00 00 00 00 00 00 00 00 00 00 00 00 00 00 00 00 00 00 00 00 00 00 00 00 00 00 00 00 00 00 00 00 00 00 00 00 00 00 00 00 00 00 00 00 00 00 00 00 00 00 00 00 00 00 00 00 00 00 00 00 00 00 00 00 
11-07 16:57:44.980   529   555 D vendor.visteon.skylark.hardware.automotive.vehicle@V1-visteon-service: SomeipCOmm :: RX Message [0/762]:service:bf ,Method:8034,payload:03 a0 01 00 0d ad 03 00 27 e8 a0 
11-07 16:57:44.983   529   555 D vendor.visteon.skylark.hardware.automotive.vehicle@V1-visteon-service: SomeipCOmm :: RX Message [0/763]:service:bf ,Method:8035,payload:03 a1 01 00 0d ad 03 01 40 12 98 
11-07 16:57:44.984   529   555 D vendor.visteon.skylark.hardware.automotive.vehicle@V1-visteon-service: SomeipCOmm :: RX Message [0/764]:service:bf ,Method:8036,payload:03 a3 01 00 07 b0 00 00 00 00 00 
11-07 16:57:44.986   529   555 D vendor.visteon.skylark.hardware.automotive.vehicle@V1-visteon-service: SomeipCOmm :: RX Message [0/765]:service:bf ,Method:803a,payload:03 a2 01 00 0d ad 03 04 3f 90 a0 
11-07 16:57:45.112   529   555 D vendor.visteon.skylark.hardware.automotive.vehicle@V1-visteon-service: SomeipCOmm :: RX Message [0/766]:service:bf ,Method:800d,payload:01 06 01 0d 44 7d 00 35 20 f0 0a 
11-07 16:57:45.113   529   555 D vendor.visteon.skylark.hardware.automotive.vehicle@V1-visteon-service: SomeipCOmm :: RX Message [0/767]:service:bf ,Method:8025,payload:02 80 01 0d 48 ef 7e 0f c0 0c 00 
11-07 16:57:45.114   529   555 D vendor.visteon.skylark.hardware.automotive.vehicle@V1-visteon-service: SomeipCOmm :: RX Message [0/768]:service:bf ,Method:8051,payload:02 84 01 5b 80 66 02 8c 00 32 1c 
11-07 16:57:45.116   529   555 D vendor.visteon.skylark.hardware.automotive.vehicle@V1-visteon-service: SomeipCOmm :: RX Message [0/769]:service:c7 ,Method:80e2,payload:2d 39 04 05 07 0a 19 02 
11-07 16:57:45.196   529   555 D vendor.visteon.skylark.hardware.automotive.vehicle@V1-visteon-service: SomeipCOmm :: RX Message [0/76b]:service:c0 ,Method:8005,payload:00 03 03 03 03 03 03 03 03 01 03 03 03 03 00 00 00 00 00 00 
11-07 16:57:45.197   529   555 D vendor.visteon.skylark.hardware.automotive.vehicle@V1-visteon-service: PERIPHERAL_STATUS:: 00 03 03 03 03 03 03 03 03 01 03 03 03 03 00 00 00 00 00 00 
11-07 16:57:45.208   690   697 I UclDL_Impl_VIP: TxA TO : 34
11-07 16:57:45.208   690   697 I UclDL_Impl_VIP: Avg Ack Latency : 8
11-07 16:57:45.208   690   697 I UclDL_Impl_VIP: pollingCntr : 16245
11-07 16:57:45.208   690   697 I UclDL_Impl_TCU: VIP-TCU - txBps : 2728
11-07 16:57:45.208   690   697 I UclDL_Impl_TCU: VIP-TCU - rxBps : 1560
11-07 16:57:45.208   690   697 I UclDL_Impl_TCU: VIP-TCU - txAckTmo : 1
11-07 16:57:45.212   529   555 D vendor.visteon.skylark.hardware.automotive.vehicle@V1-visteon-service: SomeipCOmm :: RX Message [0/76d]:service:bf ,Method:802f,payload:02 d0 01 8f 02 1b 82 30 01 01 00 
11-07 16:57:45.213   529   555 D vendor.visteon.skylark.hardware.automotive.vehicle@V1-visteon-service: SomeipCOmm :: RX Message [0/76e]:service:bf ,Method:803d,payload:02 b5 01 9e 8d ac 00 00 00 00 a0 
11-07 16:57:45.275   529   587 D vendor.visteon.skylark.hardware.automotive.vehicle@V1-visteon-service: TX Message SomeipComm::send  : service:194,method:4, response Payload: 02 c0 00 00 00 00 00 00 00 00 00 
11-07 16:57:45.277   529   587 D vendor.visteon.skylark.hardware.automotive.vehicle@V1-visteon-service: TX Message SomeipComm::send  : service:194,method:4, response Payload: 02 c0 0c 85 00 00 00 00 00 00 00 
11-07 16:57:45.279   529   587 D vendor.visteon.skylark.hardware.automotive.vehicle@V1-visteon-service: TX Message SomeipComm::send  : service:194,method:4, response Payload: 02 c0 0d 00 00 00 00 00 00 00 00 
11-07 16:57:45.313   529   555 D vendor.visteon.skylark.hardware.automotive.vehicle@V1-visteon-service: SomeipCOmm :: RX Message [0/76f]:service:bf ,Method:800d,payload:01 06 01 0d 58 7d 00 35 20 70 37 
11-07 16:57:45.314   529   555 D vendor.visteon.skylark.hardware.automotive.vehicle@V1-visteon-service: SomeipCOmm :: RX Message [0/770]:service:bf ,Method:8025,payload:02 80 01 0d 58 f0 7e 0f c0 0c 00 
11-07 16:57:45.317   529   555 D vendor.visteon.skylark.hardware.automotive.vehicle@V1-visteon-service: SomeipCOmm :: RX Message [0/771]:service:bf ,Method:8051,payload:02 84 01 5b 60 66 02 8d 00 32 1c 
11-07 16:57:45.412   529   555 D vendor.visteon.skylark.hardware.automotive.vehicle@V1-visteon-service: SomeipCOmm :: RX Message [0/772]:service:bf ,Method:802f,payload:02 d0 01 8e 02 1b 82 30 01 01 00 
11-07 16:57:45.416   529   555 D vendor.visteon.skylark.hardware.automotive.vehicle@V1-visteon-service: SomeipCOmm :: RX Message [0/773]:service:bf ,Method:803d,payload:02 b5 01 9e 8c ac 00 00 00 00 a0 
11-07 16:57:45.516   529   555 D vendor.visteon.skylark.hardware.automotive.vehicle@V1-visteon-service: SomeipCOmm :: RX Message [0/774]:service:bf ,Method:800d,payload:01 06 01 0d 48 7d 00 35 20 f0 05 
11-07 16:57:45.517   529   555 D vendor.visteon.skylark.hardware.automotive.vehicle@V1-visteon-service: SomeipCOmm :: RX Message [0/775]:service:bf ,Method:8025,payload:02 80 01 0d 3c f1 7e 0f c0 0c 00 
11-07 16:57:45.520   529   555 D vendor.visteon.skylark.hardware.automotive.vehicle@V1-visteon-service: SomeipCOmm :: RX Message [0/776]:service:bf ,Method:8051,payload:02 84 01 5b 40 66 02 8c 00 32 1c 
11-07 16:57:45.616   529   587 D vendor.visteon.skylark.hardware.automotive.vehicle@V1-visteon-service: TX Message SomeipComm::send  : service:204,method:1, response Payload: 00 
11-07 16:57:45.617   529   555 D vendor.visteon.skylark.hardware.automotive.vehicle@V1-visteon-service: SomeipCOmm :: RX Message [0/777]:service:bf ,Method:803d,payload:02 b5 01 9e 8d ac 00 00 00 00 a0 
11-07 16:57:45.707   529   553 D vendor.visteon.skylark.hardware.automotive.vehicle@V1-visteon-service: TX Message SomeipComm::send  : service:193,method:3, response Payload: 04 
11-07 16:57:45.716   529   555 D vendor.visteon.skylark.hardware.automotive.vehicle@V1-visteon-service: SomeipCOmm :: RX Message [0/779]:service:bf ,Method:800d,payload:01 06 01 0d 40 7d 00 35 20 70 29 
11-07 16:57:45.717   529   555 D vendor.visteon.skylark.hardware.automotive.vehicle@V1-visteon-service: SomeipCOmm :: RX Message [0/77a]:service:bf ,Method:8025,payload:02 80 01 0d 50 f1 7e 0f c0 0c 00 
11-07 16:57:45.719   529   555 D vendor.visteon.skylark.hardware.automotive.vehicle@V1-visteon-service: SomeipCOmm :: RX Message [0/77b]:service:bf ,Method:8051,payload:02 84 01 5b 30 66 02 8b 00 32 1c 
11-07 16:57:45.816   529   555 D vendor.visteon.skylark.hardware.automotive.vehicle@V1-visteon-service: SomeipCOmm :: RX Message [0/77c]:service:bf ,Method:802f,payload:02 d0 01 8f 02 1b 82 30 01 01 00 
11-07 16:57:45.817   529   555 D vendor.visteon.skylark.hardware.automotive.vehicle@V1-visteon-service: SomeipCOmm :: RX Message [0/77d]:service:bf ,Method:803d,payload:02 b5 01 9e 8c ac 00 00 00 00 a0 
11-07 16:57:45.915   524   562 I UclDL_Impl: Inst Id : 0 ## Tx Msgs : 2215
11-07 16:57:45.915   524   562 I UclDL_Impl: Inst Id : 0 ## TxA Msgs : 1919
11-07 16:57:45.916   524   562 I UclDL_Impl: Inst Id : 0 ## TxA TO : 0
11-07 16:57:45.916   524   562 I UclDL_Impl: Inst Id : 0 ## Rx Msgs : 2215
11-07 16:57:45.916   524   562 I UclDL_Impl: Inst Id : 0 ## Rx HB Msgs : 3
11-07 16:57:45.916   524   562 I UclDL_Impl: Inst Id : 0 ## Tx Bps : 3440
11-07 16:57:45.916   524   562 I UclDL_Impl: Inst Id : 0 ## Rx Bps : 8496
11-07 16:57:45.916   524   562 I UclDL_Impl: Inst Id : 0  ## Avg Ack Latency : 9
11-07 16:57:45.916   529   555 D vendor.visteon.skylark.hardware.automotive.vehicle@V1-visteon-service: SomeipCOmm :: RX Message [0/77e]:service:bf ,Method:800d,payload:01 06 01 0d 48 7d 00 35 20 f0 05 
11-07 16:57:45.917   529   555 D vendor.visteon.skylark.hardware.automotive.vehicle@V1-visteon-service: SomeipCOmm :: RX Message [0/77f]:service:bf ,Method:8025,payload:02 80 01 0d 44 f2 7e 0f c0 0c 00 
11-07 16:57:45.919   529   555 D vendor.visteon.skylark.hardware.automotive.vehicle@V1-visteon-service: SomeipCOmm :: RX Message [0/780]:service:bf ,Method:8051,payload:02 84 01 5b 20 66 02 8d 00 32 1c 
11-07 16:57:45.960   529   555 D vendor.visteon.skylark.hardware.automotive.vehicle@V1-visteon-service: SomeipCOmm :: RX Message [0/781]:service:c0 ,Method:8000,payload:04 
11-07 16:57:45.965   529   555 D vendor.visteon.skylark.hardware.automotive.vehicle@V1-visteon-service: SomeipCOmm :: RX Message [0/782]:service:c7 ,Method:80e5,payload:02 00 01 01 0f 40 0a 01 08 04 0f 00 00 00 01 1e 00 00 00 00 09 00 00 00 00 02 01 02 0e 59 06 66 03 fd 08 cb 01 e9 03 08 02 84 01 00 00 00 19 0b 07 10 39 2d 1d 79 83 0d 09 0a f9 00 1e 1e b6 89 7f 00 07 00 0b 00 30 02 22 00 c2 00 00 00 01 00 00 00 00 01 00 06 00 00 00 00 00 00 00 00 00 00 00 01 00 01 00 00 00 00 32 00 00 04 07 0a 0f 14 00 10 02 00 03 00 00 00 00 00 c0 00 02 00 00 c0 00 00 01 02 78 02 81 02 90 03 03 03 03 01 00 00 62 00 00 00 01 00 00 00 00 05 e8 03 03 00 0b 0b 0b 00 00 00 00 00 00 00 00 00 00 00 00 00 00 00 00 00 00 00 00 00 00 00 00 00 00 00 00 00 00 00 00 00 00 00 00 00 00 00 
11-07 16:57:45.968   529   555 D vendor.visteon.skylark.hardware.automotive.vehicle@V1-visteon-service: SomeipCOmm :: RX Message [0/783]:service:c7 ,Method:80df,payload:08 04 02 02 01 02 00 00 01 01 00 00 00 00 00 03 01 00 00 00 00 00 00 00 00 00 00 00 00 00 00 00 00 00 00 00 00 00 00 00 00 00 00 00 00 00 00 00 00 00 00 00 00 00 00 00 00 00 00 00 00 00 00 00 00 00 00 00 00 00 00 00 00 00 00 00 00 00 00 00 00 00 00 00 00 00 00 00 00 00 00 00 00 00 00 00 00 00 00 00 
11-07 16:57:45.981   529   555 D vendor.visteon.skylark.hardware.automotive.vehicle@V1-visteon-service: SomeipCOmm :: RX Message [0/784]:service:bf ,Method:8034,payload:03 a0 01 00 0d ae 03 00 27 e8 a0 
11-07 16:57:45.982   529   555 D vendor.visteon.skylark.hardware.automotive.vehicle@V1-visteon-service: SomeipCOmm :: RX Message [0/785]:service:bf ,Method:8035,payload:03 a1 01 00 0d ae 03 01 40 12 98 
11-07 16:57:45.984   529   555 D vendor.visteon.skylark.hardware.automotive.vehicle@V1-visteon-service: SomeipCOmm :: RX Message [0/786]:service:bf ,Method:8036,payload:03 a3 01 00 07 b1 00 00 00 00 00 
11-07 16:57:45.985   529   555 D vendor.visteon.skylark.hardware.automotive.vehicle@V1-visteon-service: SomeipCOmm :: RX Message [0/787]:service:bf ,Method:803a,payload:03 a2 01 00 0d ae 03 04 3f 90 a0 
11-07 16:57:45.988   529   555 D vendor.visteon.skylark.hardware.automotive.vehicle@V1-visteon-service: SomeipCOmm :: RX Message [0/788]:service:bf ,Method:806b,payload:04 fa 01 02 15 9b 00 0d 98 8d 42 
11-07 16:57:46.016   529   555 D vendor.visteon.skylark.hardware.automotive.vehicle@V1-visteon-service: SomeipCOmm :: RX Message [0/789]:service:bf ,Method:802f,payload:02 d0 01 8e 02 1b 82 30 01 01 00 
11-07 16:57:46.016   529   555 D vendor.visteon.skylark.hardware.automotive.vehicle@V1-visteon-service: SomeipCOmm :: RX Message [0/78a]:service:bf ,Method:803d,payload:02 b5 01 9e 8d ac 00 00 00 00 a0 
11-07 16:57:46.116   529   555 D vendor.visteon.skylark.hardware.automotive.vehicle@V1-visteon-service: SomeipCOmm :: RX Message [0/78b]:service:bf ,Method:800d,payload:01 06 01 0d 40 7d 00 35 20 70 29 
11-07 16:57:46.117   529   555 D vendor.visteon.skylark.hardware.automotive.vehicle@V1-visteon-service: SomeipCOmm :: RX Message [0/78c]:service:bf ,Method:8025,payload:02 80 01 0d 48 f3 7e 0f c0 0c 00 
11-07 16:57:46.119   529   555 D vendor.visteon.skylark.hardware.automotive.vehicle@V1-visteon-service: SomeipCOmm :: RX Message [0/78d]:service:bf ,Method:8051,payload:02 84 01 5b 10 66 02 8d 00 32 1c 
11-07 16:57:46.120   529   555 D vendor.visteon.skylark.hardware.automotive.vehicle@V1-visteon-service: SomeipCOmm :: RX Message [0/78e]:service:c7 ,Method:80e2,payload:2e 39 04 05 07 0a 19 02 
11-07 16:57:46.201   529   555 D vendor.visteon.skylark.hardware.automotive.vehicle@V1-visteon-service: SomeipCOmm :: RX Message [0/790]:service:c0 ,Method:8005,payload:00 03 03 03 03 03 03 03 03 01 03 03 03 03 00 00 00 00 00 00 
11-07 16:57:46.201   529   555 D vendor.visteon.skylark.hardware.automotive.vehicle@V1-visteon-service: PERIPHERAL_STATUS:: 00 03 03 03 03 03 03 03 03 01 03 03 03 03 00 00 00 00 00 00 
