11-07 16:57:34.912   529   555 D vendor.visteon.skylark.hardware.automotive.vehicle@V1-visteon-service: SomeipCOmm :: RX Message [0/626]:service:c7 ,Method:80e5,payload:02 00 01 01 0f 40 0a 01 08 04 0f 00 00 00 01 1e 00 00 00 00 09 00 00 00 00 02 01 02 0e 5a 06 67 03 f9 08 de 01 e9 03 08 02 ea 01 00 00 00 19 0b 07 10 39 22 1d 79 8f 0d 09 0a f9 00 1e 1e b4 89 7f 00 07 00 0b 00 30 02 22 00 c2 00 00 00 01 00 00 00 00 01 00 06 00 00 00 00 00 00 00 00 00 00 00 01 00 01 00 00 00 00 32 00 00 04 07 0a 0f 14 00 10 02 00 03 00 00 00 00 00 c0 00 02 00 00 c0 00 00 01 02 e4 02 e5 02 f3 03 03 03 03 01 00 00 62 00 00 00 01 00 00 00 00 05 e9 03 03 00 0b 0b 0b 00 00 00 00 00 00 00 00 00 00 00 00 00 00 00 00 00 00 00 00 00 00 00 00 00 00 00 00 00 00 00 00 00 00 00 00 00 00 00 
11-07 16:57:34.914   529   555 D vendor.visteon.skylark.hardware.automotive.vehicle@V1-visteon-service: SomeipCOmm :: RX Message [0/627]:service:c7 ,Method:80df,payload:08 04 02 02 01 02 00 00 01 01 00 00 00 00 00 03 01 00 00 00 00 00 00 00 00 00 00 00 00 00 00 00 00 00 00 00 00 00 00 00 00 00 00 00 00 00 00 00 00 00 00 00 00 00 00 00 00 00 00 00 00 00 00 00 00 00 00 00 00 00 00 00 00 00 00 00 00 00 00 00 00 00 00 00 00 00 00 00 00 00 00 00 00 00 00 00 00 00 00 00 
11-07 16:57:34.915   524   562 I UclDL_Impl: Inst Id : 0 ## Tx Msgs : 1821
11-07 16:57:34.915   524   562 I UclDL_Impl: Inst Id : 0 ## TxA Msgs : 1574
11-07 16:57:34.915   524   562 I UclDL_Impl: Inst Id : 0 ## TxA TO : 0
11-07 16:57:34.915   524   562 I UclDL_Impl: Inst Id : 0 ## Rx Msgs : 1821
11-07 16:57:34.915   524   562 I UclDL_Impl: Inst Id : 0 ## Rx HB Msgs : 3
11-07 16:57:34.915   524   562 I UclDL_Impl: Inst Id : 0 ## Tx Bps : 3040
11-07 16:57:34.915   524   562 I UclDL_Impl: Inst Id : 0 ## Rx Bps : 7736
11-07 16:57:34.915   524   562 I UclDL_Impl: Inst Id : 0  ## Avg Ack Latency : 7
11-07 16:57:34.980   529   555 D vendor.visteon.skylark.hardware.automotive.vehicle@V1-visteon-service: SomeipCOmm :: RX Message [0/628]:service:bf ,Method:8034,payload:03 a0 01 00 0d a3 03 30 27 e8 a0 
11-07 16:57:34.981   529   555 D vendor.visteon.skylark.hardware.automotive.vehicle@V1-visteon-service: SomeipCOmm :: RX Message [0/629]:service:bf ,Method:8035,payload:03 a1 01 00 0d a3 03 31 40 12 98 
11-07 16:57:34.982   529   555 D vendor.visteon.skylark.hardware.automotive.vehicle@V1-visteon-service: SomeipCOmm :: RX Message [0/62a]:service:bf ,Method:803a,payload:03 a2 01 00 0d a3 03 34 3f 90 a0 
11-07 16:57:34.985   529   555 D vendor.visteon.skylark.hardware.automotive.vehicle@V1-visteon-service: SomeipCOmm :: RX Message [0/62b]:service:bf ,Method:8036,payload:03 a3 01 00 07 a6 00 00 00 00 00 
11-07 16:57:34.985   529   555 D vendor.visteon.skylark.hardware.automotive.vehicle@V1-visteon-service: SomeipCOmm :: RX Message [0/62c]:service:bf ,Method:806b,payload:04 fa 01 02 15 9b 00 0d 98 8c 42 
11-07 16:57:35.064   529   555 D vendor.visteon.skylark.hardware.automotive.vehicle@V1-visteon-service: SomeipCOmm :: RX Message [0/62d]:service:bf ,Method:800d,payload:01 06 01 0d 48 7d 00 35 20 50 a4 
11-07 16:57:35.066   529   555 D vendor.visteon.skylark.hardware.automotive.vehicle@V1-visteon-service: SomeipCOmm :: RX Message [0/62e]:service:bf ,Method:8025,payload:02 80 01 0d 50 c7 7e 0f c0 0c 00 
11-07 16:57:35.067   529   555 D vendor.visteon.skylark.hardware.automotive.vehicle@V1-visteon-service: SomeipCOmm :: RX Message [0/62f]:service:bf ,Method:8051,payload:02 84 01 5c c0 66 02 8b 00 32 1c 
11-07 16:57:35.069   529   555 D vendor.visteon.skylark.hardware.automotive.vehicle@V1-visteon-service: SomeipCOmm :: RX Message [0/630]:service:c7 ,Method:80e2,payload:23 39 04 05 07 0a 19 02 
11-07 16:57:35.148   529   555 D vendor.visteon.skylark.hardware.automotive.vehicle@V1-visteon-service: SomeipCOmm :: RX Message [0/632]:service:c0 ,Method:8005,payload:00 03 03 03 03 03 03 03 03 01 03 03 03 03 00 00 00 00 00 00 
11-07 16:57:35.149   529   555 D vendor.visteon.skylark.hardware.automotive.vehicle@V1-visteon-service: PERIPHERAL_STATUS:: 00 03 03 03 03 03 03 03 03 01 03 03 03 03 00 00 00 00 00 00 
11-07 16:57:35.160   690   697 I UclDL_Impl_VIP: TxA TO : 34
11-07 16:57:35.160   690   697 I UclDL_Impl_VIP: Avg Ack Latency : 7
11-07 16:57:35.160   690   697 I UclDL_Impl_VIP: pollingCntr : 13745
11-07 16:57:35.160   690   697 I UclDL_Impl_TCU: VIP-TCU - txBps : 1432
11-07 16:57:35.160   690   697 I UclDL_Impl_TCU: VIP-TCU - rxBps : 1000
11-07 16:57:35.160   690   697 I UclDL_Impl_TCU: VIP-TCU - txAckTmo : 1
11-07 16:57:35.164   529   555 D vendor.visteon.skylark.hardware.automotive.vehicle@V1-visteon-service: SomeipCOmm :: RX Message [0/634]:service:bf ,Method:803d,payload:02 b5 01 9e 8c ac 00 00 00 00 a0 
11-07 16:57:35.265   529   555 D vendor.visteon.skylark.hardware.automotive.vehicle@V1-visteon-service: SomeipCOmm :: RX Message [0/635]:service:bf ,Method:800d,payload:01 06 01 0d 4c 7d 00 35 20 d0 87 
11-07 16:57:35.266   529   555 D vendor.visteon.skylark.hardware.automotive.vehicle@V1-visteon-service: SomeipCOmm :: RX Message [0/636]:service:bf ,Method:8025,payload:02 80 01 0d 4c c8 7e 0f c0 0c 00 
11-07 16:57:35.268   529   555 D vendor.visteon.skylark.hardware.automotive.vehicle@V1-visteon-service: SomeipCOmm :: RX Message [0/637]:service:bf ,Method:8051,payload:02 84 01 5c d0 66 02 8c 00 32 1c 
11-07 16:57:35.286   529   587 D vendor.visteon.skylark.hardware.automotive.vehicle@V1-visteon-service: TX Message SomeipComm::send  : service:194,method:4, response Payload: 02 c0 00 00 00 00 00 00 00 00 00 
11-07 16:57:35.289   529   587 D vendor.visteon.skylark.hardware.automotive.vehicle@V1-visteon-service: TX Message SomeipComm::send  : service:194,method:4, response Payload: 02 c0 0c 84 00 00 00 00 00 00 00 
11-07 16:57:35.292   529   587 D vendor.visteon.skylark.hardware.automotive.vehicle@V1-visteon-service: TX Message SomeipComm::send  : service:194,method:4, response Payload: 02 c0 0d 00 00 00 00 00 00 00 00 
11-07 16:57:35.464   529   555 D vendor.visteon.skylark.hardware.automotive.vehicle@V1-visteon-service: SomeipCOmm :: RX Message [0/638]:service:bf ,Method:800d,payload:01 06 01 0d 58 7d 00 35 20 50 b0 
11-07 16:57:35.468   529   555 D vendor.visteon.skylark.hardware.automotive.vehicle@V1-visteon-service: SomeipCOmm :: RX Message [0/639]:service:bf ,Method:8025,payload:02 80 01 0d 5c c9 7e 0f c0 0c 00 
11-07 16:57:35.470   529   555 D vendor.visteon.skylark.hardware.automotive.vehicle@V1-visteon-service: SomeipCOmm :: RX Message [0/63a]:service:bf ,Method:8051,payload:02 84 01 5c e0 66 02 8d 00 32 1c 
11-07 16:57:35.564   529   555 D vendor.visteon.skylark.hardware.automotive.vehicle@V1-visteon-service: SomeipCOmm :: RX Message [0/63b]:service:bf ,Method:803d,payload:02 b5 01 9e 8d ac 00 00 00 00 a0 
11-07 16:57:35.668   529   555 D vendor.visteon.skylark.hardware.automotive.vehicle@V1-visteon-service: SomeipCOmm :: RX Message [0/63d]:service:bf ,Method:800d,payload:01 06 01 0d 38 7d 00 35 20 d0 ee 
11-07 16:57:35.669   529   555 D vendor.visteon.skylark.hardware.automotive.vehicle@V1-visteon-service: SomeipCOmm :: RX Message [0/63e]:service:bf ,Method:8025,payload:02 80 01 0d 38 ca 7e 0f c0 0c 00 
11-07 16:57:35.673   529   555 D vendor.visteon.skylark.hardware.automotive.vehicle@V1-visteon-service: SomeipCOmm :: RX Message [0/63f]:service:bf ,Method:8051,payload:02 84 01 5c e0 66 02 8c 00 32 1c 
11-07 16:57:35.700   529   553 D vendor.visteon.skylark.hardware.automotive.vehicle@V1-visteon-service: TX Message SomeipComm::send  : service:193,method:3, response Payload: 04 
11-07 16:57:35.768   529   555 D vendor.visteon.skylark.hardware.automotive.vehicle@V1-visteon-service: SomeipCOmm :: RX Message [0/640]:service:bf ,Method:803d,payload:02 b5 01 9e 8c ac 00 00 00 00 a0 
11-07 16:57:35.868   529   555 D vendor.visteon.skylark.hardware.automotive.vehicle@V1-visteon-service: SomeipCOmm :: RX Message [0/641]:service:bf ,Method:800d,payload:01 06 01 0d 30 7d 00 35 20 50 c2 
11-07 16:57:35.870   529   555 D vendor.visteon.skylark.hardware.automotive.vehicle@V1-visteon-service: SomeipCOmm :: RX Message [0/642]:service:bf ,Method:8025,payload:02 80 01 0d 30 cb 7e 0f c0 0c 00 
11-07 16:57:35.872   529   555 D vendor.visteon.skylark.hardware.automotive.vehicle@V1-visteon-service: SomeipCOmm :: RX Message [0/643]:service:bf ,Method:8051,payload:02 84 01 5c e0 66 02 8b 00 32 1c 
11-07 16:57:35.912   529   555 D vendor.visteon.skylark.hardware.automotive.vehicle@V1-visteon-service: SomeipCOmm :: RX Message [0/644]:service:c0 ,Method:8000,payload:04 
11-07 16:57:35.915   524   562 I UclDL_Impl: Inst Id : 0 ## Tx Msgs : 1856
11-07 16:57:35.915   524   562 I UclDL_Impl: Inst Id : 0 ## TxA Msgs : 1605
11-07 16:57:35.915   524   562 I UclDL_Impl: Inst Id : 0 ## TxA TO : 0
11-07 16:57:35.915   524   562 I UclDL_Impl: Inst Id : 0 ## Rx Msgs : 1856
11-07 16:57:35.915   524   562 I UclDL_Impl: Inst Id : 0 ## Rx HB Msgs : 3
11-07 16:57:35.915   524   562 I UclDL_Impl: Inst Id : 0 ## Tx Bps : 3104
11-07 16:57:35.915   524   562 I UclDL_Impl: Inst Id : 0 ## Rx Bps : 7984
11-07 16:57:35.915   524   562 I UclDL_Impl: Inst Id : 0  ## Avg Ack Latency : 7
11-07 16:57:35.916   529   555 D vendor.visteon.skylark.hardware.automotive.vehicle@V1-visteon-service: SomeipCOmm :: RX Message [0/645]:service:c7 ,Method:80e5,payload:02 00 01 01 0f 40 0a 01 08 04 0f 00 00 00 01 1e 00 00 00 00 09 00 00 00 00 02 01 02 0e 4e 06 63 03 fb 08 db 01 e7 03 05 02 eb 01 00 00 00 19 0b 07 10 39 23 1d 79 83 0d 09 0a f9 00 1f 1e b4 89 7f 00 07 00 0b 00 30 02 22 00 c2 00 00 00 01 00 00 00 00 01 00 06 00 00 00 00 00 00 00 00 00 00 00 01 00 01 00 00 00 00 32 00 00 04 07 0a 0f 14 00 10 02 00 03 00 00 00 00 00 c0 00 02 00 00 c0 00 00 01 02 e8 02 e2 02 f5 03 03 03 03 01 00 00 62 00 00 00 01 00 00 00 00 05 e8 03 03 00 0b 0b 0b 00 00 00 00 00 00 00 00 00 00 00 00 00 00 00 00 00 00 00 00 00 00 00 00 00 00 00 00 00 00 00 00 00 00 00 00 00 00 00 
11-07 16:57:35.918   529   555 D vendor.visteon.skylark.hardware.automotive.vehicle@V1-visteon-service: SomeipCOmm :: RX Message [0/646]:service:c7 ,Method:80df,payload:08 04 02 02 01 02 00 00 01 01 00 00 00 00 00 03 01 00 00 00 00 00 00 00 00 00 00 00 00 00 00 00 00 00 00 00 00 00 00 00 00 00 00 00 00 00 00 00 00 00 00 00 00 00 00 00 00 00 00 00 00 00 00 00 00 00 00 00 00 00 00 00 00 00 00 00 00 00 00 00 00 00 00 00 00 00 00 00 00 00 00 00 00 00 00 00 00 00 00 00 
11-07 16:57:35.976   529   555 D vendor.visteon.skylark.hardware.automotive.vehicle@V1-visteon-service: SomeipCOmm :: RX Message [0/647]:service:bf ,Method:8034,payload:03 a0 01 00 0d a4 03 30 27 e8 a0 
11-07 16:57:35.984   529   555 D vendor.visteon.skylark.hardware.automotive.vehicle@V1-visteon-service: SomeipCOmm :: RX Message [0/648]:service:bf ,Method:8035,payload:03 a1 01 00 0d a4 03 31 40 12 98 
11-07 16:57:35.985   529   555 D vendor.visteon.skylark.hardware.automotive.vehicle@V1-visteon-service: SomeipCOmm :: RX Message [0/649]:service:bf ,Method:8036,payload:03 a3 01 00 07 a7 00 00 00 00 00 
11-07 16:57:35.987   529   555 D vendor.visteon.skylark.hardware.automotive.vehicle@V1-visteon-service: SomeipCOmm :: RX Message [0/64a]:service:bf ,Method:803a,payload:03 a2 01 00 0d a4 03 34 3f 90 a0 
11-07 16:57:36.068   529   555 D vendor.visteon.skylark.hardware.automotive.vehicle@V1-visteon-service: SomeipCOmm :: RX Message [0/64b]:service:bf ,Method:800d,payload:01 06 01 0d 44 7d 00 35 20 d0 8d 
11-07 16:57:36.069   529   555 D vendor.visteon.skylark.hardware.automotive.vehicle@V1-visteon-service: SomeipCOmm :: RX Message [0/64c]:service:bf ,Method:8025,payload:02 80 01 0d 44 cb 7e 0f c0 0c 00 
11-07 16:57:36.071   529   555 D vendor.visteon.skylark.hardware.automotive.vehicle@V1-visteon-service: SomeipCOmm :: RX Message [0/64d]:service:bf ,Method:8051,payload:02 84 01 5c e0 66 02 8c 00 32 1c 
11-07 16:57:36.072   529   555 D vendor.visteon.skylark.hardware.automotive.vehicle@V1-visteon-service: SomeipCOmm :: RX Message [0/64e]:service:c7 ,Method:80e2,payload:24 39 04 05 07 0a 19 02 
11-07 16:57:36.152   529   555 D vendor.visteon.skylark.hardware.automotive.vehicle@V1-visteon-service: SomeipCOmm :: RX Message [0/650]:service:c0 ,Method:8005,payload:00 03 03 03 03 03 03 03 03 01 03 03 03 03 00 00 00 00 00 00 
11-07 16:57:36.153   529   555 D vendor.visteon.skylark.hardware.automotive.vehicle@V1-visteon-service: PERIPHERAL_STATUS:: 00 03 03 03 03 03 03 03 03 01 03 03 03 03 00 00 00 00 00 00 
11-07 16:57:36.164   690   697 I UclDL_Impl_VIP: TxA TO : 34
11-07 16:57:36.164   690   697 I UclDL_Impl_VIP: Avg Ack Latency : 8
11-07 16:57:36.164   690   697 I UclDL_Impl_VIP: pollingCntr : 13995
11-07 16:57:36.164   690   697 I UclDL_Impl_TCU: VIP-TCU - txBps : 3024
11-07 16:57:36.164   690   697 I UclDL_Impl_TCU: VIP-TCU - rxBps : 1504
11-07 16:57:36.164   690   697 I UclDL_Impl_TCU: VIP-TCU - txAckTmo : 1
11-07 16:57:36.168   529   555 D vendor.visteon.skylark.hardware.automotive.vehicle@V1-visteon-service: SomeipCOmm :: RX Message [0/652]:service:bf ,Method:803d,payload:02 b5 01 9e 8d ac 00 00 00 00 a0 
11-07 16:57:36.268   529   555 D vendor.visteon.skylark.hardware.automotive.vehicle@V1-visteon-service: SomeipCOmm :: RX Message [0/653]:service:bf ,Method:800d,payload:01 06 01 0d 50 7d 00 35 20 50 ba 
11-07 16:57:36.272   529   555 D vendor.visteon.skylark.hardware.automotive.vehicle@V1-visteon-service: SomeipCOmm :: RX Message [0/654]:service:bf ,Method:8025,payload:02 80 01 0d 50 cc 7e 0f c0 0c 00 
11-07 16:57:36.274   529   555 D vendor.visteon.skylark.hardware.automotive.vehicle@V1-visteon-service: SomeipCOmm :: RX Message [0/655]:service:bf ,Method:8051,payload:02 84 01 5c e0 66 02 8d 00 32 1c 
11-07 16:57:36.301   529   587 D vendor.visteon.skylark.hardware.automotive.vehicle@V1-visteon-service: TX Message SomeipComm::send  : service:194,method:4, response Payload: 02 c0 00 00 00 00 00 00 00 00 00 
11-07 16:57:36.304   529   587 D vendor.visteon.skylark.hardware.automotive.vehicle@V1-visteon-service: TX Message SomeipComm::send  : service:194,method:4, response Payload: 02 c0 0c 84 00 00 00 00 00 00 00 
11-07 16:57:36.305   529   587 D vendor.visteon.skylark.hardware.automotive.vehicle@V1-visteon-service: TX Message SomeipComm::send  : service:194,method:4, response Payload: 02 c0 0d 00 00 00 00 00 00 00 00 
11-07 16:57:36.472   529   555 D vendor.visteon.skylark.hardware.automotive.vehicle@V1-visteon-service: SomeipCOmm :: RX Message [0/656]:service:bf ,Method:800d,payload:01 06 01 0d 5c 7d 00 35 20 f0 14 
11-07 16:57:36.473   529   555 D vendor.visteon.skylark.hardware.automotive.vehicle@V1-visteon-service: SomeipCOmm :: RX Message [0/657]:service:bf ,Method:8025,payload:02 80 01 0d 60 cd 7e 0f c0 0c 00 
11-07 16:57:36.476   529   555 D vendor.visteon.skylark.hardware.automotive.vehicle@V1-visteon-service: SomeipCOmm :: RX Message [0/658]:service:bf ,Method:8051,payload:02 84 01 5c d0 66 02 8c 00 32 1c 
11-07 16:57:36.672   529   555 D vendor.visteon.skylark.hardware.automotive.vehicle@V1-visteon-service: SomeipCOmm :: RX Message [0/65a]:service:bf ,Method:800d,payload:01 06 01 0d 30 7d 00 35 20 70 45 
11-07 16:57:36.673   529   555 D vendor.visteon.skylark.hardware.automotive.vehicle@V1-visteon-service: SomeipCOmm :: RX Message [0/65b]:service:bf ,Method:8025,payload:02 80 01 0d 44 ce 7e 0f c0 0c 00 
11-07 16:57:36.675   529   555 D vendor.visteon.skylark.hardware.automotive.vehicle@V1-visteon-service: SomeipCOmm :: RX Message [0/65c]:service:bf ,Method:8051,payload:02 84 01 5c d0 66 02 8b 00 32 1c 
11-07 16:57:36.701   529   553 D vendor.visteon.skylark.hardware.automotive.vehicle@V1-visteon-service: TX Message SomeipComm::send  : service:193,method:3, response Payload: 04 
11-07 16:57:36.772   529   555 D vendor.visteon.skylark.hardware.automotive.vehicle@V1-visteon-service: SomeipCOmm :: RX Message [0/65d]:service:bf ,Method:803d,payload:02 b5 01 9e 8c ac 00 00 00 00 a0 
11-07 16:57:36.872   529   555 D vendor.visteon.skylark.hardware.automotive.vehicle@V1-visteon-service: SomeipCOmm :: RX Message [0/65e]:service:bf ,Method:800d,payload:01 06 01 0d 48 7d 00 35 20 f0 05 
11-07 16:57:36.873   529   555 D vendor.visteon.skylark.hardware.automotive.vehicle@V1-visteon-service: SomeipCOmm :: RX Message [0/65f]:service:bf ,Method:8025,payload:02 80 01 0d 48 cf 7e 0f c0 0c 00 
11-07 16:57:36.875   529   555 D vendor.visteon.skylark.hardware.automotive.vehicle@V1-visteon-service: SomeipCOmm :: RX Message [0/660]:service:bf ,Method:8051,payload:02 84 01 5c d0 66 02 8c 00 32 1c 
11-07 16:57:36.915   524   562 I UclDL_Impl: Inst Id : 0 ## Tx Msgs : 1887
11-07 16:57:36.915   524   562 I UclDL_Impl: Inst Id : 0 ## TxA Msgs : 1632
11-07 16:57:36.915   524   562 I UclDL_Impl: Inst Id : 0 ## TxA TO : 0
11-07 16:57:36.916   524   562 I UclDL_Impl: Inst Id : 0 ## Rx Msgs : 1887
11-07 16:57:36.916   524   562 I UclDL_Impl: Inst Id : 0 ## Rx HB Msgs : 3
11-07 16:57:36.916   524   562 I UclDL_Impl: Inst Id : 0 ## Tx Bps : 2784
11-07 16:57:36.916   524   562 I UclDL_Impl: Inst Id : 0 ## Rx Bps : 5152
11-07 16:57:36.916   524   562 I UclDL_Impl: Inst Id : 0  ## Avg Ack Latency : 5
11-07 16:57:36.916   529   555 D vendor.visteon.skylark.hardware.automotive.vehicle@V1-visteon-service: SomeipCOmm :: RX Message [0/661]:service:c0 ,Method:8000,payload:04 
11-07 16:57:36.921   529   555 D vendor.visteon.skylark.hardware.automotive.vehicle@V1-visteon-service: SomeipCOmm :: RX Message [0/662]:service:c7 ,Method:80e5,payload:02 00 01 01 0f 40 0a 01 08 04 0f 00 00 00 01 1e 00 00 00 00 09 00 00 00 00 02 01 02 0e 4c 06 60 03 f6 08 ba 01 e7 03 06 02 e6 01 00 00 00 19 0b 07 10 39 24 1d 79 83 0d 09 0a f9 00 1f 1e b4 89 7f 00 07 00 0b 00 30 02 22 00 c2 00 00 00 01 00 00 00 00 01 00 06 00 00 00 00 00 00 00 00 00 00 00 01 00 01 00 00 00 00 32 00 00 04 07 0a 0f 14 00 10 02 00 03 00 00 00 00 00 c0 00 02 00 00 c0 00 00 01 02 d5 02 d9 02 ee 03 03 03 03 01 00 00 62 00 00 00 01 00 00 00 00 05 e7 03 03 00 0b 0b 0b 00 00 00 00 00 00 00 00 00 00 00 00 00 00 00 00 00 00 00 00 00 00 00 00 00 00 00 00 00 00 00 00 00 00 00 00 00 00 00 
11-07 16:57:36.925   529   555 D vendor.visteon.skylark.hardware.automotive.vehicle@V1-visteon-service: SomeipCOmm :: RX Message [0/663]:service:c7 ,Method:80df,payload:08 04 02 02 01 02 00 00 01 01 00 00 00 00 00 03 01 00 00 00 00 00 00 00 00 00 00 00 00 00 00 00 00 00 00 00 00 00 00 00 00 00 00 00 00 00 00 00 00 00 00 00 00 00 00 00 00 00 00 00 00 00 00 00 00 00 00 00 00 00 00 00 00 00 00 00 00 00 00 00 00 00 00 00 00 00 00 00 00 00 00 00 00 00 00 00 00 00 00 00 
11-07 16:57:36.972   529   555 D vendor.visteon.skylark.hardware.automotive.vehicle@V1-visteon-service: SomeipCOmm :: RX Message [0/664]:service:bf ,Method:803d,payload:02 b5 01 9e 8d ac 00 00 00 00 a0 
11-07 16:57:36.976   529   555 D vendor.visteon.skylark.hardware.automotive.vehicle@V1-visteon-service: SomeipCOmm :: RX Message [0/665]:service:bf ,Method:8034,payload:03 a0 01 00 0d a5 03 30 27 e8 a0 
11-07 16:57:36.978   529   555 D vendor.visteon.skylark.hardware.automotive.vehicle@V1-visteon-service: SomeipCOmm :: RX Message [0/666]:service:bf ,Method:8035,payload:03 a1 01 00 0d a5 03 31 40 12 98 
11-07 16:57:36.980   529   555 D vendor.visteon.skylark.hardware.automotive.vehicle@V1-visteon-service: SomeipCOmm :: RX Message [0/667]:service:bf ,Method:803a,payload:03 a2 01 00 0d a5 03 34 3f 90 a0 
11-07 16:57:36.981   529   555 D vendor.visteon.skylark.hardware.automotive.vehicle@V1-visteon-service: SomeipCOmm :: RX Message [0/668]:service:bf ,Method:8036,payload:03 a3 01 00 07 a8 00 00 00 00 00 
11-07 16:57:36.983   529   555 D vendor.visteon.skylark.hardware.automotive.vehicle@V1-visteon-service: SomeipCOmm :: RX Message [0/669]:service:bf ,Method:806b,payload:04 fa 01 02 15 9b 00 0d 98 8d 42 
11-07 16:57:37.072   529   555 D vendor.visteon.skylark.hardware.automotive.vehicle@V1-visteon-service: SomeipCOmm :: RX Message [0/66a]:service:bf ,Method:800d,payload:01 06 01 0d 4c 7d 00 35 20 70 26 
11-07 16:57:37.076   529   555 D vendor.visteon.skylark.hardware.automotive.vehicle@V1-visteon-service: SomeipCOmm :: RX Message [0/66b]:service:bf ,Method:8025,payload:02 80 01 0d 4c cf 7e 0f c0 0c 00 
11-07 16:57:37.078   529   555 D vendor.visteon.skylark.hardware.automotive.vehicle@V1-visteon-service: SomeipCOmm :: RX Message [0/66c]:service:bf ,Method:8051,payload:02 84 01 5c c0 66 02 8d 00 32 1c 
11-07 16:57:37.079   529   555 D vendor.visteon.skylark.hardware.automotive.vehicle@V1-visteon-service: SomeipCOmm :: RX Message [0/66d]:service:c7 ,Method:80e2,payload:25 39 04 05 07 0a 19 02 
11-07 16:57:37.161   529   555 D vendor.visteon.skylark.hardware.automotive.vehicle@V1-visteon-service: SomeipCOmm :: RX Message [0/66f]:service:c0 ,Method:8005,payload:00 03 03 03 03 03 03 03 03 01 03 03 03 03 00 00 00 00 00 00 
11-07 16:57:37.161   529   555 D vendor.visteon.skylark.hardware.automotive.vehicle@V1-visteon-service: PERIPHERAL_STATUS:: 00 03 03 03 03 03 03 03 03 01 03 03 03 03 00 00 00 00 00 00 
11-07 16:57:37.172   690   697 I UclDL_Impl_VIP: TxA TO : 34
11-07 16:57:37.172   690   697 I UclDL_Impl_VIP: Avg Ack Latency : 7
11-07 16:57:37.172   690   697 I UclDL_Impl_VIP: pollingCntr : 14245
11-07 16:57:37.172   690   697 I UclDL_Impl_TCU: VIP-TCU - txBps : 1504
11-07 16:57:37.172   690   697 I UclDL_Impl_TCU: VIP-TCU - rxBps : 776
11-07 16:57:37.172   690   697 I UclDL_Impl_TCU: VIP-TCU - txAckTmo : 1
11-07 16:57:37.277   529   555 D vendor.visteon.skylark.hardware.automotive.vehicle@V1-visteon-service: SomeipCOmm :: RX Message [0/671]:service:bf ,Method:800d,payload:01 06 01 0d 40 7d 00 35 20 f0 0f 
11-07 16:57:37.278   529   555 D vendor.visteon.skylark.hardware.automotive.vehicle@V1-visteon-service: SomeipCOmm :: RX Message [0/672]:service:bf ,Method:8025,payload:02 80 01 0d 34 d0 7e 0f c0 0c 00 
11-07 16:57:37.280   529   555 D vendor.visteon.skylark.hardware.automotive.vehicle@V1-visteon-service: SomeipCOmm :: RX Message [0/673]:service:bf ,Method:8051,payload:02 84 01 5c c0 66 02 8c 00 32 1c 
11-07 16:57:37.286   529   587 D vendor.visteon.skylark.hardware.automotive.vehicle@V1-visteon-service: TX Message SomeipComm::send  : service:194,method:4, response Payload: 02 c0 00 00 00 00 00 00 00 00 00 
11-07 16:57:37.288   529   587 D vendor.visteon.skylark.hardware.automotive.vehicle@V1-visteon-service: TX Message SomeipComm::send  : service:194,method:4, response Payload: 02 c0 0c 84 00 00 00 00 00 00 00 
11-07 16:57:37.291   529   587 D vendor.visteon.skylark.hardware.automotive.vehicle@V1-visteon-service: TX Message SomeipComm::send  : service:194,method:4, response Payload: 02 c0 0d 00 00 00 00 00 00 00 00 
11-07 16:57:37.378   529   555 D vendor.visteon.skylark.hardware.automotive.vehicle@V1-visteon-service: SomeipCOmm :: RX Message [0/674]:service:bf ,Method:802e,payload:02 cb 01 84 04 08 00 61 00 00 00 
11-07 16:57:37.476   529   555 D vendor.visteon.skylark.hardware.automotive.vehicle@V1-visteon-service: SomeipCOmm :: RX Message [0/675]:service:bf ,Method:800d,payload:01 06 01 0d 48 7d 00 35 20 70 23 
11-07 16:57:37.477   529   555 D vendor.visteon.skylark.hardware.automotive.vehicle@V1-visteon-service: SomeipCOmm :: RX Message [0/676]:service:bf ,Method:8025,payload:02 80 01 0d 4c d1 7e 0f c0 0c 00 
11-07 16:57:37.480   529   555 D vendor.visteon.skylark.hardware.automotive.vehicle@V1-visteon-service: SomeipCOmm :: RX Message [0/677]:service:bf ,Method:8051,payload:02 84 01 5c b0 66 02 8b 00 32 1c 
11-07 16:57:37.576   529   555 D vendor.visteon.skylark.hardware.automotive.vehicle@V1-visteon-service: SomeipCOmm :: RX Message [0/678]:service:bf ,Method:803d,payload:02 b5 01 9e 8c ac 00 00 00 00 a0 
11-07 16:57:37.587   529   587 D vendor.visteon.skylark.hardware.automotive.vehicle@V1-visteon-service: TX Message SomeipComm::send  : service:204,method:1, response Payload: 00 
11-07 16:57:37.676   529   555 D vendor.visteon.skylark.hardware.automotive.vehicle@V1-visteon-service: SomeipCOmm :: RX Message [0/67a]:service:bf ,Method:800d,payload:01 06 01 0d 44 7d 00 35 20 f0 0a 
11-07 16:57:37.677   529   555 D vendor.visteon.skylark.hardware.automotive.vehicle@V1-visteon-service: SomeipCOmm :: RX Message [0/67b]:service:bf ,Method:8025,payload:02 80 01 0d 44 d2 7e 0f c0 0c 00 
11-07 16:57:37.679   529   555 D vendor.visteon.skylark.hardware.automotive.vehicle@V1-visteon-service: SomeipCOmm :: RX Message [0/67c]:service:bf ,Method:8051,payload:02 84 01 5c a0 66 02 8c 00 32 1c 
11-07 16:57:37.702   529   553 D vendor.visteon.skylark.hardware.automotive.vehicle@V1-visteon-service: TX Message SomeipComm::send  : service:193,method:3, response Payload: 04 
11-07 16:57:37.776   529   555 D vendor.visteon.skylark.hardware.automotive.vehicle@V1-visteon-service: SomeipCOmm :: RX Message [0/67d]:service:bf ,Method:802f,payload:02 d0 01 8e 02 1b 82 30 01 01 00 
11-07 16:57:37.876   529   555 D vendor.visteon.skylark.hardware.automotive.vehicle@V1-visteon-service: SomeipCOmm :: RX Message [0/67e]:service:bf ,Method:800d,payload:01 06 01 0d 5c 7d 00 35 20 70 32 
11-07 16:57:37.878   529   555 D vendor.visteon.skylark.hardware.automotive.vehicle@V1-visteon-service: SomeipCOmm :: RX Message [0/67f]:service:bf ,Method:8025,payload:02 80 01 0d 5c d3 7e 0f c0 0c 00 
11-07 16:57:37.879   529   555 D vendor.visteon.skylark.hardware.automotive.vehicle@V1-visteon-service: SomeipCOmm :: RX Message [0/680]:service:bf ,Method:8051,payload:02 84 01 5c 90 66 02 8d 00 32 1c 
11-07 16:57:37.915   524   562 I UclDL_Impl: Inst Id : 0 ## Tx Msgs : 1923
11-07 16:57:37.915   524   562 I UclDL_Impl: Inst Id : 0 ## TxA Msgs : 1663
11-07 16:57:37.915   524   562 I UclDL_Impl: Inst Id : 0 ## TxA TO : 0
11-07 16:57:37.915   524   562 I UclDL_Impl: Inst Id : 0 ## Rx Msgs : 1923
11-07 16:57:37.915   524   562 I UclDL_Impl: Inst Id : 0 ## Rx HB Msgs : 3
11-07 16:57:37.915   524   562 I UclDL_Impl: Inst Id : 0 ## Tx Bps : 3200
11-07 16:57:37.915   524   562 I UclDL_Impl: Inst Id : 0 ## Rx Bps : 8120
11-07 16:57:37.915   524   562 I UclDL_Impl: Inst Id : 0  ## Avg Ack Latency : 6
11-07 16:57:37.924   529   555 D vendor.visteon.skylark.hardware.automotive.vehicle@V1-visteon-service: SomeipCOmm :: RX Message [0/681]:service:c0 ,Method:8000,payload:04 
11-07 16:57:37.928   529   555 D vendor.visteon.skylark.hardware.automotive.vehicle@V1-visteon-service: SomeipCOmm :: RX Message [0/682]:service:c7 ,Method:80e5,payload:02 00 01 01 0f 40 0a 01 08 04 0f 00 00 00 01 1e 00 00 00 00 09 00 00 00 00 02 01 02 0e 5a 06 5f 03 f9 08 e2 01 ea 03 08 02 e4 01 00 00 00 19 0b 07 10 39 25 1d 79 81 0d 09 0a f9 00 1f 1e b4 89 7f 00 07 00 0b 00 30 02 22 00 c2 00 00 00 01 00 00 00 00 01 00 06 00 00 00 00 00 00 00 00 00 00 00 01 00 01 00 00 00 00 32 00 00 04 07 0a 0f 14 00 10 02 00 03 00 00 00 00 00 c0 00 02 00 00 c0 00 00 01 02 d0 02 df 02 e7 03 03 03 03 01 00 00 62 00 00 00 01 00 00 00 00 05 e9 03 03 00 0b 0b 0b 00 00 00 00 00 00 00 00 00 00 00 00 00 00 00 00 00 00 00 00 00 00 00 00 00 00 00 00 00 00 00 00 00 00 00 00 00 00 00 
11-07 16:57:37.931   529   555 D vendor.visteon.skylark.hardware.automotive.vehicle@V1-visteon-service: SomeipCOmm :: RX Message [0/683]:service:c7 ,Method:80df,payload:08 04 02 02 01 02 00 00 01 01 00 00 00 00 00 03 01 00 00 00 00 00 00 00 00 00 00 00 00 00 00 00 00 00 00 00 00 00 00 00 00 00 00 00 00 00 00 00 00 00 00 00 00 00 00 00 00 00 00 00 00 00 00 00 00 00 00 00 00 00 00 00 00 00 00 00 00 00 00 00 00 00 00 00 00 00 00 00 00 00 00 00 00 00 00 00 00 00 00 00 
11-07 16:57:37.980   529   555 D vendor.visteon.skylark.hardware.automotive.vehicle@V1-visteon-service: SomeipCOmm :: RX Message [0/684]:service:bf ,Method:802f,payload:02 d0 01 8e 02 1b 82 30 01 01 00 
11-07 16:57:37.981   529   555 D vendor.visteon.skylark.hardware.automotive.vehicle@V1-visteon-service: SomeipCOmm :: RX Message [0/685]:service:bf ,Method:8034,payload:03 a0 01 00 0d a6 03 30 27 e8 a0 
11-07 16:57:37.982   529   555 D vendor.visteon.skylark.hardware.automotive.vehicle@V1-visteon-service: SomeipCOmm :: RX Message [0/686]:service:bf ,Method:803d,payload:02 b5 01 9e 8d ac 00 00 00 00 a0 
11-07 16:57:37.984   529   555 D vendor.visteon.skylark.hardware.automotive.vehicle@V1-visteon-service: SomeipCOmm :: RX Message [0/687]:service:bf ,Method:8035,payload:03 a1 01 00 0d a6 03 31 40 12 98 
11-07 16:57:37.987   529   555 D vendor.visteon.skylark.hardware.automotive.vehicle@V1-visteon-service: SomeipCOmm :: RX Message [0/688]:service:bf ,Method:8036,payload:03 a3 01 00 07 a9 00 00 00 00 00 
11-07 16:57:37.988   529   555 D vendor.visteon.skylark.hardware.automotive.vehicle@V1-visteon-service: SomeipCOmm :: RX Message [0/689]:service:bf ,Method:803a,payload:03 a2 01 00 0d a6 03 34 3f 90 a0 
11-07 16:57:38.080   529   555 D vendor.visteon.skylark.hardware.automotive.vehicle@V1-visteon-service: SomeipCOmm :: RX Message [0/68a]:service:bf ,Method:800d,payload:01 06 01 0d 38 7d 00 35 20 f0 69 
11-07 16:57:38.081   529   555 D vendor.visteon.skylark.hardware.automotive.vehicle@V1-visteon-service: SomeipCOmm :: RX Message [0/68b]:service:bf ,Method:8025,payload:02 80 01 0d 44 d3 7e 0f c0 0c 00 
11-07 16:57:38.083   529   555 D vendor.visteon.skylark.hardware.automotive.vehicle@V1-visteon-service: SomeipCOmm :: RX Message [0/68c]:service:bf ,Method:8051,payload:02 84 01 5c 70 66 02 8c 00 32 1c 
11-07 16:57:38.084   529   555 D vendor.visteon.skylark.hardware.automotive.vehicle@V1-visteon-service: SomeipCOmm :: RX Message [0/68d]:service:c7 ,Method:80e2,payload:26 39 04 05 07 0a 19 02 
11-07 16:57:38.164   529   555 D vendor.visteon.skylark.hardware.automotive.vehicle@V1-visteon-service: SomeipCOmm :: RX Message [0/68f]:service:c0 ,Method:8005,payload:00 03 03 03 03 03 03 03 03 01 03 03 03 03 00 00 00 00 00 00 
11-07 16:57:38.164   529   555 D vendor.visteon.skylark.hardware.automotive.vehicle@V1-visteon-service: PERIPHERAL_STATUS:: 00 03 03 03 03 03 03 03 03 01 03 03 03 03 00 00 00 00 00 00 
11-07 16:57:38.176   690   697 I UclDL_Impl_VIP: TxA TO : 34
11-07 16:57:38.176   690   697 I UclDL_Impl_VIP: Avg Ack Latency : 10
11-07 16:57:38.176   690   697 I UclDL_Impl_VIP: pollingCntr : 14495
11-07 16:57:38.176   690   697 I UclDL_Impl_TCU: VIP-TCU - txBps : 2536
11-07 16:57:38.176   690   697 I UclDL_Impl_TCU: VIP-TCU - rxBps : 1336
11-07 16:57:38.176   690   697 I UclDL_Impl_TCU: VIP-TCU - txAckTmo : 1
11-07 16:57:38.180   529   555 D vendor.visteon.skylark.hardware.automotive.vehicle@V1-visteon-service: SomeipCOmm :: RX Message [0/691]:service:bf ,Method:803d,payload:02 b5 01 9e 8c ac 00 00 00 00 a0 
11-07 16:57:38.280   529   555 D vendor.visteon.skylark.hardware.automotive.vehicle@V1-visteon-service: SomeipCOmm :: RX Message [0/692]:service:bf ,Method:800d,payload:01 06 01 0d 40 7d 00 35 20 70 29 
11-07 16:57:38.281   529   555 D vendor.visteon.skylark.hardware.automotive.vehicle@V1-visteon-service: SomeipCOmm :: RX Message [0/693]:service:bf ,Method:8025,payload:02 80 01 0d 38 d4 7e 0f c0 0c 00 
11-07 16:57:38.283   529   555 D vendor.visteon.skylark.hardware.automotive.vehicle@V1-visteon-service: SomeipCOmm :: RX Message [0/694]:service:bf ,Method:8051,payload:02 84 01 5c 60 66 02 8b 00 32 1c 
11-07 16:57:38.323   529   587 D vendor.visteon.skylark.hardware.automotive.vehicle@V1-visteon-service: TX Message SomeipComm::send  : service:194,method:4, response Payload: 02 c0 00 00 00 00 00 00 00 00 00 
11-07 16:57:38.328   529   587 D vendor.visteon.skylark.hardware.automotive.vehicle@V1-visteon-service: TX Message SomeipComm::send  : service:194,method:4, response Payload: 02 c0 0c 84 00 00 00 00 00 00 00 
11-07 16:57:38.330   529   587 D vendor.visteon.skylark.hardware.automotive.vehicle@V1-visteon-service: TX Message SomeipComm::send  : service:194,method:4, response Payload: 02 c0 0d 00 00 00 00 00 00 00 00 
11-07 16:57:38.480   529   555 D vendor.visteon.skylark.hardware.automotive.vehicle@V1-visteon-service: SomeipCOmm :: RX Message [0/695]:service:bf ,Method:800d,payload:01 06 01 0d 38 7d 00 35 20 10 db 
11-07 16:57:38.482   529   555 D vendor.visteon.skylark.hardware.automotive.vehicle@V1-visteon-service: SomeipCOmm :: RX Message [0/696]:service:bf ,Method:8025,payload:02 80 01 0d 44 d5 7e 0f c0 0c 00 
11-07 16:57:38.484   529   555 D vendor.visteon.skylark.hardware.automotive.vehicle@V1-visteon-service: SomeipCOmm :: RX Message [0/697]:service:bf ,Method:8051,payload:02 84 01 5c 50 66 02 8c 00 32 1c 
11-07 16:57:38.580   529   555 D vendor.visteon.skylark.hardware.automotive.vehicle@V1-visteon-service: SomeipCOmm :: RX Message [0/698]:service:bf ,Method:802f,payload:02 d0 01 8f 02 1b 82 30 01 01 00 
11-07 16:57:38.680   529   555 D vendor.visteon.skylark.hardware.automotive.vehicle@V1-visteon-service: SomeipCOmm :: RX Message [0/69a]:service:bf ,Method:800d,payload:01 06 01 0d 50 7d 00 35 20 90 8f 
11-07 16:57:38.682   529   555 D vendor.visteon.skylark.hardware.automotive.vehicle@V1-visteon-service: SomeipCOmm :: RX Message [0/69b]:service:bf ,Method:8025,payload:02 80 01 0d 44 d6 7e 0f c0 0c 00 
11-07 16:57:38.683   529   555 D vendor.visteon.skylark.hardware.automotive.vehicle@V1-visteon-service: SomeipCOmm :: RX Message [0/69c]:service:bf ,Method:8051,payload:02 84 01 5c 40 66 02 8d 00 32 1c 
11-07 16:57:38.702   529   553 D vendor.visteon.skylark.hardware.automotive.vehicle@V1-visteon-service: TX Message SomeipComm::send  : service:193,method:3, response Payload: 04 
11-07 16:57:38.780   529   555 D vendor.visteon.skylark.hardware.automotive.vehicle@V1-visteon-service: SomeipCOmm :: RX Message [0/69d]:service:bf ,Method:802f,payload:02 d0 01 8e 02 1b 82 30 01 01 00 
11-07 16:57:38.784   529   555 D vendor.visteon.skylark.hardware.automotive.vehicle@V1-visteon-service: SomeipCOmm :: RX Message [0/69e]:service:bf ,Method:803d,payload:02 b5 01 9e 8d ac 00 00 00 00 a0 
11-07 16:57:38.884   529   555 D vendor.visteon.skylark.hardware.automotive.vehicle@V1-visteon-service: SomeipCOmm :: RX Message [0/69f]:service:bf ,Method:800d,payload:01 06 01 0d 4c 7d 00 35 20 10 b2 
11-07 16:57:38.885   529   555 D vendor.visteon.skylark.hardware.automotive.vehicle@V1-visteon-service: SomeipCOmm :: RX Message [0/6a0]:service:bf ,Method:8025,payload:02 80 01 0d 4c d6 7e 0f c0 0c 00 
11-07 16:57:38.887   529   555 D vendor.visteon.skylark.hardware.automotive.vehicle@V1-visteon-service: SomeipCOmm :: RX Message [0/6a1]:service:bf ,Method:8051,payload:02 84 01 5c 20 66 02 8c 00 32 1c 
11-07 16:57:38.915   524   562 I UclDL_Impl: Inst Id : 0 ## Tx Msgs : 1960
11-07 16:57:38.915   524   562 I UclDL_Impl: Inst Id : 0 ## TxA Msgs : 1696
11-07 16:57:38.915   524   562 I UclDL_Impl: Inst Id : 0 ## TxA TO : 0
11-07 16:57:38.915   524   562 I UclDL_Impl: Inst Id : 0 ## Rx Msgs : 1960
11-07 16:57:38.915   524   562 I UclDL_Impl: Inst Id : 0 ## Rx HB Msgs : 3
11-07 16:57:38.915   524   562 I UclDL_Impl: Inst Id : 0 ## Tx Bps : 3264
11-07 16:57:38.915   524   562 I UclDL_Impl: Inst Id : 0 ## Rx Bps : 8288
11-07 16:57:38.915   524   562 I UclDL_Impl: Inst Id : 0  ## Avg Ack Latency : 6
11-07 16:57:38.928   529   555 D vendor.visteon.skylark.hardware.automotive.vehicle@V1-visteon-service: SomeipCOmm :: RX Message [0/6a2]:service:c0 ,Method:8000,payload:04 
11-07 16:57:38.933   529   555 D vendor.visteon.skylark.hardware.automotive.vehicle@V1-visteon-service: SomeipCOmm :: RX Message [0/6a3]:service:c7 ,Method:80e5,payload:02 00 01 01 0f 40 0a 01 08 04 0f 00 00 00 01 1e 00 00 00 00 09 00 00 00 00 02 01 02 0e 4f 06 63 03 fc 08 d6 01 ea 03 0b 02 84 01 00 00 00 19 0b 07 10 39 26 1d 79 8f 0d 09 0a f9 00 1f 1e b4 89 7f 00 07 00 0b 00 30 02 22 00 c2 00 00 00 01 00 00 00 00 01 00 06 00 00 00 00 00 00 00 00 00 00 00 01 00 01 00 00 00 00 32 00 00 04 07 0a 0f 14 00 10 02 00 03 00 00 00 00 00 c0 00 02 00 00 c0 00 00 01 02 75 02 80 02 84 03 03 03 03 01 00 00 62 00 00 00 01 00 00 00 00 05 ef 03 03 00 0b 0b 0b 00 00 00 00 00 00 00 00 00 00 00 00 00 00 00 00 00 00 00 00 00 00 00 00 00 00 00 00 00 00 00 00 00 00 00 00 00 00 00 
11-07 16:57:38.935   529   555 D vendor.visteon.skylark.hardware.automotive.vehicle@V1-visteon-service: SomeipCOmm :: RX Message [0/6a4]:service:c7 ,Method:80df,payload:08 04 02 02 01 02 00 00 01 01 00 00 00 00 00 03 01 00 00 00 00 00 00 00 00 00 00 00 00 00 00 00 00 00 00 00 00 00 00 00 00 00 00 00 00 00 00 00 00 00 00 00 00 00 00 00 00 00 00 00 00 00 00 00 00 00 00 00 00 00 00 00 00 00 00 00 00 00 00 00 00 00 00 00 00 00 00 00 00 00 00 00 00 00 00 00 00 00 00 00 
11-07 16:57:38.980   529   555 D vendor.visteon.skylark.hardware.automotive.vehicle@V1-visteon-service: SomeipCOmm :: RX Message [0/6a5]:service:bf ,Method:8034,payload:03 a0 01 00 0d a7 03 30 27 e8 a0 
11-07 16:57:38.981   529   555 D vendor.visteon.skylark.hardware.automotive.vehicle@V1-visteon-service: SomeipCOmm :: RX Message [0/6a6]:service:bf ,Method:8035,payload:03 a1 01 00 0d a7 03 31 40 12 98 
11-07 16:57:38.984   529   555 D vendor.visteon.skylark.hardware.automotive.vehicle@V1-visteon-service: SomeipCOmm :: RX Message [0/6a7]:service:bf ,Method:8036,payload:03 a3 01 00 07 aa 00 00 00 00 00 
11-07 16:57:38.985   529   555 D vendor.visteon.skylark.hardware.automotive.vehicle@V1-visteon-service: SomeipCOmm :: RX Message [0/6a8]:service:bf ,Method:803a,payload:03 a2 01 00 0d a7 03 34 3f 90 a0 
11-07 16:57:38.986   529   555 D vendor.visteon.skylark.hardware.automotive.vehicle@V1-visteon-service: SomeipCOmm :: RX Message [0/6a9]:service:bf ,Method:803d,payload:02 b5 01 9e 8c ac 00 00 00 00 a0 
11-07 16:57:38.987   529   555 D vendor.visteon.skylark.hardware.automotive.vehicle@V1-visteon-service: SomeipCOmm :: RX Message [0/6aa]:service:bf ,Method:806b,payload:04 fa 01 02 15 9b 00 0d 98 8c 42 
11-07 16:57:39.084   529   555 D vendor.visteon.skylark.hardware.automotive.vehicle@V1-visteon-service: SomeipCOmm :: RX Message [0/6ab]:service:bf ,Method:800d,payload:01 06 01 0d 40 7d 00 35 20 90 9b 
11-07 16:57:39.084   529   555 D vendor.visteon.skylark.hardware.automotive.vehicle@V1-visteon-service: SomeipCOmm :: RX Message [0/6ac]:service:bf ,Method:8025,payload:02 80 01 0d 44 d7 7e 0f c0 0c 00 
11-07 16:57:39.086   529   555 D vendor.visteon.skylark.hardware.automotive.vehicle@V1-visteon-service: SomeipCOmm :: RX Message [0/6ad]:service:bf ,Method:8051,payload:02 84 01 5c 10 66 02 8b 00 32 1c 
11-07 16:57:39.088   529   555 D vendor.visteon.skylark.hardware.automotive.vehicle@V1-visteon-service: SomeipCOmm :: RX Message [0/6ae]:service:c7 ,Method:80e2,payload:27 39 04 05 07 0a 19 02 
11-07 16:57:39.168   529   555 D vendor.visteon.skylark.hardware.automotive.vehicle@V1-visteon-service: SomeipCOmm :: RX Message [0/6b0]:service:c0 ,Method:8005,payload:00 03 03 03 03 03 03 03 03 01 03 03 03 03 00 00 00 00 00 00 
11-07 16:57:39.169   529   555 D vendor.visteon.skylark.hardware.automotive.vehicle@V1-visteon-service: PERIPHERAL_STATUS:: 00 03 03 03 03 03 03 03 03 01 03 03 03 03 00 00 00 00 00 00 
11-07 16:57:39.180   690   697 I UclDL_Impl_VIP: TxA TO : 34
11-07 16:57:39.180   690   697 I UclDL_Impl_VIP: Avg Ack Latency : 8
11-07 16:57:39.180   690   697 I UclDL_Impl_VIP: pollingCntr : 14745
11-07 16:57:39.180   690   697 I UclDL_Impl_TCU: VIP-TCU - txBps : 3312
11-07 16:57:39.180   690   697 I UclDL_Impl_TCU: VIP-TCU - rxBps : 1784
11-07 16:57:39.180   690   697 I UclDL_Impl_TCU: VIP-TCU - txAckTmo : 1
11-07 16:57:39.284   529   555 D vendor.visteon.skylark.hardware.automotive.vehicle@V1-visteon-service: SomeipCOmm :: RX Message [0/6b2]:service:bf ,Method:800d,payload:01 06 01 0d 48 7d 00 35 20 10 b7 
11-07 16:57:39.285   529   555 D vendor.visteon.skylark.hardware.automotive.vehicle@V1-visteon-service: SomeipCOmm :: RX Message [0/6b3]:service:bf ,Method:8025,payload:02 80 01 0d 4c d8 7e 0f c0 0c 00 
11-07 16:57:39.287   529   555 D vendor.visteon.skylark.hardware.automotive.vehicle@V1-visteon-service: SomeipCOmm :: RX Message [0/6b4]:service:bf ,Method:8051,payload:02 84 01 5c 00 66 02 8c 00 32 1c 
11-07 16:57:39.299   529   587 D vendor.visteon.skylark.hardware.automotive.vehicle@V1-visteon-service: TX Message SomeipComm::send  : service:194,method:4, response Payload: 02 c0 00 00 00 00 00 00 00 00 00 
11-07 16:57:39.301   529   587 D vendor.visteon.skylark.hardware.automotive.vehicle@V1-visteon-service: TX Message SomeipComm::send  : service:194,method:4, response Payload: 02 c0 0c 84 00 00 00 00 00 00 00 
11-07 16:57:39.302   529   587 D vendor.visteon.skylark.hardware.automotive.vehicle@V1-visteon-service: TX Message SomeipComm::send  : service:194,method:4, response Payload: 02 c0 0d 00 00 00 00 00 00 00 00 
11-07 16:57:39.384   529   555 D vendor.visteon.skylark.hardware.automotive.vehicle@V1-visteon-service: SomeipCOmm :: RX Message [0/6b5]:service:bf ,Method:803d,payload:02 b5 01 9e 8d ac 00 00 00 00 a0 
11-07 16:57:39.484   529   555 D vendor.visteon.skylark.hardware.automotive.vehicle@V1-visteon-service: SomeipCOmm :: RX Message [0/6b6]:service:bf ,Method:800d,payload:01 06 01 0d 4c 7d 00 35 20 90 94 
11-07 16:57:39.485   529   555 D vendor.visteon.skylark.hardware.automotive.vehicle@V1-visteon-service: SomeipCOmm :: RX Message [0/6b7]:service:bf ,Method:8025,payload:02 80 01 0d 54 d9 7e 0f c0 0c 00 
11-07 16:57:39.486   529   555 D vendor.visteon.skylark.hardware.automotive.vehicle@V1-visteon-service: SomeipCOmm :: RX Message [0/6b8]:service:bf ,Method:8051,payload:02 84 01 5c 00 66 02 8d 00 32 1c 
11-07 16:57:39.584   529   555 D vendor.visteon.skylark.hardware.automotive.vehicle@V1-visteon-service: SomeipCOmm :: RX Message [0/6b9]:service:bf ,Method:802f,payload:02 d0 01 8e 02 1b 82 30 01 01 00 
11-07 16:57:39.688   529   555 D vendor.visteon.skylark.hardware.automotive.vehicle@V1-visteon-service: SomeipCOmm :: RX Message [0/6bb]:service:bf ,Method:800d,payload:01 06 01 0d 3c 7d 00 35 20 10 de 
11-07 16:57:39.689   529   555 D vendor.visteon.skylark.hardware.automotive.vehicle@V1-visteon-service: SomeipCOmm :: RX Message [0/6bc]:service:bf ,Method:8025,payload:02 80 01 0d 3c da 7e 0f c0 0c 00 
11-07 16:57:39.692   529   555 D vendor.visteon.skylark.hardware.automotive.vehicle@V1-visteon-service: SomeipCOmm :: RX Message [0/6bd]:service:bf ,Method:8051,payload:02 84 01 5b f0 66 02 8c 00 32 1c 
11-07 16:57:39.703   529   553 D vendor.visteon.skylark.hardware.automotive.vehicle@V1-visteon-service: TX Message SomeipComm::send  : service:193,method:3, response Payload: 04 
11-07 16:57:39.788   529   555 D vendor.visteon.skylark.hardware.automotive.vehicle@V1-visteon-service: SomeipCOmm :: RX Message [0/6be]:service:bf ,Method:803d,payload:02 b5 01 9e 8c ac 00 00 00 00 a0 
11-07 16:57:39.888   529   555 D vendor.visteon.skylark.hardware.automotive.vehicle@V1-visteon-service: SomeipCOmm :: RX Message [0/6bf]:service:bf ,Method:800d,payload:01 06 01 0d 40 7d 00 35 20 90 9b 
11-07 16:57:39.890   529   555 D vendor.visteon.skylark.hardware.automotive.vehicle@V1-visteon-service: SomeipCOmm :: RX Message [0/6c0]:service:bf ,Method:8025,payload:02 80 01 0d 3c da 7e 0f c0 0c 00 
11-07 16:57:39.891   529   555 D vendor.visteon.skylark.hardware.automotive.vehicle@V1-visteon-service: SomeipCOmm :: RX Message [0/6c1]:service:bf ,Method:8051,payload:02 84 01 5b f0 66 02 8b 00 32 1c 
11-07 16:57:39.915   524   562 I UclDL_Impl: Inst Id : 0 ## Tx Msgs : 1997
11-07 16:57:39.915   524   562 I UclDL_Impl: Inst Id : 0 ## TxA Msgs : 1728
11-07 16:57:39.915   524   562 I UclDL_Impl: Inst Id : 0 ## TxA TO : 0
11-07 16:57:39.915   524   562 I UclDL_Impl: Inst Id : 0 ## Rx Msgs : 1997
11-07 16:57:39.915   524   562 I UclDL_Impl: Inst Id : 0 ## Rx HB Msgs : 3
11-07 16:57:39.915   524   562 I UclDL_Impl: Inst Id : 0 ## Tx Bps : 3280
11-07 16:57:39.915   524   562 I UclDL_Impl: Inst Id : 0 ## Rx Bps : 8192
11-07 16:57:39.915   524   562 I UclDL_Impl: Inst Id : 0  ## Avg Ack Latency : 7
11-07 16:57:39.932   529   555 D vendor.visteon.skylark.hardware.automotive.vehicle@V1-visteon-service: SomeipCOmm :: RX Message [0/6c2]:service:c0 ,Method:8000,payload:04 
11-07 16:57:39.936   529   555 D vendor.visteon.skylark.hardware.automotive.vehicle@V1-visteon-service: SomeipCOmm :: RX Message [0/6c3]:service:c7 ,Method:80e5,payload:02 00 01 01 0f 40 0a 01 08 04 0f 00 00 00 01 1e 00 00 00 00 09 00 00 00 00 02 01 02 0e 63 06 63 03 fc 08 cc 01 eb 03 0b 02 e3 01 00 00 00 19 0b 07 10 39 27 1d 79 83 0d 09 0a f9 00 1e 1e b6 89 7f 00 07 00 0b 00 30 02 22 00 c2 00 00 00 01 00 00 00 00 01 00 06 00 00 00 00 00 00 00 00 00 00 00 01 00 01 00 00 00 00 32 00 00 04 07 0a 0f 14 00 10 02 00 03 00 00 00 00 00 c0 00 02 00 00 c0 00 00 01 02 da 02 e1 02 ea 03 03 03 03 01 00 00 62 00 00 00 01 00 00 00 00 05 ef 03 03 00 0b 0b 0b 00 00 00 00 00 00 00 00 00 00 00 00 00 00 00 00 00 00 00 00 00 00 00 00 00 00 00 00 00 00 00 00 00 00 00 00 00 00 00 
11-07 16:57:39.938   529   555 D vendor.visteon.skylark.hardware.automotive.vehicle@V1-visteon-service: SomeipCOmm :: RX Message [0/6c4]:service:c7 ,Method:80df,payload:08 04 02 02 01 02 00 00 01 01 00 00 00 00 00 03 01 00 00 00 00 00 00 00 00 00 00 00 00 00 00 00 00 00 00 00 00 00 00 00 00 00 00 00 00 00 00 00 00 00 00 00 00 00 00 00 00 00 00 00 00 00 00 00 00 00 00 00 00 00 00 00 00 00 00 00 00 00 00 00 00 00 00 00 00 00 00 00 00 00 00 00 00 00 00 00 00 00 00 00 
11-07 16:57:39.984   529   555 D vendor.visteon.skylark.hardware.automotive.vehicle@V1-visteon-service: SomeipCOmm :: RX Message [0/6c5]:service:bf ,Method:8034,payload:03 a0 01 00 0d a8 03 30 27 e8 a0 
11-07 16:57:39.986   529   555 D vendor.visteon.skylark.hardware.automotive.vehicle@V1-visteon-service: SomeipCOmm :: RX Message [0/6c6]:service:bf ,Method:8035,payload:03 a1 01 00 0d a8 03 31 40 12 98 
11-07 16:57:39.987   529   555 D vendor.visteon.skylark.hardware.automotive.vehicle@V1-visteon-service: SomeipCOmm :: RX Message [0/6c7]:service:bf ,Method:8036,payload:03 a3 01 00 07 ab 00 00 00 00 00 
11-07 16:57:39.990   529   555 D vendor.visteon.skylark.hardware.automotive.vehicle@V1-visteon-service: SomeipCOmm :: RX Message [0/6c8]:service:bf ,Method:803a,payload:03 a2 01 00 0d a8 03 34 3f 90 a0 
11-07 16:57:40.088   529   555 D vendor.visteon.skylark.hardware.automotive.vehicle@V1-visteon-service: SomeipCOmm :: RX Message [0/6c9]:service:bf ,Method:800d,payload:01 06 01 0d 48 7d 00 35 20 10 b7 
11-07 16:57:40.089   529   555 D vendor.visteon.skylark.hardware.automotive.vehicle@V1-visteon-service: SomeipCOmm :: RX Message [0/6ca]:service:bf ,Method:8025,payload:02 80 01 0d 3c db 7e 0f c0 0c 00 
11-07 16:57:40.090   529   555 D vendor.visteon.skylark.hardware.automotive.vehicle@V1-visteon-service: SomeipCOmm :: RX Message [0/6cb]:service:bf ,Method:8051,payload:02 84 01 5b f0 66 02 8c 00 32 1c 
11-07 16:57:40.093   529   555 D vendor.visteon.skylark.hardware.automotive.vehicle@V1-visteon-service: SomeipCOmm :: RX Message [0/6cc]:service:c7 ,Method:80e2,payload:28 39 04 05 07 0a 19 02 
11-07 16:57:40.172   529   555 D vendor.visteon.skylark.hardware.automotive.vehicle@V1-visteon-service: SomeipCOmm :: RX Message [0/6ce]:service:c0 ,Method:8005,payload:00 03 03 03 03 03 03 03 03 01 03 03 03 03 00 00 00 00 00 00 
11-07 16:57:40.173   529   555 D vendor.visteon.skylark.hardware.automotive.vehicle@V1-visteon-service: PERIPHERAL_STATUS:: 00 03 03 03 03 03 03 03 03 01 03 03 03 03 00 00 00 00 00 00 
11-07 16:57:40.184   690   697 I UclDL_Impl_VIP: TxA TO : 34
11-07 16:57:40.184   690   697 I UclDL_Impl_VIP: Avg Ack Latency : 8
11-07 16:57:40.184   690   697 I UclDL_Impl_VIP: pollingCntr : 14995
11-07 16:57:40.184   690   697 I UclDL_Impl_TCU: VIP-TCU - txBps : 2160
11-07 16:57:40.184   690   697 I UclDL_Impl_TCU: VIP-TCU - rxBps : 1280
11-07 16:57:40.184   690   697 I UclDL_Impl_TCU: VIP-TCU - txAckTmo : 1
11-07 16:57:40.188   529   555 D vendor.visteon.skylark.hardware.automotive.vehicle@V1-visteon-service: SomeipCOmm :: RX Message [0/6d0]:service:bf ,Method:803d,payload:02 b5 01 9e 8d ac 00 00 00 00 a0 
11-07 16:57:40.288   529   555 D vendor.visteon.skylark.hardware.automotive.vehicle@V1-visteon-service: SomeipCOmm :: RX Message [0/6d1]:service:bf ,Method:800d,payload:01 06 01 0d 44 7d 00 35 20 90 9e 
11-07 16:57:40.290   529   555 D vendor.visteon.skylark.hardware.automotive.vehicle@V1-visteon-service: SomeipCOmm :: RX Message [0/6d2]:service:bf ,Method:8025,payload:02 80 01 0d 48 dc 7e 0f c0 0c 00 
11-07 16:57:40.291   529   555 D vendor.visteon.skylark.hardware.automotive.vehicle@V1-visteon-service: SomeipCOmm :: RX Message [0/6d3]:service:bf ,Method:8051,payload:02 84 01 5b f0 66 02 8d 00 32 1c 
11-07 16:57:40.299   529   587 D vendor.visteon.skylark.hardware.automotive.vehicle@V1-visteon-service: TX Message SomeipComm::send  : service:194,method:4, response Payload: 02 c0 00 00 00 00 00 00 00 00 00 
11-07 16:57:40.301   529   587 D vendor.visteon.skylark.hardware.automotive.vehicle@V1-visteon-service: TX Message SomeipComm::send  : service:194,method:4, response Payload: 02 c0 0c 85 00 00 00 00 00 00 00 
11-07 16:57:40.304   529   587 D vendor.visteon.skylark.hardware.automotive.vehicle@V1-visteon-service: TX Message SomeipComm::send  : service:194,method:4, response Payload: 02 c0 0d 00 00 00 00 00 00 00 00 
11-07 16:57:40.388   529   555 D vendor.visteon.skylark.hardware.automotive.vehicle@V1-visteon-service: SomeipCOmm :: RX Message [0/6d4]:service:bf ,Method:802e,payload:02 cb 01 85 04 08 00 61 00 00 00 
11-07 16:57:40.393   529   555 D vendor.visteon.skylark.hardware.automotive.vehicle@V1-visteon-service: SomeipCOmm :: RX Message [0/6d5]:service:bf ,Method:802f,payload:02 d0 01 8e 02 1b 82 30 01 01 00 
11-07 16:57:40.488   529   555 D vendor.visteon.skylark.hardware.automotive.vehicle@V1-visteon-service: SomeipCOmm :: RX Message [0/6d6]:service:bf ,Method:800d,payload:01 06 01 0d 44 7d 00 35 20 10 b8 
11-07 16:57:40.493   529   555 D vendor.visteon.skylark.hardware.automotive.vehicle@V1-visteon-service: SomeipCOmm :: RX Message [0/6d7]:service:bf ,Method:8025,payload:02 80 01 0d 40 dd 7e 0f c0 0c 00 
11-07 16:57:40.592   529   555 D vendor.visteon.skylark.hardware.automotive.vehicle@V1-visteon-service: SomeipCOmm :: RX Message [0/6d8]:service:bf ,Method:803d,payload:02 b5 01 9e 8c ac 00 00 00 00 a0 
